====================================================================================================
CONFERÊNCIA -- parâmetros lidos da instância de PRODUÇÃO (nunca digitados)
====================================================================================================
janela_rompimento (faixa) = 10 barras
aquecimento_barras        = 45
tick_size                 = 5.0 pontos (R$0.20/ponto)
corte de achatamento      = 21:20:00 (UTC, já inclui a folga de produção)
custo round-trip assumido = 7.5 pontos (R$1.50/contrato)
conferência OK.

base: 191 pregões completos (2025-12-01 .. 2026-09-10)
IS: 129 pregões  |  OOS: 62 pregões

eventos de toque-sem-rompimento: 18879
  descartados por ambiguidade (tocou as 2 bordas na mesma barra): 35
  descartados por faixa degenerada (teto<=piso): 0
  descartados por falta de barra seguinte antes do corte: 56

quantis CONGELADOS no IS (n=12771 eventos IS):
  amplitude >= q60 = 121.90 pontos (24.38 ticks)
  eficiência <= q40 = 0.2748

calculando corrida alvo/stop (grade 3x2) e MFE/MAE por evento...
pronto.

====================================================================================================
TABELA 1 -- geometria PRIMÁRIA congelada: alvo=0.5xlargura, stop=0.3xlargura
(pontos líquidos/op já com -7,5 pontos de custo embutidos)
====================================================================================================
janela célula                             n  pts.liq/op     ±IC95     R$/op    win%         IC95win  breakeven   alvo/stop/nenhum
---------------------------------------------------------------------------------------------------------------------------------
IS     ALVO (ampl.alta+efic.baixa)     1785        1,40      7,63      0,28   40.8%     [38.6;43.1]      40.4%         728/1056/1
IS     ampl.alta+efic.alta             3327       -5,33      9,05     -1,07   37.9%     [36.3;39.6]      38.9%       1255/2060/12
IS     ampl.baixa+efic.baixa           3325       -5,54      2,51     -1,11   38.7%     [37.1;40.4]      42.6%       1280/2033/12
IS     ampl.baixa+efic.alta            4334      -10,78      3,36     -2,16   36.6%     [35.2;38.1]      41.5%       1563/2718/53
IS     AGREGADO (todos)               12771       -6,29      2,90     -1,26   38.1%     [37.3;38.9]      40.3%       4826/7867/78
OOS    ALVO (ampl.alta+efic.baixa)      468       -5,78     15,28     -1,16   38.5%     [34.2;42.9]      40.2%          180/288/0
OOS    ampl.alta+efic.alta             1105      -21,03     15,83     -4,21   35.2%     [32.4;38.1]      39.2%          389/716/0
OOS    ampl.baixa+efic.baixa           1806       -7,59      3,01     -1,52   37.5%     [35.3;39.8]      43.5%        671/1124/11
OOS    ampl.baixa+efic.alta            2729      -11,61      3,94     -2,32   35.9%     [34.2;37.8]      41.6%        966/1737/26
OOS    AGREGADO (todos)                6108      -11,68      3,67     -2,34   36.5%     [35.3;37.7]      41.2%       2206/3865/37

====================================================================================================
TABELA 2 -- robustez: grade completa alvo x stop, só célula ALVO
====================================================================================================
janela  A(xlargura)  S(xlargura)     n  pts.liq/op     R$/op    win%  breakeven
-------------------------------------------------------------------------------
IS              0.3          0.3  1785       -0,32     -0,06   53.4%      53.5%
IS              0.3          0.5  1785        2,73      0,55   65.8%      65.0%
IS              0.5          0.3  1785        1,40      0,28   40.8%      40.4% <== primária
IS              0.5          0.5  1785        7,78      1,56   54.1%      52.2%
IS              1.0          0.3  1785       -4,80     -0,96   24.1%      25.1%
IS              1.0          0.5  1785        5,19      1,04   36.2%      35.4%
OOS             0.3          0.3   468      -10,76     -2,15   48.9%      53.2%
OOS             0.3          0.5   468      -11,15     -2,23   61.3%      64.6%
OOS             0.5          0.3   468       -5,78     -1,16   38.5%      40.2% <== primária
OOS             0.5          0.5   468       -2,67     -0,53   51.3%      51.9%
OOS             1.0          0.3   468       -2,09     -0,42   24.4%      24.7%
OOS             1.0          0.5   468        8,47      1,69   36.1%      34.8%

====================================================================================================
TABELA 3 -- MFE/MAE médio (pontos) por horizonte, ALVO x AGREGADO
====================================================================================================
janela célula                    horizonte     n   MFE méd   MFE dp   MAE méd   MAE dp
--------------------------------------------------------------------------------------
IS     ALVO                           5min  1785    200,34   174,32    134,49   159,84
IS     ALVO                          10min  1785    273,26   237,73    209,18   223,37
IS     ALVO                          15min  1785    333,81   286,41    269,15   281,65
IS     ALVO                          30min  1785    461,98   395,17    403,55   392,68
IS     ALVO                          60min  1785    628,24   548,94    566,76   546,77
IS     ALVO                      até corte  1785  1.177,65 1.097,24  1.115,81 1.042,16
IS     AGREGADO                       5min 12771    133,44   134,79     98,57   133,63
IS     AGREGADO                      10min 12771    186,03   185,53    150,61   191,77
IS     AGREGADO                      15min 12771    227,52   229,12    190,29   235,92
IS     AGREGADO                      30min 12771    316,97   322,30    278,91   327,12
IS     AGREGADO                      60min 12771    436,62   458,24    390,26   447,79
IS     AGREGADO                  até corte 12771    797,52   934,05    732,43   879,92
OOS    ALVO                           5min   468    190,93   158,35    148,59   171,15
OOS    ALVO                          10min   468    266,36   214,09    234,52   239,60
OOS    ALVO                          15min   468    321,04   257,10    294,44   281,28
OOS    ALVO                          30min   468    462,50   387,95    420,18   387,77
OOS    ALVO                          60min   468    602,97   508,13    582,03   531,42
OOS    ALVO                      até corte   468  1.051,77   905,00    999,15   855,01
OOS    AGREGADO                       5min  6108    111,20   118,88     86,24   113,98
OOS    AGREGADO                      10min  6108    155,09   160,53    131,85   162,50
OOS    AGREGADO                      15min  6108    188,13   197,17    166,59   199,77
OOS    AGREGADO                      30min  6108    260,74   280,91    244,09   284,15
OOS    AGREGADO                      60min  6108    348,04   377,28    343,00   393,76
OOS    AGREGADO                  até corte  6108    587,37   671,96    608,68   704,25

====================================================================================================
VEREDITO -- critério congelado ANTES de rodar (geometria primária A=0.5xlargura, S=0.3xlargura)
====================================================================================================
IS : n= 1785  pts.liq/op=1,40  positivo=True  vence complementares=True
OOS: n=  468  pts.liq/op=-5,78  positivo=False  vence complementares=True

RESULTADO: REFUTADO (ou indefinido). FASE B NÃO roda -- não inventar uma fase B pra salvar a hipótese.
====================================================================================================
