==============================================================================================================================
WIN@ retangulo -- FECHANDO OS TRES PONTOS ABERTOS
==============================================================================================================================
  IS 129 pregoes (2025-12-01 a 2026-06-12) | OOS 62 pregoes (2026-06-15 a 2026-09-10)
  desenho: W=20 centro, alvo 0,80xL, stop 0,50xL, largura >= 328 pts,
           re-arma enquanto vive, 1 contrato, capital R$ 3.000
  (A) controle sem detector no OOS  (B) geometria re-derivada so' no IS  (C) sensibilidade a fila

108 rodadas de motor...

  ... 20/108
  ... 40/108
  ... 60/108
  ... 80/108
  ... 100/108

==============================================================================================================================
(A) O DETECTOR E' LOAD-BEARING? -- candidato contra o placebo de banda crua
==============================================================================================================================
  janelavariante                            liquido  trades   win%   BEemp%    veredito   pts/op     MaxDD   luc/DD  preg+   sem_tr
  ---------------------------------------------------------------------------------------------------------------------------------
  IS    candidato (detector completo)      2.834,10     403  45,7%    39,7%    POSITIVO    35,16    525,60     5,39  56,2%   33/129
  IS    PLACEBO (banda q90/q10 crua)      -2.315,60     942  39,3%    40,8%  indefinido   -12,29  2.572,40    -0,90  45,7%    0/129

  OOS   candidato (detector completo)        737,70     101  45,5%    38,9%  indefinido    36,52    344,00     2,14  61,5%    23/62
  OOS   PLACEBO (banda q90/q10 crua)       1.306,70     373  44,2%    41,8%  indefinido    17,52  1.038,00     1,26  53,2%     0/62

==============================================================================================================================
(B) GEOMETRIA -- superficie alvo x stop, o IS DECIDE e o OOS so' mostra o formato
==============================================================================================================================

  --- IS: pontos liquidos por operacao ---
  alvo\stop       0.250     0.375     0.500     0.625     0.750     1.000
  0.80              3,5      11,6      12,3       4,5      -0,6     -11,0
  1.00              8,2      18,1      21,8      13,5       5,3      -2,2
  1.20              7,7      20,4      23,6      16,0      10,2       0,1
  1.40             11,9      25,5      32,1      25,7      18,6       6,0
  1.60             15,9      28,5      35,2      29,7      22,4       8,7
  1.80             17,7      31,5      39,3      32,4      22,4       5,3
  2.00             15,4      27,6      36,9      37,3      26,4      12,1

  --- IS: liquido R$ ---
  alvo\stop       0.250     0.375     0.500     0.625     0.750     1.000
  0.80              485     1.360     1.303       451       -61      -927
  1.00            1.059     1.948     2.108     1.213       458      -169
  1.20              940     2.052     2.108     1.322       814         5
  1.40            1.422     2.458     2.738     2.032     1.420       400
  1.60            1.839     2.630     2.834     2.218     1.598       542
  1.80            1.998     2.800     3.032     2.300     1.515       313
  2.00            1.701     2.365     2.749     2.556     1.718       682

  --- OOS: pontos liquidos por operacao ---
  alvo\stop       0.250     0.375     0.500     0.625     0.750     1.000
  0.80             17,1      13,6       8,3       9,1       0,9     -10,4
  1.00             23,7      23,2      19,8      21,6       9,8      -2,5
  1.20             33,9      32,4      27,4      26,0      21,0       4,7
  1.40             35,0      34,5      33,9      36,5      21,3      12,0
  1.60             37,7      37,1      36,5      38,0      20,3       9,2
  1.80             38,2      37,1      38,9      35,2      18,4       0,1
  2.00             40,1      36,1      34,8      30,0      15,4       1,1

  --- OOS: liquido R$ ---
  alvo\stop       0.250     0.375     0.500     0.625     0.750     1.000
  0.80              569       401       221       229        21      -229
  1.00              735       626       487       498       211       -48
  1.20              997       822       625       552       417        85
  1.40              979       836       731       737       400       202
  1.60            1.009       846       738       707       349       140
  1.80            1.002       825       754       613       305         2
  2.00            1.026       772       633       487       240        15

  --- onde cada janela coloca o otimo, e quanto vale o congelado ---
  IS: 39/42 celulas com liquido > 0 | melhor liquido alvo 1,80 stop 0,500 (3.031,80) | melhor pts/op alvo 1,80 stop 0,500 (39,3)
        congelado (1,60 | 0,500): liquido 2.834,10, posto 2 de 42, pts/op 35,2
  OOS: 40/42 celulas com liquido > 0 | melhor liquido alvo 2,00 stop 0,250 (1.026,20) | melhor pts/op alvo 2,00 stop 0,250 (40,1)
        congelado (1,60 | 0,500): liquido 737,70, posto 12 de 42, pts/op 36,5

  --- as celulas POSITIVAS NAS DUAS janelas (o que sobra sem garimpo) ---
  39 de 42:
    alvo 0,80 stop 0,250: IS     485,30 ( 693 trd,    3,5 pts/op) | OOS    569,00 ( 166 trd,   17,1 pts/op)
    alvo 0,80 stop 0,375: IS   1.359,80 ( 586 trd,   11,6 pts/op) | OOS    400,90 ( 147 trd,   13,6 pts/op)
    alvo 0,80 stop 0,500: IS   1.302,80 ( 528 trd,   12,3 pts/op) | OOS    221,20 ( 134 trd,    8,3 pts/op)
    alvo 0,80 stop 0,625: IS     450,60 ( 496 trd,    4,5 pts/op) | OOS    229,20 ( 126 trd,    9,1 pts/op)
    alvo 1,00 stop 0,250: IS   1.059,10 ( 649 trd,    8,2 pts/op) | OOS    734,90 ( 155 trd,   23,7 pts/op)
    alvo 1,00 stop 0,375: IS   1.947,70 ( 539 trd,   18,1 pts/op) | OOS    625,70 ( 135 trd,   23,2 pts/op)
    alvo 1,00 stop 0,500: IS   2.108,30 ( 483 trd,   21,8 pts/op) | OOS    486,70 ( 123 trd,   19,8 pts/op)
    alvo 1,00 stop 0,625: IS   1.212,60 ( 450 trd,   13,5 pts/op) | OOS    497,70 ( 115 trd,   21,6 pts/op)
    alvo 1,00 stop 0,750: IS     457,60 ( 430 trd,    5,3 pts/op) | OOS    211,20 ( 108 trd,    9,8 pts/op)
    alvo 1,20 stop 0,250: IS     939,80 ( 612 trd,    7,7 pts/op) | OOS    996,90 ( 147 trd,   33,9 pts/op)
    alvo 1,20 stop 0,375: IS   2.052,30 ( 503 trd,   20,4 pts/op) | OOS    821,70 ( 127 trd,   32,4 pts/op)
    alvo 1,20 stop 0,500: IS   2.107,90 ( 447 trd,   23,6 pts/op) | OOS    625,20 ( 114 trd,   27,4 pts/op)
    alvo 1,20 stop 0,625: IS   1.322,20 ( 414 trd,   16,0 pts/op) | OOS    552,20 ( 106 trd,   26,0 pts/op)
    alvo 1,20 stop 0,750: IS     813,70 ( 399 trd,   10,2 pts/op) | OOS    416,70 (  99 trd,   21,0 pts/op)
    alvo 1,20 stop 1,000: IS       5,00 ( 350 trd,    0,1 pts/op) | OOS     85,00 (  90 trd,    4,7 pts/op)
    alvo 1,40 stop 0,250: IS   1.421,80 ( 596 trd,   11,9 pts/op) | OOS    979,40 ( 140 trd,   35,0 pts/op)
    alvo 1,40 stop 0,375: IS   2.457,60 ( 482 trd,   25,5 pts/op) | OOS    835,70 ( 121 trd,   34,5 pts/op)
    alvo 1,40 stop 0,500: IS   2.737,70 ( 427 trd,   32,1 pts/op) | OOS    731,20 ( 108 trd,   33,9 pts/op)
    alvo 1,40 stop 0,625: IS   2.031,80 ( 396 trd,   25,7 pts/op) | OOS    736,70 ( 101 trd,   36,5 pts/op)
    alvo 1,40 stop 0,750: IS   1.419,90 ( 381 trd,   18,6 pts/op) | OOS    400,20 (  94 trd,   21,3 pts/op)
    alvo 1,40 stop 1,000: IS     400,20 ( 334 trd,    6,0 pts/op) | OOS    202,00 (  84 trd,   12,0 pts/op)
    alvo 1,60 stop 0,250: IS   1.838,80 ( 580 trd,   15,9 pts/op) | OOS  1.009,20 ( 134 trd,   37,7 pts/op)
    alvo 1,60 stop 0,375: IS   2.630,10 ( 461 trd,   28,5 pts/op) | OOS    846,20 ( 114 trd,   37,1 pts/op)
    alvo 1,60 stop 0,500: IS   2.834,10 ( 403 trd,   35,2 pts/op) | OOS    737,70 ( 101 trd,   36,5 pts/op)  <== congelado
    alvo 1,60 stop 0,625: IS   2.217,50 ( 373 trd,   29,7 pts/op) | OOS    706,70 (  93 trd,   38,0 pts/op)
    alvo 1,60 stop 0,750: IS   1.598,20 ( 356 trd,   22,4 pts/op) | OOS    349,20 (  86 trd,   20,3 pts/op)
    alvo 1,60 stop 1,000: IS     542,00 ( 310 trd,    8,7 pts/op) | OOS    140,00 (  76 trd,    9,2 pts/op)
    alvo 1,80 stop 0,250: IS   1.997,90 ( 565 trd,   17,7 pts/op) | OOS  1.001,70 ( 131 trd,   38,2 pts/op)
    alvo 1,80 stop 0,375: IS   2.799,60 ( 444 trd,   31,5 pts/op) | OOS    824,70 ( 111 trd,   37,1 pts/op)
    alvo 1,80 stop 0,500: IS   3.031,80 ( 386 trd,   39,3 pts/op) | OOS    753,70 (  97 trd,   38,9 pts/op)
    alvo 1,80 stop 0,625: IS   2.300,10 ( 355 trd,   32,4 pts/op) | OOS    612,70 (  87 trd,   35,2 pts/op)
    alvo 1,80 stop 0,750: IS   1.514,80 ( 338 trd,   22,4 pts/op) | OOS    304,70 (  83 trd,   18,4 pts/op)
    alvo 1,80 stop 1,000: IS     313,10 ( 293 trd,    5,3 pts/op) | OOS      2,00 (  72 trd,    0,1 pts/op)
    alvo 2,00 stop 0,250: IS   1.701,40 ( 552 trd,   15,4 pts/op) | OOS  1.026,20 ( 128 trd,   40,1 pts/op)
    alvo 2,00 stop 0,375: IS   2.365,10 ( 429 trd,   27,6 pts/op) | OOS    771,70 ( 107 trd,   36,1 pts/op)
    alvo 2,00 stop 0,500: IS   2.749,30 ( 373 trd,   36,9 pts/op) | OOS    632,70 (  91 trd,   34,8 pts/op)
    alvo 2,00 stop 0,625: IS   2.556,10 ( 343 trd,   37,3 pts/op) | OOS    486,70 (  81 trd,   30,0 pts/op)
    alvo 2,00 stop 0,750: IS   1.718,30 ( 325 trd,   26,4 pts/op) | OOS    240,20 (  78 trd,   15,4 pts/op)
    alvo 2,00 stop 1,000: IS     681,60 ( 282 trd,   12,1 pts/op) | OOS     15,00 (  68 trd,    1,1 pts/op)

==============================================================================================================================
(C) SENSIBILIDADE A FILA -- quanta fila o desenho aguenta antes de morrer
==============================================================================================================================
    WIN@ NAO tem fila calibrada em fidelidade.py. Isto e' SENSIBILIDADE,
    nao calibracao: a unica forma de fechar de verdade e' operar e medir.
  fila (contratos na frente)               liq IS  trd IS  win IS  pts IS    liq OOS  trd OOS  win OOS  pts OOS  sem_tr OOS
  -------------------------------------------------------------------------------------------------------------------------
  0 (toque) — o que a passada OOS usou   2.834,10     403   45,7%    35,2     737,70      101    45,5%     36,5       23/62
  250                                    2.834,10     403   45,7%    35,2     737,70      101    45,5%     36,5       23/62
  500                                    2.834,10     403   45,7%    35,2     737,70      101    45,5%     36,5       23/62
  1.000                                  2.834,10     403   45,7%    35,2     737,70      101    45,5%     36,5       23/62
  2.000                                  2.834,10     403   45,7%    35,2     737,70      101    45,5%     36,5       23/62
  3.733 / 4.167 (transplante WDO@)       2.834,10     403   45,7%    35,2     737,70      101    45,5%     36,5       23/62
  6.000                                  2.834,10     403   45,7%    35,2     737,70      101    45,5%     36,5       23/62
  10.000                                 2.716,90     399   45,4%    34,0     737,70      101    45,5%     36,5       23/62
  15.000                                 2.484,50     395   44,8%    31,4     737,70      101    45,5%     36,5       23/62
  25.000 (~1 barra mediana)              2.219,30     389   44,0%    28,5     714,70       99    45,5%     36,1       23/62

FIM.
