copa_win / WIN@ -- capital R$ 3.000 (piso declarado do robo), stop_vol 12,0 e trail DESLIGADO em todas
191 pregoes completos, 2025-12-01 a 2026-09-10



===== HISTORICO INTEIRO (191 pregoes) =====
variante                        retorno   liquido R$  MaxDD %    MaxDD R$ lucro/DD   win% trades     R$/dia trd/dia  capital final pregoes       preg+       bl20+        mes+        top5    pior dia       alvo%      BE emp    IC95 win    veredito
------------------------------------------------------------------------------------------------------------------------------------------------------------------------------------------------------------------------------------------------------
PRODUCAO a9,5 ttl15              451,1%    13.533,30   -50,3%    5.041,50     2,68  54,7%    488      70,85     2,6      16.533,30     191         59%         84%         80%         14%   -1.986,50       20,3%      48,36% [50,3;59,1]    POSITIVO  desliz.alvo 1,0t fila NAO CALIBRADA
RECOMENDADA a7,6 ttl5            610,7%    18.322,40   -28,9%    2.735,00     6,70  61,1%    568      95,93     3,0      21.322,40     191         60%         97%        100%         15%     -947,40       32,2%      53,01% [57,0;65,0]    POSITIVO  desliz.alvo 1,0t fila NAO CALIBRADA
+ freio R$900/dia                548,6%    16.457,20   -28,9%    2.787,10     5,90  60,6%    553      86,16     2,9      19.457,20     191         60%         97%         90%         15%   -1.241,90       31,1%      53,07% [56,4;64,6]    POSITIVO  desliz.alvo 1,0t fila NAO CALIBRADA
alternativa a7,6 ttl8            793,8%    23.812,70   -50,1%    5.223,50     4,56  64,0%    620     124,67     3,2      26.812,70     191         62%         95%         80%         16%   -2.913,50       35,3%      55,63% [60,2;67,7]    POSITIVO  desliz.alvo 1,0t fila NAO CALIBRADA


===== IS (< 2026-06-13) =====
variante                        retorno   liquido R$  MaxDD %    MaxDD R$ lucro/DD   win% trades     R$/dia trd/dia  capital final pregoes       preg+       bl20+        mes+        top5    pior dia       alvo%      BE emp    IC95 win    veredito
------------------------------------------------------------------------------------------------------------------------------------------------------------------------------------------------------------------------------------------------------
PRODUCAO a9,5 ttl15              245,0%     7.351,00   -50,3%    2.892,70     2,54  51,3%    310      56,98     2,4      10.351,00     129         59%         76%         86%         22%     -713,00       17,1%      45,01% [45,7;56,8]    POSITIVO  desliz.alvo 1,0t fila NAO CALIBRADA
RECOMENDADA a7,6 ttl5            326,3%     9.789,50   -28,9%    2.680,80     3,65  57,0%    344      75,89     2,7      12.789,50     129         58%         95%        100%         18%     -785,60       24,7%      49,06% [51,7;62,1]    POSITIVO  desliz.alvo 1,0t fila NAO CALIBRADA
+ freio R$900/dia                326,3%     9.789,50   -28,9%    2.680,80     3,65  57,0%    344      75,89     2,7      12.789,50     129         58%         95%        100%         18%     -785,60       24,7%      49,06% [51,7;62,1]    POSITIVO  desliz.alvo 1,0t fila NAO CALIBRADA
alternativa a7,6 ttl8            419,1%    12.572,50   -50,1%    2.243,50     5,60  58,3%    360      97,46     2,8      15.572,50     129         60%         93%         86%         16%     -774,50       24,4%      48,67% [53,2;63,3]    POSITIVO  desliz.alvo 1,0t fila NAO CALIBRADA


===== OOS (>= 2026-06-13) -- JA GASTO: pode reprovar, nao pode promover =====
variante                        retorno   liquido R$  MaxDD %    MaxDD R$ lucro/DD   win% trades     R$/dia trd/dia  capital final pregoes       preg+       bl20+        mes+        top5    pior dia       alvo%      BE emp    IC95 win    veredito
------------------------------------------------------------------------------------------------------------------------------------------------------------------------------------------------------------------------------------------------------
PRODUCAO a9,5 ttl15              141,8%     4.255,30   -21,0%    1.855,00     2,29  58,9%    151      68,63     2,4       7.255,30      62         60%        100%         75%         36%     -722,00       19,9%      50,48% [51,0;66,5]    POSITIVO  desliz.alvo 1,0t fila NAO CALIBRADA
RECOMENDADA a7,6 ttl5            106,9%     3.206,00   -25,1%    1.112,00     2,88  54,8%    166      51,71     2,7       6.206,00      62         56%        100%         75%         33%     -436,40       25,9%      48,47% [47,2;62,2]  indefinido  desliz.alvo 1,0t fila NAO CALIBRADA
+ freio R$900/dia                106,9%     3.206,00   -25,1%    1.112,00     2,88  54,8%    166      51,71     2,7       6.206,00      62         56%        100%         75%         33%     -436,40       25,9%      48,47% [47,2;62,2]  indefinido  desliz.alvo 1,0t fila NAO CALIBRADA
alternativa a7,6 ttl8            154,8%     4.642,70   -25,8%    1.377,50     3,37  57,1%    168      74,88     2,7       7.642,70      62         61%        100%         75%         32%     -722,00       27,4%      48,00% [49,6;64,4]    POSITIVO  desliz.alvo 1,0t fila NAO CALIBRADA


===== AS DUAS ULTIMAS SEMANAS (01/09 a 10/09) =====
variante                        retorno   liquido R$  MaxDD %    MaxDD R$ lucro/DD   win% trades     R$/dia trd/dia  capital final pregoes       preg+       bl20+        mes+        top5    pior dia       alvo%      BE emp    IC95 win    veredito
------------------------------------------------------------------------------------------------------------------------------------------------------------------------------------------------------------------------------------------------------
PRODUCAO a9,5 ttl15              -30,8%      -923,00   -49,5%    1.777,00    -0,52  44,4%     18    -131,86     2,6       2.077,00       7         43%          0%          0%        100%     -696,50       16,7%      55,17% [24,6;66,3]  indefinido  desliz.alvo 1,0t fila NAO CALIBRADA
RECOMENDADA a7,6 ttl5              7,6%       228,00   -30,5%    1.112,00     0,21  58,3%     24      32,57     3,4       3.228,00       7         57%        100%        100%        100%     -426,00       33,3%      56,00% [38,8;75,5]  indefinido  desliz.alvo 1,0t fila NAO CALIBRADA
+ freio R$900/dia                  7,6%       228,00   -30,5%    1.112,00     0,21  58,3%     24      32,57     3,4       3.228,00       7         57%        100%        100%        100%     -426,00       33,3%      56,00% [38,8;75,5]  indefinido  desliz.alvo 1,0t fila NAO CALIBRADA
alternativa a7,6 ttl8              8,7%       260,00   -34,6%    1.352,00     0,19  54,5%     22      37,14     3,1       3.260,00       7         71%        100%        100%        100%     -696,50       27,3%      51,80% [34,7;73,1]  indefinido  desliz.alvo 1,0t fila NAO CALIBRADA


rodando 304 simulacoes por data de inicio (horizonte fixo de 40 pregoes)...

===== O TESTE QUE DECIDE: comecando em QUALQUER dia, 40 pregoes a frente =====
configuracao                POSITIVAS  morreram  liq mediano  PIOR inicio         p25   MaxDD med  pior dia med
---------------------------------------------------------------------------------------------------------------
PRODUCAO a9,5 ttl15             89,5%         0     2.812,45      -888,40    1.805,75       1.702          -634
RECOMENDADA a7,6 ttl5          100,0%         0     2.650,95       725,30    2.160,65       1.898          -695
+ freio R$900/dia              100,0%         0     2.650,95       725,30    2.160,65       1.898          -695
alternativa a7,6 ttl8          100,0%         0     3.397,75     1.364,60    2.617,57       1.566          -613
