config de PRODUCAO, horizonte FIXO de 40 pregoes
191 pregoes na base (2025-12-01 a 2026-09-10)
76 datas de inicio x 10 capitais = 760 simulacoes

  50/760
  100/760
  150/760
  200/760
  250/760
  300/760
  350/760
  400/760
  450/760
  500/760
  550/760
  600/760
  650/760
  700/760
  750/760

SOBREVIVENCIA POR DATA DE INICIO
  capital  inicios  morreram  (zerou / calou)     SOBREVIVEM  liquido mediano  pior liquido
-------------------------------------------------------------------------------------------
      250       76        56  (39 / 17)                26,3%             0,00       -268,30
      500       76        38  (21 / 17)                50,0%           856,95       -586,00
      750       76        25  (16 / 9)                 67,1%         2.439,85       -770,60
    1.000       76        18  (10 / 8)                 76,3%         2.564,55     -1.023,40
    1.500       76         5  (3 / 2)                  93,4%         2.681,85     -1.505,40
    2.000       76         2  (0 / 2)                  97,4%         2.681,85     -1.930,40
    2.500       76         0  (0 / 0)                 100,0%         2.669,20        725,30
    3.000       76         0  (0 / 0)                 100,0%         2.650,95        725,30
    4.000       76         0  (0 / 0)                 100,0%         2.681,85        688,20
    5.000       76         0  (0 / 0)                 100,0%         2.812,85        762,20

AS DATAS DE INICIO QUE MATAM, por capital (as 6 primeiras):
  R$      250  56 datas: 2025-12-01, 2025-12-03, 2025-12-05, 2025-12-11, 2025-12-15, 2025-12-17 ...
  R$      500  38 datas: 2025-12-01, 2025-12-03, 2025-12-05, 2025-12-15, 2025-12-23, 2025-12-29 ...
  R$      750  25 datas: 2025-12-03, 2026-01-22, 2026-02-09, 2026-02-11, 2026-02-13, 2026-02-20 ...
  R$    1.000  18 datas: 2026-02-09, 2026-02-13, 2026-02-20, 2026-02-24, 2026-03-10, 2026-03-26 ...
  R$    1.500  5 datas: 2026-02-20, 2026-04-10, 2026-04-14, 2026-04-16, 2026-05-14
  R$    2.000  2 datas: 2026-04-14, 2026-04-16
  R$    2.500  nenhuma
  R$    3.000  nenhuma
  R$    4.000  nenhuma
  R$    5.000  nenhuma
