================================================================================================================
WIN@ -- DETECTOR DE RETANGULO (a lateralizacao como o dono a define)
================================================================================================================
191 pregoes (2025-12-01 a 2026-09-10), tick = 5 pontos.
criterios: >= 2 VISITAS por borda (barras seguidas colapsam), >= 2 trocas de borda, >= 3 cruzamentos do meio,
           contencao >= 95%, deriva <= 25% da largura, largura >= 6 ticks, tolerancia de borda 8%,
           CONTRACAO: banda <= 55% da amplitude das 2W barras anteriores,
           ESPALHAMENTO: 1o e ultimo toque de cada borda separados por >= W/3 barras.
janelas varridas: (30, 45, 60, 90, 120) barras M1.

  ... 40/191 pregoes
  ... 80/191 pregoes
  ... 120/191 pregoes
  ... 160/191 pregoes

2538 retangulos detectados -> scratch/copawin_retangulos.csv

================================================================================================================
1) FREQUENCIA -- o detector esta' frouxo ou apertado?
================================================================================================================
  W (barras)        n   por pregao  pregoes com   largura ticks (mediana)   largura pontos
  ----------------------------------------------------------------------------------------
  30             1000         5,24      191/191                      59,3              297
  45              713         3,73      191/191                      69,3              347
  60              521         2,73      190/191                      75,6              378
  90              197         1,03      141/191                      80,1              400
  120             107         0,56       94/191                      81,2              406

================================================================================================================
2) VIDA DEPOIS DA CONFIRMACAO -- a pergunta que mata ou libera a ideia
   (tudo medido SO' com barras posteriores ao instante em que o retangulo
    ficou reconhecivel; se sobra pouca vida, nenhuma geometria salva)
================================================================================================================

  --- criterio de morte ESTRITO (morre no 1o fechamento fora da tolerancia de borda) ---
  W    jan       n  vida med (min)    p25    p75  travessias med  >=1 travessia    >=2  quebrou
  ---------------------------------------------------------------------------------------------
  30   IS      685             6,0      2     14             0,0            21%     6%      97%
  30   OOS     315             7,0      3     18             0,0            19%     4%      98%
  45   IS      495             8,0      3     18             0,0            17%     5%      96%
  45   OOS     218             9,0      4     18             0,0            18%     5%      93%
  60   IS      352             9,0      4     21             0,0            18%     4%      95%
  60   OOS     169             9,0      3     21             0,0            17%     5%      91%
  90   IS      129            12,0      3     24             0,0            14%     3%      91%
  90   OOS      68            10,0      4     34             0,0            15%     4%      88%
  120  IS       71            11,0      4     32             0,0            17%     0%      94%
  120  OOS      36            11,0      2     42             0,0            19%     8%      92%

  --- criterio de morte TOLERANTE (3 fechamentos seguidos alem de 25% da largura) ---
  W    jan       n  vida med (min)    p25    p75  travessias med  >=1 travessia    >=2  quebrou
  ---------------------------------------------------------------------------------------------
  30   IS      685            20,0      9     37             0,0            43%    19%      92%
  30   OOS     315            21,0     11     39             0,0            41%    17%      92%
  45   IS      495            22,0     12     46             0,0            33%    14%      91%
  45   OOS     218            22,0     11     39             0,0            39%    14%      87%
  60   IS      352            24,5     12     50             0,0            35%    12%      86%
  60   OOS     169            23,0      9     41             0,0            33%    11%      83%
  90   IS      129            30,0     12     71             0,0            33%    12%      81%
  90   OOS      68            34,0     14     70             0,0            28%     9%      78%
  120  IS       71            33,0     14     78             0,0            35%     7%      82%
  120  OOS      36            31,5     14     77             0,0            33%    11%      83%

  COMO LER: 'travessias depois' = quantas vezes o preco ainda foi de uma borda
  a outra DEPOIS de o retangulo virar reconhecivel. E' o numero de oportunidades
  de fade que sobram. Zero = o padrao so' e' visivel quando ja acabou.

================================================================================================================
3) COMO O RETANGULO MORRE
================================================================================================================
tol_direcao    baixo  cima  fim do pregao
janela_barras                            
30               470   452             78
45               320   317             76
60               233   211             77
90                82    75             40
120               45    43             19

================================================================================================================
4) EXEMPLOS PARA CONFERIR NO GRAFICO -- os 25 de maior vida depois da confirmacao
   (abra a data/hora no seu grafico e veja se o desenho e' o que voce descreveu)
================================================================================================================
      data hora_brt  janela_barras     topo     piso  largura_pontos  visitas_topo  visitas_piso  toques_topo  toques_piso  cruzamentos  tol_vida_min  tol_travessias_depois   tol_direcao
2026-08-17    11:13             45 170355.0 169641.0           714.0             2             4            8           12            3         431.0                      1 fim do pregao
2026-08-17    11:27             60 170377.0 169659.0           718.0             4             5           14           16            8         417.0                      1 fim do pregao
2026-06-16    11:29             60 176901.6 176196.0           705.6             4             4            9           12            9         415.0                      2 fim do pregao
2026-06-10    11:45             90 176409.0 175420.5           988.5             4             3           27           11           10         399.0                      0 fim do pregao
2026-08-17    11:58             90 170355.0 169590.0           765.0             4             6           18           21            7         386.0                      0 fim do pregao
2026-08-12    11:16             45 171504.0 170872.0           632.0             4             6            7           10            5         369.0                      3         baixo
2026-04-06    12:16            120 201623.5 200470.0          1153.5             4             3           19           14           12         368.0                      0 fim do pregao
2026-08-12    11:25             60 171651.0 170861.0           790.0             2             7            8           13            7         360.0                      3         baixo
2026-08-17    12:29            120 170340.0 169589.5           750.5             4             6           20           27            8         355.0                      0 fim do pregao
2025-12-10    11:15             30 176206.2 175738.9           467.3             3             4            9            7            8         343.0                      6          cima
2026-04-14    12:47             60 211524.0 210955.0           569.0             5             4           17           12            3         337.0                      4 fim do pregao
2026-01-07    12:50             60 178309.0 177914.8           394.2             3             6           11           14            6         334.0                      1 fim do pregao
2026-01-08    12:14             30 178677.6 178337.2           340.4             2             2            6            7            4         333.0                      4          cima
2025-12-10    11:29             45 176203.0 175740.0           463.0             4             4           11            8           13         329.0                      6          cima
2026-08-12    12:00             90 171677.0 170894.5           782.5             3             7           16           21            6         325.0                      1         baixo
2025-12-03    11:53             60 180272.9 179786.4           486.5             4             2            9           10           11         324.0                      3          cima
2026-02-02    12:23             60 198763.8 197868.8           895.0             3             2           13           10            8         320.0                      4          cima
2026-05-06    12:20             45 198712.0 197994.0           718.0             2             3            6            9            3         315.0                      3         baixo
2026-04-14    13:18             90 211508.0 210965.5           542.5             4             5           19           18            5         306.0                      4 fim do pregao
2026-05-06    12:34             60 198706.6 197994.0           712.6             3             3           11           10            5         301.0                      3         baixo
2026-02-02    12:42             90 198763.8 197918.9           844.9             5             2           17           12           13         301.0                      3          cima
2026-08-12    12:25            120 171660.0 170899.5           760.5             3             8           16           24            9         300.0                      1         baixo
2025-12-03    12:20             90 180272.9 179786.4           486.5             7             4           17           14           14         297.0                      1          cima
2026-07-28    11:09             45 182014.0 181191.4           822.6             3             2            8           14            4         286.0                      3         baixo
2026-04-14    13:45            120 211508.0 210961.0           547.0             4             6           22           26            5         279.0                      3 fim do pregao

  Os 25 exemplos tambem estao em scratch/copawin_retangulos_exemplos.csv.
  A hora e' BRT e marca o instante da CONFIRMACAO -- o retangulo comeca
  `W` barras antes dela.

FIM.
