================================================================================================================
WIN@ -- AS DUAS ESTRATEGIAS DO DONO SOBRE O RETANGULO (D1 centro, D2 falso rompimento)
================================================================================================================
191 pregoes | capital R$ 3.000 | 1 CONTRATO FIXO (isola geometria do portao de capital)
alvo = 90% (centro->borda no D1; da largura no D2) | prazo da ordem 10 barras | 15 variantes x 3 janelas
RESSALVA: WIN@ sem fila calibrada -- toda limite enche no TOQUE. Otimista para dois
desenhos que vivem de ordem parada em nivel disputado.

  IS (<2026-06-13)      falso W120 stop0.50              liquido=      63,40  trades=   40  win= 35,0%  sem_trade=100d
  IS (<2026-06-13)      centro W120 stop0.25             liquido=    -355,70  trades=   53  win= 37,7%  sem_trade=109d
  IS (<2026-06-13)      falso W120 stop0.25              liquido=    -383,90  trades=   61  win= 16,4%  sem_trade=100d
  IS (<2026-06-13)      centro W120 stop0.50             liquido=     -65,00  trades=   34  win= 61,8%  sem_trade=109d
  IS (<2026-06-13)      centro W30 stop0.50              liquido=    -170,90  trades=  969  win= 53,8%  sem_trade=  1d
  IS (<2026-06-13)      falso W60 stop0.50               liquido=      -0,90  trades=  407  win= 28,5%  sem_trade=  5d
  IS (<2026-06-13)      centro W60 stop0.50              liquido=    -838,50  trades=  347  win= 50,4%  sem_trade= 17d
  IS (<2026-06-13)      falso W30 stop0.50               liquido=  -2.927,60  trades=  746  win= 26,3%  sem_trade= 32d
  IS (<2026-06-13)      falso W30 stop0.25               liquido=  -2.910,80  trades=  678  win= 16,5%  sem_trade= 54d
  IS (<2026-06-13)      centro W30 stop0.25              liquido=  -2.454,90  trades= 1401  win= 35,8%  sem_trade=  1d
  IS (<2026-06-13)      centro W60 stop0.25              liquido=    -138,60  trades=  480  win= 37,1%  sem_trade= 17d
  IS (<2026-06-13)      falso W60 stop0.25               liquido=    -635,60  trades=  502  win= 18,9%  sem_trade=  5d
  OOS (>=2026-06-13)    centro W120 stop0.25             liquido=     -36,20  trades=   40  win= 37,5%  sem_trade= 50d
  OOS (>=2026-06-13)    centro W120 stop0.50             liquido=    -182,70  trades=   23  win= 47,8%  sem_trade= 50d
  OOS (>=2026-06-13)    centro W30 stop0.25              liquido=  -1.325,30  trades=  613  win= 34,1%  sem_trade=  1d
  OOS (>=2026-06-13)    centro W60 stop0.25              liquido=    -572,30  trades=  231  win= 34,6%  sem_trade=  7d
  OOS (>=2026-06-13)    centro W30 stop0.50              liquido=     115,10  trades=  421  win= 55,6%  sem_trade=  1d
  OOS (>=2026-06-13)    centro W60 stop0.50              liquido=     -49,00  trades=  156  win= 55,8%  sem_trade=  7d
  OOS (>=2026-06-13)    falso W30 stop0.25               liquido=  -2.291,80  trades=  538  win= 16,5%  sem_trade=  0d
  OOS (>=2026-06-13)    falso W30 stop0.50               liquido=  -2.303,40  trades=  420  win= 25,0%  sem_trade=  0d
  OOS (>=2026-06-13)    falso W60 stop0.25               liquido=    -403,00  trades=  234  win= 17,9%  sem_trade=  2d
  IS (<2026-06-13)      centro W120 stop0.25 +direcao    liquido=      10,10  trades=   43  win= 39,5%  sem_trade=110d
  OOS (>=2026-06-13)    falso W120 stop0.25              liquido=     187,90  trades=   33  win= 27,3%  sem_trade= 46d
  OOS (>=2026-06-13)    falso W120 stop0.50              liquido=     284,30  trades=   29  win= 37,9%  sem_trade= 46d
  IS (<2026-06-13)      centro W60 stop0.25 +direcao     liquido=     335,40  trades=  422  win= 39,1%  sem_trade= 18d
  OOS (>=2026-06-13)    falso W60 stop0.50               liquido=    -356,80  trades=  200  win= 24,5%  sem_trade=  2d
  OOS (>=2026-06-13)    centro W30 stop0.25 +direcao     liquido=  -1.304,10  trades=  563  win= 34,5%  sem_trade=  1d
  OOS (>=2026-06-13)    centro W120 stop0.25 +direcao    liquido=     -13,20  trades=   32  win= 40,6%  sem_trade= 50d
  IS (<2026-06-13)      centro W30 stop0.25 +direcao     liquido=  -2.012,00  trades= 1288  win= 36,6%  sem_trade=  1d
  OOS (>=2026-06-13)    centro W60 stop0.25 +direcao     liquido=    -451,80  trades=  204  win= 34,8%  sem_trade=  8d
  HISTORICO COMPLETO    centro W30 stop0.50              liquido=     -55,80  trades= 1390  win= 54,3%  sem_trade=  2d
  HISTORICO COMPLETO    centro W30 stop0.25              liquido=  -2.905,90  trades= 1523  win= 35,3%  sem_trade= 50d
  HISTORICO COMPLETO    centro W60 stop0.25              liquido=    -710,90  trades=  711  win= 36,3%  sem_trade= 24d
  HISTORICO COMPLETO    centro W120 stop0.25             liquido=    -391,90  trades=   93  win= 37,6%  sem_trade=159d
  HISTORICO COMPLETO    centro W120 stop0.50             liquido=    -247,70  trades=   57  win= 56,1%  sem_trade=159d
  HISTORICO COMPLETO    falso W120 stop0.25              liquido=    -196,00  trades=   94  win= 20,2%  sem_trade=146d
  HISTORICO COMPLETO    falso W120 stop0.50              liquido=     347,70  trades=   69  win= 36,2%  sem_trade=146d
  HISTORICO COMPLETO    falso W30 stop0.25               liquido=  -2.910,80  trades=  678  win= 16,5%  sem_trade=116d
  HISTORICO COMPLETO    centro W60 stop0.50              liquido=    -887,50  trades=  503  win= 52,1%  sem_trade= 24d
  HISTORICO COMPLETO    falso W60 stop0.25               liquido=  -1.038,60  trades=  736  win= 18,6%  sem_trade=  7d
  HISTORICO COMPLETO    falso W30 stop0.50               liquido=  -2.927,60  trades=  746  win= 26,3%  sem_trade= 94d
  HISTORICO COMPLETO    falso W60 stop0.50               liquido=    -357,70  trades=  607  win= 27,2%  sem_trade=  7d
  HISTORICO COMPLETO    centro W120 stop0.25 +direcao    liquido=      -3,10  trades=   75  win= 40,0%  sem_trade=160d
  HISTORICO COMPLETO    centro W30 stop0.25 +direcao     liquido=  -2.908,10  trades= 1685  win= 36,0%  sem_trade= 20d
  HISTORICO COMPLETO    centro W60 stop0.25 +direcao     liquido=    -116,40  trades=  626  win= 37,7%  sem_trade= 26d


===== WIN@, R$ 3.000, 1 contrato -- IS (<2026-06-13) (129 pregoes) =====
variante                        retorno   liquido R$  MaxDD %    MaxDD R$ lucro/DD   win% trades     R$/dia trd/dia  capital final pregoes       preg+       bl20+        seq-      BEemp%    veredito      sem_tr
------------------------------------------------------------------------------------------------------------------------------------------------------------------------------------------------------------------
centro W30 stop0.25              -81,8%    -2.454,90   -90,0%    2.814,30    -0,87  35,8%   1401     -19,03    10,9         545,10     129         48%         16%           6       39,5%    NEGATIVO       1/129  desliz.alvo 1,0t fila NAO CALIBRADA
centro W30 stop0.50               -5,7%      -170,90   -28,6%    1.075,30    -0,16  53,8%    969      -1,32     7,5       2.829,10     129         52%         38%           7       54,0%  indefinido       1/129  desliz.alvo 1,0t fila NAO CALIBRADA
centro W60 stop0.25               -4,6%      -138,60   -24,2%      757,70    -0,18  37,1%    480      -1,07     3,7       2.861,40     129         41%         43%          10       37,6%  indefinido      17/129  desliz.alvo 1,0t fila NAO CALIBRADA
centro W60 stop0.50              -27,9%      -838,50   -40,7%    1.268,10    -0,66  50,4%    347      -6,50     2,7       2.161,50     129         40%         34%          12       53,6%  indefinido      17/129  desliz.alvo 1,0t fila NAO CALIBRADA
centro W120 stop0.25             -11,9%      -355,70   -13,4%      401,80    -0,89  37,7%     53      -2,76     0,4       2.644,30     129         50%         20%           2       50,4%  indefinido     109/129  desliz.alvo 1,0t fila NAO CALIBRADA
centro W120 stop0.50              -2,2%       -65,00    -9,1%      281,30    -0,23  61,8%     34      -0,50     0,3       2.935,00     129         60%         49%           2       64,3%  indefinido     109/129  desliz.alvo 1,0t fila NAO CALIBRADA
falso W30 stop0.25               -97,0%    -2.910,80   -97,0%    2.924,80    -1,00  16,5%    678     -22,56     5,3          89,20     129         23%          0%           9       22,3%    NEGATIVO      54/129  desliz.alvo 1,0t fila NAO CALIBRADA
falso W30 stop0.50               -97,6%    -2.927,60   -97,9%    3.302,90    -0,89  26,3%    746     -22,69     5,8          72,40     129         36%          0%           9       31,0%    NEGATIVO      32/129  desliz.alvo 1,0t fila NAO CALIBRADA
falso W60 stop0.25               -21,2%      -635,60   -35,0%    1.114,30    -0,57  18,9%    502      -4,93     3,9       2.364,40     129         38%         38%          10       20,4%  indefinido       5/129  desliz.alvo 1,0t fila NAO CALIBRADA
falso W60 stop0.50                -0,0%        -0,90   -33,6%    1.172,90    -0,00  28,5%    407      -0,01     3,2       2.999,10     129         40%         46%           7       28,5%  indefinido       5/129  desliz.alvo 1,0t fila NAO CALIBRADA
falso W120 stop0.25              -12,8%      -383,90   -15,5%      477,30    -0,80  16,4%     61      -2,98     0,5       2.616,10     129         28%         13%           8       29,6%    NEGATIVO     100/129  desliz.alvo 1,0t fila NAO CALIBRADA
falso W120 stop0.50                2,1%        63,40    -9,5%      299,80     0,21  35,0%     40       0,49     0,3       3.063,40     129         41%         54%           6       32,5%  indefinido     100/129  desliz.alvo 1,0t fila NAO CALIBRADA
centro W30 stop0.25 +direcao     -67,1%    -2.012,00   -78,2%    2.383,30    -0,84  36,6%   1288     -15,60    10,0         988,00     129         47%         18%           6       39,9%    NEGATIVO       1/129  desliz.alvo 1,0t fila NAO CALIBRADA
centro W60 stop0.25 +direcao      11,2%       335,40   -17,9%      576,70     0,58  39,1%    422       2,60     3,3       3.335,40     129         46%         61%           8       37,7%  indefinido      18/129  desliz.alvo 1,0t fila NAO CALIBRADA
centro W120 stop0.25 +direcao      0,3%        10,10    -5,6%      174,60     0,06  39,5%     43       0,08     0,3       3.010,10     129         53%         41%           2       39,0%  indefinido     110/129  desliz.alvo 1,0t fila NAO CALIBRADA


===== WIN@, R$ 3.000, 1 contrato -- OOS (>=2026-06-13) (62 pregoes) =====
variante                        retorno   liquido R$  MaxDD %    MaxDD R$ lucro/DD   win% trades     R$/dia trd/dia  capital final pregoes       preg+       bl20+        seq-      BEemp%    veredito      sem_tr
------------------------------------------------------------------------------------------------------------------------------------------------------------------------------------------------------------------
centro W30 stop0.25              -44,2%    -1.325,30   -54,8%    1.670,50    -0,79  34,1%    613     -21,38     9,9       1.674,70      62         33%          0%          10       40,0%    NEGATIVO        1/62  desliz.alvo 1,0t fila NAO CALIBRADA
centro W30 stop0.50                3,8%       115,10   -15,2%      464,40     0,25  55,6%    421       1,86     6,8       3.115,10      62         51%         51%           4       55,0%  indefinido        1/62  desliz.alvo 1,0t fila NAO CALIBRADA
centro W60 stop0.25              -19,1%      -572,30   -27,1%      895,10    -0,64  34,6%    231      -9,23     3,7       2.427,70      62         44%          9%           6       41,1%    NEGATIVO        7/62  desliz.alvo 1,0t fila NAO CALIBRADA
centro W60 stop0.50               -1,6%       -49,00   -12,7%      391,80    -0,13  55,8%    156      -0,79     2,5       2.951,00      62         49%         14%           3       56,4%  indefinido        7/62  desliz.alvo 1,0t fila NAO CALIBRADA
centro W120 stop0.25              -1,2%       -36,20    -4,1%      121,70    -0,30  37,5%     40      -0,58     0,6       2.963,80      62         42%         63%           3       39,5%  indefinido       50/62  desliz.alvo 1,0t fila NAO CALIBRADA
centro W120 stop0.50              -6,1%      -182,70    -8,7%      263,00    -0,69  47,8%     23      -2,95     0,4       2.817,30      62         33%         40%           6       60,4%  indefinido       50/62  desliz.alvo 1,0t fila NAO CALIBRADA
falso W30 stop0.25               -76,4%    -2.291,80   -77,3%    2.412,80    -0,95  16,5%    538     -36,96     8,7         708,20      62         26%          0%          12       24,6%    NEGATIVO        0/62  desliz.alvo 1,0t fila NAO CALIBRADA
falso W30 stop0.50               -76,8%    -2.303,40   -78,0%    2.463,90    -0,93  25,0%    420     -37,15     6,8         696,60      62         27%          0%          10       34,1%    NEGATIVO        0/62  desliz.alvo 1,0t fila NAO CALIBRADA
falso W60 stop0.25               -13,4%      -403,00   -24,8%      789,50    -0,51  17,9%    234      -6,50     3,8       2.597,00      62         38%         26%          12       20,8%  indefinido        2/62  desliz.alvo 1,0t fila NAO CALIBRADA
falso W60 stop0.50               -11,9%      -356,80   -27,6%      859,70    -0,42  24,5%    200      -5,75     3,2       2.643,20      62         32%         28%          17       27,1%  indefinido        2/62  desliz.alvo 1,0t fila NAO CALIBRADA
falso W120 stop0.25                6,3%       187,90    -4,2%      132,50     1,42  27,3%     33       3,03     0,5       3.187,90      62         50%         79%           4       19,2%  indefinido       46/62  desliz.alvo 1,0t fila NAO CALIBRADA
falso W120 stop0.50                9,5%       284,30    -3,4%      105,20     2,70  37,9%     29       4,59     0,5       3.284,30      62         56%         72%           4       25,8%  indefinido       46/62  desliz.alvo 1,0t fila NAO CALIBRADA
centro W30 stop0.25 +direcao     -43,5%    -1.304,10   -50,0%    1.521,80    -0,86  34,5%    563     -21,03     9,1       1.695,90      62         31%          0%           5       41,0%    NEGATIVO        1/62  desliz.alvo 1,0t fila NAO CALIBRADA
centro W60 stop0.25 +direcao     -15,1%      -451,80   -21,0%      671,50    -0,67  34,8%    204      -7,29     3,3       2.548,20      62         44%          7%           5       40,7%  indefinido        8/62  desliz.alvo 1,0t fila NAO CALIBRADA
centro W120 stop0.25 +direcao     -0,4%       -13,20    -4,1%      125,50    -0,11  40,6%     32      -0,21     0,5       2.986,80      62         58%         63%           2       41,5%  indefinido       50/62  desliz.alvo 1,0t fila NAO CALIBRADA


===== WIN@, R$ 3.000, 1 contrato -- HISTORICO COMPLETO (191 pregoes) =====
variante                        retorno   liquido R$  MaxDD %    MaxDD R$ lucro/DD   win% trades     R$/dia trd/dia  capital final pregoes       preg+       bl20+        seq-      BEemp%    veredito      sem_tr
------------------------------------------------------------------------------------------------------------------------------------------------------------------------------------------------------------------
centro W30 stop0.25              -96,9%    -2.905,90   -97,0%    3.033,60    -0,96  35,3%   1523     -15,21     8,0          94,10     191         47%         10%           6       39,3%    NEGATIVO      50/191  desliz.alvo 1,0t fila NAO CALIBRADA
centro W30 stop0.50               -1,9%       -55,80   -35,8%    1.347,00    -0,04  54,3%   1390      -0,29     7,3       2.944,20     191         51%         37%           7       54,4%  indefinido       2/191  desliz.alvo 1,0t fila NAO CALIBRADA
centro W60 stop0.25              -23,7%      -710,90   -30,3%      987,80    -0,72  36,3%    711      -3,72     3,7       2.289,10     191         42%         39%          10       38,3%  indefinido      24/191  desliz.alvo 1,0t fila NAO CALIBRADA
centro W60 stop0.50              -29,6%      -887,50   -40,7%    1.268,10    -0,70  52,1%    503      -4,65     2,6       2.112,50     191         43%         36%          12       54,7%  indefinido      24/191  desliz.alvo 1,0t fila NAO CALIBRADA
centro W120 stop0.25             -13,1%      -391,90   -16,1%      483,40    -0,81  37,6%     93      -2,05     0,5       2.608,10     191         47%         28%           4       46,0%  indefinido     159/191  desliz.alvo 1,0t fila NAO CALIBRADA
centro W120 stop0.50              -8,3%      -247,70   -12,2%      377,70    -0,66  56,1%     57      -1,30     0,3       2.752,30     191         50%         44%           6       62,3%  indefinido     159/191  desliz.alvo 1,0t fila NAO CALIBRADA
falso W30 stop0.25               -97,0%    -2.910,80   -97,0%    2.924,80    -1,00  16,5%    678     -15,24     3,5          89,20     191         23%          0%           9       22,3%    NEGATIVO     116/191  desliz.alvo 1,0t fila NAO CALIBRADA
falso W30 stop0.50               -97,6%    -2.927,60   -97,9%    3.302,90    -0,89  26,3%    746     -15,33     3,9          72,40     191         36%          0%           9       31,0%    NEGATIVO      94/191  desliz.alvo 1,0t fila NAO CALIBRADA
falso W60 stop0.25               -34,6%    -1.038,60   -44,6%    1.421,50    -0,73  18,6%    736      -5,44     3,9       1.961,40     191         38%         31%          12       20,5%  indefinido       7/191  desliz.alvo 1,0t fila NAO CALIBRADA
falso W60 stop0.50               -11,9%      -357,70   -37,2%    1.330,90    -0,27  27,2%    607      -1,87     3,2       2.642,30     191         37%         37%          17       27,9%  indefinido       7/191  desliz.alvo 1,0t fila NAO CALIBRADA
falso W120 stop0.25               -6,5%      -196,00   -16,2%      496,10    -0,40  20,2%     94      -1,03     0,5       2.804,00     191         36%         30%           8       23,8%  indefinido     146/191  desliz.alvo 1,0t fila NAO CALIBRADA
falso W120 stop0.50               11,6%       347,70    -9,5%      299,80     1,16  36,2%     69       1,82     0,4       3.347,70     191         47%         55%           6       29,2%  indefinido     146/191  desliz.alvo 1,0t fila NAO CALIBRADA
centro W30 stop0.25 +direcao     -96,9%    -2.908,10   -97,0%    2.956,50    -0,98  36,0%   1685     -15,23     8,8          91,90     191         43%         12%           6       39,9%    NEGATIVO      20/191  desliz.alvo 1,0t fila NAO CALIBRADA
centro W60 stop0.25 +direcao      -3,9%      -116,40   -19,0%      671,50    -0,17  37,7%    626      -0,61     3,3       2.883,60     191         45%         52%           8       38,1%  indefinido      26/191  desliz.alvo 1,0t fila NAO CALIBRADA
centro W120 stop0.25 +direcao     -0,1%        -3,10    -6,6%      207,50    -0,01  40,0%     75      -0,02     0,4       2.996,90     191         55%         42%           3       40,1%  indefinido     160/191  desliz.alvo 1,0t fila NAO CALIBRADA


================================================================================================================
VEREDITO -- positivo no IS E no OOS?
================================================================================================================
  variante                              IS liq   IS n  IS win     OOS liq  OOS n OOS win    
  ------------------------------------------------------------------------------------------
  centro W30 stop0.25                -2.454,90   1401    35,8   -1.325,30    613    34,1    
  centro W30 stop0.50                  -170,90    969    53,8      115,10    421    55,6    
  centro W60 stop0.25                  -138,60    480    37,1     -572,30    231    34,6    
  centro W60 stop0.50                  -838,50    347    50,4      -49,00    156    55,8    
  centro W120 stop0.25                 -355,70     53    37,7      -36,20     40    37,5    
  centro W120 stop0.50                  -65,00     34    61,8     -182,70     23    47,8    
  falso W30 stop0.25                 -2.910,80    678    16,5   -2.291,80    538    16,5    
  falso W30 stop0.50                 -2.927,60    746    26,3   -2.303,40    420    25,0    
  falso W60 stop0.25                   -635,60    502    18,9     -403,00    234    17,9    
  falso W60 stop0.50                     -0,90    407    28,5     -356,80    200    24,5    
  falso W120 stop0.25                  -383,90     61    16,4      187,90     33    27,3    
  falso W120 stop0.50                    63,40     40    35,0      284,30     29    37,9  <<<
  centro W30 stop0.25 +direcao       -2.012,00   1288    36,6   -1.304,10    563    34,5    
  centro W60 stop0.25 +direcao          335,40    422    39,1     -451,80    204    34,8    
  centro W120 stop0.25 +direcao          10,10     43    39,5      -13,20     32    40,6    

  1 de 15 variantes positivas nas DUAS janelas: ['falso W120 stop0.50']
  A 5%, 15 celulas produzem ~0,75 positivo falso -- uma celula isolada num canto
  da grade ainda e' suspeita; vizinhas acompanhando e' o que separa sinal de ruido.

  'Aproveitar todos os W ao mesmo tempo' nao esta medido aqui: o motor nao piramida,
  entao cada W e' um backtest separado. Somar as linhas ignora caixa e margem
  compartilhados -- e' teto, nao previsao.

FIM.
