config de PRODUCAO: alvo_vol=9,5 + alvo por ordem-limite real fatiada
base M1 do WIN@ atualizada ate 2026-09-11 15:09:00-03:00 BRT

pregao        barras   estado
  2026-09-01 Tue    563   completo
  2026-09-02 Wed    562   completo
  2026-09-03 Thu    563   completo
  2026-09-04 Fri    563   completo
  2026-09-08 Tue    563   completo
  2026-09-09 Wed    562   completo
  2026-09-10 Thu    562   completo
  2026-09-11 Fri    367   EM ABERTO (~65% do pregao)


===== capital R$ 250 =====
variante                        retorno   liquido R$  MaxDD %    MaxDD R$ lucro/DD   win% trades     R$/dia trd/dia  capital final pregoes acerto alvo       flat%      BE emp    IC95 win     s/trade   caixa min     pior op
------------------------------------------------------------------------------------------------------------------------------------------------------------------------------------------------------------------------------
ate 10/09 (7 pregoes completos  -105,6%      -264,00  -101,8%      795,50    -0,33  75,0%      4    -132,00     2,0         -14,00       2        0,0%       25,0%      84,93% [30,1;95,4]         5/7      -14,00     -564,50  ZERADO desliz.alvo 1,0t fila NAO CALIBRADA
COM hoje 11/09 (8, o ultimo em  -105,6%      -264,00  -101,8%      795,50    -0,33  75,0%      4    -132,00     2,0         -14,00       2        0,0%       25,0%      84,93% [30,1;95,4]         6/8      -14,00     -564,50  ZERADO desliz.alvo 1,0t fila NAO CALIBRADA


===== capital R$ 3.000 =====
variante                        retorno   liquido R$  MaxDD %    MaxDD R$ lucro/DD   win% trades     R$/dia trd/dia  capital final pregoes acerto alvo       flat%      BE emp    IC95 win     s/trade   caixa min     pior op
------------------------------------------------------------------------------------------------------------------------------------------------------------------------------------------------------------------------------
ate 10/09 (7 pregoes completos   -30,8%      -923,00   -49,5%    1.777,00    -0,52  44,4%     18    -131,86     2,6       2.077,00       7       16,7%       38,9%      55,17% [24,6;66,3]         0/7    1.810,50     -564,50  desliz.alvo 1,0t fila NAO CALIBRADA
COM hoje 11/09 (8, o ultimo em   -36,0%    -1.081,50   -49,5%    1.777,00    -0,61  42,1%     19    -135,19     2,4       1.918,50       8       15,8%       42,1%      54,25% [23,1;63,7]         0/8    1.810,50     -564,50  desliz.alvo 1,0t fila NAO CALIBRADA


===== PREGAO A PREGAO, capital R$ 3.000 (o piso declarado) =====
pregao        ops        R$ do dia     acumulado
  2026-09-01 Tue     2          288,00        288,00
  2026-09-02 Wed     4           84,00        372,00
  2026-09-03 Thu     3         -224,50        147,50
  2026-09-04 Fri     1         -187,50        -40,00
  2026-09-08 Tue     2           49,00          9,00
  2026-09-09 Wed     3         -696,50       -687,50
  2026-09-10 Thu     3         -235,50       -923,00
  2026-09-11 Fri     1         -158,50     -1.081,50   <- EM ABERTO

===== OPERACAO A OPERACAO =====
entrada           saida             lado   qtd          motivo          R$   acumulado
2026-09-01 09:48  2026-09-01 10:58  long      1          signal      260,50      260,50
2026-09-01 10:59  2026-09-01 18:24  long      1  forced_flatten       27,50      288,00
2026-09-02 10:00  2026-09-02 10:11  short     1          signal       12,50      300,50
2026-09-02 10:17  2026-09-02 10:44  short     1            stop     -564,50     -264,00
2026-09-02 10:45  2026-09-02 12:04  long      1          target      567,50      303,50
2026-09-02 12:17  2026-09-02 18:24  short     1  forced_flatten       68,50      372,00
2026-09-03 10:07  2026-09-03 12:11  long      1            stop     -384,50      -12,50
2026-09-03 12:16  2026-09-03 13:31  short     1          target      212,50      200,00
2026-09-03 13:55  2026-09-03 18:24  short     1  forced_flatten      -52,50      147,50
2026-09-04 10:05  2026-09-04 18:24  short     1  forced_flatten     -187,50      -40,00
2026-09-08 09:49  2026-09-08 10:45  long      1          target      299,50      259,50
2026-09-08 10:47  2026-09-08 18:24  long      1  forced_flatten     -250,50        9,00
2026-09-09 09:49  2026-09-09 12:07  long      1            stop     -357,50     -348,50
2026-09-09 12:24  2026-09-09 18:02  short     1            stop     -313,50     -662,00
2026-09-09 18:04  2026-09-09 18:24  long      1  forced_flatten      -25,50     -687,50
2026-09-10 10:01  2026-09-10 10:12  short     1          signal      -38,50     -726,00
2026-09-10 10:13  2026-09-10 11:36  short     1            stop     -463,50   -1.189,50
2026-09-10 11:38  2026-09-10 18:24  long      1  forced_flatten      266,50     -923,00
2026-09-11 09:57  2026-09-11 15:09  long      1  forced_flatten     -158,50   -1.081,50
