============================================================================================================
WIN@ retangulo -- A CONCORDANCIA ENTRE PRAZOS (M1/M5/M15) PREVE A DIRECAO DA QUEBRA?
============================================================================================================
2538 retangulos | prazos: M1 (10 barras = 10 min), M5 (10 barras = 50 min), M15 (10 barras = 150 min)
voto NEUTRO quando |variacao| < 25% da largura da banda
nulo = 50% | IC95 de Wilson | veredito exige mesma direcao no IS e no OOS

  ... 40/191 pregoes
  ... 80/191 pregoes
  ... 120/191 pregoes
  ... 160/191 pregoes

1734 retangulos medidos -> scratch/copawin_retangulo_multitf.csv

============================================================================================================
1) P(a quebra sai A FAVOR do sentido alinhado), por estado de concordancia
============================================================================================================

  --- IS ---
  estado                      n  quebra a favor              IC95
  ---------------------------------------------------------------
  3 de 3 alinhados          316           44,6%     [39,2 ; 50,1]
  2 de 3                    241           51,0%     [44,8 ; 57,3]
  sem alinhamento           324           57,1%     [51,7 ; 62,4]

  --- OOS ---
  estado                      n  quebra a favor              IC95
  ---------------------------------------------------------------
  3 de 3 alinhados          159           55,3%     [47,6 ; 62,9]
  2 de 3                    108           58,3%     [48,9 ; 67,2]
  sem alinhamento           139           46,8%     [38,7 ; 55,0]

============================================================================================================
2) A MESMA CONTA, separada por LADO -- alinhado para BAIXO x para CIMA
   (a pergunta do dono e' sobre queda; um efeito que so' existe de um lado
    e' viés direcional, nao concordancia de prazos)
============================================================================================================

  --- IS ---
  estado                      n  quebra a favor              IC95
  ---------------------------------------------------------------
  3 de 3 alinhados para BAIXO    151           53,6%     [45,7 ; 61,4]
  3 de 3 alinhados para CIMA    165           36,4%     [29,4 ; 43,9]
  2 de 3 para BAIXO         127           48,8%     [40,3 ; 57,4]
  2 de 3 para CIMA          114           53,5%     [44,4 ; 62,4]

  --- OOS ---
  estado                      n  quebra a favor              IC95
  ---------------------------------------------------------------
  3 de 3 alinhados para BAIXO    100           61,0%     [51,2 ; 70,0]
  3 de 3 alinhados para CIMA     59           45,8%     [33,7 ; 58,3]
  2 de 3 para BAIXO          48           47,9%     [34,5 ; 61,7]
  2 de 3 para CIMA           60           66,7%     [54,1 ; 77,3]

============================================================================================================
3) 3 DE 3 ALINHADOS, por janela W (para ver a dependencia entre linhas)
============================================================================================================

  --- IS ---
  estado                      n  quebra a favor              IC95
  ---------------------------------------------------------------
  W=30                      140           45,7%     [37,7 ; 54,0]
  W=45                       84           42,9%     [32,8 ; 53,5]
  W=60                       60           38,3%     [27,1 ; 51,0]
  W=90                       21           57,1%     [36,5 ; 75,5]  (n<25)
  W=120                      11           54,5%     [28,0 ; 78,7]  (n<25)

  --- OOS ---
  estado                      n  quebra a favor              IC95
  ---------------------------------------------------------------
  W=30                       61           59,0%     [46,5 ; 70,5]
  W=45                       42           61,9%     [46,8 ; 75,0]
  W=60                       30           50,0%     [33,2 ; 66,8]
  W=90                       17           47,1%     [26,2 ; 69,0]  (n<25)
  W=120                       9           33,3%     [12,1 ; 64,6]  (n<25)

============================================================================================================
4) QUANTOS RETANGULOS CAEM EM CADA ESTADO
============================================================================================================
estado  2 de 3  3 de 3 alinhados  sem alinhamento
janela                                           
IS         279               379              516
OOS        127               187              246

FIM.
