60 celulas: 10 tetos x 3 capitais x 2 janelas
cada uma imprime assim que termina; a tabela ordenada vem no fim

[ 1/60]  IS cap      250 BASE (sem escada)  liq       -76,30  n=25   win  40,0%  BE  40,7%  s/trade 116/129  caixa min     -7,10  pior   -446,50  indefinido  (1s)
[ 2/60]  IS cap      250 ABS R$ 200         liq      -162,50  n=3    win  33,3%  BE  55,7%  s/trade 127/129  caixa min     87,50  pior   -180,50  indefinido  (7s)
[ 3/60]  IS cap      250 ABS R$ 50          liq      -191,80  n=56   win  16,1%  BE  17,3%  s/trade 117/129  caixa min     58,20  pior    -51,50  indefinido  (7s)
[ 4/60]  IS cap      250 ABS R$ 100         liq      -187,70  n=177  win  29,9%  BE  30,3%  s/trade 78/129  caixa min     62,30  pior   -165,50  indefinido  (8s)
[ 5/60]  IS cap      250 ABS R$ 250         liq      -162,50  n=3    win  33,3%  BE  55,7%  s/trade 127/129  caixa min     87,50  pior   -180,50  indefinido  (8s)
[ 6/60]  IS cap      250 ABS R$ 300         liq      -162,50  n=3    win  33,3%  BE  55,7%  s/trade 127/129  caixa min     87,50  pior   -180,50  indefinido  (8s)
[ 7/60]  IS cap      750 BASE (sem escada)  liq    10.450,70  n=224  win  50,9%  BE  40,5%  s/trade 0/129  caixa min    174,30  pior   -728,50  POSITIVO  (8s)
[ 8/60]  IS cap      250 ABS R$ 400         liq      -162,50  n=3    win  33,3%  BE  55,7%  s/trade 127/129  caixa min     87,50  pior   -180,50  indefinido  (8s)
[ 9/60]  IS cap      250 ABS R$ 150         liq      -184,50  n=11   win  36,4%  BE  41,4%  s/trade 124/129  caixa min     65,50  pior   -151,50  indefinido  (8s)
[10/60]  IS cap      750 ABS R$ 400         liq      -650,80  n=30   win  43,3%  BE  48,6%  s/trade 112/129  caixa min     99,20  pior   -401,50  indefinido  (8s)
[11/60]  IS cap      250 ABS R$ 125         liq      -176,80  n=136  win  30,9%  BE  31,3%  s/trade 85/129  caixa min     73,20  pior   -159,50  indefinido  (8s)
[12/60]  IS cap      250 ABS R$ 75          liq     9.627,10  n=384  win  33,6%  BE  26,9%  s/trade 0/129  caixa min    155,30  pior   -387,50  POSITIVO  (9s)
[13/60]  IS cap      750 ABS R$ 300         liq      -654,70  n=49   win  46,9%  BE  50,8%  s/trade 100/129  caixa min     95,30  pior   -301,50  indefinido  (8s)
[14/60]  IS cap      750 ABS R$ 150         liq      -696,50  n=31   win  35,5%  BE  43,3%  s/trade 117/129  caixa min     53,50  pior   -151,50  indefinido  (11s)
[15/60]  IS cap      750 ABS R$ 200         liq      -671,30  n=51   win  41,2%  BE  44,9%  s/trade 105/129  caixa min     78,70  pior   -201,50  indefinido  (12s)
[16/60]  IS cap      750 ABS R$ 250         liq     7.114,30  n=277  win  41,5%  BE  35,7%  s/trade 0/129  caixa min    534,00  pior   -324,50  POSITIVO  (12s)
[17/60]  IS cap      750 ABS R$ 100         liq     7.813,90  n=357  win  35,6%  BE  29,8%  s/trade 0/129  caixa min    625,20  pior   -331,50  POSITIVO  (12s)
[18/60]  IS cap      750 ABS R$ 125         liq     6.440,70  n=383  win  33,9%  BE  29,6%  s/trade 0/129  caixa min    260,00  pior   -324,50  indefinido  (13s)
[19/60]  IS cap    3.000 ABS R$ 300         liq     8.213,00  n=250  win  46,4%  BE  39,0%  s/trade 0/129  caixa min  2.391,50  pior   -387,50  POSITIVO  (12s)
[20/60]  IS cap      750 ABS R$ 50          liq     9.838,40  n=327  win  38,8%  BE  31,0%  s/trade 0/129  caixa min    700,00  pior   -387,50  POSITIVO  (13s)
[21/60]  IS cap    3.000 BASE (sem escada)  liq    11.221,50  n=224  win  50,9%  BE  40,5%  s/trade 0/129  caixa min  2.424,30  pior   -728,50  POSITIVO  (13s)
[22/60]  IS cap      750 ABS R$ 75          liq     7.817,40  n=368  win  34,8%  BE  29,1%  s/trade 0/129  caixa min    488,90  pior   -332,50  POSITIVO  (13s)
[23/60]  IS cap    3.000 ABS R$ 400         liq    10.203,10  n=230  win  49,6%  BE  40,3%  s/trade 0/129  caixa min  2.093,80  pior   -499,00  POSITIVO  (13s)
[24/60]  IS cap    3.000 ABS R$ 250         liq     8.281,40  n=255  win  45,9%  BE  38,6%  s/trade 0/129  caixa min  2.784,00  pior   -387,50  POSITIVO  (13s)
[25/60]  IS cap    3.000 ABS R$ 200         liq     7.590,30  n=278  win  43,2%  BE  36,7%  s/trade 0/129  caixa min  1.924,40  pior   -387,50  POSITIVO  (14s)
[26/60] OOS cap      250 BASE (sem escada)  liq      -247,50  n=1    win   0,0%  BE 100,0%  s/trade 54/55  caixa min      2,50  pior   -247,50  NEGATIVO  (5s)
[27/60] OOS cap      250 ABS R$ 400         liq      -190,00  n=2    win   0,0%  BE 100,0%  s/trade 54/55  caixa min     60,00  pior   -126,50  NEGATIVO  (5s)
[28/60] OOS cap      250 ABS R$ 250         liq      -190,00  n=2    win   0,0%  BE 100,0%  s/trade 54/55  caixa min     60,00  pior   -126,50  NEGATIVO  (5s)
[29/60] OOS cap      250 ABS R$ 300         liq      -190,00  n=2    win   0,0%  BE 100,0%  s/trade 54/55  caixa min     60,00  pior   -126,50  NEGATIVO  (5s)
[30/60] OOS cap      250 ABS R$ 200         liq      -190,00  n=2    win   0,0%  BE 100,0%  s/trade 54/55  caixa min     60,00  pior   -126,50  NEGATIVO  (5s)
[31/60] OOS cap      250 ABS R$ 150         liq      -190,00  n=2    win   0,0%  BE 100,0%  s/trade 54/55  caixa min     60,00  pior   -126,50  NEGATIVO  (5s)
[32/60] OOS cap      250 ABS R$ 125         liq      -190,00  n=2    win   0,0%  BE 100,0%  s/trade 54/55  caixa min     60,00  pior   -126,50  NEGATIVO  (5s)
[33/60] OOS cap      250 ABS R$ 100         liq      -188,80  n=10   win  20,0%  BE  26,2%  s/trade 52/55  caixa min     61,20  pior   -101,50  indefinido  (4s)
[34/60] OOS cap      250 ABS R$ 75          liq      -153,00  n=2    win   0,0%  BE 100,0%  s/trade 54/55  caixa min     97,00  pior    -76,50  NEGATIVO  (4s)
[35/60]  IS cap    3.000 ABS R$ 150         liq    -2.949,80  n=146  win  32,9%  BE  39,0%  s/trade 78/129  caixa min     50,20  pior   -198,50  indefinido  (12s)
[36/60] OOS cap      250 ABS R$ 50          liq      -154,50  n=3    win   0,0%  BE 100,0%  s/trade 54/55  caixa min     95,50  pior    -51,50  NEGATIVO  (4s)
[37/60] OOS cap      750 BASE (sem escada)  liq      -738,40  n=6    win  16,7%  BE  77,4%  s/trade 52/55  caixa min     11,60  pior   -301,50  NEGATIVO  (4s)
[38/60]  IS cap    3.000 ABS R$ 125         liq     7.589,70  n=310  win  39,7%  BE  33,4%  s/trade 0/129  caixa min    462,60  pior   -387,50  POSITIVO  (12s)
[39/60] OOS cap      750 ABS R$ 400         liq      -663,80  n=6    win  16,7%  BE  75,6%  s/trade 53/55  caixa min     86,20  pior   -247,50  NEGATIVO  (4s)
[40/60] OOS cap      750 ABS R$ 300         liq      -663,80  n=6    win  16,7%  BE  75,6%  s/trade 53/55  caixa min     86,20  pior   -247,50  NEGATIVO  (4s)
[41/60]  IS cap    3.000 ABS R$ 100         liq     7.587,90  n=318  win  39,6%  BE  33,4%  s/trade 0/129  caixa min  1.129,30  pior   -387,50  POSITIVO  (12s)
[42/60] OOS cap      750 ABS R$ 250         liq      -663,80  n=6    win  16,7%  BE  75,6%  s/trade 53/55  caixa min     86,20  pior   -247,50  NEGATIVO  (4s)
[43/60]  IS cap    3.000 ABS R$ 50          liq     7.588,30  n=328  win  38,1%  BE  32,0%  s/trade 0/129  caixa min  1.184,70  pior   -387,50  POSITIVO  (12s)
[44/60]  IS cap    3.000 ABS R$ 75          liq     7.659,30  n=376  win  33,8%  BE  28,3%  s/trade 0/129  caixa min     73,80  pior   -387,50  POSITIVO  (12s)
[45/60] OOS cap      750 ABS R$ 200         liq      -657,30  n=25   win  28,0%  BE  34,7%  s/trade 44/55  caixa min     77,80  pior   -201,50  indefinido  (4s)
[46/60] OOS cap      750 ABS R$ 150         liq      -689,20  n=28   win  25,0%  BE  31,7%  s/trade 46/55  caixa min     60,80  pior   -151,50  indefinido  (4s)
[47/60] OOS cap      750 ABS R$ 125         liq      -668,10  n=31   win  22,6%  BE  28,5%  s/trade 46/55  caixa min     81,90  pior   -126,50  indefinido  (5s)
[48/60] OOS cap      750 ABS R$ 100         liq     2.766,60  n=166  win  36,7%  BE  31,4%  s/trade 0/55  caixa min    249,60  pior   -176,50  indefinido  (5s)
[49/60] OOS cap      750 ABS R$ 75          liq      -683,10  n=35   win  17,1%  BE  23,7%  s/trade 48/55  caixa min     66,90  pior    -76,50  indefinido  (5s)
[50/60] OOS cap    3.000 BASE (sem escada)  liq     4.007,50  n=97   win  56,7%  BE  44,8%  s/trade 0/55  caixa min  2.110,20  pior   -346,50  POSITIVO  (5s)
[51/60] OOS cap      750 ABS R$ 50          liq      -681,70  n=31   win  12,9%  BE  23,2%  s/trade 50/55  caixa min     68,30  pior    -63,50  indefinido  (5s)
[52/60] OOS cap    3.000 ABS R$ 400         liq     3.693,70  n=97   win  56,7%  BE  46,8%  s/trade 0/55  caixa min  2.007,60  pior   -393,00  indefinido  (5s)
[53/60] OOS cap    3.000 ABS R$ 250         liq     2.754,90  n=111  win  51,4%  BE  44,4%  s/trade 0/55  caixa min  1.732,00  pior   -267,50  indefinido  (4s)
[54/60] OOS cap    3.000 ABS R$ 300         liq     2.669,00  n=105  win  52,4%  BE  45,3%  s/trade 0/55  caixa min  1.775,20  pior   -301,50  indefinido  (5s)
[55/60] OOS cap    3.000 ABS R$ 200         liq     2.849,60  n=116  win  47,4%  BE  40,6%  s/trade 0/55  caixa min  2.116,40  pior   -272,50  indefinido  (4s)
[56/60] OOS cap    3.000 ABS R$ 150         liq     3.127,20  n=116  win  49,1%  BE  41,6%  s/trade 0/55  caixa min  2.785,80  pior   -317,50  indefinido  (4s)
[57/60] OOS cap    3.000 ABS R$ 125         liq     3.127,20  n=116  win  49,1%  BE  41,6%  s/trade 0/55  caixa min  2.785,80  pior   -317,50  indefinido  (4s)
[58/60] OOS cap    3.000 ABS R$ 100         liq     3.127,20  n=116  win  49,1%  BE  41,6%  s/trade 0/55  caixa min  2.785,80  pior   -317,50  indefinido  (3s)
[59/60] OOS cap    3.000 ABS R$ 75          liq     3.127,20  n=116  win  49,1%  BE  41,6%  s/trade 0/55  caixa min  2.785,80  pior   -317,50  indefinido  (3s)
[60/60] OOS cap    3.000 ABS R$ 50          liq     3.127,20  n=116  win  49,1%  BE  41,6%  s/trade 0/55  caixa min  2.785,80  pior   -317,50  indefinido  (3s)


===== IS - capital R$ 250 =====
variante                        retorno   liquido R$  MaxDD %    MaxDD R$ lucro/DD   win% trades     R$/dia trd/dia  capital final pregoes      BE emp    IC95 win     s/trade   caixa min     pior op
------------------------------------------------------------------------------------------------------------------------------------------------------------------------------------------------------
IS 250 BASE (sem escada)         -30,5%       -76,30  -100,3%    2.207,90    -0,03  40,0%     25      -5,45     1,8         173,70      14      40,71% [23,4;59,3]     116/129       -7,10     -446,50  ZERADO desliz.alvo 1,0t fila NAO CALIBRADA
IS 250 ABS R$ 400                -65,0%      -162,50   -82,8%      421,30    -0,39  33,3%      3      -1,26     0,0          87,50     129      55,67%  [6,1;79,2]     127/129       87,50     -180,50  desliz.alvo 1,0t fila NAO CALIBRADA
IS 250 ABS R$ 300                -65,0%      -162,50   -82,8%      421,30    -0,39  33,3%      3      -1,26     0,0          87,50     129      55,67%  [6,1;79,2]     127/129       87,50     -180,50  desliz.alvo 1,0t fila NAO CALIBRADA
IS 250 ABS R$ 250                -65,0%      -162,50   -82,8%      421,30    -0,39  33,3%      3      -1,26     0,0          87,50     129      55,67%  [6,1;79,2]     127/129       87,50     -180,50  desliz.alvo 1,0t fila NAO CALIBRADA
IS 250 ABS R$ 200                -65,0%      -162,50   -82,8%      421,30    -0,39  33,3%      3      -1,26     0,0          87,50     129      55,67%  [6,1;79,2]     127/129       87,50     -180,50  desliz.alvo 1,0t fila NAO CALIBRADA
IS 250 ABS R$ 150                -73,8%      -184,50   -92,3%      783,70    -0,24  36,4%     11      -1,43     0,1          65,50     129      41,41% [15,2;64,6]     124/129       65,50     -151,50  desliz.alvo 1,0t fila NAO CALIBRADA
IS 250 ABS R$ 125                -70,7%      -176,80   -97,7%    3.140,90    -0,06  30,9%    136      -1,37     1,1          73,20     129      31,27% [23,7;39,1]      85/129       73,20     -159,50  desliz.alvo 1,0t fila NAO CALIBRADA
IS 250 ABS R$ 100                -75,1%      -187,70   -98,1%    3.276,90    -0,06  29,9%    177      -1,46     1,4          62,30     129      30,28% [23,7;37,1]      78/129       62,30     -165,50  desliz.alvo 1,0t fila NAO CALIBRADA
IS 250 ABS R$ 75               3.850,8%     9.627,10   -96,0%    3.711,70     2,59  33,6%    384      74,63     3,0       9.877,10     129      26,91% [29,1;38,5]       0/129      155,30     -387,50  desliz.alvo 1,0t fila NAO CALIBRADA
IS 250 ABS R$ 50                 -76,7%      -191,80   -95,0%    1.116,20    -0,17  16,1%     56      -1,49     0,4          58,20     129      17,26%  [8,7;27,8]     117/129       58,20      -51,50  desliz.alvo 1,0t fila NAO CALIBRADA


===== IS - capital R$ 750 =====
variante                        retorno   liquido R$  MaxDD %    MaxDD R$ lucro/DD   win% trades     R$/dia trd/dia  capital final pregoes      BE emp    IC95 win     s/trade   caixa min     pior op
------------------------------------------------------------------------------------------------------------------------------------------------------------------------------------------------------
IS 750 BASE (sem escada)       1.393,4%    10.450,70   -93,5%    2.526,50     4,14  50,9%    224      81,01     1,7      11.200,70     129      40,53% [44,4;57,4]       0/129      174,30     -728,50  desliz.alvo 1,0t fila NAO CALIBRADA
IS 750 ABS R$ 400                -86,8%      -650,80   -96,1%    2.444,00    -0,27  43,3%     30      -5,04     0,2          99,20     129      48,64% [27,4;60,8]     112/129       99,20     -401,50  desliz.alvo 1,0t fila NAO CALIBRADA
IS 750 ABS R$ 300                -87,3%      -654,70   -96,5%    2.605,50    -0,25  46,9%     49      -5,08     0,4          95,30     129      50,82% [33,7;60,6]     100/129       95,30     -301,50  desliz.alvo 1,0t fila NAO CALIBRADA
IS 750 ABS R$ 250                948,6%     7.114,30   -76,0%    3.196,90     2,23  41,5%    277      55,15     2,1       7.864,30     129      35,74% [35,9;47,4]       0/129      534,00     -324,50  desliz.alvo 1,0t fila NAO CALIBRADA
IS 750 ABS R$ 200                -89,5%      -671,30   -96,8%    2.355,60    -0,28  41,2%     51      -5,20     0,4          78,70     129      44,92% [28,8;54,8]     105/129       78,70     -201,50  desliz.alvo 1,0t fila NAO CALIBRADA
IS 750 ABS R$ 150                -92,9%      -696,50   -96,4%    1.430,80    -0,49  35,5%     31      -5,40     0,2          53,50     129      43,30% [21,1;53,1]     117/129       53,50     -151,50  desliz.alvo 1,0t fila NAO CALIBRADA
IS 750 ABS R$ 125                858,8%     6.440,70   -93,0%    3.454,10     1,86  33,9%    383      49,93     3,0       7.190,70     129      29,59% [29,4;38,8]       0/129      260,00     -324,50  desliz.alvo 1,0t fila NAO CALIBRADA
IS 750 ABS R$ 100              1.041,9%     7.813,90   -84,1%    3.313,30     2,36  35,6%    357      60,57     2,8       8.563,90     129      29,84% [30,8;40,7]       0/129      625,20     -331,50  desliz.alvo 1,0t fila NAO CALIBRADA
IS 750 ABS R$ 75               1.042,3%     7.817,40   -87,6%    3.466,00     2,26  34,8%    368      60,60     2,9       8.567,40     129      29,11% [30,1;39,8]       0/129      488,90     -332,50  desliz.alvo 1,0t fila NAO CALIBRADA
IS 750 ABS R$ 50               1.311,8%     9.838,40   -47,1%    1.796,80     5,48  38,8%    327      76,27     2,5      10.588,40     129      30,96% [33,7;44,2]       0/129      700,00     -387,50  desliz.alvo 1,0t fila NAO CALIBRADA


===== IS - capital R$ 3.000 =====
variante                        retorno   liquido R$  MaxDD %    MaxDD R$ lucro/DD   win% trades     R$/dia trd/dia  capital final pregoes      BE emp    IC95 win     s/trade   caixa min     pior op
------------------------------------------------------------------------------------------------------------------------------------------------------------------------------------------------------
IS 3.000 BASE (sem escada)       374,1%    11.221,50   -51,0%    2.526,50     4,44  50,9%    224      86,99     1,7      14.221,50     129      40,51% [44,4;57,4]       0/129    2.424,30     -728,50  desliz.alvo 1,0t fila NAO CALIBRADA
IS 3.000 ABS R$ 400              340,1%    10.203,10   -56,3%    2.699,40     3,78  49,6%    230      79,09     1,8      13.203,10     129      40,25% [43,2;56,0]       0/129    2.093,80     -499,00  desliz.alvo 1,0t fila NAO CALIBRADA
IS 3.000 ABS R$ 300              273,8%     8.213,00   -51,7%    3.599,10     2,28  46,4%    250      63,67     1,9      11.213,00     129      39,02% [40,3;52,6]       0/129    2.391,50     -387,50  desliz.alvo 1,0t fila NAO CALIBRADA
IS 3.000 ABS R$ 250              276,0%     8.281,40   -44,5%    3.382,50     2,45  45,9%    255      64,20     2,0      11.281,40     129      38,55% [39,9;52,0]       0/129    2.784,00     -387,50  desliz.alvo 1,0t fila NAO CALIBRADA
IS 3.000 ABS R$ 200              253,0%     7.590,30   -58,9%    2.786,50     2,72  43,2%    278      58,84     2,2      10.590,30     129      36,71% [37,5;49,0]       0/129    1.924,40     -387,50  desliz.alvo 1,0t fila NAO CALIBRADA
IS 3.000 ABS R$ 150              -98,3%    -2.949,80   -98,7%    3.943,10    -0,75  32,9%    146     -22,87     1,1          50,20     129      39,01% [25,8;40,9]      78/129       50,20     -198,50  desliz.alvo 1,0t fila NAO CALIBRADA
IS 3.000 ABS R$ 125              253,0%     7.589,70   -85,8%    2.796,20     2,71  39,7%    310      58,83     2,4      10.589,70     129      33,41% [34,4;45,2]       0/129      462,60     -387,50  desliz.alvo 1,0t fila NAO CALIBRADA
IS 3.000 ABS R$ 100              252,9%     7.587,90   -65,3%    2.129,50     3,56  39,6%    318      58,82     2,5      10.587,90     129      33,38% [34,4;45,1]       0/129    1.129,30     -387,50  desliz.alvo 1,0t fila NAO CALIBRADA
IS 3.000 ABS R$ 75               255,3%     7.659,30   -98,2%    3.998,90     1,92  33,8%    376      59,37     2,9      10.659,30     129      28,30% [29,2;38,7]       0/129       73,80     -387,50  desliz.alvo 1,0t fila NAO CALIBRADA
IS 3.000 ABS R$ 50               252,9%     7.588,30   -63,6%    2.074,10     3,66  38,1%    328      58,82     2,5      10.588,30     129      32,04% [33,0;43,5]       0/129    1.184,70     -387,50  desliz.alvo 1,0t fila NAO CALIBRADA


===== OOS - capital R$ 250 =====
variante                        retorno   liquido R$  MaxDD %    MaxDD R$ lucro/DD   win% trades     R$/dia trd/dia  capital final pregoes      BE emp    IC95 win     s/trade   caixa min     pior op
------------------------------------------------------------------------------------------------------------------------------------------------------------------------------------------------------
OOS 250 BASE (sem escada)        -99,0%      -247,50   -99,4%      426,10    -0,58   0,0%      1      -4,50     0,0           2,50      55     100,00%  [0,0;79,3]       54/55        2,50     -247,50  desliz.alvo 1,0t fila NAO CALIBRADA
OOS 250 ABS R$ 400               -76,0%      -190,00   -86,0%      368,60    -0,52   0,0%      2      -3,45     0,0          60,00      55     100,00%  [0,0;65,8]       54/55       60,00     -126,50  desliz.alvo 1,0t fila NAO CALIBRADA
OOS 250 ABS R$ 300               -76,0%      -190,00   -86,0%      368,60    -0,52   0,0%      2      -3,45     0,0          60,00      55     100,00%  [0,0;65,8]       54/55       60,00     -126,50  desliz.alvo 1,0t fila NAO CALIBRADA
OOS 250 ABS R$ 250               -76,0%      -190,00   -86,0%      368,60    -0,52   0,0%      2      -3,45     0,0          60,00      55     100,00%  [0,0;65,8]       54/55       60,00     -126,50  desliz.alvo 1,0t fila NAO CALIBRADA
OOS 250 ABS R$ 200               -76,0%      -190,00   -86,0%      368,60    -0,52   0,0%      2      -3,45     0,0          60,00      55     100,00%  [0,0;65,8]       54/55       60,00     -126,50  desliz.alvo 1,0t fila NAO CALIBRADA
OOS 250 ABS R$ 150               -76,0%      -190,00   -86,0%      368,60    -0,52   0,0%      2      -3,45     0,0          60,00      55     100,00%  [0,0;65,8]       54/55       60,00     -126,50  desliz.alvo 1,0t fila NAO CALIBRADA
OOS 250 ABS R$ 125               -76,0%      -190,00   -86,0%      368,60    -0,52   0,0%      2      -3,45     0,0          60,00      55     100,00%  [0,0;65,8]       54/55       60,00     -126,50  desliz.alvo 1,0t fila NAO CALIBRADA
OOS 250 ABS R$ 100               -75,5%      -188,80   -90,1%      555,40    -0,34  20,0%     10      -3,43     0,2          61,20      55      26,18%  [5,7;51,0]       52/55       61,20     -101,50  desliz.alvo 1,0t fila NAO CALIBRADA
OOS 250 ABS R$ 75                -61,2%      -153,00   -66,7%      194,20    -0,79   0,0%      2      -2,78     0,0          97,00      55     100,00%  [0,0;65,8]       54/55       97,00      -76,50  desliz.alvo 1,0t fila NAO CALIBRADA
OOS 250 ABS R$ 50                -61,8%      -154,50   -69,0%      212,10    -0,73   0,0%      3      -2,81     0,1          95,50      55     100,00%  [0,0;56,1]       54/55       95,50      -51,50  desliz.alvo 1,0t fila NAO CALIBRADA


===== OOS - capital R$ 750 =====
variante                        retorno   liquido R$  MaxDD %    MaxDD R$ lucro/DD   win% trades     R$/dia trd/dia  capital final pregoes      BE emp    IC95 win     s/trade   caixa min     pior op
------------------------------------------------------------------------------------------------------------------------------------------------------------------------------------------------------
OOS 750 BASE (sem escada)        -98,5%      -738,40   -98,8%      917,00    -0,81  16,7%      6     -13,43     0,1          11,60      55      77,43%  [3,0;56,4]       52/55       11,60     -301,50  desliz.alvo 1,0t fila NAO CALIBRADA
OOS 750 ABS R$ 400               -88,5%      -663,80   -90,7%      842,40    -0,79  16,7%      6     -12,07     0,1          86,20      55      75,64%  [3,0;56,4]       53/55       86,20     -247,50  desliz.alvo 1,0t fila NAO CALIBRADA
OOS 750 ABS R$ 300               -88,5%      -663,80   -90,7%      842,40    -0,79  16,7%      6     -12,07     0,1          86,20      55      75,64%  [3,0;56,4]       53/55       86,20     -247,50  desliz.alvo 1,0t fila NAO CALIBRADA
OOS 750 ABS R$ 250               -88,5%      -663,80   -90,7%      842,40    -0,79  16,7%      6     -12,07     0,1          86,20      55      75,64%  [3,0;56,4]       53/55       86,20     -247,50  desliz.alvo 1,0t fila NAO CALIBRADA
OOS 750 ABS R$ 200               -87,6%      -657,30   -94,0%    1.219,70    -0,54  28,0%     25     -11,95     0,5          92,70      55      34,74% [14,3;47,6]       44/55       77,80     -201,50  desliz.alvo 1,0t fila NAO CALIBRADA
OOS 750 ABS R$ 150               -91,9%      -689,20   -95,5%    1.304,10    -0,53  25,0%     28     -12,53     0,5          60,80      55      31,69% [12,7;43,4]       46/55       60,80     -151,50  desliz.alvo 1,0t fila NAO CALIBRADA
OOS 750 ABS R$ 125               -89,1%      -668,10   -93,3%    1.138,70    -0,59  22,6%     31     -12,15     0,6          81,90      55      28,50% [11,4;39,8]       46/55       81,90     -126,50  desliz.alvo 1,0t fila NAO CALIBRADA
OOS 750 ABS R$ 100               368,9%     2.766,60   -80,6%    1.525,50     1,81  36,7%    166      50,30     3,0       3.516,60      55      31,36% [29,8;44,3]        0/55      249,60     -176,50  desliz.alvo 1,0t fila NAO CALIBRADA
OOS 750 ABS R$ 75                -91,1%      -683,10   -93,4%      940,10    -0,73  17,1%     35     -12,42     0,6          66,90      55      23,70%  [8,1;32,7]       48/55       66,90      -76,50  desliz.alvo 1,0t fila NAO CALIBRADA
OOS 750 ABS R$ 50                -90,9%      -681,70   -94,4%    1.156,70    -0,59  12,9%     31     -12,39     0,6          68,30      55      23,17%  [5,1;28,9]       50/55       68,30      -63,50  desliz.alvo 1,0t fila NAO CALIBRADA


===== OOS - capital R$ 3.000 =====
variante                        retorno   liquido R$  MaxDD %    MaxDD R$ lucro/DD   win% trades     R$/dia trd/dia  capital final pregoes      BE emp    IC95 win     s/trade   caixa min     pior op
------------------------------------------------------------------------------------------------------------------------------------------------------------------------------------------------------
OOS 3.000 BASE (sem escada)      133,6%     4.007,50   -33,6%    1.152,40     3,48  56,7%     97      72,86     1,8       7.007,50      55      44,80% [46,8;66,1]        0/55    2.110,20     -346,50  desliz.alvo 1,0t fila NAO CALIBRADA
OOS 3.000 ABS R$ 400             123,1%     3.693,70   -36,8%    1.207,20     3,06  56,7%     97      67,16     1,8       6.693,70      55      46,84% [46,8;66,1]        0/55    2.007,60     -393,00  desliz.alvo 1,0t fila NAO CALIBRADA
OOS 3.000 ABS R$ 300              89,0%     2.669,00   -44,2%    1.403,40     1,90  52,4%    105      48,53     1,9       5.669,00      55      45,35% [42,9;61,7]        0/55    1.775,20     -301,50  desliz.alvo 1,0t fila NAO CALIBRADA
OOS 3.000 ABS R$ 250              91,8%     2.754,90   -45,5%    1.446,60     1,90  51,4%    111      50,09     2,0       5.754,90      55      44,40% [42,2;60,4]        0/55    1.732,00     -267,50  desliz.alvo 1,0t fila NAO CALIBRADA
OOS 3.000 ABS R$ 200              95,0%     2.849,60   -40,3%    1.431,10     1,99  47,4%    116      51,81     2,1       5.849,60      55      40,57% [38,6;56,4]        0/55    2.116,40     -272,50  desliz.alvo 1,0t fila NAO CALIBRADA
OOS 3.000 ABS R$ 150             104,2%     3.127,20   -23,5%    1.114,40     2,81  49,1%    116      56,86     2,1       6.127,20      55      41,64% [40,2;58,1]        0/55    2.785,80     -317,50  desliz.alvo 1,0t fila NAO CALIBRADA
OOS 3.000 ABS R$ 125             104,2%     3.127,20   -23,5%    1.114,40     2,81  49,1%    116      56,86     2,1       6.127,20      55      41,64% [40,2;58,1]        0/55    2.785,80     -317,50  desliz.alvo 1,0t fila NAO CALIBRADA
OOS 3.000 ABS R$ 100             104,2%     3.127,20   -23,5%    1.114,40     2,81  49,1%    116      56,86     2,1       6.127,20      55      41,64% [40,2;58,1]        0/55    2.785,80     -317,50  desliz.alvo 1,0t fila NAO CALIBRADA
OOS 3.000 ABS R$ 75              104,2%     3.127,20   -23,5%    1.114,40     2,81  49,1%    116      56,86     2,1       6.127,20      55      41,64% [40,2;58,1]        0/55    2.785,80     -317,50  desliz.alvo 1,0t fila NAO CALIBRADA
OOS 3.000 ABS R$ 50              104,2%     3.127,20   -23,5%    1.114,40     2,81  49,1%    116      56,86     2,1       6.127,20      55      41,64% [40,2;58,1]        0/55    2.785,80     -317,50  desliz.alvo 1,0t fila NAO CALIBRADA


===== VEREDITO POR CELULA (IC95% do win% contra o breakeven empirico) =====
janela   capital               teto     n    win%     BE%             IC95     veredito
    IS       250  BASE (sem escada)    25   40,00   40,71      [23,4;59,3]   indefinido
    IS       250         ABS R$ 400     3   33,33   55,67       [6,1;79,2]   indefinido
    IS       250         ABS R$ 300     3   33,33   55,67       [6,1;79,2]   indefinido
    IS       250         ABS R$ 250     3   33,33   55,67       [6,1;79,2]   indefinido
    IS       250         ABS R$ 200     3   33,33   55,67       [6,1;79,2]   indefinido
    IS       250         ABS R$ 150    11   36,36   41,41      [15,2;64,6]   indefinido
    IS       250         ABS R$ 125   136   30,88   31,27      [23,7;39,1]   indefinido
    IS       250         ABS R$ 100   177   29,94   30,28      [23,7;37,1]   indefinido
    IS       250          ABS R$ 75   384   33,59   26,91      [29,1;38,5]     POSITIVO
    IS       250          ABS R$ 50    56   16,07   17,26       [8,7;27,8]   indefinido
    IS       750  BASE (sem escada)   224   50,89   40,53      [44,4;57,4]     POSITIVO
    IS       750         ABS R$ 400    30   43,33   48,64      [27,4;60,8]   indefinido
    IS       750         ABS R$ 300    49   46,94   50,82      [33,7;60,6]   indefinido
    IS       750         ABS R$ 250   277   41,52   35,74      [35,9;47,4]     POSITIVO
    IS       750         ABS R$ 200    51   41,18   44,92      [28,8;54,8]   indefinido
    IS       750         ABS R$ 150    31   35,48   43,30      [21,1;53,1]   indefinido
    IS       750         ABS R$ 125   383   33,94   29,59      [29,4;38,8]   indefinido
    IS       750         ABS R$ 100   357   35,57   29,84      [30,8;40,7]     POSITIVO
    IS       750          ABS R$ 75   368   34,78   29,11      [30,1;39,8]     POSITIVO
    IS       750          ABS R$ 50   327   38,84   30,96      [33,7;44,2]     POSITIVO
    IS     3.000  BASE (sem escada)   224   50,89   40,51      [44,4;57,4]     POSITIVO
    IS     3.000         ABS R$ 400   230   49,57   40,25      [43,2;56,0]     POSITIVO
    IS     3.000         ABS R$ 300   250   46,40   39,02      [40,3;52,6]     POSITIVO
    IS     3.000         ABS R$ 250   255   45,88   38,55      [39,9;52,0]     POSITIVO
    IS     3.000         ABS R$ 200   278   43,17   36,71      [37,5;49,0]     POSITIVO
    IS     3.000         ABS R$ 150   146   32,88   39,01      [25,8;40,9]   indefinido
    IS     3.000         ABS R$ 125   310   39,68   33,41      [34,4;45,2]     POSITIVO
    IS     3.000         ABS R$ 100   318   39,62   33,38      [34,4;45,1]     POSITIVO
    IS     3.000          ABS R$ 75   376   33,78   28,30      [29,2;38,7]     POSITIVO
    IS     3.000          ABS R$ 50   328   38,11   32,04      [33,0;43,5]     POSITIVO
   OOS       250  BASE (sem escada)     1    0,00  100,00       [0,0;79,3]     NEGATIVO
   OOS       250         ABS R$ 400     2    0,00  100,00       [0,0;65,8]     NEGATIVO
   OOS       250         ABS R$ 300     2    0,00  100,00       [0,0;65,8]     NEGATIVO
   OOS       250         ABS R$ 250     2    0,00  100,00       [0,0;65,8]     NEGATIVO
   OOS       250         ABS R$ 200     2    0,00  100,00       [0,0;65,8]     NEGATIVO
   OOS       250         ABS R$ 150     2    0,00  100,00       [0,0;65,8]     NEGATIVO
   OOS       250         ABS R$ 125     2    0,00  100,00       [0,0;65,8]     NEGATIVO
   OOS       250         ABS R$ 100    10   20,00   26,18       [5,7;51,0]   indefinido
   OOS       250          ABS R$ 75     2    0,00  100,00       [0,0;65,8]     NEGATIVO
   OOS       250          ABS R$ 50     3    0,00  100,00       [0,0;56,1]     NEGATIVO
   OOS       750  BASE (sem escada)     6   16,67   77,43       [3,0;56,4]     NEGATIVO
   OOS       750         ABS R$ 400     6   16,67   75,64       [3,0;56,4]     NEGATIVO
   OOS       750         ABS R$ 300     6   16,67   75,64       [3,0;56,4]     NEGATIVO
   OOS       750         ABS R$ 250     6   16,67   75,64       [3,0;56,4]     NEGATIVO
   OOS       750         ABS R$ 200    25   28,00   34,74      [14,3;47,6]   indefinido
   OOS       750         ABS R$ 150    28   25,00   31,69      [12,7;43,4]   indefinido
   OOS       750         ABS R$ 125    31   22,58   28,50      [11,4;39,8]   indefinido
   OOS       750         ABS R$ 100   166   36,75   31,36      [29,8;44,3]   indefinido
   OOS       750          ABS R$ 75    35   17,14   23,70       [8,1;32,7]   indefinido
   OOS       750          ABS R$ 50    31   12,90   23,17       [5,1;28,9]   indefinido
   OOS     3.000  BASE (sem escada)    97   56,70   44,80      [46,8;66,1]     POSITIVO
   OOS     3.000         ABS R$ 400    97   56,70   46,84      [46,8;66,1]   indefinido
   OOS     3.000         ABS R$ 300   105   52,38   45,35      [42,9;61,7]   indefinido
   OOS     3.000         ABS R$ 250   111   51,35   44,40      [42,2;60,4]   indefinido
   OOS     3.000         ABS R$ 200   116   47,41   40,57      [38,6;56,4]   indefinido
   OOS     3.000         ABS R$ 150   116   49,14   41,64      [40,2;58,1]   indefinido
   OOS     3.000         ABS R$ 125   116   49,14   41,64      [40,2;58,1]   indefinido
   OOS     3.000         ABS R$ 100   116   49,14   41,64      [40,2;58,1]   indefinido
   OOS     3.000          ABS R$ 75   116   49,14   41,64      [40,2;58,1]   indefinido
   OOS     3.000          ABS R$ 50   116   49,14   41,64      [40,2;58,1]   indefinido
