freios de CAUDA ESQUERDA, um eixo por vez -- capital R$ 3.000, geometria de PRODUCAO (alvo 9,5 / stop 12,0)
17 variantes x 3 janelas = 51 celulas

[ 1/51] IS   a7,6 faixa 5             liq   -2.993,70  bl20+    3%  indefinido
[ 2/51] IS   a7,6 (base da rodada)    liq    9.185,60  bl20+   89%  POSITIVO
[ 3/51] IS   a7,6 aquecimento 90      liq    4.138,10  bl20+   69%  indefinido
[ 4/51] IS   a7,6 faixa 30            liq    1.137,10  bl20+   48%  indefinido
[ 5/51] IS   a7,6 faixa 20            liq    1.967,80  bl20+   54%  indefinido
[ 6/51] IS   a7,6 aquecimento 30      liq    5.257,60  bl20+   65%  indefinido
[ 7/51] IS   a7,6 vol_min 12          liq   10.340,20  bl20+   87%  POSITIVO
[ 8/51] IS   a7,6 aquecimento 60      liq    3.807,80  bl20+   79%  indefinido
[ 9/51] IS   a7,6 vol_min 16          liq    9.463,90  bl20+   86%  POSITIVO
[10/51] OOS  a7,6 faixa 5             liq    3.247,60  bl20+   95%  indefinido
[11/51] IS   a7,6 defesa 0,2/0,3      liq   10.487,30  bl20+   95%  POSITIVO
[12/51] IS   a7,6 vol_min 4           liq    9.045,20  bl20+   89%  POSITIVO
[13/51] OOS  a7,6 (base da rodada)    liq    2.752,10  bl20+  100%  indefinido
[14/51] IS   a7,6 ttl entrada 30      liq   11.225,60  bl20+   91%  POSITIVO
[15/51] IS   PRODUCAO (alvo 9,5)      liq    7.351,00  bl20+   76%  POSITIVO
[16/51] IS   a7,6 ttl entrada 5       liq    9.789,50  bl20+   95%  POSITIVO
[17/51] OOS  PRODUCAO (alvo 9,5)      liq    4.255,30  bl20+  100%  POSITIVO
[18/51] OOS  a7,6 faixa 20            liq    2.168,00  bl20+   72%  indefinido
[19/51] IS   a7,6 defesa 0,6/0,2      liq    9.782,80  bl20+   85%  POSITIVO
[20/51] OOS  a7,6 vol_min 4           liq    2.733,40  bl20+  100%  indefinido
[21/51] OOS  a7,6 vol_min 16          liq    2.304,60  bl20+  100%  indefinido
[22/51] IS   a7,6 defesa OFF          liq    9.754,30  bl20+   91%  POSITIVO
[23/51] OOS  a7,6 defesa OFF          liq    2.825,60  bl20+  100%  indefinido
[24/51] OOS  a7,6 aquecimento 30      liq    4.062,20  bl20+  100%  POSITIVO
[25/51] OOS  a7,6 defesa 0,2/0,3      liq    3.275,10  bl20+  100%  indefinido
[26/51] OOS  a7,6 defesa 0,4/0,1      liq    2.808,30  bl20+  100%  indefinido
[27/51] OOS  a7,6 defesa 0,6/0,2      liq    3.202,50  bl20+  100%  indefinido
[28/51] OOS  a7,6 faixa 30            liq    1.248,40  bl20+   35%  indefinido
[29/51] OOS  a7,6 aquecimento 90      liq    2.421,60  bl20+   56%  indefinido
[30/51] IS   a7,6 defesa 0,4/0,1      liq    8.493,90  bl20+   85%  POSITIVO
[31/51] OOS  a7,6 vol_min 12          liq    1.678,10  bl20+  100%  indefinido
[32/51] OOS  a7,6 ttl entrada 30      liq    2.779,40  bl20+  100%  indefinido
[33/51] OOS  a7,6 aquecimento 60      liq    3.678,90  bl20+   88%  indefinido
[34/51] OOS  a7,6 ttl entrada 5       liq    3.206,00  bl20+  100%  indefinido
[35/51] TUDO PRODUCAO (alvo 9,5)      liq   13.533,30  bl20+   84%  POSITIVO
[36/51] TUDO a7,6 (base da rodada)    liq   14.271,90  bl20+   93%  POSITIVO
[37/51] TUDO a7,6 vol_min 12          liq   14.422,70  bl20+   89%  POSITIVO
[38/51] TUDO a7,6 aquecimento 90      liq    6.273,40  bl20+   63%  indefinido
[39/51] TUDO a7,6 faixa 30            liq    2.305,70  bl20+   43%  indefinido
[40/51] TUDO a7,6 aquecimento 60      liq    7.767,90  bl20+   84%  POSITIVO
[41/51] TUDO a7,6 aquecimento 30      liq    9.615,20  bl20+   72%  POSITIVO
[42/51] TUDO a7,6 faixa 20            liq    4.311,90  bl20+   52%  indefinido
[43/51] TUDO a7,6 faixa 5             liq   -2.993,70  bl20+    2%  indefinido
[44/51] TUDO a7,6 vol_min 16          liq   14.330,00  bl20+   91%  POSITIVO
[45/51] TUDO a7,6 ttl entrada 5       liq   18.322,40  bl20+   97%  POSITIVO
[46/51] TUDO a7,6 defesa 0,2/0,3      liq   16.454,80  bl20+   97%  POSITIVO
[47/51] TUDO a7,6 vol_min 4           liq   14.268,10  bl20+   92%  POSITIVO
[48/51] TUDO a7,6 ttl entrada 30      liq   14.376,90  bl20+   91%  POSITIVO
[49/51] TUDO a7,6 defesa 0,4/0,1      liq   14.253,10  bl20+   90%  POSITIVO
[50/51] TUDO a7,6 defesa OFF          liq   16.351,10  bl20+   94%  POSITIVO
[51/51] TUDO a7,6 defesa 0,6/0,2      liq   17.748,80  bl20+   91%  POSITIVO


===== TUDO =====
variante                     liquido   ops  preg+  bl20+   pior dia     MaxDD  R$/stop  stop%   win%    BE%    veredito
-----------------------------------------------------------------------------------------------------------------------
PRODUCAO (alvo 9,5)        13.533,30   488    59%    84%  -1.986,50     5.042     -438    14%  54,7%  48,4%    POSITIVO
a7,6 (base da rodada)      14.271,90   578    59%    93%  -1.469,50     2.702     -450    11%  60,4%  54,0%    POSITIVO
a7,6 faixa 5               -2.993,70   171    47%     2%    -974,70     4.266     -305    19%  47,4%  52,6%  indefinido  s/trade 132/191
a7,6 faixa 20               4.311,90   511    54%    52%    -840,70     3.712     -346    13%  52,4%  49,9%  indefinido
a7,6 faixa 30               2.305,70   492    52%    43%    -839,00     4.205     -359    14%  49,8%  48,5%  indefinido
a7,6 vol_min 4             14.268,10   578    59%    92%  -1.469,50     2.702     -445    11%  60,4%  54,0%    POSITIVO
a7,6 vol_min 12            14.422,70   557    59%    89%  -1.469,50     2.702     -449    12%  59,4%  53,0%    POSITIVO
a7,6 vol_min 16            14.330,00   526    59%    91%  -1.403,50     2.801     -445    12%  59,3%  52,4%    POSITIVO
a7,6 aquecimento 30         9.615,20   562    57%    72%    -888,60     4.240     -378    12%  56,9%  52,1%    POSITIVO
a7,6 aquecimento 60         7.767,90   488    52%    84%  -1.142,70     3.019     -371    12%  55,3%  50,9%    POSITIVO
a7,6 aquecimento 90         6.273,40   420    54%    63%  -1.226,50     3.079     -396     9%  54,0%  49,8%  indefinido
a7,6 ttl entrada 5         18.322,40   568    60%    97%    -947,40     2.735     -471    10%  61,1%  53,0%    POSITIVO
a7,6 ttl entrada 30        14.376,90   594    58%    91%  -1.469,50     2.578     -464    11%  59,8%  53,8%    POSITIVO
a7,6 defesa OFF            16.351,10   596    61%    94%  -2.166,00     4.631     -487    11%  62,4%  55,7%    POSITIVO
a7,6 defesa 0,4/0,1        14.253,10   572    58%    90%  -1.469,50     2.702     -440    12%  60,7%  54,2%    POSITIVO
a7,6 defesa 0,2/0,3        16.454,80   629    64%    97%  -2.166,00     4.010     -515    10%  61,5%  55,3%    POSITIVO
a7,6 defesa 0,6/0,2        17.748,80   611    61%    91%  -2.166,00     4.967     -501    10%  62,7%  55,7%    POSITIVO


===== IS =====
variante                     liquido   ops  preg+  bl20+   pior dia     MaxDD  R$/stop  stop%   win%    BE%    veredito
-----------------------------------------------------------------------------------------------------------------------
PRODUCAO (alvo 9,5)         7.351,00   310    59%    76%    -713,00     2.893     -337    15%  51,3%  45,0%    POSITIVO
a7,6 (base da rodada)       9.185,60   362    58%    89%    -909,10     2.297     -369    12%  57,2%  50,1%    POSITIVO
a7,6 faixa 5               -2.993,70   171    47%     3%    -974,70     4.266     -305    19%  47,4%  52,6%  indefinido  s/trade 70/129
a7,6 faixa 20               1.967,80   352    55%    54%    -840,70     3.311     -364    14%  51,4%  49,8%  indefinido
a7,6 faixa 30               1.137,10   344    54%    48%    -839,00     4.205     -377    15%  49,1%  48,2%  indefinido
a7,6 vol_min 4              9.045,20   362    58%    89%    -909,10     2.297     -369    12%  57,2%  50,2%    POSITIVO
a7,6 vol_min 12            10.340,20   357    58%    87%    -909,10     2.232     -365    12%  57,1%  49,1%    POSITIVO
a7,6 vol_min 16             9.463,90   343    60%    86%    -909,10     2.232     -370    12%  56,9%  49,2%    POSITIVO
a7,6 aquecimento 30         5.257,60   359    55%    65%    -888,60     4.240     -368    13%  55,7%  51,7%  indefinido
a7,6 aquecimento 60         3.807,80   319    51%    79%  -1.142,70     3.019     -354    13%  52,7%  49,5%  indefinido
a7,6 aquecimento 90         4.138,10   286    55%    69%    -731,70     2.977     -396     9%  53,5%  49,4%  indefinido
a7,6 ttl entrada 5          9.789,50   344    58%    95%    -785,60     2.681     -373    11%  57,0%  49,1%    POSITIVO
a7,6 ttl entrada 30        11.225,60   363    57%    91%    -909,10     2.578     -354    11%  56,2%  47,5%    POSITIVO
a7,6 defesa OFF             9.754,30   338    60%    91%    -909,10     2.326     -358    13%  55,9%  48,0%    POSITIVO
a7,6 defesa 0,4/0,1         8.493,90   347    58%    85%    -909,10     2.235     -358    13%  56,2%  49,4%    POSITIVO
a7,6 defesa 0,2/0,3        10.487,30   390    61%    95%    -979,60     2.200     -373    11%  57,4%  49,7%    POSITIVO
a7,6 defesa 0,6/0,2         9.782,80   347    59%    85%    -909,10     2.968     -364    12%  56,2%  48,5%    POSITIVO


===== OOS =====
variante                     liquido   ops  preg+  bl20+   pior dia     MaxDD  R$/stop  stop%   win%    BE%    veredito
-----------------------------------------------------------------------------------------------------------------------
PRODUCAO (alvo 9,5)         4.255,30   151    60%   100%    -722,00     1.855     -307    13%  58,9%  50,5%    POSITIVO
a7,6 (base da rodada)       2.752,10   169    56%   100%    -696,50     1.596     -314    13%  54,4%  49,0%  indefinido
a7,6 faixa 5                3.247,60   174    58%    95%    -597,00     1.354     -285    13%  57,5%  51,0%  indefinido
a7,6 faixa 20               2.168,00   158    53%    72%    -537,50     2.256     -295    11%  54,4%  50,0%  indefinido
a7,6 faixa 30               1.248,40   148    48%    35%    -499,60     2.347     -307    12%  51,4%  48,7%  indefinido
a7,6 vol_min 4              2.733,40   171    55%   100%    -696,50     1.596     -314    13%  53,8%  48,4%  indefinido
a7,6 vol_min 12             1.678,10   159    55%   100%    -696,50     1.596     -316    14%  53,5%  50,1%  indefinido
a7,6 vol_min 16             2.304,60   152    53%   100%    -691,50     1.590     -315    14%  55,3%  50,6%  indefinido
a7,6 aquecimento 30         4.062,20   181    56%   100%    -693,50     1.282     -319    12%  53,0%  45,5%    POSITIVO
a7,6 aquecimento 60         3.678,90   158    56%    88%    -489,50     1.884     -359     9%  56,3%  48,7%  indefinido
a7,6 aquecimento 90         2.421,60   124    52%    56%    -827,00     1.880     -294     9%  50,8%  44,6%  indefinido
a7,6 ttl entrada 5          3.206,00   166    56%   100%    -436,40     1.112     -315    12%  54,8%  48,5%  indefinido
a7,6 ttl entrada 30         2.779,40   168    55%   100%    -696,50     1.596     -306    14%  55,4%  49,9%  indefinido
a7,6 defesa OFF             2.825,60   166    61%   100%    -696,50     1.755     -310    14%  54,8%  49,2%  indefinido
a7,6 defesa 0,4/0,1         2.808,30   166    61%   100%    -696,50     1.755     -314    13%  54,8%  49,2%  indefinido
a7,6 defesa 0,2/0,3         3.275,10   184    58%   100%    -722,00     1.622     -338    12%  57,6%  51,6%  indefinido
a7,6 defesa 0,6/0,2         3.202,50   167    61%   100%    -722,00     1.780     -315    13%  55,7%  49,4%  indefinido
