======================================================================================================================
WIN@ retangulo -- MATRIZ alvo x stop e ALVOS DINAMICOS, sobre as MESMAS trajetorias
======================================================================================================================
191 pregoes | custo 7,5 pontos/op ja descontado | empate alvo-stop na mesma barra = STOP
PREVISAO A FALSIFICAR: se o retangulo e' jogo justo, a matriz inteira e' plana no
zero e nao existe percentual ideal. Uma regiao onde o acerto DESCOLA do breakeven
refuta isso -- e seria o achado.

  ... 200/764
  ... 400/764
  ... 600/764

5827 eventos gravados
janela       IS  OOS
modo   W            
borda  30  1423  616
       60   728  295
centro 30  1317  581
       60   613  254

======================================================================================================================
MATRIZ  modo=centro  W=30   (1898 eventos)
  celula = pontos liquidos por operacao (IS / OOS). Negrito mental: positivo nas DUAS.
======================================================================================================================
  stop\alvo               0,05            0,10            0,15            0,20            0,25            0,30            0,35            0,40            0,45            0,50            0,60            0,70            0,80            0,90            1,00
  ------------------------------------------------------------------------------------------------------------------------------------------------------------------------------------------------------------------------------------------------------------
  0,10            -18,0/-15,0      -12,0/-9,8       -7,2/-6,5       -4,0/-4,4       -3,2/-3,9       -1,8/-4,0       -0,7/-4,2        1,0/-5,0        1,7/-5,8        1,2/-4,6        1,2/-5,0        0,8/-5,3        0,7/-2,6       -1,2/-4,0       -3,5/-5,1 
  0,15            -21,4/-17,1     -15,4/-11,7      -10,5/-8,3       -7,7/-5,7       -6,8/-4,7       -4,9/-4,7       -3,6/-5,2       -1,5/-6,4       -1,1/-7,0       -2,3/-5,4       -2,4/-5,7       -2,6/-6,3       -3,0/-3,7       -5,8/-4,4       -7,9/-4,9 
  0,20            -21,5/-18,0     -14,9/-12,5      -11,0/-9,1       -9,2/-5,8       -8,7/-4,2       -7,3/-3,8       -6,5/-3,8       -3,7/-4,1       -2,3/-4,6       -3,1/-3,9       -4,0/-3,6       -3,2/-4,3       -2,2/-2,9       -4,7/-3,1       -6,0/-4,2 
  0,25            -20,1/-19,0     -14,0/-14,1     -10,5/-11,0       -9,0/-7,5       -9,0/-6,1       -8,0/-5,6       -7,9/-5,3       -4,4/-5,6       -2,4/-3,9       -3,0/-3,4       -2,7/-2,4       -1,2/-2,4        0,0/-1,4       -2,3/-1,2       -2,8/-1,6 
  0,35            -17,4/-17,4     -13,1/-13,0      -10,7/-9,8       -9,6/-7,7       -8,9/-6,2       -8,2/-4,2       -8,2/-3,7       -4,4/-3,1       -2,5/-3,8       -4,5/-3,5       -5,2/-4,1       -3,3/-2,9       -1,3/-1,3        -3,1/1,0       -3,8/-4,2 
  0,50            -16,1/-15,5     -11,7/-10,9       -9,2/-6,4       -5,0/-5,5       -4,1/-4,4       -3,0/-2,9       -0,4/-0,4        3,3/-0,9         5,9/1,0*        6,5/3,0*        9,4/2,8*       15,0/5,6*      17,9/11,3*      17,1/15,5*      16,3/15,0*
  0,75            -16,2/-17,7     -13,7/-14,1      -11,2/-8,8       -9,2/-7,3       -9,2/-7,6       -8,6/-7,3       -6,1/-5,2       -2,0/-7,6        0,0/-7,7       -1,5/-5,4        0,5/-8,0        6,2/-7,7       10,9/-0,1        11,6/6,7*      14,4/10,1*

  celulas positivas nas DUAS janelas: 9 de 105  -> [(0.45, 0.5), (0.5, 0.5), (0.6, 0.5), (0.7, 0.5), (0.8, 0.5), (0.9, 0.5), (1.0, 0.5), (0.9, 0.75), (1.0, 0.75)]

  O ACERTO DESCOLA DO BREAKEVEN? (gap = win% - breakeven empirico, IS)
  stop\alvo         0,05      0,10      0,15      0,20      0,25      0,30      0,35      0,40      0,45      0,50      0,60      0,70      0,80      0,90      1,00
  ------------------------------------------------------------------------------------------------------------------------------------------------------------------
  0,10           -36,2pp   -17,4pp    -8,3pp    -3,8pp    -2,7pp    -1,3pp    -0,4pp     0,5pp     0,9pp     0,6pp     0,5pp     0,3pp     0,2pp    -0,4pp    -1,0pp
  0,15           -33,6pp   -18,0pp   -10,1pp    -6,3pp    -5,0pp    -3,2pp    -2,1pp    -0,8pp    -0,5pp    -1,0pp    -0,9pp    -0,9pp    -1,0pp    -1,7pp    -2,2pp
  0,20           -28,3pp   -14,6pp    -9,1pp    -6,7pp    -5,6pp    -4,2pp    -3,4pp    -1,8pp    -1,0pp    -1,3pp    -1,4pp    -1,0pp    -0,6pp    -1,3pp    -1,5pp
  0,25           -23,3pp   -11,9pp    -7,7pp    -5,8pp    -5,2pp    -4,2pp    -3,8pp    -2,0pp    -1,0pp    -1,1pp    -0,9pp    -0,4pp     0,0pp    -0,6pp    -0,7pp
  0,35           -16,9pp    -8,6pp    -6,3pp    -5,1pp    -4,3pp    -3,7pp    -3,4pp    -1,7pp    -0,9pp    -1,5pp    -1,6pp    -0,9pp    -0,3pp    -0,7pp    -0,9pp
  0,50           -12,8pp    -5,7pp    -4,1pp    -2,1pp    -1,6pp    -1,1pp    -0,1pp     1,1pp     1,8pp     1,9pp     2,5pp     3,7pp     4,1pp     3,7pp     3,3pp
  0,75           -10,4pp    -4,6pp    -3,6pp    -2,8pp    -2,6pp    -2,3pp    -1,6pp    -0,5pp     0,0pp    -0,4pp     0,1pp     1,3pp     2,1pp     2,2pp     2,6pp

======================================================================================================================
MATRIZ  modo=centro  W=60   (867 eventos)
  celula = pontos liquidos por operacao (IS / OOS). Negrito mental: positivo nas DUAS.
======================================================================================================================
  stop\alvo               0,05            0,10            0,15            0,20            0,25            0,30            0,35            0,40            0,45            0,50            0,60            0,70            0,80            0,90            1,00
  ------------------------------------------------------------------------------------------------------------------------------------------------------------------------------------------------------------------------------------------------------------
  0,10            -14,0/-13,5       -7,1/-7,9       -4,2/-5,0       -2,7/-3,7         0,4/0,3*        1,7/2,9*        3,5/3,6*        0,3/3,9*        0,1/3,0*        0,2/3,4*       -1,7/0,6        -1,9/3,4        -3,1/6,7        -1,7/7,0         0,7/1,8*
  0,15            -16,4/-13,0      -10,4/-6,3       -7,2/-4,6       -4,4/-3,7        -2,7/1,4        -1,7/4,9        -0,1/7,1        -2,8/9,0        -4,3/7,1        -3,6/6,9        -6,1/6,3        -4,8/9,1       -5,6/10,0       -4,2/13,2        -0,9/8,8 
  0,20            -17,1/-11,8      -11,2/-5,2       -8,9/-4,4       -4,2/-5,1       -1,6/-0,7        -1,1/3,5         1,3/5,9*       -3,9/7,5        -5,1/4,1        -4,5/3,1        -5,7/2,0        -2,3/3,6        -2,9/4,8        -6,3/8,4        -5,6/4,6 
  0,25            -17,7/-12,4      -12,5/-6,5       -9,8/-7,6       -4,1/-8,2       -2,7/-3,3       -1,5/-0,1         1,5/2,4*       -4,1/4,2       -5,3/-0,6       -5,0/-2,2       -5,3/-3,5       -3,7/-1,7       -3,9/-0,5        -6,5/3,4       -8,9/-0,3 
  0,35            -17,1/-12,9      -14,7/-6,5      -14,8/-9,1       -9,0/-9,7       -8,4/-5,8       -6,1/-3,9       -3,2/-2,3        -6,6/0,9       -6,9/-2,9       -8,5/-4,6      -10,1/-5,2       -6,0/-2,5      -11,5/-0,3       -13,8/6,2       -16,1/2,1 
  0,50             -18,7/-9,4      -19,0/-2,3      -20,7/-7,7     -15,4/-11,4      -15,3/-4,4      -11,6/-2,5        -9,3/1,3       -14,9/2,2       -14,7/2,9       -18,4/2,8       -19,6/7,8      -14,6/13,1      -21,0/20,8      -22,4/25,3      -28,8/22,1 
  0,75            -19,2/-13,0      -16,9/-9,0     -14,7/-18,0     -13,3/-18,9     -11,8/-12,1     -12,1/-10,4      -11,1/-7,6     -16,4/-10,3      -13,8/-9,3     -16,8/-12,1      -19,0/-8,1      -14,4/-2,8       -22,3/5,1       -24,7/9,4       -31,4/8,2 

  celulas positivas nas DUAS janelas: 9 de 105  -> [(0.25, 0.1), (0.3, 0.1), (0.35, 0.1), (0.4, 0.1), (0.45, 0.1), (0.5, 0.1), (1.0, 0.1), (0.35, 0.2), (0.35, 0.25)]

  O ACERTO DESCOLA DO BREAKEVEN? (gap = win% - breakeven empirico, IS)
  stop\alvo         0,05      0,10      0,15      0,20      0,25      0,30      0,35      0,40      0,45      0,50      0,60      0,70      0,80      0,90      1,00
  ------------------------------------------------------------------------------------------------------------------------------------------------------------------
  0,10           -23,2pp    -8,5pp    -4,0pp    -2,1pp     0,3pp     1,0pp     1,8pp     0,1pp     0,0pp     0,1pp    -0,6pp    -0,6pp    -0,9pp    -0,5pp     0,2pp
  0,15           -20,8pp   -10,0pp    -5,7pp    -3,0pp    -1,6pp    -0,9pp    -0,1pp    -1,2pp    -1,7pp    -1,3pp    -2,0pp    -1,4pp    -1,6pp    -1,1pp    -0,2pp
  0,20           -18,0pp    -9,1pp    -6,1pp    -2,5pp    -0,9pp    -0,5pp     0,6pp    -1,6pp    -1,9pp    -1,6pp    -1,8pp    -0,7pp    -0,8pp    -1,6pp    -1,4pp
  0,25           -15,9pp    -8,8pp    -5,9pp    -2,2pp    -1,3pp    -0,6pp     0,6pp    -1,5pp    -1,8pp    -1,6pp    -1,6pp    -1,0pp    -1,0pp    -1,6pp    -2,2pp
  0,35           -12,1pp    -8,0pp    -7,1pp    -4,0pp    -3,4pp    -2,2pp    -1,1pp    -2,1pp    -2,1pp    -2,4pp    -2,6pp    -1,5pp    -2,6pp    -3,1pp    -3,5pp
  0,50            -9,9pp    -7,5pp    -7,4pp    -5,3pp    -4,9pp    -3,5pp    -2,7pp    -4,0pp    -3,8pp    -4,5pp    -4,5pp    -3,1pp    -4,3pp    -4,5pp    -5,7pp
  0,75            -7,8pp    -5,0pp    -4,0pp    -3,5pp    -2,9pp    -2,8pp    -2,6pp    -3,6pp    -3,0pp    -3,5pp    -3,7pp    -2,6pp    -4,0pp    -4,3pp    -5,4pp

======================================================================================================================
MATRIZ  modo=borda  W=30   (2039 eventos)
  celula = pontos liquidos por operacao (IS / OOS). Negrito mental: positivo nas DUAS.
======================================================================================================================
  stop\alvo               0,05            0,10            0,15            0,20            0,25            0,30            0,35            0,40            0,45            0,50            0,60            0,70            0,80            0,90            1,00
  ------------------------------------------------------------------------------------------------------------------------------------------------------------------------------------------------------------------------------------------------------------
  0,10            -20,8/-14,6      -15,1/-9,5       -9,9/-5,8       -6,6/-2,3       -4,7/-1,2        -4,3/0,6       -4,3/-1,3       -4,4/-2,4       -4,2/-1,5       -4,6/-2,9       -6,5/-0,7       -6,6/-0,6       -7,3/-1,5       -6,7/-2,6       -9,2/-3,3 
  0,15            -25,4/-17,6     -18,7/-12,5      -14,0/-8,8      -10,3/-5,6       -9,0/-4,9       -9,8/-2,5       -9,9/-4,1       -9,9/-5,8      -10,8/-4,9      -11,4/-4,8      -13,1/-3,2      -14,4/-3,0      -14,8/-3,5      -15,4/-6,2      -18,7/-6,2 
  0,20            -26,7/-18,6     -20,2/-13,4      -16,4/-9,6      -12,4/-6,4      -11,1/-5,7      -11,8/-3,8      -11,5/-6,2      -12,2/-8,6      -13,1/-7,3      -13,7/-6,0      -15,1/-3,6      -16,5/-4,5      -15,7/-4,3      -16,8/-9,1      -22,6/-8,5 
  0,25            -26,7/-20,0     -20,4/-15,2     -17,0/-11,1      -12,8/-8,1      -11,4/-8,1      -12,3/-7,0      -12,4/-9,3     -13,3/-12,1     -14,8/-11,8     -14,9/-10,0      -17,7/-7,2      -20,6/-8,7      -19,4/-9,0     -23,2/-15,6     -28,8/-15,1 
  0,35            -23,8/-19,2     -18,0/-13,7     -15,1/-10,7      -11,4/-8,7      -10,2/-8,9      -10,4/-8,3     -10,1/-11,3     -10,2/-14,8     -11,1/-16,2     -11,9/-15,2     -12,3/-12,5     -14,4/-13,9     -15,8/-15,2     -19,6/-24,7     -26,7/-25,6 
  0,50            -22,6/-19,1     -17,3/-13,7     -14,6/-11,2      -11,0/-8,3       -9,5/-9,4       -9,8/-7,1      -8,5/-10,2      -9,3/-14,3      -8,9/-17,5      -9,5/-16,2      -4,6/-12,0      -7,7/-13,3      -9,1/-12,8     -14,5/-25,2     -24,3/-30,0 
  0,75            -24,6/-17,8     -20,7/-14,3     -19,1/-10,4      -16,5/-6,4      -15,6/-7,5      -17,9/-5,9      -18,0/-8,6     -22,9/-16,0     -23,6/-19,9     -26,9/-17,0     -23,0/-12,3      -28,4/-4,3      -30,6/-1,4     -37,4/-16,2     -47,8/-15,3 

  celulas positivas nas DUAS janelas: 0 de 105

  O ACERTO DESCOLA DO BREAKEVEN? (gap = win% - breakeven empirico, IS)
  stop\alvo         0,05      0,10      0,15      0,20      0,25      0,30      0,35      0,40      0,45      0,50      0,60      0,70      0,80      0,90      1,00
  ------------------------------------------------------------------------------------------------------------------------------------------------------------------
  0,10           -41,3pp   -21,9pp   -11,6pp    -6,4pp    -4,0pp    -3,2pp    -2,9pp    -2,7pp    -2,3pp    -2,4pp    -2,9pp    -2,6pp    -2,6pp    -2,2pp    -2,7pp
  0,15           -38,8pp   -21,6pp   -13,6pp    -8,6pp    -6,5pp    -6,4pp    -5,9pp    -5,4pp    -5,5pp    -5,4pp    -5,4pp    -5,4pp    -5,0pp    -4,8pp    -5,5pp
  0,20           -33,7pp   -19,5pp   -13,5pp    -9,0pp    -7,2pp    -6,9pp    -6,2pp    -6,1pp    -6,1pp    -5,9pp    -5,8pp    -5,7pp    -4,9pp    -4,9pp    -6,2pp
  0,25           -29,1pp   -16,9pp   -12,3pp    -8,2pp    -6,6pp    -6,5pp    -6,1pp    -6,0pp    -6,3pp    -5,9pp    -6,3pp    -6,7pp    -5,7pp    -6,4pp    -7,5pp
  0,35           -21,3pp   -11,6pp    -8,8pp    -6,0pp    -4,9pp    -4,6pp    -4,2pp    -4,0pp    -4,0pp    -4,1pp    -3,8pp    -4,1pp    -4,2pp    -4,9pp    -6,3pp
  0,50           -16,5pp    -8,6pp    -6,6pp    -4,6pp    -3,7pp    -3,6pp    -2,9pp    -3,0pp    -2,7pp    -2,8pp    -1,2pp    -1,9pp    -2,1pp    -3,1pp    -5,0pp
  0,75           -13,8pp    -7,2pp    -6,2pp    -5,1pp    -4,6pp    -5,0pp    -4,8pp    -5,8pp    -5,7pp    -6,3pp    -5,0pp    -5,8pp    -5,9pp    -6,9pp    -8,4pp

======================================================================================================================
MATRIZ  modo=borda  W=60   (1023 eventos)
  celula = pontos liquidos por operacao (IS / OOS). Negrito mental: positivo nas DUAS.
======================================================================================================================
  stop\alvo               0,05            0,10            0,15            0,20            0,25            0,30            0,35            0,40            0,45            0,50            0,60            0,70            0,80            0,90            1,00
  ------------------------------------------------------------------------------------------------------------------------------------------------------------------------------------------------------------------------------------------------------------
  0,10            -15,2/-12,4       -8,4/-5,9       -3,7/-3,8       -3,0/-1,2       -5,0/-3,6       -5,2/-1,6       -6,0/-1,5       -4,0/-2,1       -4,8/-5,1       -4,9/-6,4       -5,6/-9,1      -10,4/-8,2      -10,4/-6,9       -8,1/-8,4      -6,4/-10,3 
  0,15            -15,7/-13,1       -9,3/-7,6       -4,8/-5,1       -3,8/-3,3       -5,3/-6,8       -5,8/-4,2       -6,7/-5,1       -3,8/-8,0      -5,4/-11,5      -5,0/-13,6      -6,6/-16,1     -13,8/-16,0     -15,8/-15,0     -13,1/-18,4     -10,5/-21,5 
  0,20            -17,1/-14,7       -9,5/-8,3       -4,5/-6,5       -4,1/-3,5       -5,3/-7,8       -4,9/-4,6       -5,7/-5,4       -2,5/-8,2      -3,2/-10,8      -3,4/-14,2      -6,5/-15,3     -15,1/-12,5     -16,5/-10,0     -12,5/-13,9      -9,1/-15,9 
  0,25            -18,6/-15,2      -11,3/-9,3       -6,4/-7,7       -3,0/-6,6       -5,9/-9,9       -5,1/-7,6       -3,9/-9,8      -0,2/-11,0      -0,6/-15,8      -2,0/-19,2      -5,8/-20,1     -15,9/-15,7     -16,5/-12,4     -11,2/-18,0      -8,9/-22,3 
  0,35            -15,8/-15,8      -8,9/-11,1       -4,9/-9,8       -2,3/-9,4      -4,6/-12,0       -1,9/-7,9        2,5/-9,5        6,1/-8,6       4,8/-13,4       8,1/-15,6       4,7/-13,0       -6,6/-8,4      -3,4/-10,0       1,1/-15,0       5,0/-13,7 
  0,50            -15,2/-18,1      -9,5/-13,0      -8,3/-11,0      -6,6/-12,9     -11,0/-16,1      -7,5/-12,4      -1,4/-11,5       1,4/-12,5      -2,4/-14,6       0,1/-17,1      -1,2/-12,1       -8,3/-5,1       -4,7/-5,5        2,9/-9,7       8,1/-10,9 
  0,75            -18,0/-18,4     -11,7/-13,3     -14,7/-18,5     -14,8/-22,2     -21,7/-25,4     -17,3/-22,6     -11,4/-21,1      -8,9/-19,8     -11,8/-22,4      -8,4/-23,0      -9,0/-14,8      -17,2/-4,6      -12,7/-3,2      -4,7/-15,1      -0,2/-15,7 

  celulas positivas nas DUAS janelas: 0 de 105

  O ACERTO DESCOLA DO BREAKEVEN? (gap = win% - breakeven empirico, IS)
  stop\alvo         0,05      0,10      0,15      0,20      0,25      0,30      0,35      0,40      0,45      0,50      0,60      0,70      0,80      0,90      1,00
  ------------------------------------------------------------------------------------------------------------------------------------------------------------------
  0,10           -23,2pp    -9,4pp    -3,3pp    -2,3pp    -3,3pp    -3,0pp    -3,2pp    -1,9pp    -2,1pp    -1,9pp    -1,9pp    -3,4pp    -3,1pp    -2,2pp    -1,6pp
  0,15           -18,5pp    -8,3pp    -3,6pp    -2,4pp    -3,0pp    -2,9pp    -3,1pp    -1,6pp    -2,1pp    -1,8pp    -2,1pp    -4,1pp    -4,4pp    -3,3pp    -2,4pp
  0,20           -16,5pp    -7,2pp    -2,9pp    -2,3pp    -2,7pp    -2,2pp    -2,4pp    -1,0pp    -1,1pp    -1,1pp    -1,9pp    -4,3pp    -4,3pp    -3,0pp    -2,0pp
  0,25           -15,3pp    -7,3pp    -3,6pp    -1,5pp    -2,7pp    -2,1pp    -1,5pp    -0,1pp    -0,2pp    -0,6pp    -1,6pp    -4,2pp    -4,0pp    -2,5pp    -1,9pp
  0,35           -10,2pp    -4,6pp    -2,2pp    -1,0pp    -1,7pp    -0,7pp     0,8pp     1,8pp     1,4pp     2,2pp     1,2pp    -1,6pp    -0,7pp     0,2pp     1,0pp
  0,50            -7,5pp    -3,7pp    -3,0pp    -2,2pp    -3,4pp    -2,2pp    -0,4pp     0,4pp    -0,6pp     0,0pp    -0,3pp    -1,7pp    -0,9pp     0,5pp     1,4pp
  0,75            -6,3pp    -3,3pp    -4,0pp    -3,7pp    -5,2pp    -3,9pp    -2,5pp    -1,9pp    -2,4pp    -1,6pp    -1,7pp    -3,1pp    -2,2pp    -0,8pp    -0,0pp

======================================================================================================================
ALVOS DINAMICOS -- o alvo definido pelo que o mercado mostra DEPOIS do fill
======================================================================================================================

  --- modo=centro W=30 (1898 eventos) ---
  regra                    stop   n IS   pts/op IS   win IS   BE IS  n OOS   pts/op OOS   win OOS     
  ----------------------------------------------------------------------------------------------------
  tempo 5                  0,25   1317       -5,29    37,8%   40,4%    581        -6,52     37,5%     
  tempo 5                  0,50   1317       -2,16    47,2%   48,2%    581        -5,84     46,8%     
  tempo 10                 0,25   1317       -5,36    31,4%   33,5%    581        -5,13     30,8%     
  tempo 10                 0,50   1317       -1,04    45,0%   45,3%    581        -2,96     43,7%     
  tempo 20                 0,25   1317       -0,54    24,8%   24,9%    581        -8,38     23,6%     
  tempo 20                 0,50   1317       15,49    42,7%   38,8%    581        -2,90     39,6%     
  tempo 40                 0,25   1317        7,02    20,8%   19,3%    581       -12,08     17,9%     
  tempo 40                 0,50   1317       24,82    37,1%   32,2%    581        -4,65     33,2%     
  recuo 0.3                0,25   1317       -6,68    48,4%   53,6%    581        -7,83     47,0%     
  recuo 0.3                0,50   1317       -4,82    58,2%   61,3%    581        -7,18     56,3%     
  recuo 0.5                0,25   1317       -4,02    43,0%   45,7%    581        -9,28     41,3%     
  recuo 0.5                0,50   1317        0,17    51,9%   51,8%    581        -7,27     49,6%     
  exaustao 0.05            0,25   1317       -4,82    45,0%   47,5%    581        -5,49     46,1%     
  exaustao 0.05            0,50   1317        0,26    63,9%   63,8%    581        -3,16     63,7%     
  exaustao 0.1             0,25   1317       -4,75    41,5%   43,7%    581        -2,79     43,2%     
  exaustao 0.1             0,50   1317        3,19    61,1%   60,0%    581         0,63     60,8%  <<<
  exaustao 0.2             0,25   1317       -4,20    36,4%   38,1%    581        -3,44     36,1%     
  exaustao 0.2             0,50   1317        4,95    55,8%   54,3%    581         0,09     53,0%  <<<
  deixa 0.4                0,25   1317       -4,20    38,6%   40,4%    581        -6,00     37,0%     
  deixa 0.4                0,50   1317        4,13    57,6%   56,3%    581        -1,16     54,7%     
  deixa 0.5                0,25   1317       -5,40    34,1%   36,2%    581        -4,16     34,1%     
  deixa 0.5                0,50   1317        5,28    53,2%   51,6%    581         2,47     51,8%  <<<

  --- modo=centro W=60 (867 eventos) ---
  regra                    stop   n IS   pts/op IS   win IS   BE IS  n OOS   pts/op OOS   win OOS     
  ----------------------------------------------------------------------------------------------------
  tempo 5                  0,25    613       -4,64    42,9%   45,4%    254        -3,75     46,1%     
  tempo 5                  0,50    613       -7,47    46,7%   50,5%    254        -3,31     51,6%     
  tempo 10                 0,25    613       -2,71    37,7%   38,8%    254        -6,35     38,2%     
  tempo 10                 0,50    613       -9,25    46,3%   49,8%    254        -6,63     47,6%     
  tempo 20                 0,25    613        0,29    33,4%   33,3%    254        -8,69     29,9%     
  tempo 20                 0,50    613       -5,32    46,2%   47,7%    254        -1,22     45,3%     
  tempo 40                 0,25    613        2,32    27,9%   27,3%    254        -7,10     25,2%     
  tempo 40                 0,50    613       -4,39    42,1%   43,1%    254        13,85     42,5%     
  recuo 0.3                0,25    613       -7,80    54,6%   60,3%    254        -6,65     51,6%     
  recuo 0.3                0,50    613      -14,96    63,8%   71,6%    254        -4,74     60,6%     
  recuo 0.5                0,25    613      -12,30    47,0%   56,1%    254       -10,11     46,9%     
  recuo 0.5                0,50    613      -17,01    53,8%   63,3%    254        -7,81     54,7%     
  exaustao 0.05            0,25    613       -6,90    51,9%   55,5%    254        -6,21     50,4%     
  exaustao 0.05            0,50    613      -18,28    65,3%   71,5%    254       -10,19     64,6%     
  exaustao 0.1             0,25    613       -5,94    48,8%   51,6%    254        -4,94     45,7%     
  exaustao 0.1             0,50    613      -18,22    62,5%   68,4%    254        -4,87     61,0%     
  exaustao 0.2             0,25    613       -1,93    41,8%   42,5%    254        -1,06     41,3%     
  exaustao 0.2             0,50    613      -15,35    55,5%   59,8%    254         0,87     56,7%     
  deixa 0.4                0,25    613       -5,35    38,3%   40,3%    254        -2,63     40,9%     
  deixa 0.4                0,50    613      -16,37    52,9%   57,3%    254        -2,73     55,1%     
  deixa 0.5                0,25    613       -8,40    33,6%   36,4%    254        -4,38     34,3%     
  deixa 0.5                0,50    613      -22,45    47,3%   53,0%    254         1,83     50,8%     

  --- modo=borda W=30 (2039 eventos) ---
  regra                    stop   n IS   pts/op IS   win IS   BE IS  n OOS   pts/op OOS   win OOS     
  ----------------------------------------------------------------------------------------------------
  tempo 5                  0,25   1423      -12,07    36,2%   42,1%    616       -10,19     35,2%     
  tempo 5                  0,50   1423      -12,91    45,9%   51,5%    616       -11,97     42,5%     
  tempo 10                 0,25   1423      -15,31    29,2%   35,1%    616        -8,90     28,9%     
  tempo 10                 0,50   1423      -14,95    42,5%   47,5%    616       -12,39     40,4%     
  tempo 20                 0,25   1423      -20,95    21,6%   28,0%    616        -7,26     24,2%     
  tempo 20                 0,50   1423      -14,64    38,3%   42,2%    616       -11,61     36,5%     
  tempo 40                 0,25   1423      -24,48    15,6%   21,1%    616        -1,69     19,2%     
  tempo 40                 0,50   1423      -23,35    30,2%   35,1%    616       -10,21     30,4%     
  recuo 0.3                0,25   1423      -12,82    45,9%   55,3%    616        -5,26     46,4%     
  recuo 0.3                0,50   1423      -11,41    55,0%   61,9%    616        -6,86     54,2%     
  recuo 0.5                0,25   1423      -11,74    39,8%   47,6%    616        -4,30     41,2%     
  recuo 0.5                0,50   1423       -9,61    47,7%   53,2%    616        -6,92     47,2%     
  exaustao 0.05            0,25   1423       -9,23    43,6%   48,4%    616        -7,92     44,2%     
  exaustao 0.05            0,50   1423       -7,09    60,6%   63,2%    616       -10,84     59,9%     
  exaustao 0.1             0,25   1423       -9,30    41,2%   45,7%    616        -9,70     40,6%     
  exaustao 0.1             0,50   1423       -7,14    58,3%   60,7%    616       -11,48     56,8%     
  exaustao 0.2             0,25   1423      -14,65    34,1%   40,3%    616       -11,36     35,7%     
  exaustao 0.2             0,50   1423       -9,64    52,4%   55,4%    616       -19,37     49,7%     
  deixa 0.4                0,25   1423      -17,94    35,8%   44,2%    616        -9,55     36,4%     
  deixa 0.4                0,50   1423      -16,30    52,8%   58,4%    616       -13,15     51,9%     
  deixa 0.5                0,25   1423      -20,00    31,4%   39,8%    616         6,23     32,8%     
  deixa 0.5                0,50   1423      -18,02    48,5%   54,0%    616        -1,85     46,8%     

  --- modo=borda W=60 (1023 eventos) ---
  regra                    stop   n IS   pts/op IS   win IS   BE IS  n OOS   pts/op OOS   win OOS     
  ----------------------------------------------------------------------------------------------------
  tempo 5                  0,25    728       -2,48    44,8%   46,1%    295        -6,22     42,4%     
  tempo 5                  0,50    728       -6,52    50,0%   53,1%    295       -11,49     47,8%     
  tempo 10                 0,25    728       -5,35    38,0%   40,2%    295        -7,48     33,9%     
  tempo 10                 0,50    728      -10,61    46,0%   49,8%    295       -13,28     42,7%     
  tempo 20                 0,25    728       -7,60    33,0%   35,4%    295       -10,46     26,1%     
  tempo 20                 0,50    728       -8,96    44,5%   47,0%    295       -15,16     40,3%     
  tempo 40                 0,25    728       -5,62    27,6%   29,1%    295        -1,84     20,7%     
  tempo 40                 0,50    728       -4,41    41,8%   42,7%    295         1,04     37,3%     
  recuo 0.3                0,25    728       -4,44    55,4%   58,2%    295        -0,83     53,2%     
  recuo 0.3                0,50    728       -5,68    63,9%   66,9%    295        -5,46     59,7%     
  recuo 0.5                0,25    728       -9,94    49,2%   55,8%    295        -2,33     47,5%     
  recuo 0.5                0,50    728      -12,20    56,9%   63,8%    295        -7,53     53,2%     
  exaustao 0.05            0,25    728       -2,61    52,1%   53,3%    295        -9,61     47,8%     
  exaustao 0.05            0,50    728       -8,87    65,9%   68,8%    295        -9,81     62,4%     
  exaustao 0.1             0,25    728       -3,18    46,4%   47,8%    295       -11,66     43,1%     
  exaustao 0.1             0,50    728       -9,80    61,1%   64,1%    295       -11,99     58,6%     
  exaustao 0.2             0,25    728       -1,40    40,8%   41,3%    295       -11,77     36,9%     
  exaustao 0.2             0,50    728       -1,16    56,2%   56,5%    295       -12,72     52,9%     
  deixa 0.4                0,25    728       -1,57    40,4%   40,9%    295        -3,07     36,3%     
  deixa 0.4                0,50    728       -2,67    55,8%   56,5%    295        -0,86     51,9%     
  deixa 0.5                0,25    728       -6,96    34,9%   37,1%    295        -8,92     29,5%     
  deixa 0.5                0,50    728      -10,70    49,9%   52,5%    295        -2,07     46,1%     

======================================================================================================================
DECOMPOSICAO da regiao promissora -- alvo atingido, stop, ou MARCACAO A MERCADO?
  Uma celula que so' parece boa porque a maioria das operacoes termina marcada a
  mercado no fim da trajetoria NAO esta medindo o alvo: esta medindo 'segurar ate
  o teto de barras'. A decomposicao separa as duas leituras.
======================================================================================================================

  --- modo=centro W=30 ---
  geometria           jan       n   %alvo   %stop  %marcado  pts alvo  pts stop  pts marc   pts/op
  ------------------------------------------------------------------------------------------------
  alvo0.45 stop0.5    IS     1317    56,0    42,8       1,1     147,4    -180,4      54,0     5,92
  alvo0.45 stop0.5    OOS     581    54,4    42,9       2,8     110,9    -138,5       0,2     0,96
  alvo0.8 stop0.5     IS     1317    41,2    55,0       3,8     272,9    -176,8      67,4    17,86
  alvo0.8 stop0.5     OOS     581    39,9    55,8       4,3     213,0    -133,8      20,0    11,29
  alvo1.0 stop0.5     IS     1317    35,2    59,8       5,0     337,7    -178,6      89,7    16,33
  alvo1.0 stop0.5     OOS     581    34,4    58,2       7,4     262,9    -135,5      45,4    15,03
  alvo0.35 stop0.1    IS     1317    26,2    73,7       0,1     114,5     -41,7      96,2    -0,70
  alvo0.35 stop0.1    OOS     581    25,8    73,7       0,5      81,4     -34,4      19,7    -4,19
  alvo0.45 stop0.25   IS     1317    36,6    62,6       0,8     150,2     -92,7      90,5    -2,44
  alvo0.45 stop0.25   OOS     581    36,7    61,6       1,7     111,2     -73,2      25,9    -3,87

  --- modo=centro W=60 ---
  geometria           jan       n   %alvo   %stop  %marcado  pts alvo  pts stop  pts marc   pts/op
  ------------------------------------------------------------------------------------------------
  alvo0.45 stop0.5    IS      613    48,3    46,8       4,9     177,6    -216,5      19,1   -14,70
  alvo0.45 stop0.5    OOS     254    55,1    40,9       3,9     123,6    -154,9     -45,6     2,95
  alvo0.8 stop0.5     IS      613    30,0    58,1      11,9     311,9    -216,4      93,1   -21,00
  alvo0.8 stop0.5     OOS     254    42,1    50,0       7,9     232,3    -153,9      -0,5    20,84
  alvo1.0 stop0.5     IS      613    23,5    60,4      16,2     369,0    -216,2      92,8   -28,84
  alvo1.0 stop0.5     OOS     254    36,2    53,5      10,2     284,7    -156,0      24,0    22,06
  alvo0.35 stop0.1    IS      613    26,4    72,9       0,7     143,4     -48,5     158,4     3,54
  alvo0.35 stop0.1    OOS     254    29,5    69,7       0,8      98,8     -36,6     -15,6     3,56
  alvo0.45 stop0.25   IS      613    33,8    63,6       2,6     183,8    -109,7      94,4    -5,27
  alvo0.45 stop0.25   OOS     254    38,2    59,1       2,8     124,8     -80,7     -22,0    -0,59

  --- modo=borda W=30 ---
  geometria           jan       n   %alvo   %stop  %marcado  pts alvo  pts stop  pts marc   pts/op
  ------------------------------------------------------------------------------------------------
  alvo0.45 stop0.5    IS     1423    51,9    46,9       1,1     146,7    -181,1      -6,2    -8,90
  alvo0.45 stop0.5    OOS     616    48,5    50,2       1,3     113,8    -145,5      22,4   -17,47
  alvo0.8 stop0.5     IS     1423    37,2    59,8       3,0     262,8    -181,5      58,3    -9,06
  alvo0.8 stop0.5     OOS     616    33,9    61,7       4,4     211,7    -143,5      87,7   -12,82
  alvo1.0 stop0.5     IS     1423    29,0    66,8       4,3     325,2    -182,1      71,8   -24,34
  alvo1.0 stop0.5     OOS     616    26,0    68,3       5,7     253,8    -145,2      58,2   -30,00
  alvo0.35 stop0.1    IS     1423    25,4    74,4       0,1     107,7     -42,6      -9,7    -4,30
  alvo0.35 stop0.1    OOS     616    28,9    70,9       0,2      82,3     -35,3       4,5    -1,26
  alvo0.45 stop0.25   IS     1423    34,2    65,6       0,2     140,7     -95,8     -12,5   -14,84
  alvo0.45 stop0.25   OOS     616    34,4    65,1       0,5     110,9     -76,8      11,7   -11,75

  --- modo=borda W=60 ---
  geometria           jan       n   %alvo   %stop  %marcado  pts alvo  pts stop  pts marc   pts/op
  ------------------------------------------------------------------------------------------------
  alvo0.45 stop0.5    IS      728    50,0    44,5       5,5     197,8    -221,8     -47,0    -2,42
  alvo0.45 stop0.5    OOS     295    47,5    50,2       2,4     134,7    -156,0     -12,4   -14,63
  alvo0.8 stop0.5     IS      728    31,9    52,9      15,2     339,3    -223,4      35,0    -4,68
  alvo0.8 stop0.5     OOS     295    32,5    60,0       7,5     252,6    -157,4      90,0    -5,53
  alvo1.0 stop0.5     IS      728    26,5    54,9      18,5     434,0    -220,8      77,7     8,13
  alvo1.0 stop0.5     OOS     295    25,8    65,4       8,8     324,4    -157,6      97,9   -10,88
  alvo0.35 stop0.1    IS      728    24,2    75,4       0,4     139,2     -52,9      46,9    -6,05
  alvo0.35 stop0.1    OOS     295    26,4    72,9       0,7      98,3     -38,1      43,5    -1,47
  alvo0.45 stop0.25   IS      728    36,1    61,5       2,3     196,5    -117,6      34,4    -0,56
  alvo0.45 stop0.25   OOS     295    31,5    67,5       1,0     128,2     -84,2      57,2   -15,77

======================================================================================================================
O RESULTADO DEPENDE DA LARGURA DO RETANGULO?
  Tudo acima ja e' relativo a largura L de CADA retangulo. Aqui a pergunta
  seguinte: retangulo LARGO se comporta diferente de ESTREITO na mesma geometria
  RELATIVA? Tercos da largura congelados no IS.
======================================================================================================================

  --- modo=centro W=30 | cortes IS: 255 e 388 pontos ---
  geometria           largura          n IS   pts/op IS  n OOS   pts/op OOS
  -------------------------------------------------------------------------
  alvo0.45 stop0.5    1-estreito        435        0,42    355        -3,79
  alvo0.45 stop0.5    2-medio           442       -3,04    133         9,81
  alvo0.45 stop0.5    3-largo           440       20,37     93         6,44
  alvo0.8 stop0.5     1-estreito        435        5,95    355       -12,47
  alvo0.8 stop0.5     2-medio           442       -9,75    133        33,49
  alvo0.8 stop0.5     3-largo           440       57,38     93        70,22
  alvo0.35 stop0.1    1-estreito        435       -3,07    355        -4,91
  alvo0.35 stop0.1    2-medio           442       -3,50    133         0,15
  alvo0.35 stop0.1    3-largo           440        4,45     93        -7,66

  --- modo=centro W=60 | cortes IS: 299 e 458 pontos ---
  geometria           largura          n IS   pts/op IS  n OOS   pts/op OOS
  -------------------------------------------------------------------------
  alvo0.45 stop0.5    1-estreito        194      -19,30    146        -5,34
  alvo0.45 stop0.5    2-medio           210       -9,21    100        22,11
  alvo0.45 stop0.5    3-largo           209      -15,95      8       -85,31
  alvo0.8 stop0.5     1-estreito        194      -20,52    146        -0,46
  alvo0.8 stop0.5     2-medio           210      -30,46    100        54,10
  alvo0.8 stop0.5     3-largo           209      -11,95      8        -6,02
  alvo0.35 stop0.1    1-estreito        194       -7,82    146        -4,48
  alvo0.35 stop0.1    2-medio           210       -0,57    100        15,87
  alvo0.35 stop0.1    3-largo           209       18,21      8        -3,63

  --- modo=borda W=30 | cortes IS: 250 e 390 pontos ---
  geometria           largura          n IS   pts/op IS  n OOS   pts/op OOS
  -------------------------------------------------------------------------
  alvo0.45 stop0.5    1-estreito        474       -9,52    369        -9,78
  alvo0.45 stop0.5    2-medio           471       -3,52    141       -29,93
  alvo0.45 stop0.5    3-largo           478      -13,59    106       -27,62
  alvo0.8 stop0.5     1-estreito        474      -10,08    369        -5,28
  alvo0.8 stop0.5     2-medio           471       16,83    141       -35,84
  alvo0.8 stop0.5     3-largo           478      -33,57    106        -8,46
  alvo0.35 stop0.1    1-estreito        474       -2,15    369        -0,53
  alvo0.35 stop0.1    2-medio           471       -3,14    141        -2,51
  alvo0.35 stop0.1    3-largo           478       -7,57    106        -2,14

  --- modo=borda W=60 | cortes IS: 323 e 527 pontos ---
  geometria           largura          n IS   pts/op IS  n OOS   pts/op OOS
  -------------------------------------------------------------------------
  alvo0.45 stop0.5    1-estreito        242      -13,75    191       -27,70
  alvo0.45 stop0.5    2-medio           241       -2,13     94        18,69
  alvo0.45 stop0.5    3-largo           245        8,47     10       -78,31
  alvo0.8 stop0.5     1-estreito        242      -11,70    191       -26,32
  alvo0.8 stop0.5     2-medio           241       18,52     94        43,42
  alvo0.8 stop0.5     3-largo           245      -20,57     10       -68,52
  alvo0.35 stop0.1    1-estreito        242       -4,15    191        -1,38
  alvo0.35 stop0.1    2-medio           241        1,68     94         2,73
  alvo0.35 stop0.1    3-largo           245      -15,52     10       -42,84

======================================================================================================================
RESSALVAS
======================================================================================================================
  - Eventos SE SOBREPOEM (cooldown de 5 barras, sem sequenciamento): os n nao sao
    independentes e os IC seriam estreitos demais. Isto responde 'existe edge nesta
    geometria?', nao 'quanto renderia o robo'.
  - Alvo e stop na mesma barra contam como STOP (pessimista).
  - Custo de 7,5 pontos por operacao ja descontado em toda celula.
  - WIN@ sem fila calibrada: a limite enche no TOQUE, otimista.

FIM.
