================================================================================================================
WIN@ retangulo -- RUIDO DA BORDA: quanto a visita se afasta da linha
================================================================================================================
2538 retangulos | zona de toque 8% da largura | 1 tick = 5 pontos
uma observacao por VISITA (barras consecutivas colapsadas), pelo EXTREMO da visita.

  ... 40/191 pregoes
  ... 80/191 pregoes
  ... 120/191 pregoes
  ... 160/191 pregoes

23656 visitas medidas -> scratch/copawin_retangulo_ruido_bordas.csv

================================================================================================================
A) DENTRO da janela de deteccao -- OTIMISTA (a linha foi ajustada a estas visitas)
================================================================================================================
  W     lado   jan    visitas    media      dp     p10  mediana     p90  |desvio| med  em ticks  % da largura
  -----------------------------------------------------------------------------------------------------------
  30    topo   IS        2068     28,0    65,5   -16,5      9,9    86,3          36,5       7,3         10,5%
  30    topo   OOS        923     26,0    61,8   -14,8      9,0    80,2          33,3       6,7         11,8%
  30    piso   IS        2039     28,7    59,3   -16,6      9,9    91,3          37,0       7,4         11,0%
  30    piso   OOS        932     24,8    60,6   -12,0      9,0    74,5          31,6       6,3         10,7%
  45    topo   IS        1723     38,7    86,5   -20,5     14,4   114,0          48,9       9,8         11,6%
  45    topo   OOS        784     28,7    60,1   -15,0     10,0    92,7          37,0       7,4         12,4%
  45    piso   IS        1664     37,8    76,0   -19,2     13,5   121,0          47,9       9,6         11,7%
  45    piso   OOS        770     26,2    57,8   -16,0     10,0    83,4          34,9       7,0         11,4%
  60    topo   IS        1318     43,2    95,6   -22,1     18,9   132,4          54,5      10,9         11,9%
  60    topo   OOS        634     36,9    77,4   -16,3     14,5   106,7          46,0       9,2         13,5%
  60    piso   IS        1297     40,2    72,4   -21,5     16,4   129,2          50,7      10,1         11,4%
  60    piso   OOS        679     30,3    67,2   -15,6     10,0   101,1          39,1       7,8         11,5%
  90    topo   IS         649     36,1    73,8   -23,1     16,0   111,1          48,8       9,8         10,7%
  90    topo   OOS        308     35,3    71,2   -17,5     19,8   105,7          45,3       9,1         11,1%
  90    piso   IS         613     37,5    75,3   -26,6     17,0   129,9          51,2      10,2         11,1%
  90    piso   OOS        320     36,0    71,6   -20,0     14,8   111,7          46,1       9,2         11,5%
  120   topo   IS         382     45,1   103,8   -16,9     25,0   119,9          54,4      10,9         11,3%
  120   topo   OOS        200     37,5    69,6   -21,0     19,8   122,0          48,1       9,6         11,9%
  120   piso   IS         387     36,0    73,5   -26,0     15,4   116,0          48,9       9,8         10,5%
  120   piso   OOS        209     33,9    67,5   -22,2     19,5   101,4          45,6       9,1         11,4%

  desvio POSITIVO = a visita FUROU a linha (foi alem dela);
  NEGATIVO = parou ANTES de chegar nela.

================================================================================================================
B) DEPOIS da confirmacao -- O NUMERO OPERACIONAL (linha ja fixada)
================================================================================================================
  W     lado   jan    visitas    media      dp     p10  mediana     p90  |desvio| med  em ticks  % da largura
  -----------------------------------------------------------------------------------------------------------
  30    topo   IS         757     48,3    78,6   -18,0     21,0   156,1          58,4      11,7         16,8%
  30    topo   OOS        332     40,2    79,4   -20,0     13,0   131,8          51,4      10,3         16,4%
  30    piso   IS         742     47,8    76,2   -18,7     20,5   150,5          57,9      11,6         16,6%
  30    piso   OOS        324     39,0    73,5   -15,3     14,0   123,2          48,3       9,7         16,9%
  45    topo   IS         576     42,8    80,8   -23,6     16,0   150,4          55,7      11,1         13,9%
  45    topo   OOS        246     36,7    77,9   -23,0      7,0   144,2          51,4      10,3         14,1%
  45    piso   IS         538     46,0    84,4   -25,6     16,2   159,9          60,6      12,1         13,9%
  45    piso   OOS        259     35,2    72,8   -20,0     12,0   111,4          46,6       9,3         14,2%
  60    topo   IS         489     43,7    82,6   -30,9     19,2   154,2          60,5      12,1         12,6%
  60    topo   OOS        146     40,6    75,9   -25,8     15,0   140,5          54,0      10,8         13,8%
  60    piso   IS         391     36,3    80,7   -33,6     10,4   144,5          57,6      11,5         11,8%
  60    piso   OOS        205     26,7    66,9   -29,0      4,5   118,2          44,3       8,9         11,0%
  90    topo   IS         190     39,5    82,8   -42,2     15,1   155,9          62,2      12,4         12,6%
  90    topo   OOS         64     40,9    78,6   -25,9     17,8   145,2          57,9      11,6         12,8%
  90    piso   IS         159     24,4    83,8   -47,6     -0,5   145,5          52,8      10,6         10,0%
  90    piso   OOS         90     19,0    53,5   -22,0     -0,6    85,7          37,7       7,5          9,0%
  120   topo   IS          82     37,6    89,0   -39,0     10,8   164,9          62,8      12,6         12,5%
  120   topo   OOS         29     10,8    42,3   -26,4     -0,5    70,9          30,4       6,1          7,4%
  120   piso   IS          97     29,2    78,4   -40,6      5,0   130,9          54,3      10,9          9,2%
  120   piso   OOS         41     27,6    66,6   -25,5      0,0   145,0          43,4       8,7          9,3%

  desvio POSITIVO = a visita FUROU a linha (foi alem dela);
  NEGATIVO = parou ANTES de chegar nela.

================================================================================================================
C) A CONTA DO STOP: a que distancia da linha o stop deixa de ser ruido?
   (fracao das visitas POS-CONFIRMACAO que furam a linha em mais de X pontos)
================================================================================================================
  W     lado         n     >5p    >10p    >15p    >20p    >25p    >30p    >40p    >50p    >75p   >100p
  ----------------------------------------------------------------------------------------------------
  30    topo      1089     60%     56%     52%     49%     46%     43%     38%     33%     25%     18%
  30    piso      1066     61%     56%     52%     49%     46%     43%     38%     35%     25%     19%
  45    topo       822     56%     52%     48%     44%     42%     40%     35%     31%     23%     17%
  45    piso       797     57%     52%     50%     47%     43%     40%     36%     33%     25%     19%
  60    topo       635     60%     55%     52%     49%     46%     43%     37%     34%     26%     18%
  60    piso       596     52%     48%     43%     40%     38%     37%     32%     30%     22%     16%
  90    topo       254     54%     52%     50%     47%     44%     41%     39%     36%     27%     20%
  90    piso       249     45%     41%     39%     33%     31%     29%     26%     22%     16%     11%
  120   topo       111     50%     47%     43%     41%     40%     34%     32%     32%     20%     14%
  120   piso       138     48%     46%     46%     41%     37%     35%     30%     25%     17%     14%

  Leia assim: um stop a X pontos alem da linha e' atropelado por ruido de borda
  nessa fracao das visitas -- SEM que o retangulo tenha quebrado de verdade.

FIM.
