================================================================================================================
WIN@ retangulo -- OS TRES TEMPOS: identificar, durar, e achar o meio
================================================================================================================
2538 retangulos de scratch/copawin_retangulos.csv
inicio REAL achado andando para tras com a banda ja conhecida (espelho do
criterio de morte: 3 fechamentos seguidos alem de 25% da largura).

  ... 40/191 pregoes
  ... 80/191 pregoes
  ... 120/191 pregoes
  ... 160/191 pregoes

2538 retangulos medidos -> scratch/copawin_retangulo_tempos.csv

================================================================================================================
1) QUANTO TEMPO ATE IDENTIFICAR  (do inicio real ate a confirmacao)
================================================================================================================
  W     jan       n  lat. mediana (min)    p25    p75    media  em barras (med)
  -----------------------------------------------------------------------------
  30    IS      685                35,0     31     44     40,1               35
  30    OOS     315                35,0     30     43     38,8               35
  45    IS      495                49,0     45     59     54,9               49
  45    OOS     218                49,0     45     57     54,7               49
  60    IS      352                65,0     60     77     72,9               65
  60    OOS     169                65,0     59     76     71,0               65
  90    IS      129                96,0     90    110    102,7               96
  90    OOS      68                97,5     90    112    106,9               98
  120   IS       71               124,0    119    142    137,6              124
  120   OOS      36               126,0    119    143    131,0              126

================================================================================================================
2) QUANTO DURA, E QUANTO SOBRA DEPOIS DE IDENTIFICADO
================================================================================================================
  W     jan       n  duracao total (med)    p75  vida depois (med)  % aproveitavel (med)  % casos com >=50%
  ---------------------------------------------------------------------------------------------------------
  30    IS      685                 61,0     82               20,0                   33%                26%
  30    OOS     315                 60,0     80               21,0                   36%                28%
  45    IS      495                 77,0    101               22,0                   30%                20%
  45    OOS     218                 77,0     98               22,0                   29%                17%
  60    IS      352                 96,0    126               24,5                   26%                16%
  60    OOS     169                 91,0    122               23,0                   25%                15%
  90    IS      129                136,0    180               30,0                   21%                18%
  90    OOS      68                147,5    182               34,0                   25%                12%
  120   IS       71                174,0    218               33,0                   21%                14%
  120   OOS      36                173,5    230               31,5                   19%                19%

================================================================================================================
3) EM QUANTAS BARRAS O MEIO FICA CONHECIDO
   (menor k desde o inicio a partir do qual a estimativa do meio fica -- e
    permanece -- dentro da tolerancia em torno do meio verdadeiro)
================================================================================================================
  W     jan       n    conv 10% (med)    p75    conv 20% (med)    p75   conv10 / duracao
  --------------------------------------------------------------------------------------
  30    IS      685              40,0     55              18,0     34                76%
  30    OOS     315              40,0     54              18,0     32                75%
  45    IS      495              51,0     67              19,0     35                68%
  45    OOS     218              50,0     66              16,5     30                63%
  60    IS      352              60,0     79              23,0     38                53%
  60    OOS     169              49,0     72              19,0     35                47%
  90    IS      129              61,0    101              25,0     38                42%
  90    OOS      68              69,5    105              22,5     53                46%
  120   IS       71              79,0    123              29,0     46                45%
  120   OOS      36              68,0    126              23,0     46                42%

================================================================================================================
4) A CONTA QUE INTERESSA -- o meio ja e' conhecido quando o retangulo e' confirmado?
================================================================================================================
  W     jan       n   meio conv. ANTES da confirmacao  barras uteis depois (med)
  ------------------------------------------------------------------------------
  30    IS      685                               36%                          9
  30    OOS     315                               36%                         11
  45    IS      495                               48%                         14
  45    OOS     218                               53%                         13
  60    IS      352                               60%                         17
  60    OOS     169                               67%                         16
  90    IS      129                               78%                         24
  90    OOS      68                               72%                         28
  120   IS       71                               77%                         32
  120   OOS      35                               86%                         32

  'barras uteis depois' = o que sobra do retangulo DEPOIS de ele estar confirmado
  E o meio ja conhecido -- e' a janela real em que um fade mirando o meio poderia
  existir. Se for pequena, a ideia morre por geometria temporal, nao por edge.

RESSALVA: o meio de referencia e' retrospectivo, entao a convergencia medida e' um
LIMITE SUPERIOR do que se sabe ao vivo -- na pratica so' se descobre que o meio parou
de andar algum tempo depois de ele ter parado.

FIM.
