======================================================================================================================
WIN@ retangulo -- POLITICA DE RE-ARMAR (quantas operacoes por retangulo, e ate quando)
======================================================================================================================
geometria FIXA: modo centro, W=30, alvo 0,8xL, stop 0,5xL  |  capital R$ 3.000, 1 contrato
44 variantes x 2 janelas = 88 rodadas
vida mediana do retangulo W=30 apos a confirmacao: 20 barras (criterio tolerante)
RESSALVA: WIN@ sem fila calibrada -- a limite enche no TOQUE.

  ... 20/88
  ... 40/88
  ... 60/88
  ... 80/88

======================================================================================================================
RESULTADO -- criterio: positivo no IS E no OOS
======================================================================================================================
  variante                               IS liq   IS n  IS win  IS pts/op    OOS liq  OOS n  OOS win  OOS pts/op     
  -------------------------------------------------------------------------------------------------------------------
  todos  repete     ate 10   + 0b        393,40    514    41,2       3,83   1.089,50    243     45,7       22,42  <<<
  todos  repete     ate 20   + 0b        229,20    612    40,7       1,87   1.105,00    280     45,4       19,73  <<<
  todos  repete     ate 30   + 0b        337,30    659    40,8       2,56   1.161,50    297     45,1       19,55  <<<
  todos  repete     ate 30   +10b        296,30    699    40,8       2,12   1.436,80    310     46,1       23,17  <<<
  todos  repete     ate 30   +20b       -565,50    723    39,6      -3,91   1.363,30    319     45,5       21,37     
  todos  repete     ate 50   + 0b        800,80    718    41,2       5,58   1.010,50    323     44,3       15,64  <<<
  todos  repete     ate 50   +10b        800,30    765    41,3       5,23   1.600,80    344     45,9       23,27  <<<
  todos  repete     ate 50   +20b        401,80    810    40,9       2,48   1.379,80    358     45,0       19,27  <<<
  todos  repete     ate None + 0b        777,50    771    41,2       5,04   1.036,80    338     44,7       15,34  <<<
  todos  repete     ate None +10b        828,00    824    41,5       5,02   1.614,60    364     45,9       22,18  <<<
  todos  repete     ate None +20b        431,50    885    41,2       2,44   1.304,10    381     44,6       17,11  <<<
  todos  1 por ret. ate 10   + 0b        560,10    425    42,6       6,59   1.005,50    201     45,3       25,01  <<<
  todos  1 por ret. ate 20   + 0b        587,60    430    42,8       6,83   1.020,00    204     45,6       25,00  <<<
  todos  1 por ret. ate 30   + 0b        587,60    430    42,8       6,83   1.176,00    206     46,1       28,54  <<<
  todos  1 por ret. ate 30   +10b        647,60    436    42,7       7,43   1.402,80    208     47,6       33,72  <<<
  todos  1 por ret. ate 30   +20b        163,20    440    41,6       1,85   1.186,30    207     46,4       28,65  <<<
  todos  1 por ret. ate 50   + 0b        642,60    432    42,8       7,44   1.176,00    206     46,1       28,54  <<<
  todos  1 por ret. ate 50   +10b        702,60    438    42,7       8,02   1.402,80    208     47,6       33,72  <<<
  todos  1 por ret. ate 50   +20b        245,70    443    41,8       2,77   1.186,30    207     46,4       28,65  <<<
  todos  1 por ret. ate None + 0b        642,60    432    42,8       7,44   1.176,00    206     46,1       28,54  <<<
  todos  1 por ret. ate None +10b        702,60    438    42,7       8,02   1.402,80    208     47,6       33,72  <<<
  todos  1 por ret. ate None +20b        245,70    443    41,8       2,77   1.186,30    207     46,4       28,65  <<<
  largos repete     ate 10   + 0b        818,10    157    45,9      26,05     591,50     35     51,4       84,50  <<<
  largos repete     ate 20   + 0b      1.036,10    177    45,8      29,27     679,00     40     52,5       84,88  <<<
  largos repete     ate 30   + 0b      1.130,60    186    45,7      30,39     777,50     43     53,5       90,41  <<<
  largos repete     ate 30   +10b      1.105,10    189    45,5      29,24     860,00     44     54,5       97,73  <<<
  largos repete     ate 30   +20b        620,70    195    43,1      15,92     772,50     43     53,5       89,83  <<<
  largos repete     ate 50   + 0b      1.604,90    205    46,8      39,14     717,00     46     52,2       77,93  <<<
  largos repete     ate 50   +10b      1.586,40    210    46,7      37,77     994,50     49     55,1      101,48  <<<
  largos repete     ate 50   +20b      1.343,50    219    45,2      30,67     752,50     51     51,0       73,77  <<<
  largos repete     ate None + 0b      1.723,90    223    46,6      38,65     625,00     50     50,0       62,50  <<<
  largos repete     ate None +10b      1.671,90    231    46,3      36,19     992,00     54     53,7       91,85  <<<
  largos repete     ate None +20b      1.122,00    246    43,9      22,80     713,50     57     49,1       62,59  <<<
  largos 1 por ret. ate 10   + 0b        513,20    134    44,8      19,15     628,00     32     53,1       98,12  <<<
  largos 1 por ret. ate 20   + 0b        472,70    137    44,5      17,25     631,50     33     54,5       95,68  <<<
  largos 1 por ret. ate 30   + 0b        472,70    137    44,5      17,25     787,50     35     57,1      112,50  <<<
  largos 1 por ret. ate 30   +10b        613,70    137    45,3      22,40     924,50     35     60,0      132,07  <<<
  largos 1 por ret. ate 30   +20b        292,80    140    42,9      10,46     771,50     35     57,1      110,21  <<<
  largos 1 por ret. ate 50   + 0b        557,20    138    44,9      20,19     787,50     35     57,1      112,50  <<<
  largos 1 por ret. ate 50   +10b        698,20    138    45,7      25,30     924,50     35     60,0      132,07  <<<
  largos 1 por ret. ate 50   +20b        377,30    141    43,3      13,38     771,50     35     57,1      110,21  <<<
  largos 1 por ret. ate None + 0b        557,20    138    44,9      20,19     787,50     35     57,1      112,50  <<<
  largos 1 por ret. ate None +10b        698,20    138    45,7      25,30     924,50     35     60,0      132,07  <<<
  largos 1 por ret. ate None +20b        377,30    141    43,3      13,38     771,50     35     57,1      110,21  <<<

  43 de 44 positivas nas duas janelas.

======================================================================================================================
CONSISTENCIA das que passaram (o que separa edge de concentracao)
======================================================================================================================
  variante                          jan    preg+  bl20+   mes+   top5  seq-   BEemp%    veredito    sem_tr
  --------------------------------------------------------------------------------------------------------
  todos  repete     ate 10   + 0b   IS       52%    60%    43%    26%     5    40,3%  indefinido     1/129
  todos  repete     ate 10   + 0b   OOS      59%    86%    75%    38%     6    38,8%    POSITIVO      1/62
  todos  repete     ate 20   + 0b   IS       52%    47%    43%    24%     7    40,2%  indefinido     1/129
  todos  repete     ate 20   + 0b   OOS      56%    79%    75%    37%     6    39,2%    POSITIVO      1/62
  todos  repete     ate 30   + 0b   IS       52%    44%    29%    23%     7    40,2%  indefinido     1/129
  todos  repete     ate 30   + 0b   OOS      56%    88%    75%    35%     6    39,0%    POSITIVO      1/62
  todos  repete     ate 30   +10b   IS       52%    49%    57%    22%     7    40,3%  indefinido     0/129
  todos  repete     ate 30   +10b   OOS      57%    95%    75%    31%     6    38,9%    POSITIVO      1/62
  todos  repete     ate 50   + 0b   IS       51%    64%    43%    25%     8    39,9%  indefinido     1/129
  todos  repete     ate 50   + 0b   OOS      56%    77%    75%    37%     6    39,4%  indefinido      1/62
  todos  repete     ate 50   +10b   IS       53%    61%    43%    24%     8    40,1%  indefinido     0/129
  todos  repete     ate 50   +10b   OOS      57%    95%    75%    35%     6    38,7%    POSITIVO      1/62
  todos  repete     ate 50   +20b   IS       54%    58%    57%    22%     7    40,3%  indefinido     0/129
  todos  repete     ate 50   +20b   OOS      54%    81%    75%    35%     6    39,0%    POSITIVO      1/62
  todos  repete     ate None + 0b   IS       50%    64%    43%    24%     7    40,0%  indefinido     1/129
  todos  repete     ate None + 0b   OOS      57%    86%   100%    40%     6    39,9%  indefinido      1/62
  todos  repete     ate None +10b   IS       51%    63%    43%    24%     7    40,3%  indefinido     0/129
  todos  repete     ate None +10b   OOS      57%    98%   100%    37%     6    39,1%    POSITIVO      1/62
  todos  repete     ate None +20b   IS       55%    59%    57%    22%     7    40,7%  indefinido     0/129
  todos  repete     ate None +20b   OOS      54%    81%   100%    37%     6    39,3%    POSITIVO      1/62
  todos  1 por ret. ate 10   + 0b   IS       49%    66%    57%    28%    10    41,0%  indefinido     1/129
  todos  1 por ret. ate 10   + 0b   OOS      57%    81%    75%    41%     4    37,9%    POSITIVO      1/62
  todos  1 por ret. ate 20   + 0b   IS       49%    62%    43%    27%    10    41,2%  indefinido     1/129
  todos  1 por ret. ate 20   + 0b   OOS      56%    79%    75%    41%     4    38,2%    POSITIVO      1/62
  todos  1 por ret. ate 30   + 0b   IS       49%    62%    43%    27%    10    41,2%  indefinido     1/129
  todos  1 por ret. ate 30   + 0b   OOS      56%    95%    75%    38%     4    37,7%    POSITIVO      1/62
  todos  1 por ret. ate 30   +10b   IS       50%    64%    57%    27%    10    40,9%  indefinido     0/129
  todos  1 por ret. ate 30   +10b   OOS      56%    98%    75%    36%     4    37,7%    POSITIVO      1/62
  todos  1 por ret. ate 30   +20b   IS       49%    57%    29%    26%    10    41,2%  indefinido     0/129
  todos  1 por ret. ate 30   +20b   OOS      52%    67%    75%    38%     4    38,0%    POSITIVO      1/62
  todos  1 por ret. ate 50   + 0b   IS       50%    62%    43%    27%    10    41,1%  indefinido     1/129
  todos  1 por ret. ate 50   + 0b   OOS      56%    95%    75%    38%     4    37,7%    POSITIVO      1/62
  todos  1 por ret. ate 50   +10b   IS       50%    67%    57%    27%    10    40,8%  indefinido     0/129
  todos  1 por ret. ate 50   +10b   OOS      56%    98%    75%    36%     4    37,7%    POSITIVO      1/62
  todos  1 por ret. ate 50   +20b   IS       50%    58%    29%    26%    10    41,1%  indefinido     0/129
  todos  1 por ret. ate 50   +20b   OOS      52%    67%    75%    38%     4    38,0%    POSITIVO      1/62
  todos  1 por ret. ate None + 0b   IS       50%    62%    43%    27%    10    41,1%  indefinido     1/129
  todos  1 por ret. ate None + 0b   OOS      56%    95%    75%    38%     4    37,7%    POSITIVO      1/62
  todos  1 por ret. ate None +10b   IS       50%    67%    57%    27%    10    40,8%  indefinido     0/129
  todos  1 por ret. ate None +10b   OOS      56%    98%    75%    36%     4    37,7%    POSITIVO      1/62
  todos  1 por ret. ate None +20b   IS       50%    58%    29%    26%    10    41,1%  indefinido     0/129
  todos  1 por ret. ate None +20b   OOS      52%    67%    75%    38%     4    38,0%    POSITIVO      1/62
  largos repete     ate 10   + 0b   IS       56%    73%    57%    29%     6    42,0%  indefinido    45/129
  largos repete     ate 10   + 0b   OOS      56%    95%   100%    53%     3    39,4%  indefinido     37/62
  largos repete     ate 20   + 0b   IS       60%    70%    57%    27%     4    41,5%  indefinido    45/129
  largos repete     ate 20   + 0b   OOS      58%    91%   100%    57%     2    40,1%  indefinido     36/62
  largos repete     ate 30   + 0b   IS       60%    73%    57%    26%     4    41,2%  indefinido    45/129
  largos repete     ate 30   + 0b   OOS      61%    98%   100%    49%     2    40,3%  indefinido     34/62
  largos repete     ate 30   +10b   IS       59%    73%    71%    26%     5    41,2%  indefinido    44/129
  largos repete     ate 30   +10b   OOS      62%    98%   100%    46%     2    40,3%  indefinido     33/62
  largos repete     ate 30   +20b   IS       53%    62%    43%    26%     5    40,8%  indefinido    42/129
  largos repete     ate 30   +20b   OOS      64%    86%   100%    48%     2    40,3%  indefinido     34/62
  largos repete     ate 50   + 0b   IS       60%    72%    57%    29%     6    41,1%  indefinido    45/129
  largos repete     ate 50   + 0b   OOS      57%    95%   100%    53%     2    40,8%  indefinido     34/62
  largos repete     ate 50   +10b   IS       59%    73%    71%    27%     6    41,2%  indefinido    44/129
  largos repete     ate 50   +10b   OOS      59%   100%   100%    53%     2    40,5%    POSITIVO     33/62
  largos repete     ate 50   +20b   IS       54%    75%    71%    27%     5    40,7%  indefinido    42/129
  largos repete     ate 50   +20b   OOS      57%    86%   100%    56%     2    40,3%  indefinido     34/62
  largos repete     ate None + 0b   IS       60%    77%    57%    30%     6    41,0%  indefinido    45/129
  largos repete     ate None + 0b   OOS      57%    98%   100%    53%     2    41,0%  indefinido     34/62
  largos repete     ate None +10b   IS       59%    78%    71%    28%     6    41,0%  indefinido    44/129
  largos repete     ate None +10b   OOS      59%   100%   100%    54%     2    40,6%  indefinido     33/62
  largos repete     ate None +20b   IS       54%    78%    71%    28%     5    40,6%  indefinido    42/129
  largos repete     ate None +20b   OOS      57%    84%   100%    58%     2    40,1%  indefinido     34/62
  largos 1 por ret. ate 10   + 0b   IS       50%    69%    57%    31%     6    41,9%  indefinido    45/129
  largos 1 por ret. ate 10   + 0b   OOS      56%    95%   100%    53%     3    39,1%  indefinido     37/62
  largos 1 por ret. ate 20   + 0b   IS       50%    67%    57%    31%     6    41,9%  indefinido    45/129
  largos 1 por ret. ate 20   + 0b   OOS      58%    95%   100%    53%     2    40,4%  indefinido     36/62
  largos 1 por ret. ate 30   + 0b   IS       50%    67%    57%    31%     6    41,9%  indefinido    45/129
  largos 1 por ret. ate 30   + 0b   OOS      61%   100%   100%    47%     2    40,5%    POSITIVO     34/62
  largos 1 por ret. ate 30   +10b   IS       49%    69%    57%    30%     6    41,9%  indefinido    44/129
  largos 1 por ret. ate 30   +10b   OOS      62%   100%   100%    43%     2    40,5%    POSITIVO     33/62
  largos 1 por ret. ate 30   +20b   IS       46%    60%    57%    31%     7    41,3%  indefinido    42/129
  largos 1 por ret. ate 30   +20b   OOS      61%    91%   100%    47%     2    40,8%    POSITIVO     34/62
  largos 1 por ret. ate 50   + 0b   IS       51%    68%    57%    31%     6    41,9%  indefinido    45/129
  largos 1 por ret. ate 50   + 0b   OOS      61%   100%   100%    47%     2    40,5%    POSITIVO     34/62
  largos 1 por ret. ate 50   +10b   IS       51%    70%    71%    30%     6    41,9%  indefinido    44/129
  largos 1 por ret. ate 50   +10b   OOS      62%   100%   100%    43%     2    40,5%    POSITIVO     33/62
  largos 1 por ret. ate 50   +20b   IS       47%    63%    57%    31%     7    41,3%  indefinido    42/129
  largos 1 por ret. ate 50   +20b   OOS      61%    91%   100%    47%     2    40,8%    POSITIVO     34/62
  largos 1 por ret. ate None + 0b   IS       51%    68%    57%    31%     6    41,9%  indefinido    45/129
  largos 1 por ret. ate None + 0b   OOS      61%   100%   100%    47%     2    40,5%    POSITIVO     34/62
  largos 1 por ret. ate None +10b   IS       51%    70%    71%    30%     6    41,9%  indefinido    44/129
  largos 1 por ret. ate None +10b   OOS      62%   100%   100%    43%     2    40,5%    POSITIVO     33/62
  largos 1 por ret. ate None +20b   IS       47%    63%    57%    31%     7    41,3%  indefinido    42/129
  largos 1 por ret. ate None +20b   OOS      61%    91%   100%    47%     2    40,8%    POSITIVO     34/62

======================================================================================================================
LEITURA POR EIXO -- qual decisao move o resultado?
======================================================================================================================

  --- teto de barras apos a confirmacao (media das celulas que compartilham o valor) ---
  valor         n celulas   IS liq medio  OOS liq medio  celulas +/+
  10                    4         571,20         828,62          4/4
  20                    4         581,40         858,88          4/4
  30                   12         475,18       1.051,68        11/12
  50                   12         813,44       1.058,64        12/12
  None                 12         814,87       1.044,55        12/12

  --- uma operacao por retangulo (media das celulas que compartilham o valor) ---
  valor         n celulas   IS liq medio  OOS liq medio  celulas +/+
  False                22         840,63       1.026,26        21/22
  True                 22         516,29       1.001,40        22/22

  --- barras alem da morte (media das celulas que compartilham o valor) ---
  valor         n celulas   IS liq medio  OOS liq medio  celulas +/+
  0                    20         722,26         898,44        20/20
  10                   12         862,57       1.206,72        12/12
  20                   12         421,33       1.013,26        11/12

  --- piso de largura (media das celulas que compartilham o valor) ---
  valor         n celulas   IS liq medio  OOS liq medio  celulas +/+
  0.0                  22         475,39       1.246,52        21/22
  388.0                22         881,53         781,14        22/22

  Um eixo cujo valor nao muda a media e' eixo MORTO -- a decisao nele nao importa,
  e uma celula que so' vence por causa dele e' ruido. Ver item 6.25 de LICOES.

FIM.
