base WIN@ M1 atualizada ate 2026-09-11 17:44:00+00:00
191 pregoes completos, ultimo: 2026-09-10
pregao EM ABERTO excluido: 2026-09-11 (342 barras, incompleto)

desde 07/09  -> 3 pregoes: 2026-09-08, 2026-09-09, 2026-09-10
           (07/09 foi FERIADO -- Independencia; a semana comecou na terca)
ultimos 30   -> 2026-07-29 a 2026-09-10


===== desde 07/09 (3 pregoes) - capital R$ 250 =====
variante                        retorno   liquido R$  MaxDD %    MaxDD R$ lucro/DD   win% trades     R$/dia trd/dia  capital final pregoes      config acerto alvo       flat%      BE emp    IC95 win     s/trade   caixa min     pior op
------------------------------------------------------------------------------------------------------------------------------------------------------------------------------------------------------------------------------------------
ANTIGA (alvo 19,0 tp nativo)      20,2%        50,50  -100,5%      663,50     0,08 100,0%      1      25,25     0,5         300,50       2      antiga        0,0%      100,0%       0,00%[20,7;100,0]         2/3       -3,50       50,50  ZERADO desliz.alvo 1,0t fila NAO CALIBRADA
ATUAL (alvo 9,5 limite real)      19,6%        49,00  -100,8%      663,50     0,07  50,0%      2      24,50     1,0         299,00       2       ATUAL       50,0%       50,0%      45,55%  [9,5;90,5]         2/3       -5,00     -250,50  ZERADO desliz.alvo 1,0t fila NAO CALIBRADA


===== desde 07/09 (3 pregoes) - capital R$ 600 =====
variante                        retorno   liquido R$  MaxDD %    MaxDD R$ lucro/DD   win% trades     R$/dia trd/dia  capital final pregoes      config acerto alvo       flat%      BE emp    IC95 win     s/trade   caixa min     pior op
------------------------------------------------------------------------------------------------------------------------------------------------------------------------------------------------------------------------------------------
ANTIGA (alvo 19,0 tp nativo)     -51,2%      -307,00  -101,2%    1.022,00    -0,30  50,0%      2    -153,50     1,0         293,00       2      antiga        0,0%       50,0%      87,62%  [9,5;90,5]         1/3      -12,00     -357,50  ZERADO desliz.alvo 1,0t fila NAO CALIBRADA
ATUAL (alvo 9,5 limite real)     -51,4%      -308,50  -101,3%    1.022,00    -0,30  33,3%      3    -154,25     1,5         291,50       2       ATUAL       33,3%       33,3%      50,37%  [6,1;79,2]         1/3      -13,50     -357,50  ZERADO desliz.alvo 1,0t fila NAO CALIBRADA


===== ultimos 30 pregoes (30 pregoes) - capital R$ 250 =====
variante                        retorno   liquido R$  MaxDD %    MaxDD R$ lucro/DD   win% trades     R$/dia trd/dia  capital final pregoes      config acerto alvo       flat%      BE emp    IC95 win     s/trade   caixa min     pior op
------------------------------------------------------------------------------------------------------------------------------------------------------------------------------------------------------------------------------------------
ANTIGA (alvo 19,0 tp nativo)     -78,6%      -196,50   -80,8%      224,70    -0,87   0,0%      1      -6,55     0,0          53,50      30      antiga        0,0%        0,0%     100,00%  [0,0;79,3]       29/30       53,50     -196,50  desliz.alvo 1,0t fila NAO CALIBRADA
ATUAL (alvo 9,5 limite real)     -78,6%      -196,50   -80,8%      224,70    -0,87   0,0%      1      -6,55     0,0          53,50      30       ATUAL        0,0%        0,0%     100,00%  [0,0;79,3]       29/30       53,50     -196,50  desliz.alvo 1,0t fila NAO CALIBRADA


===== ultimos 30 pregoes (30 pregoes) - capital R$ 600 =====
variante                        retorno   liquido R$  MaxDD %    MaxDD R$ lucro/DD   win% trades     R$/dia trd/dia  capital final pregoes      config acerto alvo       flat%      BE emp    IC95 win     s/trade   caixa min     pior op
------------------------------------------------------------------------------------------------------------------------------------------------------------------------------------------------------------------------------------------
ANTIGA (alvo 19,0 tp nativo)     -87,0%      -521,90   -93,7%    1.152,40    -0,45  38,5%     13     -17,40     0,4          78,10      30      antiga        0,0%       46,2%      46,58% [17,7;64,5]       23/30       78,10     -293,50  desliz.alvo 1,0t fila NAO CALIBRADA
ATUAL (alvo 9,5 limite real)     266,6%     1.599,50   -65,8%    1.777,00     0,90  57,0%     79      53,32     2,6       2.199,50      30       ATUAL       17,7%       36,7%      51,12% [46,0;67,3]        0/30      300,40     -564,50  desliz.alvo 1,0t fila NAO CALIBRADA


===== OPERACAO A OPERACAO, desde 07/09, config ATUAL, R$600 =====
entrada           saida             lado    qtd          motivo         R$   acumulado
2026-09-08 09:49  2026-09-08 10:45  long      1          target     299,50      299,50
2026-09-08 10:47  2026-09-08 18:24  long      1  forced_flatten    -250,50       49,00
2026-09-09 09:49  2026-09-09 12:07  long      1            stop    -357,50     -308,50
