======================================================================================================================
WIN@ retangulo -- ESCADA DE CAPITAL: qual o caixa minimo para operar o candidato?
======================================================================================================================
  margem WIN@: R$ 100/contrato | piso de PARTIDA (margem x 2,0 x 1,25) = R$ 250
  desenho congelado: W=20 centro, alvo 0,80xL, stop 0,50xL, largura >= 328 pts, 1 contrato
  o piso UTIL e' o menor caixa em que as operacoes ainda batem com a linha de R$ 3.000

  ... 6/20
  ... 12/20
  ... 18/20

======================================================================================================================
IS -- 129 pregoes
======================================================================================================================
     capital    liquido   retorno  trades  % das op.   win%  caixa min  pior perda   sem trade
  --------------------------------------------------------------------------------------------
         250    -190,00      -76%       2         0%   0,0%      60,00     -104,50     128/129  <- CENSURADA (caixa abaixo da margem)
         275    -190,00      -69%       2         0%   0,0%      85,00     -104,50     128/129  <- CENSURADA (caixa abaixo da margem)
         290   2.834,10      977%     403       100%  45,7%     100,00     -110,50      33/129
         300   2.834,10      945%     403       100%  45,7%     110,00     -110,50      33/129
         325   2.834,10      872%     403       100%  45,7%     135,00     -110,50      33/129
         350   2.834,10      810%     403       100%  45,7%     160,00     -110,50      33/129
         375   2.834,10      756%     403       100%  45,7%     185,00     -110,50      33/129
         400   2.834,10      709%     403       100%  45,7%     210,00     -110,50      33/129
         500   2.834,10      567%     403       100%  45,7%     310,00     -110,50      33/129
       3.000   2.834,10       94%     403       100%  45,7%   2.810,00     -110,50      33/129

======================================================================================================================
OOS -- 62 pregoes
======================================================================================================================
     capital    liquido   retorno  trades  % das op.   win%  caixa min  pior perda   sem trade
  --------------------------------------------------------------------------------------------
         250     737,70      295%     101       100%  45,5%     252,00      -80,30       23/62
         275     737,70      268%     101       100%  45,5%     277,00      -80,30       23/62
         290     737,70      254%     101       100%  45,5%     292,00      -80,30       23/62
         300     737,70      246%     101       100%  45,5%     302,00      -80,30       23/62
         325     737,70      227%     101       100%  45,5%     327,00      -80,30       23/62
         350     737,70      211%     101       100%  45,5%     352,00      -80,30       23/62
         375     737,70      197%     101       100%  45,5%     377,00      -80,30       23/62
         400     737,70      184%     101       100%  45,5%     402,00      -80,30       23/62
         500     737,70      148%     101       100%  45,5%     502,00      -80,30       23/62
       3.000     737,70       25%     101       100%  45,5%   3.002,00      -80,30       23/62

======================================================================================================================
RISCO POR OPERACAO -- por que o piso e' o que e'
======================================================================================================================
  IS: 219 operacoes perdedoras | perda media R$ 46,79 | mediana R$ 41,50
        p75 R$ 52,50 | p90 R$ 63,18 | p99 R$ 103,06 | MAIOR R$ 110,50
  OOS: 55 operacoes perdedoras | perda media R$ 42,70 | mediana R$ 39,50
        p75 R$ 48,50 | p90 R$ 55,50 | p99 R$ 69,61 | MAIOR R$ 80,30

  o stop e' 0,50 x a largura do retangulo, e a largura muda a cada
  lateralizacao -- entao o risco por operacao NAO e' fixo.

FIM.
