========================================================================================================
WIN@ retangulo -- CAUDA da sensibilidade a fila (ate 16 barras medianas de volume)
========================================================================================================
  volume mediano de uma barra M1 do WIN@: 24.956 contratos
  SENSIBILIDADE, nao calibracao -- WIN@ nao tem entrada em fidelidade.py

  ok OOS  200000
  ok OOS  25000
  ok OOS  100000
  ok OOS  50000
  ok OOS  400000
  ok IS   200000
  ok IS   25000
  ok IS   400000
  ok IS   50000
  ok IS   100000

        fila  x barra     liq IS  trd IS  win IS  pts IS    liq OOS  trd OOS  win OOS  pts OOS
  --------------------------------------------------------------------------------------------
      25.000      1,0   2.219,30     389   44,0%    28,5     714,70       99    45,5%     36,1
      50.000      2,0     474,40     358   39,9%     6,6     312,10       93    41,9%     16,8
     100.000      4,0  -2.158,40     304   33,2%   -35,5    -424,70       85    35,3%    -25,0
     200.000      8,0  -2.909,30      81   18,5%  -179,6  -1.117,80       54    24,1%   -103,5
     400.000     16,0  -2.993,10      43    9,3%  -348,0  -1.154,30       25    12,0%   -230,9

FIM.
