finalistas x 76 datas de inicio (horizonte FIXO de 40 pregoes) + sensibilidade de fila
capital R$ 3.000, 191 pregoes na base
567 simulacoes

  100/567
  200/567
  300/567
  400/567
  500/567


===== O TESTE QUE DECIDE: toda data de inicio, horizonte de 40 pregoes =====
finalista                   POSITIVAS  morreram  liq mediano  PIOR inicio         p25         p75   MaxDD med  pior dia med  ops med
------------------------------------------------------------------------------------------------------------------------------------
PRODUCAO a9,5 ttl15             89,5%         0     2.812,45      -888,40    1.805,75    3.805,83       1.702          -634       96
a7,6 ttl15                     100,0%         0     2.923,45       889,00    2.407,75    3.674,25       1.664          -634      105
a9,5 ttl5                       96,1%         1     2.482,80    -2.992,50    1.604,88    3.672,78       2.059          -695       90
a7,6 ttl5  <- candidato        100,0%         0     2.650,95       725,30    2.160,65    3.320,65       1.898          -695      101
a8,55 ttl5 (plato alvo)         97,4%         1     2.757,15    -2.922,50    1.784,78    3.577,23       1.878          -695       96
a7,6 ttl8  (plato ttl)         100,0%         0     3.397,75     1.364,60    2.617,57    4.276,53       1.566          -613      105
a7,6 ttl3  (plato ttl)          94,7%         0     1.765,45      -542,70      852,35    2.804,38       2.356          -656       99


===== SENSIBILIDADE A FILA (historico inteiro, 191 pregoes) =====
o WIN@ NAO tem fila calibrada -- 'a que nivel o ganho morre?', nunca 'quanto rende'
escala: volume MEDIANO da barra M1 = 24.955 contratos

finalista                     0,00x barra    0,50x barra    1,00x barra    2,00x barra    4,00x barra
-----------------------------------------------------------------------------------------------------
PRODUCAO a9,5 ttl15             13.533,30      13.521,80      14.012,70      14.387,10      13.821,80
a7,6 ttl15                      14.271,90      14.231,90      14.706,80      13.143,40      20.885,10
a9,5 ttl5                       14.998,10      15.170,60      15.060,70      15.050,70      13.001,20
a7,6 ttl5  <- candidato         18.322,40      17.657,40      16.594,80      15.334,30      16.168,60
a8,55 ttl5 (plato alvo)         17.116,60      16.776,70      17.108,30      17.166,00      15.058,70
a7,6 ttl8  (plato ttl)          23.812,70      24.066,90      26.850,50      25.608,70      21.398,50
a7,6 ttl3  (plato ttl)           7.295,20       7.295,20       7.291,20       7.286,50      10.405,40

(acerto do alvo no historico inteiro, fila zero)
  PRODUCAO a9,5 ttl15          20,3%   488 operacoes
  a7,6 ttl15                   29,6%   578 operacoes
  a9,5 ttl5                    23,3%   480 operacoes
  a7,6 ttl5  <- candidato      32,2%   568 operacoes
  a8,55 ttl5 (plato alvo)      28,3%   519 operacoes
  a7,6 ttl8  (plato ttl)       35,3%   620 operacoes
  a7,6 ttl3  (plato ttl)       24,6%   508 operacoes
