================================================================================================================
WIN@ retangulo -- A QUEBRA CONTINUA A TENDENCIA ANTERIOR, OU INVERTE?
================================================================================================================
2538 retangulos | nulo = 50% | IC95 de Wilson ao lado
tendencia = variacao do fechamento nas K barras antes do INICIO REAL do retangulo

  ... 40/191 pregoes
  ... 80/191 pregoes
  ... 120/191 pregoes
  ... 160/191 pregoes

2344 retangulos medidos -> scratch/copawin_retangulo_continuacao.csv

================================================================================================================
CONTINUACAO x INVERSAO, por regua de tendencia
================================================================================================================

  --- tendencia medida por 15 barras antes do inicio ---
  W     jan    n com quebra  continuacao              IC95   inversao  sem quebra
  -------------------------------------------------------------------------------
  30    IS              568        49,6%     [45,6 ; 53,7]      50,4%          53
  30    OOS             258        56,2%     [50,1 ; 62,1]      43,8%          25
  45    IS              381        48,8%     [43,8 ; 53,8]      51,2%          47
  45    OOS             162        53,7%     [46,0 ; 61,2]      46,3%          29
  60    IS              247        51,4%     [45,2 ; 57,6]      48,6%          48
  60    OOS             115        55,7%     [46,5 ; 64,4]      44,3%          29
  90    IS               88        50,0%     [39,8 ; 60,2]      50,0%          25
  90    OOS              44        47,7%     [33,8 ; 62,1]      52,3%          15
  120   IS               51        41,2%     [28,8 ; 54,8]      58,8%          12
  120   OOS              27        48,1%     [30,7 ; 66,0]      51,9%           6

  --- tendencia medida por 30 barras antes do inicio ---
  W     jan    n com quebra  continuacao              IC95   inversao  sem quebra
  -------------------------------------------------------------------------------
  30    IS              547        51,0%     [46,8 ; 55,2]      49,0%          53
  30    OOS             244        59,4%     [53,2 ; 65,4]      40,6%          25
  45    IS              371        48,8%     [43,7 ; 53,9]      51,2%          47
  45    OOS             159        52,2%     [44,5 ; 59,8]      47,8%          29
  60    IS              239        48,1%     [41,9 ; 54,4]      51,9%          48
  60    OOS             111        51,4%     [42,2 ; 60,4]      48,6%          29
  90    IS               85        51,8%     [41,3 ; 62,1]      48,2%          25
  90    OOS              42        40,5%     [27,0 ; 55,5]      59,5%          15
  120   IS               51        47,1%     [34,1 ; 60,5]      52,9%          12
  120   OOS              27        44,4%     [27,6 ; 62,7]      55,6%           6

  --- tendencia medida por 60 barras antes do inicio ---
  W     jan    n com quebra  continuacao              IC95   inversao  sem quebra
  -------------------------------------------------------------------------------
  30    IS              525        48,8%     [44,5 ; 53,0]      51,2%          53
  30    OOS             234        53,4%     [47,0 ; 59,7]      46,6%          25
  45    IS              360        50,0%     [44,9 ; 55,1]      50,0%          47
  45    OOS             154        51,3%     [43,5 ; 59,1]      48,7%          29
  60    IS              229        52,4%     [45,9 ; 58,8]      47,6%          48
  60    OOS             109        54,1%     [44,8 ; 63,2]      45,9%          29
  90    IS               83        56,6%     [45,9 ; 66,8]      43,4%          25
  90    OOS              40        52,5%     [37,5 ; 67,1]      47,5%          15
  120   IS               49        46,9%     [33,7 ; 60,6]      53,1%          12
  120   OOS              26        46,2%     [28,8 ; 64,5]      53,8%           6

  --- tendencia medida por desde a abertura do pregao ---
  W     jan    n com quebra  continuacao              IC95   inversao  sem quebra
  -------------------------------------------------------------------------------
  30    IS              596        50,7%     [46,7 ; 54,7]      49,3%          53
  30    OOS             270        50,7%     [44,8 ; 56,7]      49,3%          25
  45    IS              407        48,4%     [43,6 ; 53,3]      51,6%          47
  45    OOS             175        53,1%     [45,8 ; 60,4]      46,9%          29
  60    IS              263        48,3%     [42,3 ; 54,3]      51,7%          48
  60    OOS             126        46,0%     [37,6 ; 54,7]      54,0%          29
  90    IS               92        52,2%     [42,1 ; 62,1]      47,8%          25
  90    OOS              46        54,3%     [40,2 ; 67,8]      45,7%          15
  120   IS               52        59,6%     [46,1 ; 71,8]      40,4%          12
  120   OOS              27        48,1%     [30,7 ; 66,0]      51,9%           6

================================================================================================================
A FORCA DA PERNA ANTERIOR MUDA ALGUMA COISA?
================================================================================================================

  --- por FORCA da tendencia (30 barras antes); forca = |variacao| / largura da banda ---
  faixa               jan        n  continuacao              IC95
  ---------------------------------------------------------------
  fraca (<0,5x)       IS       423        50,4%     [45,6 ; 55,1]
  fraca (<0,5x)       OOS      171        48,5%     [41,2 ; 56,0]
  media (0,5-1x)      IS       304        50,7%     [45,1 ; 56,2]
  media (0,5-1x)      OOS      146        54,8%     [46,7 ; 62,6]
  forte (1-2x)        IS       387        47,5%     [42,6 ; 52,5]
  forte (1-2x)        OOS      185        59,5%     [52,3 ; 66,3]
  muito forte (>2x)   IS       179        51,4%     [44,1 ; 58,6]
  muito forte (>2x)   OOS       81        50,6%     [40,0 ; 61,2]
  (todas as janelas W juntas nesta tabela -- ver a ressalva de independencia)

  --- por FORCA da tendencia (desde a abertura); forca = |variacao| / largura da banda ---
  faixa               jan        n  continuacao              IC95
  ---------------------------------------------------------------
  fraca (<0,5x)       IS       165        46,7%     [39,2 ; 54,3]
  fraca (<0,5x)       OOS       77        48,1%     [37,3 ; 59,0]
  media (0,5-1x)      IS       125        52,8%     [44,1 ; 61,3]
  media (0,5-1x)      OOS       80        45,0%     [34,6 ; 55,9]
  forte (1-2x)        IS       231        52,8%     [46,4 ; 59,2]
  forte (1-2x)        OOS       92        55,4%     [45,3 ; 65,2]
  muito forte (>2x)   IS       889        49,5%     [46,2 ; 52,8]
  muito forte (>2x)   OOS      395        51,1%     [46,2 ; 56,0]
  (todas as janelas W juntas nesta tabela -- ver a ressalva de independencia)

================================================================================================================
CONFERENCIA -- a quebra e' simetrica em termos absolutos?
================================================================================================================
  IS: quebra para CIMA 678 / BAIXO 733 / sem quebra 185  -> cima = 48,1%  IC95 [45,5 ; 50,7]
  OOS: quebra para CIMA 319 / BAIXO 325 / sem quebra 104  -> cima = 49,5%  IC95 [45,7 ; 53,4]

  (se este numero ja e' 50/50, uma assimetria continuacao/inversao so' pode vir
   da correlacao com a tendencia anterior, nao de um vies direcional do WIN)

FIM.
