robustez por DATA DE INICIO -- horizonte FIXO de 40 pregoes
capital R$ 300 (ordem do dono), 76 datas de inicio, 191 pregoes no historico
456 simulacoes
MORREU = zerou OU calou (caixa abaixo do portao de R$100 = fim permanente)

  ... 25/456
  ... 50/456
  ... 75/456
  ... 100/456
  ... 125/456
  ... 150/456
  ... 175/456
  ... 200/456
  ... 225/456
  ... 250/456
  ... 275/456
  ... 300/456
  ... 325/456
  ... 350/456
  ... 375/456
  ... 400/456
  ... 425/456
  ... 450/456


===== 76 datas de inicio, 40 pregoes cada =====
geometria         caixa  positivas   MORREU     pior R$  mediana R$   melhor R$  ops med  win% med
--------------------------------------------------------------------------------------------------
a0,08 s20         R$300      51,3%    59/76     -294,80       14,75    1.788,60       63     87,8%
a0,15 s20         R$300      59,2%    52/76     -371,60       88,50    2.105,70       58     86,4%
a0,25 s20         R$300      52,6%    62/76     -373,30       40,85    1.782,40       63     85,5%
a0,60 s20         R$300      52,6%    61/76     -319,90       14,65    1.699,40       38     80,0%
a7,60 s12         R$300      35,5%    55/76     -302,30        0,00    5.017,80        4     50,0%   <== PRODUCAO
a7,60 s12       R$3.000     100,0%     0/76      725,30    2.650,95    5.017,80      101     55,3%   <== PRODUCAO

leitura: `positivas` conta a janela que terminou no azul, INCLUSIVE as que
terminaram no azul porque o robo morreu cedo com lucro pequeno e ficou mudo.
Por isso `MORREU` esta' ao lado: as duas colunas so' fazem sentido juntas.
