================================================================================================================
WIN@ -- DETECCAO PRECOCE do retangulo (W10..W25 antecipando o W30)
================================================================================================================
*** SOMENTE IS: 129 pregoes (< 2026-06-13). O OOS NAO e' lido. ***
acerto = confirmacao W30 em ate 30 barras depois do sinal, com o meio
         a no maximo 0,50x a largura do sinal precoce (mesmo LUGAR)
motivo: a latencia do W30 come 2/3 da vida do retangulo (35 min de 61)

  ... 30/129
  ... 60/129
  ... 90/129
  ... 120/129

129 pregoes | 580 retangulos W30 confirmados (4,50/pregao)

================================================================================================================
TAXA DE ACERTO DO SINAL PRECOCE
================================================================================================================
  W       sinais  sinais/dia   ACERTO  taxa base   GANHO  cobertura  antec. mediana   p25   p75
  ---------------------------------------------------------------------------------------------
  10         947        7,34    25,8%      24,7%   1,04x      41,2%            13,0     8    18
  15         900        6,98    36,6%      25,9%   1,41x      55,9%            11,0     7    14
  20         861        6,67    42,7%      24,0%   1,78x      63,1%             8,0     5    11
  25         697        5,40    54,5%      24,2%   2,25x      65,5%             4,0     3     5

  ACERTO    = dos sinais precoces, quantos viraram retangulo W30 no mesmo lugar
  taxa base = a MESMA pergunta feita em barras sorteadas (o nulo)
  GANHO     = acerto / taxa base. Perto de 1,0x o detector precoce nao informa nada
              alem do que ja se sabe por o mercado lateralizar com frequencia.
  cobertura = dos retangulos W30, quantos tiveram aviso precoce antes
  antec.    = quantas BARRAS antes o aviso veio (e o que se ganharia de vida util)

*** OOS intocado. Qualquer confirmacao desta medicao tem de ser feita la', uma vez so'.

FIM.
