======================================================================================================================
WIN@ retangulo -- ESCADA DE CAPITAL: qual o caixa minimo para operar o candidato?
======================================================================================================================
  margem WIN@: R$ 100/contrato | piso de PARTIDA (margem x 2,0 x 1,25) = R$ 250
  desenho congelado: W=20 centro, alvo 0,80xL, stop 0,50xL, largura >= 328 pts, 1 contrato
  o piso UTIL e' o menor caixa em que as operacoes ainda batem com a linha de R$ 3.000

  ... 6/22
  ... 12/22
  ... 18/22

======================================================================================================================
IS -- 129 pregoes
======================================================================================================================
     capital    liquido   retorno  trades  % das op.   win%  caixa min  pior perda   sem trade
  --------------------------------------------------------------------------------------------
         100     -85,50      -86%       1         0%   0,0%      14,50      -85,50     128/129  <- CENSURADA (caixa abaixo da margem)
         150     -85,50      -57%       1         0%   0,0%      64,50      -85,50     128/129  <- CENSURADA (caixa abaixo da margem)
         200    -190,00      -95%       2         0%   0,0%      10,00     -104,50     128/129  <- CENSURADA (caixa abaixo da margem)
         250    -190,00      -76%       2         0%   0,0%      60,00     -104,50     128/129  <- CENSURADA (caixa abaixo da margem)
         400   2.834,10      709%     403       100%  45,7%     210,00     -110,50      33/129
         600   2.834,10      472%     403       100%  45,7%     410,00     -110,50      33/129
         800   2.834,10      354%     403       100%  45,7%     610,00     -110,50      33/129
       1.000   2.834,10      283%     403       100%  45,7%     810,00     -110,50      33/129
       1.500   2.834,10      189%     403       100%  45,7%   1.310,00     -110,50      33/129
       2.000   2.834,10      142%     403       100%  45,7%   1.810,00     -110,50      33/129
       3.000   2.834,10       94%     403       100%  45,7%   2.810,00     -110,50      33/129

======================================================================================================================
OOS -- 62 pregoes
======================================================================================================================
     capital    liquido   retorno  trades  % das op.   win%  caixa min  pior perda   sem trade
  --------------------------------------------------------------------------------------------
         100     737,70      738%     101       100%  45,5%     102,00      -80,30       23/62
         150     737,70      492%     101       100%  45,5%     152,00      -80,30       23/62
         200     737,70      369%     101       100%  45,5%     202,00      -80,30       23/62
         250     737,70      295%     101       100%  45,5%     252,00      -80,30       23/62
         400     737,70      184%     101       100%  45,5%     402,00      -80,30       23/62
         600     737,70      123%     101       100%  45,5%     602,00      -80,30       23/62
         800     737,70       92%     101       100%  45,5%     802,00      -80,30       23/62
       1.000     737,70       74%     101       100%  45,5%   1.002,00      -80,30       23/62
       1.500     737,70       49%     101       100%  45,5%   1.502,00      -80,30       23/62
       2.000     737,70       37%     101       100%  45,5%   2.002,00      -80,30       23/62
       3.000     737,70       25%     101       100%  45,5%   3.002,00      -80,30       23/62

======================================================================================================================
RISCO POR OPERACAO -- por que o piso e' o que e'
======================================================================================================================
  IS: 219 operacoes perdedoras | perda media R$ 46,79 | mediana R$ 41,50
        p75 R$ 52,50 | p90 R$ 63,18 | p99 R$ 103,06 | MAIOR R$ 110,50
  OOS: 55 operacoes perdedoras | perda media R$ 42,70 | mediana R$ 39,50
        p75 R$ 48,50 | p90 R$ 55,50 | p99 R$ 69,61 | MAIOR R$ 80,30

  o stop e' 0,50 x a largura do retangulo, e a largura muda a cada
  lateralizacao -- entao o risco por operacao NAO e' fixo.

FIM.
