==============================================================================================================================
WIN@ retangulo -- PASSADA NO OOS COM O DESENHO CONGELADO
==============================================================================================================================
  IS  (< 2026-06-13): 129 pregoes  (2025-12-01 a 2026-06-12)
  OOS (>= 2026-06-13): 62 pregoes  (2026-06-15 a 2026-09-10)

  congelado (todos os numeros medidos NO IS):
    W=20 | modo centro | alvo 0,80xL | stop 0,50xL | re-arma enquanto vive |
    largura minima 328 pts (q67 do IS) | volume/ponto <= 94,617 (q33 do IS)
    1 contrato | capital R$ 3.000 | custo ida-e-volta 7,5 pontos
  premissa de execucao: WIN@ SEM fila calibrada -> limite preenche no TOQUE
    (otimista, mas IDENTICA nas duas janelas)

  ok OOS (>= 2026-06-13)   3 W20 todos, sem filtro
  ok OOS (>= 2026-06-13)   4 W30 largos (referencia)
  ok OOS (>= 2026-06-13)   2 W20 largo, sem filtro vol
  ok OOS (>= 2026-06-13)   1 CANDIDATO  W20 largo+vol
  ok IS  (< 2026-06-13)    3 W20 todos, sem filtro
  ok IS  (< 2026-06-13)    2 W20 largo, sem filtro vol
  ok IS  (< 2026-06-13)    4 W30 largos (referencia)
  ok IS  (< 2026-06-13)    1 CANDIDATO  W20 largo+vol

==============================================================================================================================
IS  (< 2026-06-13)
==============================================================================================================================
  variante                          liquido  trades   win%   BEemp%        IC95 win    veredito   pts/op     MaxDD   luc/DD  preg+  bl20+  seq-   sem_tr
  ------------------------------------------------------------------------------------------------------------------------------------------------------
  1 CANDIDATO  W20 largo+vol       2.413,10     191  50,3%    39,9%   [43,2 ; 57,3]    POSITIVO    63,17    399,50     6,04  66,7%  76,4%     3   78/129
  2 W20 largo, sem filtro vol      2.834,10     403  45,7%    39,7%   [40,9 ; 50,5]    POSITIVO    35,16    525,60     5,39  56,2%  79,1%     4   33/129
  3 W20 todos, sem filtro          1.152,70    1241  41,0%    39,8%   [38,3 ; 43,8]  indefinido     4,64    668,70     1,72  52,7%  70,9%     4    0/129
  4 W30 largos (referencia)        1.620,40     208  46,6%    41,0%   [40,0 ; 53,4]  indefinido    38,95    507,00     3,20  60,5%  71,8%     6   53/129

==============================================================================================================================
OOS (>= 2026-06-13)
==============================================================================================================================
  variante                          liquido  trades   win%   BEemp%        IC95 win    veredito   pts/op     MaxDD   luc/DD  preg+  bl20+  seq-   sem_tr
  ------------------------------------------------------------------------------------------------------------------------------------------------------
  1 CANDIDATO  W20 largo+vol         227,50      25  44,0%    35,9%   [26,7 ; 62,9]  indefinido    45,50    140,50     1,62  58,3%  58,1%     2    50/62
  2 W20 largo, sem filtro vol        737,70     101  45,5%    38,9%   [36,2 ; 55,2]  indefinido    36,52    344,00     2,14  61,5%  79,1%     3    23/62
  3 W20 todos, sem filtro            437,80     546  41,9%    40,5%   [37,9 ; 46,1]  indefinido     4,01    605,20     0,72  53,2%  48,8%     5     0/62
  4 W30 largos (referencia)          734,00      50  52,0%    41,4%   [38,5 ; 65,2]  indefinido    73,40    233,50     3,14  60,7%  97,7%     2    34/62

==============================================================================================================================
IS x OOS -- o que replica e o que inverte
==============================================================================================================================
  variante                           liq IS    liq OOS   pts IS  pts OOS  win IS  win OOS   BE IS  BE OOS       sinal
  -------------------------------------------------------------------------------------------------------------------
  1 CANDIDATO  W20 largo+vol       2.413,10     227,50    63,17    45,50   50,3%    44,0%   39,9%   35,9%   replica +
  2 W20 largo, sem filtro vol      2.834,10     737,70    35,16    36,52   45,7%    45,5%   39,7%   38,9%   replica +
  3 W20 todos, sem filtro          1.152,70     437,80     4,64     4,01   41,0%    41,9%   39,8%   40,5%   replica +
  4 W30 largos (referencia)        1.620,40     734,00    38,95    73,40   46,6%    52,0%   41,0%   41,4%   replica +

  veredito = IC95 do win% contra o breakeven EMPIRICO (nulo certo):
             POSITIVO so' se o intervalo inteiro fica ACIMA do breakeven.

FIM.
