[copawin_piso] WIN@, 9 niveis de capital, 9 processos em paralelo

  [1/9  22.6s] R$     500 -> trades=   21 liquido=R$     -386,90 final=R$    113,10 min=R$    113,10 recusadas= 1467 [TRAVOU/QUASE]
  [2/9  23.1s] R$     250 -> trades=    2 liquido=R$     -123,00 final=R$    127,00 min=R$    127,00 recusadas= 1575 [TRAVOU/QUASE]
  [3/9  23.3s] R$     375 -> trades=   19 liquido=R$     -189,10 final=R$    185,90 min=R$    165,00 recusadas= 1479 [TRAVOU/QUASE]
  [4/9  23.8s] R$   3.000 -> trades=  274 liquido=R$    9.498,00 final=R$ 12.498,00 min=R$  2.545,90 recusadas=    0 [ok]
  [5/9  24.1s] R$   1.500 -> trades=  274 liquido=R$   10.250,90 final=R$ 11.750,90 min=R$  1.045,90 recusadas=    0 [ok]
  [6/9  24.1s] R$   2.000 -> trades=  274 liquido=R$   10.211,50 final=R$ 12.211,50 min=R$  1.545,90 recusadas=    0 [ok]
  [7/9  24.2s] R$     750 -> trades=  274 liquido=R$   10.548,30 final=R$ 11.298,30 min=R$    295,90 recusadas=    0 [ok]
  [8/9  24.4s] R$   2.500 -> trades=  274 liquido=R$    9.818,40 final=R$ 12.318,40 min=R$  2.045,90 recusadas=    0 [ok]
  [9/9  24.6s] R$   1.000 -> trades=  274 liquido=R$   10.717,70 final=R$ 11.717,70 min=R$    545,90 recusadas=    0 [ok]

total: 26.7s

=== CopaWin (WIN@) -- capital x resultado, historico inteiro (182 pregoes) ===
  R$     250: trades=    2 liquido=R$     -123,00 final=R$    127,00
  R$     375: trades=   19 liquido=R$     -189,10 final=R$    185,90
  R$     500: trades=   21 liquido=R$     -386,90 final=R$    113,10
  R$     750: trades=  274 liquido=R$   10.548,30 final=R$ 11.298,30
  R$   1.000: trades=  274 liquido=R$   10.717,70 final=R$ 11.717,70
  R$   1.500: trades=  274 liquido=R$   10.250,90 final=R$ 11.750,90
  R$   2.000: trades=  274 liquido=R$   10.211,50 final=R$ 12.211,50
  R$   2.500: trades=  274 liquido=R$    9.818,40 final=R$ 12.318,40
  R$   3.000: trades=  274 liquido=R$    9.498,00 final=R$ 12.498,00
