volume da barra M1 MEDIANA do WIN@: 24.962 contratos
degraus de fila varridos (na frente da nossa ordem de ALVO):
   tp NATIVO  -- sem fatia; a fila nem e' consultada
    0,00x barra =         0 contratos
    0,10x barra =     2.496 contratos
    0,25x barra =     6.240 contratos
    0,50x barra =    12.481 contratos
    1,00x barra =    24.962 contratos
    2,00x barra =    49.924 contratos

56 celulas

[ 1/56]  IS cap      250 alvo 100% - tp NATIVO          liq       -76,30  n=25   alvo   4,0% win  40,0% BE  40,7%  s/trade 116/129  indefinido  (2s)
[ 2/56]  IS cap      250 alvo 100% - limite fila 0,50x  liq      -157,50  n=9    alvo  11,1% win  55,6% BE  58,3%  s/trade 124/129  indefinido  (14s)
[ 3/56]  IS cap      250 alvo 100% - limite fila 0,00x  liq      -157,50  n=9    alvo  11,1% win  55,6% BE  58,3%  s/trade 124/129  indefinido  (14s)
[ 4/56]  IS cap      250 alvo 100% - limite fila 0,10x  liq      -157,50  n=9    alvo  11,1% win  55,6% BE  58,3%  s/trade 124/129  indefinido  (14s)
[ 5/56]  IS cap      250 alvo 100% - limite fila 1,00x  liq      -157,50  n=9    alvo  11,1% win  55,6% BE  58,3%  s/trade 124/129  indefinido  (15s)
[ 6/56]  IS cap      250 alvo 50% - limite fila 0,10x   liq     7.191,10  n=310  alvo  17,1% win  51,3% BE  45,1%  s/trade 0/129  POSITIVO  (16s)
[ 7/56]  IS cap      250 alvo 100% - limite fila 0,25x  liq      -157,50  n=9    alvo  11,1% win  55,6% BE  58,3%  s/trade 124/129  indefinido  (15s)
[ 8/56]  IS cap      250 alvo 100% - limite fila 2,00x  liq      -157,50  n=9    alvo  11,1% win  55,6% BE  58,3%  s/trade 124/129  indefinido  (17s)
[ 9/56]  IS cap      250 alvo 50% - limite fila 0,50x   liq     7.189,50  n=310  alvo  17,1% win  51,3% BE  45,1%  s/trade 0/129  POSITIVO  (15s)
[10/56]  IS cap      250 alvo 50% - limite fila 0,25x   liq     7.190,10  n=310  alvo  17,1% win  51,3% BE  45,1%  s/trade 0/129  POSITIVO  (17s)
[11/56]  IS cap      250 alvo 50% - limite fila 0,00x   liq     7.191,10  n=310  alvo  17,1% win  51,3% BE  45,1%  s/trade 0/129  POSITIVO  (17s)
[12/56]  IS cap      250 alvo 50% - tp NATIVO           liq     9.345,90  n=303  alvo  23,1% win  54,5% BE  46,4%  s/trade 0/129  POSITIVO  (19s)
[13/56]  IS cap      250 alvo 50% - limite fila 1,00x   liq     7.421,50  n=310  alvo  17,1% win  51,6% BE  45,2%  s/trade 0/129  POSITIVO  (18s)
[14/56]  IS cap    3.000 alvo 100% - limite fila 0,10x  liq     8.311,00  n=226  alvo   4,9% win  50,9% BE  42,5%  s/trade 0/129  POSITIVO  (15s)
[15/56]  IS cap      250 alvo 50% - limite fila 2,00x   liq     7.325,50  n=310  alvo  17,1% win  51,6% BE  45,3%  s/trade 0/129  POSITIVO  (17s)
[16/56]  IS cap    3.000 alvo 100% - tp NATIVO          liq    11.221,50  n=224  alvo   6,7% win  50,9% BE  40,5%  s/trade 0/129  POSITIVO  (17s)
[17/56]  IS cap    3.000 alvo 50% - tp NATIVO           liq     9.900,50  n=303  alvo  23,1% win  54,5% BE  46,2%  s/trade 0/129  POSITIVO  (15s)
[18/56]  IS cap    3.000 alvo 50% - limite fila 0,00x   liq     7.351,00  n=310  alvo  17,1% win  51,3% BE  45,0%  s/trade 0/129  POSITIVO  (15s)
[19/56]  IS cap    3.000 alvo 100% - limite fila 0,00x  liq     8.311,00  n=226  alvo   4,9% win  50,9% BE  42,5%  s/trade 0/129  POSITIVO  (18s)
[20/56]  IS cap    3.000 alvo 100% - limite fila 0,25x  liq     8.311,00  n=226  alvo   4,9% win  50,9% BE  42,5%  s/trade 0/129  POSITIVO  (18s)
[21/56]  IS cap    3.000 alvo 100% - limite fila 1,00x  liq     8.311,00  n=226  alvo   4,9% win  50,9% BE  42,5%  s/trade 0/129  POSITIVO  (17s)
[22/56]  IS cap    3.000 alvo 100% - limite fila 2,00x  liq     8.344,20  n=226  alvo   4,9% win  50,9% BE  42,5%  s/trade 0/129  POSITIVO  (18s)
[23/56]  IS cap    3.000 alvo 50% - limite fila 0,10x   liq     7.351,00  n=310  alvo  17,1% win  51,3% BE  45,0%  s/trade 0/129  POSITIVO  (16s)
[24/56]  IS cap    3.000 alvo 100% - limite fila 0,50x  liq     8.311,00  n=226  alvo   4,9% win  50,9% BE  42,5%  s/trade 0/129  POSITIVO  (21s)
[25/56]  IS cap    3.000 alvo 50% - limite fila 0,25x   liq     7.350,00  n=310  alvo  17,1% win  51,3% BE  45,0%  s/trade 0/129  POSITIVO  (17s)
[26/56] OOS cap      250 alvo 100% - limite fila 0,00x  liq      -247,50  n=1    alvo   0,0% win   0,0% BE 100,0%  s/trade 54/55  NEGATIVO  (6s)
[27/56] OOS cap      250 alvo 100% - limite fila 0,10x  liq      -247,50  n=1    alvo   0,0% win   0,0% BE 100,0%  s/trade 54/55  NEGATIVO  (6s)
[28/56] OOS cap      250 alvo 100% - tp NATIVO          liq      -247,50  n=1    alvo   0,0% win   0,0% BE 100,0%  s/trade 54/55  NEGATIVO  (8s)
[29/56] OOS cap      250 alvo 100% - limite fila 0,25x  liq      -247,50  n=1    alvo   0,0% win   0,0% BE 100,0%  s/trade 54/55  NEGATIVO  (7s)
[30/56] OOS cap      250 alvo 100% - limite fila 0,50x  liq      -247,50  n=1    alvo   0,0% win   0,0% BE 100,0%  s/trade 54/55  NEGATIVO  (7s)
[31/56] OOS cap      250 alvo 100% - limite fila 1,00x  liq      -247,50  n=1    alvo   0,0% win   0,0% BE 100,0%  s/trade 54/55  NEGATIVO  (6s)
[32/56] OOS cap      250 alvo 50% - tp NATIVO           liq     5.068,80  n=136  alvo  22,8% win  56,6% BE  43,8%  s/trade 0/55  POSITIVO  (6s)
[33/56] OOS cap      250 alvo 100% - limite fila 2,00x  liq      -247,50  n=1    alvo   0,0% win   0,0% BE 100,0%  s/trade 54/55  NEGATIVO  (6s)
[34/56] OOS cap      250 alvo 50% - limite fila 0,00x   liq     5.111,00  n=130  alvo  17,7% win  59,2% BE  46,2%  s/trade 0/55  POSITIVO  (7s)
[35/56] OOS cap      250 alvo 50% - limite fila 0,25x   liq     5.111,00  n=130  alvo  17,7% win  59,2% BE  46,2%  s/trade 0/55  POSITIVO  (6s)
[36/56] OOS cap      250 alvo 50% - limite fila 0,10x   liq     5.111,00  n=130  alvo  17,7% win  59,2% BE  46,2%  s/trade 0/55  POSITIVO  (7s)
[37/56]  IS cap    3.000 alvo 50% - limite fila 0,50x   liq     7.349,40  n=310  alvo  17,1% win  51,3% BE  45,0%  s/trade 0/129  POSITIVO  (16s)
[38/56] OOS cap      250 alvo 50% - limite fila 2,00x   liq     5.140,00  n=130  alvo  16,2% win  59,2% BE  46,1%  s/trade 0/55  POSITIVO  (6s)
[39/56]  IS cap    3.000 alvo 50% - limite fila 2,00x   liq     7.429,40  n=310  alvo  17,1% win  51,6% BE  45,2%  s/trade 0/129  POSITIVO  (17s)
[40/56]  IS cap    3.000 alvo 50% - limite fila 1,00x   liq     7.581,40  n=310  alvo  17,1% win  51,6% BE  45,1%  s/trade 0/129  POSITIVO  (17s)
[41/56] OOS cap      250 alvo 50% - limite fila 1,00x   liq     5.124,20  n=130  alvo  16,9% win  59,2% BE  46,2%  s/trade 0/55  POSITIVO  (7s)
[42/56] OOS cap    3.000 alvo 100% - tp NATIVO          liq     4.007,50  n=97   alvo   7,2% win  56,7% BE  44,8%  s/trade 0/55  POSITIVO  (6s)
[43/56] OOS cap      250 alvo 50% - limite fila 0,50x   liq     5.111,00  n=130  alvo  17,7% win  59,2% BE  46,2%  s/trade 0/55  POSITIVO  (7s)
[44/56] OOS cap    3.000 alvo 100% - limite fila 0,00x  liq     4.206,20  n=96   alvo   6,2% win  56,2% BE  43,6%  s/trade 0/55  POSITIVO  (6s)
[45/56] OOS cap    3.000 alvo 100% - limite fila 0,10x  liq     4.206,20  n=96   alvo   6,2% win  56,2% BE  43,6%  s/trade 0/55  POSITIVO  (7s)
[46/56] OOS cap    3.000 alvo 100% - limite fila 0,25x  liq     4.206,20  n=96   alvo   6,2% win  56,2% BE  43,6%  s/trade 0/55  POSITIVO  (6s)
[47/56] OOS cap    3.000 alvo 100% - limite fila 2,00x  liq     4.233,90  n=96   alvo   6,2% win  57,3% BE  44,6%  s/trade 0/55  POSITIVO  (6s)
[48/56] OOS cap    3.000 alvo 100% - limite fila 1,00x  liq     4.207,20  n=96   alvo   6,2% win  56,2% BE  43,6%  s/trade 0/55  POSITIVO  (7s)
[49/56] OOS cap    3.000 alvo 100% - limite fila 0,50x  liq     4.206,20  n=96   alvo   6,2% win  56,2% BE  43,6%  s/trade 0/55  POSITIVO  (7s)
[50/56] OOS cap    3.000 alvo 50% - tp NATIVO           liq     4.920,90  n=136  alvo  22,8% win  56,6% BE  44,4%  s/trade 0/55  POSITIVO  (7s)
[51/56] OOS cap    3.000 alvo 50% - limite fila 0,50x   liq     5.299,50  n=132  alvo  18,9% win  60,6% BE  47,7%  s/trade 0/55  POSITIVO  (6s)
[52/56] OOS cap    3.000 alvo 50% - limite fila 0,00x   liq     5.254,30  n=133  alvo  20,3% win  60,9% BE  48,1%  s/trade 0/55  POSITIVO  (6s)
[53/56] OOS cap    3.000 alvo 50% - limite fila 1,00x   liq     5.314,10  n=132  alvo  18,2% win  60,6% BE  47,7%  s/trade 0/55  POSITIVO  (6s)
[54/56] OOS cap    3.000 alvo 50% - limite fila 0,10x   liq     5.276,70  n=133  alvo  19,5% win  60,9% BE  48,0%  s/trade 0/55  POSITIVO  (6s)
[55/56] OOS cap    3.000 alvo 50% - limite fila 0,25x   liq     5.277,10  n=133  alvo  19,5% win  60,9% BE  48,0%  s/trade 0/55  POSITIVO  (7s)
[56/56] OOS cap    3.000 alvo 50% - limite fila 2,00x   liq     5.319,70  n=131  alvo  17,6% win  60,3% BE  47,3%  s/trade 0/55  POSITIVO  (6s)


===== IS - capital R$ 250 =====
variante                        retorno   liquido R$  MaxDD %    MaxDD R$ lucro/DD   win% trades     R$/dia trd/dia  capital final pregoes       alvo%   mecanismo acerto alvo       flat%      BE emp    IC95 win     s/trade   caixa min
------------------------------------------------------------------------------------------------------------------------------------------------------------------------------------------------------------------------------------------
IS 250 alvo 100% - tp NATIVO     -30,5%       -76,30  -100,3%    2.207,90    -0,03  40,0%     25      -5,45     1,8         173,70      14        100%   tp NATIVO        4,0%       44,0%      40,71% [23,4;59,3]     116/129       -7,10  ZERADO desliz.alvo 1,0t fila NAO CALIBRADA
IS 250 alvo 100% - limite fila   -63,0%      -157,50   -92,1%      912,50    -0,17  55,6%      9      -1,22     0,1          92,50     129        100%limite fila 0,00x       11,1%       44,4%      58,28% [26,7;81,1]     124/129       40,00  desliz.alvo 1,0t fila NAO CALIBRADA
IS 250 alvo 100% - limite fila   -63,0%      -157,50   -92,1%      912,50    -0,17  55,6%      9      -1,22     0,1          92,50     129        100%limite fila 0,10x       11,1%       44,4%      58,28% [26,7;81,1]     124/129       40,00  desliz.alvo 1,0t fila 0/2.496 (nao calibrada)
IS 250 alvo 100% - limite fila   -63,0%      -157,50   -92,1%      912,50    -0,17  55,6%      9      -1,22     0,1          92,50     129        100%limite fila 0,25x       11,1%       44,4%      58,28% [26,7;81,1]     124/129       40,00  desliz.alvo 1,0t fila 0/6.240 (nao calibrada)
IS 250 alvo 100% - limite fila   -63,0%      -157,50   -92,1%      912,50    -0,17  55,6%      9      -1,22     0,1          92,50     129        100%limite fila 0,50x       11,1%       44,4%      58,28% [26,7;81,1]     124/129       40,00  desliz.alvo 1,0t fila 0/12.481 (nao calibrada)
IS 250 alvo 100% - limite fila   -63,0%      -157,50   -92,1%      912,50    -0,17  55,6%      9      -1,22     0,1          92,50     129        100%limite fila 1,00x       11,1%       44,4%      58,28% [26,7;81,1]     124/129       40,00  desliz.alvo 1,0t fila 0/24.962 (nao calibrada)
IS 250 alvo 100% - limite fila   -63,0%      -157,50   -92,1%      912,50    -0,17  55,6%      9      -1,22     0,1          92,50     129        100%limite fila 2,00x       11,1%       44,4%      58,28% [26,7;81,1]     124/129       40,00  desliz.alvo 1,0t fila 0/49.924 (nao calibrada)
IS 250 alvo 50% - tp NATIVO    3.738,4%     9.345,90   -69,0%    2.985,60     3,13  54,5%    303      72,45     2,3       9.595,90     129         50%   tp NATIVO       23,1%       40,6%      46,35% [48,8;60,0]       0/129      192,00  desliz.alvo 1,0t fila NAO CALIBRADA
IS 250 alvo 50% - limite fila  2.876,4%     7.191,10   -96,3%    2.892,70     2,49  51,3%    310      55,74     2,4       7.441,10     129         50%limite fila 0,00x       17,1%       40,0%      45,12% [45,7;56,8]       0/129       23,10  desliz.alvo 1,0t fila NAO CALIBRADA
IS 250 alvo 50% - limite fila  2.876,4%     7.191,10   -96,3%    2.892,70     2,49  51,3%    310      55,74     2,4       7.441,10     129         50%limite fila 0,10x       17,1%       40,0%      45,12% [45,7;56,8]       0/129       23,10  desliz.alvo 1,0t fila 0/2.496 (nao calibrada)
IS 250 alvo 50% - limite fila  2.876,0%     7.190,10   -96,3%    2.892,70     2,49  51,3%    310      55,74     2,4       7.440,10     129         50%limite fila 0,25x       17,1%       40,0%      45,13% [45,7;56,8]       0/129       23,10  desliz.alvo 1,0t fila 0/6.240 (nao calibrada)
IS 250 alvo 50% - limite fila  2.875,8%     7.189,50   -96,3%    2.892,70     2,49  51,3%    310      55,73     2,4       7.439,50     129         50%limite fila 0,50x       17,1%       40,0%      45,13% [45,7;56,8]       0/129       23,10  desliz.alvo 1,0t fila 0/12.481 (nao calibrada)
IS 250 alvo 50% - limite fila  2.968,6%     7.421,50   -95,3%    2.659,30     2,79  51,6%    310      57,53     2,4       7.671,50     129         50%limite fila 1,00x       17,1%       40,0%      45,24% [46,1;57,1]       0/129       23,10  desliz.alvo 1,0t fila 0/24.962 (nao calibrada)
IS 250 alvo 50% - limite fila  2.930,2%     7.325,50   -95,3%    2.706,90     2,71  51,6%    310      56,79     2,4       7.575,50     129         50%limite fila 2,00x       17,1%       40,0%      45,31% [46,1;57,1]       0/129       23,10  desliz.alvo 1,0t fila 0/49.924 (nao calibrada)


===== IS - capital R$ 3.000 =====
variante                        retorno   liquido R$  MaxDD %    MaxDD R$ lucro/DD   win% trades     R$/dia trd/dia  capital final pregoes       alvo%   mecanismo acerto alvo       flat%      BE emp    IC95 win     s/trade   caixa min
------------------------------------------------------------------------------------------------------------------------------------------------------------------------------------------------------------------------------------------
IS 3.000 alvo 100% - tp NATIVO   374,1%    11.221,50   -51,0%    2.526,50     4,44  50,9%    224      86,99     1,7      14.221,50     129        100%   tp NATIVO        6,7%       55,8%      40,51% [44,4;57,4]       0/129    2.424,30  desliz.alvo 1,0t fila NAO CALIBRADA
IS 3.000 alvo 100% - limite fi   277,0%     8.311,00   -75,0%    2.815,20     2,95  50,9%    226      64,43     1,8      11.311,00     129        100%limite fila 0,00x        4,9%       55,8%      42,52% [44,4;57,3]       0/129      939,80  desliz.alvo 1,0t fila NAO CALIBRADA
IS 3.000 alvo 100% - limite fi   277,0%     8.311,00   -75,0%    2.815,20     2,95  50,9%    226      64,43     1,8      11.311,00     129        100%limite fila 0,10x        4,9%       55,8%      42,52% [44,4;57,3]       0/129      939,80  desliz.alvo 1,0t fila 0/2.496 (nao calibrada)
IS 3.000 alvo 100% - limite fi   277,0%     8.311,00   -75,0%    2.815,20     2,95  50,9%    226      64,43     1,8      11.311,00     129        100%limite fila 0,25x        4,9%       55,8%      42,52% [44,4;57,3]       0/129      939,80  desliz.alvo 1,0t fila 0/6.240 (nao calibrada)
IS 3.000 alvo 100% - limite fi   277,0%     8.311,00   -75,0%    2.815,20     2,95  50,9%    226      64,43     1,8      11.311,00     129        100%limite fila 0,50x        4,9%       55,8%      42,52% [44,4;57,3]       0/129      939,80  desliz.alvo 1,0t fila 0/12.481 (nao calibrada)
IS 3.000 alvo 100% - limite fi   277,0%     8.311,00   -75,0%    2.815,20     2,95  50,9%    226      64,43     1,8      11.311,00     129        100%limite fila 1,00x        4,9%       55,8%      42,52% [44,4;57,3]       0/129      939,80  desliz.alvo 1,0t fila 0/24.962 (nao calibrada)
IS 3.000 alvo 100% - limite fi   278,1%     8.344,20   -75,0%    2.815,20     2,96  50,9%    226      64,68     1,8      11.344,20     129        100%limite fila 2,00x        4,9%       55,8%      42,49% [44,4;57,3]       0/129      939,80  desliz.alvo 1,0t fila 0/49.924 (nao calibrada)
IS 3.000 alvo 50% - tp NATIVO    330,0%     9.900,50   -40,7%    2.985,60     3,32  54,5%    303      76,75     2,3      12.900,50     129         50%   tp NATIVO       23,1%       40,6%      46,17% [48,8;60,0]       0/129    2.942,00  desliz.alvo 1,0t fila NAO CALIBRADA
IS 3.000 alvo 50% - limite fil   245,0%     7.351,00   -50,3%    2.892,70     2,54  51,3%    310      56,98     2,4      10.351,00     129         50%limite fila 0,00x       17,1%       40,0%      45,01% [45,7;56,8]       0/129    2.773,10  desliz.alvo 1,0t fila NAO CALIBRADA
IS 3.000 alvo 50% - limite fil   245,0%     7.351,00   -50,3%    2.892,70     2,54  51,3%    310      56,98     2,4      10.351,00     129         50%limite fila 0,10x       17,1%       40,0%      45,01% [45,7;56,8]       0/129    2.773,10  desliz.alvo 1,0t fila 0/2.496 (nao calibrada)
IS 3.000 alvo 50% - limite fil   245,0%     7.350,00   -50,3%    2.892,70     2,54  51,3%    310      56,98     2,4      10.350,00     129         50%limite fila 0,25x       17,1%       40,0%      45,01% [45,7;56,8]       0/129    2.773,10  desliz.alvo 1,0t fila 0/6.240 (nao calibrada)
IS 3.000 alvo 50% - limite fil   245,0%     7.349,40   -50,3%    2.892,70     2,54  51,3%    310      56,97     2,4      10.349,40     129         50%limite fila 0,50x       17,1%       40,0%      45,01% [45,7;56,8]       0/129    2.773,10  desliz.alvo 1,0t fila 0/12.481 (nao calibrada)
IS 3.000 alvo 50% - limite fil   252,7%     7.581,40   -46,2%    2.659,30     2,85  51,6%    310      58,77     2,4      10.581,40     129         50%limite fila 1,00x       17,1%       40,0%      45,13% [46,1;57,1]       0/129    2.773,10  desliz.alvo 1,0t fila 0/24.962 (nao calibrada)
IS 3.000 alvo 50% - limite fil   247,6%     7.429,40   -47,1%    2.706,90     2,74  51,6%    310      57,59     2,4      10.429,40     129         50%limite fila 2,00x       17,1%       40,0%      45,24% [46,1;57,1]       0/129    2.773,10  desliz.alvo 1,0t fila 0/49.924 (nao calibrada)


===== OOS - capital R$ 250 =====
variante                        retorno   liquido R$  MaxDD %    MaxDD R$ lucro/DD   win% trades     R$/dia trd/dia  capital final pregoes       alvo%   mecanismo acerto alvo       flat%      BE emp    IC95 win     s/trade   caixa min
------------------------------------------------------------------------------------------------------------------------------------------------------------------------------------------------------------------------------------------
OOS 250 alvo 100% - tp NATIVO    -99,0%      -247,50   -99,4%      426,10    -0,58   0,0%      1      -4,50     0,0           2,50      55        100%   tp NATIVO        0,0%        0,0%     100,00%  [0,0;79,3]       54/55        2,50  desliz.alvo 1,0t fila NAO CALIBRADA
OOS 250 alvo 100% - limite fil   -99,0%      -247,50   -99,4%      426,10    -0,58   0,0%      1      -4,50     0,0           2,50      55        100%limite fila 0,00x        0,0%        0,0%     100,00%  [0,0;79,3]       54/55        2,50  desliz.alvo 1,0t fila NAO CALIBRADA
OOS 250 alvo 100% - limite fil   -99,0%      -247,50   -99,4%      426,10    -0,58   0,0%      1      -4,50     0,0           2,50      55        100%limite fila 0,10x        0,0%        0,0%     100,00%  [0,0;79,3]       54/55        2,50  desliz.alvo 1,0t fila 0/2.496 (nao calibrada)
OOS 250 alvo 100% - limite fil   -99,0%      -247,50   -99,4%      426,10    -0,58   0,0%      1      -4,50     0,0           2,50      55        100%limite fila 0,25x        0,0%        0,0%     100,00%  [0,0;79,3]       54/55        2,50  desliz.alvo 1,0t fila 0/6.240 (nao calibrada)
OOS 250 alvo 100% - limite fil   -99,0%      -247,50   -99,4%      426,10    -0,58   0,0%      1      -4,50     0,0           2,50      55        100%limite fila 0,50x        0,0%        0,0%     100,00%  [0,0;79,3]       54/55        2,50  desliz.alvo 1,0t fila 0/12.481 (nao calibrada)
OOS 250 alvo 100% - limite fil   -99,0%      -247,50   -99,4%      426,10    -0,58   0,0%      1      -4,50     0,0           2,50      55        100%limite fila 1,00x        0,0%        0,0%     100,00%  [0,0;79,3]       54/55        2,50  desliz.alvo 1,0t fila 0/24.962 (nao calibrada)
OOS 250 alvo 100% - limite fil   -99,0%      -247,50   -99,4%      426,10    -0,58   0,0%      1      -4,50     0,0           2,50      55        100%limite fila 2,00x        0,0%        0,0%     100,00%  [0,0;79,3]       54/55        2,50  desliz.alvo 1,0t fila 0/49.924 (nao calibrada)
OOS 250 alvo 50% - tp NATIVO   2.027,5%     5.068,80   -62,8%      860,10     5,89  56,6%    136      92,16     2,5       5.318,80      55         50%   tp NATIVO       22,8%       39,7%      43,78% [48,2;64,7]        0/55      165,20  desliz.alvo 1,0t fila NAO CALIBRADA
OOS 250 alvo 50% - limite fila 2.044,4%     5.111,00   -43,3%      874,10     5,85  59,2%    130      92,93     2,4       5.361,00      55         50%limite fila 0,00x       17,7%       40,0%      46,19% [50,6;67,3]        0/55      165,20  desliz.alvo 1,0t fila NAO CALIBRADA
OOS 250 alvo 50% - limite fila 2.044,4%     5.111,00   -43,3%      874,10     5,85  59,2%    130      92,93     2,4       5.361,00      55         50%limite fila 0,10x       17,7%       40,0%      46,19% [50,6;67,3]        0/55      165,20  desliz.alvo 1,0t fila 0/2.496 (nao calibrada)
OOS 250 alvo 50% - limite fila 2.044,4%     5.111,00   -43,3%      874,10     5,85  59,2%    130      92,93     2,4       5.361,00      55         50%limite fila 0,25x       17,7%       40,0%      46,19% [50,6;67,3]        0/55      165,20  desliz.alvo 1,0t fila 0/6.240 (nao calibrada)
OOS 250 alvo 50% - limite fila 2.044,4%     5.111,00   -43,3%      874,10     5,85  59,2%    130      92,93     2,4       5.361,00      55         50%limite fila 0,50x       17,7%       40,0%      46,19% [50,6;67,3]        0/55      165,20  desliz.alvo 1,0t fila 0/12.481 (nao calibrada)
OOS 250 alvo 50% - limite fila 2.049,7%     5.124,20   -43,3%      874,10     5,86  59,2%    130      93,17     2,4       5.374,20      55         50%limite fila 1,00x       16,9%       40,8%      46,16% [50,6;67,3]        0/55      165,20  desliz.alvo 1,0t fila 0/24.962 (nao calibrada)
OOS 250 alvo 50% - limite fila 2.056,0%     5.140,00   -43,3%      874,10     5,88  59,2%    130      93,45     2,4       5.390,00      55         50%limite fila 2,00x       16,2%       41,5%      46,13% [50,6;67,3]        0/55      165,20  desliz.alvo 1,0t fila 0/49.924 (nao calibrada)


===== OOS - capital R$ 3.000 =====
variante                        retorno   liquido R$  MaxDD %    MaxDD R$ lucro/DD   win% trades     R$/dia trd/dia  capital final pregoes       alvo%   mecanismo acerto alvo       flat%      BE emp    IC95 win     s/trade   caixa min
------------------------------------------------------------------------------------------------------------------------------------------------------------------------------------------------------------------------------------------
OOS 3.000 alvo 100% - tp NATIV   133,6%     4.007,50   -33,6%    1.152,40     3,48  56,7%     97      72,86     1,8       7.007,50      55        100%   tp NATIVO        7,2%       56,7%      44,80% [46,8;66,1]        0/55    2.110,20  desliz.alvo 1,0t fila NAO CALIBRADA
OOS 3.000 alvo 100% - limite f   140,2%     4.206,20   -33,6%    1.152,40     3,65  56,2%     96      76,48     1,7       7.206,20      55        100%limite fila 0,00x        6,2%       57,3%      43,64% [46,3;65,7]        0/55    2.110,20  desliz.alvo 1,0t fila NAO CALIBRADA
OOS 3.000 alvo 100% - limite f   140,2%     4.206,20   -33,6%    1.152,40     3,65  56,2%     96      76,48     1,7       7.206,20      55        100%limite fila 0,10x        6,2%       57,3%      43,64% [46,3;65,7]        0/55    2.110,20  desliz.alvo 1,0t fila 0/2.496 (nao calibrada)
OOS 3.000 alvo 100% - limite f   140,2%     4.206,20   -33,6%    1.152,40     3,65  56,2%     96      76,48     1,7       7.206,20      55        100%limite fila 0,25x        6,2%       57,3%      43,64% [46,3;65,7]        0/55    2.110,20  desliz.alvo 1,0t fila 0/6.240 (nao calibrada)
OOS 3.000 alvo 100% - limite f   140,2%     4.206,20   -33,6%    1.152,40     3,65  56,2%     96      76,48     1,7       7.206,20      55        100%limite fila 0,50x        6,2%       57,3%      43,64% [46,3;65,7]        0/55    2.110,20  desliz.alvo 1,0t fila 0/12.481 (nao calibrada)
OOS 3.000 alvo 100% - limite f   140,2%     4.207,20   -33,6%    1.152,40     3,65  56,2%     96      76,49     1,7       7.207,20      55        100%limite fila 1,00x        6,2%       57,3%      43,64% [46,3;65,7]        0/55    2.110,20  desliz.alvo 1,0t fila 0/24.962 (nao calibrada)
OOS 3.000 alvo 100% - limite f   141,1%     4.233,90   -33,6%    1.152,40     3,67  57,3%     96      76,98     1,7       7.233,90      55        100%limite fila 2,00x        6,2%       57,3%      44,57% [47,3;66,7]        0/55    2.110,20  desliz.alvo 1,0t fila 0/49.924 (nao calibrada)
OOS 3.000 alvo 50% - tp NATIVO   164,0%     4.920,90   -20,9%      860,10     5,72  56,6%    136      89,47     2,5       7.920,90      55         50%   tp NATIVO       22,8%       39,7%      44,38% [48,2;64,7]        0/55    2.915,20  desliz.alvo 1,0t fila NAO CALIBRADA
OOS 3.000 alvo 50% - limite fi   175,1%     5.254,30   -17,1%      931,50     5,64  60,9%    133      95,53     2,4       8.254,30      55         50%limite fila 0,00x       20,3%       39,1%      48,08% [52,4;68,8]        0/55    2.915,20  desliz.alvo 1,0t fila NAO CALIBRADA
OOS 3.000 alvo 50% - limite fi   175,9%     5.276,70   -17,1%      931,50     5,66  60,9%    133      95,94     2,4       8.276,70      55         50%limite fila 0,10x       19,5%       39,8%      48,04% [52,4;68,8]        0/55    2.915,20  desliz.alvo 1,0t fila 0/2.496 (nao calibrada)
OOS 3.000 alvo 50% - limite fi   175,9%     5.277,10   -17,1%      931,50     5,67  60,9%    133      95,95     2,4       8.277,10      55         50%limite fila 0,25x       19,5%       39,8%      48,04% [52,4;68,8]        0/55    2.915,20  desliz.alvo 1,0t fila 0/6.240 (nao calibrada)
OOS 3.000 alvo 50% - limite fi   176,7%     5.299,50   -17,1%      931,50     5,69  60,6%    132      96,35     2,4       8.299,50      55         50%limite fila 0,50x       18,9%       40,2%      47,69% [52,1;68,5]        0/55    2.915,20  desliz.alvo 1,0t fila 0/12.481 (nao calibrada)
OOS 3.000 alvo 50% - limite fi   177,1%     5.314,10   -17,1%      931,50     5,70  60,6%    132      96,62     2,4       8.314,10      55         50%limite fila 1,00x       18,2%       40,9%      47,66% [52,1;68,5]        0/55    2.915,20  desliz.alvo 1,0t fila 0/24.962 (nao calibrada)
OOS 3.000 alvo 50% - limite fi   177,3%     5.319,70   -17,1%      931,50     5,71  60,3%    131      96,72     2,4       8.319,70      55         50%limite fila 2,00x       17,6%       41,2%      47,33% [51,7;68,3]        0/55    2.915,20  desliz.alvo 1,0t fila 0/49.924 (nao calibrada)


===== ATE QUE FILA O GANHO SOBREVIVE (capital R$ 3.000) =====
A pergunta e' onde cada alvo PARA de ter veredito. Fila em fracao da
barra M1 mediana; a perna de ENTRADA esta em 0 nas duas colunas.

          fila    alvo 100% IS   alvo 100% OOS     alvo 50% IS    alvo 50% OOS
     tp NATIVO      11.222 POS       4.008 POS       9.900 POS       4.921 POS
   0,00x barra       8.311 POS       4.206 POS       7.351 POS       5.254 POS
   0,10x barra       8.311 POS       4.206 POS       7.351 POS       5.277 POS
   0,25x barra       8.311 POS       4.206 POS       7.350 POS       5.277 POS
   0,50x barra       8.311 POS       4.206 POS       7.349 POS       5.300 POS
   1,00x barra       8.311 POS       4.207 POS       7.581 POS       5.314 POS
   2,00x barra       8.344 POS       4.234 POS       7.429 POS       5.320 POS
