======================================================================================================================
WIN@ retangulo -- a estrategia candidata com deteccao em W=20
======================================================================================================================
*** SOMENTE IS: 129 pregoes (< 2026-06-13). O OOS NAO e' lido. ***
geometria FIXA no candidato: modo centro, alvo 0,8xL, stop 0,5xL, 1 contrato, capital R$ 3.000

medindo a distribuicao de largura do W=20 no IS (para o piso ser o terco
superior DELE, nao o do W=30)...
  861 retangulos W=20 no IS | largura: p33 204 · mediana 257 · p67 328 pontos
  (no W=30 o terco superior comecava em 401 pontos)

26 variantes, IS apenas...

  ... 8/26
  ... 16/26
  ... 24/26

======================================================================================================================
RESULTADO NO IS -- W=20 contra a referencia W=30
======================================================================================================================
  variante                                      liquido  trades  trd/dia   win%   pts/op  preg+  bl20+   top5   BEemp%    sem_tr
  ------------------------------------------------------------------------------------------------------------------------------
  W20 todos  repete     ate 30   + 0b            726,90    1135     8,80   40,6     3,20    52%    60%    25%    39,7%     0/129
  W20 todos  repete     ate 30   +10b            457,20    1222     9,47   40,3     1,87    53%    63%    26%    39,8%     0/129
  W20 todos  repete     ate 50   + 0b            848,20    1208     9,36   40,7     3,51    53%    58%    26%    39,8%     0/129
  W20 todos  repete     ate 50   +10b            331,80    1324    10,26   40,2     1,25    50%    55%    25%    39,8%     0/129
  W20 todos  repete     ate None + 0b          1.152,70    1241     9,62   41,0     4,64    53%    71%    24%    39,8%     0/129
  W20 todos  repete     ate None +10b            604,00    1360    10,54   40,3     2,22    49%    66%    26%    39,7%     0/129
  W20 todos  1 por ret. ate 30   + 0b            -71,80     668     5,18   40,6    -0,54    47%    49%    24%    40,7%     0/129
  W20 todos  1 por ret. ate 30   +10b           -439,30     687     5,33   39,6    -3,20    47%    44%    26%    40,4%     0/129
  W20 todos  1 por ret. ate 50   + 0b           -102,30     669     5,19   40,5    -0,76    47%    47%    24%    40,7%     0/129
  W20 todos  1 por ret. ate 50   +10b           -469,80     688     5,33   39,5    -3,41    47%    43%    26%    40,4%     0/129
  W20 todos  1 por ret. ate None + 0b           -102,30     669     5,19   40,5    -0,76    47%    47%    24%    40,7%     0/129
  W20 todos  1 por ret. ate None +10b           -469,80     688     5,33   39,5    -3,41    47%    43%    26%    40,4%     0/129
  W20 largos repete     ate 30   + 0b          2.456,60     370     2,87   45,7    33,20    58%    77%    27%    40,0%    33/129
  W20 largos repete     ate 30   +10b          2.140,50     395     3,06   44,6    27,09    61%    77%    29%    39,9%    32/129
  W20 largos repete     ate 50   + 0b          2.680,10     393     3,05   45,8    34,10    56%    77%    29%    40,0%    33/129
  W20 largos repete     ate 50   +10b          2.244,50     431     3,34   44,3    26,04    59%    77%    28%    39,9%    32/129
  W20 largos repete     ate None + 0b          2.834,10     403     3,12   45,7    35,16    56%    79%    28%    39,7%    33/129
  W20 largos repete     ate None +10b          2.410,00     446     3,46   44,2    27,02    59%    78%    30%    39,6%    32/129
  W20 largos 1 por ret. ate 30   + 0b            535,90     231     1,79   42,4    11,60    47%    55%    29%    40,4%    33/129
  W20 largos 1 por ret. ate 30   +10b            251,80     238     1,84   40,8     5,29    47%    55%    30%    39,9%    32/129
  W20 largos 1 por ret. ate 50   + 0b            535,90     231     1,79   42,4    11,60    47%    55%    29%    40,4%    33/129
  W20 largos 1 por ret. ate 50   +10b            251,80     238     1,84   40,8     5,29    47%    55%    30%    39,9%    32/129
  W20 largos 1 por ret. ate None + 0b            535,90     231     1,79   42,4    11,60    47%    55%    29%    40,4%    33/129
  W20 largos 1 por ret. ate None +10b            251,80     238     1,84   40,8     5,29    47%    55%    30%    39,9%    32/129
  W30 todos  repete     ate 50   +10b (ref)      800,30     765     5,93   41,3     5,23    53%    61%    24%    40,1%     0/129
  W30 largos repete     ate 50   +10b (ref)    1.396,90     197     1,53   46,2    35,45    56%    67%    30%    41,1%    51/129

*** OOS intocado. ***

FIM.
