existe versao do copa_win com CAPITAL R$ 300 e ACERTO >= 90%?   rodada FINO
16 geometrias x 2 janelas x 2 caixa(s) = 64 celulas   (producao a7,6 s12 incluida como referencia)
caixa(s): R$300, R$3.000
lembrete aritmetico: acerto >= 90% exige stop ~9x alvo, e nessa geometria
o breakeven tambem fica em ~90% -- as duas colunas tem de ser lidas juntas.

[  1/64] IS  a0,15 s20 R$300       win 100,0%  liq       69,90  POSITIVO     s/trade 127/129  ZEROU  (0s)
[  2/64] IS  a0,15 s30 R$300       win 100,0%  liq       69,90  POSITIVO     s/trade 127/129  ZEROU  (0s)
[  3/64] IS  a0,08 s30 R$300       win  81,2%  liq     -205,60  indefinido   s/trade 121/129  (11s)
[  4/64] IS  a0,08 s20 R$3.000     win  88,2%  liq     -589,70  indefinido   (11s)
[  5/64] IS  a0,08 s12 R$300       win  79,7%  liq     -229,20  indefinido   s/trade 121/129  (11s)
[  6/64] IS  a0,08 s30 R$3.000     win  88,2%  liq     -366,90  indefinido   (11s)
[  7/64] IS  a0,15 s12 R$3.000     win  83,6%  liq   -2.904,30  NEGATIVO     s/trade 64/129  (11s)
[  8/64] IS  a0,08 s20 R$300       win  81,2%  liq     -205,60  indefinido   s/trade 121/129  (12s)
[  9/64] IS  a0,25 s20 R$300       win 100,0%  liq       83,30  POSITIVO     s/trade 127/129  ZEROU  (0s)
[ 10/64] IS  a0,15 s12 R$300       win  91,7%  liq     -233,60  indefinido   s/trade 127/129  (11s)
[ 11/64] IS  a0,08 s12 R$3.000     win  87,5%  liq     -676,20  indefinido   (12s)
[ 12/64] IS  a0,25 s30 R$300       win 100,0%  liq       83,30  POSITIVO     s/trade 127/129  ZEROU  (0s)
[ 13/64] IS  a0,15 s20 R$3.000     win  86,6%  liq     -667,90  indefinido   (12s)
[ 14/64] IS  a0,40 s20 R$300       win 100,0%  liq      117,70  POSITIVO     s/trade 127/129  ZEROU  (0s)
[ 15/64] IS  a0,15 s30 R$3.000     win  86,6%  liq     -506,10  indefinido   (12s)
[ 16/64] IS  a0,40 s30 R$300       win 100,0%  liq      117,70  POSITIVO     s/trade 127/129  ZEROU  (0s)
[ 17/64] IS  a0,25 s12 R$3.000     win  84,4%  liq   -1.868,50  indefinido   (12s)
[ 18/64] IS  a0,25 s12 R$300       win  91,7%  liq     -220,20  indefinido   s/trade 127/129  (12s)
[ 19/64] IS  a0,60 s12 R$300       win  80,0%  liq     -311,00  indefinido   s/trade 127/129  ZEROU  (0s)
[ 20/64] IS  a0,60 s20 R$300       win  88,9%  liq       -7,50  indefinido   s/trade 127/129  ZEROU  (0s)
[ 21/64] IS  a0,60 s30 R$300       win  88,9%  liq       -7,50  indefinido   s/trade 127/129  ZEROU  (0s)
[ 22/64] IS  a7,60 s12 R$300       win  66,7%  liq      160,00  indefinido   s/trade 124/129  ZEROU  (1s)
[ 23/64] OOS a0,08 s12 R$300       win  87,2%  liq    1.961,90  POSITIVO     (6s)
[ 24/64] IS  a0,40 s12 R$300       win  83,1%  liq     -209,70  indefinido   s/trade 90/129  (12s)
[ 25/64] IS  a0,25 s20 R$3.000     win  85,5%  liq     -763,40  indefinido   (12s)
[ 26/64] OOS a0,08 s12 R$3.000     win  87,2%  liq    1.961,90  POSITIVO     (8s)
[ 27/64] IS  a0,40 s30 R$3.000     win  84,2%  liq     -960,40  indefinido   (12s)
[ 28/64] IS  a0,25 s30 R$3.000     win  85,4%  liq     -612,40  indefinido   (13s)
[ 29/64] IS  a0,40 s12 R$3.000     win  83,1%  liq   -2.888,80  indefinido   s/trade 9/129  ZEROU  (13s)
[ 30/64] IS  a0,40 s20 R$3.000     win  83,8%  liq   -1.254,80  indefinido   (13s)
[ 31/64] OOS a0,08 s20 R$300       win  88,6%  liq    2.235,60  POSITIVO     (5s)
[ 32/64] IS  a0,60 s20 R$3.000     win  80,6%  liq      187,20  indefinido   (14s)
[ 33/64] IS  a0,60 s30 R$3.000     win  81,0%  liq      240,30  indefinido   (14s)
[ 34/64] IS  a7,60 s12 R$3.000     win  57,0%  liq    9.789,50  POSITIVO     (14s)
[ 35/64] OOS a0,25 s12 R$300       win 100,0%  liq      100,00  POSITIVO     s/trade 61/62  ZEROU  (0s)
[ 36/64] IS  a0,60 s12 R$3.000     win  80,3%  liq     -984,40  indefinido   (16s)
[ 37/64] OOS a0,25 s20 R$300       win 100,0%  liq      100,00  POSITIVO     s/trade 61/62  ZEROU  (0s)
[ 38/64] OOS a0,08 s30 R$300       win  88,6%  liq    2.270,70  POSITIVO     (6s)
[ 39/64] OOS a0,08 s20 R$3.000     win  88,6%  liq    2.235,60  POSITIVO     (6s)
[ 40/64] OOS a0,25 s30 R$300       win 100,0%  liq      100,00  POSITIVO     s/trade 61/62  ZEROU  (0s)
[ 41/64] OOS a0,40 s12 R$300       win  83,3%  liq     -334,20  indefinido   s/trade 61/62  ZEROU  (0s)
[ 42/64] OOS a0,40 s20 R$300       win 100,0%  liq      118,30  POSITIVO     s/trade 61/62  ZEROU  (0s)
[ 43/64] OOS a0,15 s12 R$300       win  86,6%  liq    2.434,60  POSITIVO     (6s)
[ 44/64] OOS a0,40 s30 R$300       win 100,0%  liq      118,30  POSITIVO     s/trade 61/62  ZEROU  (0s)
[ 45/64] OOS a0,15 s20 R$300       win  88,4%  liq    2.833,20  POSITIVO     (6s)
[ 46/64] OOS a0,08 s30 R$3.000     win  88,6%  liq    2.270,70  POSITIVO     (7s)
[ 47/64] OOS a0,15 s30 R$300       win  88,4%  liq    2.868,30  POSITIVO     (6s)
[ 48/64] OOS a0,15 s20 R$3.000     win  88,4%  liq    2.833,20  POSITIVO     (6s)
[ 49/64] OOS a0,60 s20 R$300       win 100,0%  liq      181,10  POSITIVO     s/trade 61/62  ZEROU  (0s)
[ 50/64] OOS a0,15 s12 R$3.000     win  86,6%  liq    2.434,60  POSITIVO     (7s)
[ 51/64] OOS a0,60 s30 R$300       win 100,0%  liq      181,10  POSITIVO     s/trade 61/62  ZEROU  (0s)
[ 52/64] OOS a0,15 s30 R$3.000     win  88,4%  liq    2.868,30  POSITIVO     (7s)
[ 53/64] OOS a0,25 s30 R$3.000     win  87,4%  liq    2.397,10  POSITIVO     (6s)
[ 54/64] OOS a0,40 s12 R$3.000     win  82,8%  liq    1.980,40  POSITIVO     (6s)
[ 55/64] OOS a0,25 s12 R$3.000     win  85,6%  liq    2.640,40  POSITIVO     (7s)
[ 56/64] OOS a0,25 s20 R$3.000     win  87,5%  liq    2.413,60  POSITIVO     (7s)
[ 57/64] OOS a0,40 s30 R$3.000     win  84,5%  liq      414,10  indefinido   (6s)
[ 58/64] OOS a0,60 s12 R$300       win  70,0%  liq     -201,40  indefinido   s/trade 57/62  (6s)
[ 59/64] OOS a0,40 s20 R$3.000     win  85,3%  liq      740,40  indefinido   (7s)
[ 60/64] OOS a0,60 s12 R$3.000     win  80,7%  liq    1.225,70  indefinido   (6s)
[ 61/64] OOS a0,60 s20 R$3.000     win  82,9%  liq      174,20  indefinido   (6s)
[ 62/64] OOS a7,60 s12 R$300       win  50,0%  liq     -289,00  indefinido   s/trade 61/62  (5s)
[ 63/64] OOS a0,60 s30 R$3.000     win  82,5%  liq     -199,70  indefinido   (6s)
[ 64/64] OOS a7,60 s12 R$3.000     win  54,8%  liq    3.206,00  indefinido   (5s)


===== IS -- ordenado por taxa de ACERTO (o que o dono pediu) =====
alvo/stop/caixa          win%       IC95%  BE emp  BEnom     liquido   opscaixa min alvo tk  alvo R$  stop R$    veredito
-------------------------------------------------------------------------------------------------------------------------
a0,15 s20 R$300        100,0%    [74;100]    0,0%    99%       69,90    11       -6     3,2      3,2    433,2    POSITIVO  s/trade 127/129  ZEROU
a0,15 s30 R$300        100,0%    [74;100]    0,0%   100%       69,90    11       -6     3,2      3,2    649,8    POSITIVO  s/trade 127/129  ZEROU
a0,25 s20 R$300        100,0%    [74;100]    0,0%    99%       83,30    11      -12     5,4      5,4    433,2    POSITIVO  s/trade 127/129  ZEROU
a0,25 s30 R$300        100,0%    [74;100]    0,0%    99%       83,30    11      -12     5,4      5,4    649,8    POSITIVO  s/trade 127/129  ZEROU
a0,40 s20 R$300        100,0%    [74;100]    0,0%    98%      117,70    11       -1     8,4      8,4    419,0    POSITIVO  s/trade 127/129  ZEROU
a0,40 s30 R$300        100,0%    [74;100]    0,0%    99%      117,70    11       -1     8,4      8,4    628,5    POSITIVO  s/trade 127/129  ZEROU
a0,15 s12 R$300         91,7%     [65;99]   97,9%    99%     -233,60    12       66     5,1      5,1    405,0  indefinido  s/trade 127/129
a0,25 s12 R$300         91,7%     [65;99]   97,6%    98%     -220,20    12       80     8,4      8,4    405,0  indefinido  s/trade 127/129
a0,60 s20 R$300         88,9%     [57;98]   89,6%    97%       -7,50     9       -6    12,6     12,6    419,0  indefinido  s/trade 127/129  ZEROU
a0,60 s30 R$300         88,9%     [57;98]   89,6%    98%       -7,50     9       -6    12,6     12,6    628,5  indefinido  s/trade 127/129  ZEROU
a0,08 s30 R$3.000       88,2%     [86;90]   88,4%   100%     -366,90  1031    1.384     2,7      2,7  1.001,7  indefinido
a0,08 s20 R$3.000       88,2%     [86;90]   88,6%   100%     -589,70  1039    1.161     2,7      2,7    666,0  indefinido
a0,08 s12 R$3.000       87,5%     [85;89]   88,0%    99%     -676,20  1042    1.131     2,7      2,7    400,6  indefinido
a0,15 s20 R$3.000       86,6%     [84;89]   87,1%    99%     -667,90  1033      280     5,0      5,0    666,0  indefinido
a0,15 s30 R$3.000       86,6%     [84;89]   87,0%   100%     -506,10  1023      441     5,0      5,0  1.004,4  indefinido
a0,25 s20 R$3.000       85,5%     [83;88]   86,1%    99%     -763,40  1020    1.273     8,3      8,3    663,2  indefinido
a0,25 s30 R$3.000       85,4%     [83;87]   85,9%    99%     -612,40  1010    1.424     8,3      8,3    997,8  indefinido
a0,25 s12 R$3.000       84,4%     [82;87]   85,8%    98%   -1.868,50  1035      168     8,3      8,3    397,9  indefinido
a0,40 s30 R$3.000       84,2%     [82;86]   84,9%    99%     -960,40   986    1.031    13,1     13,1    982,2  indefinido
a0,40 s20 R$3.000       83,8%     [81;86]   84,7%    98%   -1.254,80   994      737    13,1     13,1    654,4  indefinido
a0,15 s12 R$3.000       83,6%     [80;86]   87,9%    99%   -2.904,30   535       96     5,1      5,1    405,7    NEGATIVO  s/trade 64/129
a0,40 s12 R$300         83,1%     [78;87]   83,7%    97%     -209,70   307       90    13,5     13,5    404,6  indefinido  s/trade 90/129
a0,40 s12 R$3.000       83,1%     [81;85]   85,2%    97%   -2.888,80   944      -61    13,0     13,0    389,3  indefinido  s/trade 9/129  ZEROU
a0,08 s30 R$300         81,2%     [70;89]   84,9%   100%     -205,60    64       94     2,7      2,7  1.011,0  indefinido  s/trade 121/129
a0,08 s20 R$300         81,2%     [70;89]   84,9%   100%     -205,60    64       94     2,7      2,7    674,0  indefinido  s/trade 121/129
a0,60 s30 R$3.000       81,0%     [78;83]   80,8%    98%      240,30   927    2.021    19,4     19,4    969,0  indefinido
a0,60 s20 R$3.000       80,6%     [78;83]   80,4%    97%      187,20   932    1.970    19,4     19,4    645,4  indefinido
a0,60 s12 R$3.000       80,3%     [78;83]   81,1%    95%     -984,40   972    1.214    19,4     19,4    387,6  indefinido
a0,60 s12 R$300         80,0%     [49;94]   94,3%    95%     -311,00    10      -11    12,9     12,9    257,8  indefinido  s/trade 127/129  ZEROU
a0,08 s12 R$300         79,7%     [68;88]   84,0%    99%     -229,20    64       71     2,7      2,7    404,4  indefinido  s/trade 121/129
a7,60 s12 R$300         66,7%     [39;86]   61,9%    61%      160,00    12      -22   132,4    132,4    209,0  indefinido  s/trade 124/129  ZEROU   <== PRODUCAO
a7,60 s12 R$3.000       57,0%     [52;62]   49,1%    61%    9.789,50   344    2.312   230,9    230,9    364,6    POSITIVO   <== PRODUCAO


===== OOS -- ordenado por taxa de ACERTO (o que o dono pediu) =====
alvo/stop/caixa          win%       IC95%  BE emp  BEnom     liquido   opscaixa min alvo tk  alvo R$  stop R$    veredito
-------------------------------------------------------------------------------------------------------------------------
a0,25 s12 R$300        100,0%    [61;100]    0,0%    98%      100,00     6       -5     8,0      8,0    385,8    POSITIVO  s/trade 61/62  ZEROU
a0,25 s20 R$300        100,0%    [61;100]    0,0%    99%      100,00     6       -5     8,0      8,0    643,0    POSITIVO  s/trade 61/62  ZEROU
a0,25 s30 R$300        100,0%    [61;100]    0,0%    99%      100,00     6       -5     8,0      8,0    964,5    POSITIVO  s/trade 61/62  ZEROU
a0,40 s20 R$300        100,0%    [57;100]    0,0%    98%      118,30     5      -20    11,1     11,1    553,6    POSITIVO  s/trade 61/62  ZEROU
a0,40 s30 R$300        100,0%    [57;100]    0,0%    99%      118,30     5      -20    11,1     11,1    830,4    POSITIVO  s/trade 61/62  ZEROU
a0,60 s20 R$300        100,0%    [70;100]    0,0%    97%      181,10     9       -0    14,7     14,7    491,2    POSITIVO  s/trade 61/62  ZEROU
a0,60 s30 R$300        100,0%    [70;100]    0,0%    98%      181,10     9       -0    14,7     14,7    736,8    POSITIVO  s/trade 61/62  ZEROU
a0,08 s20 R$300         88,6%     [85;91]   84,0%   100%    2.235,60   484      246     2,6      2,6    646,4    POSITIVO
a0,08 s20 R$3.000       88,6%     [85;91]   84,0%   100%    2.235,60   484    2.946     2,6      2,6    646,4    POSITIVO
a0,08 s30 R$300         88,6%     [85;91]   83,9%   100%    2.270,70   483      246     2,6      2,6    969,3    POSITIVO
a0,08 s30 R$3.000       88,6%     [85;91]   83,9%   100%    2.270,70   483    2.946     2,6      2,6    969,3    POSITIVO
a0,15 s20 R$300         88,4%     [85;91]   82,5%    99%    2.833,20   482      270     4,9      4,9    646,8    POSITIVO
a0,15 s20 R$3.000       88,4%     [85;91]   82,5%    99%    2.833,20   482    2.970     4,9      4,9    646,8    POSITIVO
a0,15 s30 R$300         88,4%     [85;91]   82,4%   100%    2.868,30   481      270     4,8      4,8    969,9    POSITIVO
a0,15 s30 R$3.000       88,4%     [85;91]   82,4%   100%    2.868,30   481    2.970     4,8      4,8    969,9    POSITIVO
a0,25 s20 R$3.000       87,5%     [84;90]   83,1%    99%    2.413,60   480    2.223     8,1      8,1    649,0    POSITIVO
a0,25 s30 R$3.000       87,4%     [84;90]   83,1%    99%    2.397,10   477    2.176     8,1      8,1    976,2    POSITIVO
a0,08 s12 R$300         87,2%     [84;90]   83,0%    99%    1.961,90   485      246     2,6      2,6    387,8    POSITIVO
a0,08 s12 R$3.000       87,2%     [84;90]   83,0%    99%    1.961,90   485    2.946     2,6      2,6    387,8    POSITIVO
a0,15 s12 R$300         86,6%     [83;89]   81,3%    99%    2.434,60   486      270     4,8      4,8    387,8    POSITIVO
a0,15 s12 R$3.000       86,6%     [83;89]   81,3%    99%    2.434,60   486    2.970     4,8      4,8    387,8    POSITIVO
a0,25 s12 R$3.000       85,6%     [82;88]   80,1%    98%    2.640,40   486    2.520     8,1      8,1    387,1    POSITIVO
a0,40 s20 R$3.000       85,3%     [82;88]   84,1%    98%      740,40   468    2.317    12,7     12,7    632,6  indefinido
a0,40 s30 R$3.000       84,5%     [81;88]   83,9%    99%      414,10   465    2.281    12,7     12,7    950,1  indefinido
a0,40 s12 R$300         83,3%     [44;97]   95,0%    97%     -334,20     6      -34     9,6      9,6    289,0  indefinido  s/trade 61/62  ZEROU
a0,60 s20 R$3.000       82,9%     [79;86]   82,6%    97%      174,20   450    2.372    17,9     17,9    597,2  indefinido
a0,40 s12 R$3.000       82,8%     [79;86]   79,0%    97%    1.980,40   478    2.620    12,6     12,6    379,1    POSITIVO
a0,60 s30 R$3.000       82,5%     [79;86]   82,8%    98%     -199,70   445    2.186    18,1     18,2    907,5  indefinido
a0,60 s12 R$3.000       80,7%     [77;84]   78,5%    95%    1.225,70   471    2.295    17,8     17,8    356,2  indefinido
a0,60 s12 R$300         70,0%     [55;82]   74,9%    95%     -201,40    40       29    19,7     19,7    394,3  indefinido  s/trade 57/62
a7,60 s12 R$3.000       54,8%     [47;62]   48,5%    61%    3.206,00   166    2.411   197,6    197,6    312,0  indefinido   <== PRODUCAO
a7,60 s12 R$300         50,0%      [9;91]   74,2%    61%     -289,00     2       11   251,0    251,0    396,2  indefinido  s/trade 61/62   <== PRODUCAO


===== RESPOSTA: celulas que cumprem AS DUAS condicoes =====
criterio: caixa R$300, win% >= 90%, liquido > 0, alvo >= 2 ticks reais, janela NAO censurada (0 pregoes sem trade)
  NENHUMA. Ver as tabelas acima -- a coluna que explica por que
  esta no `s/trade` (censura pelo caixa) ou no `BE emp` (acerto alto que
  nao paga, porque o breakeven subiu junto).
