horizonte FIXO de 40 pregoes, capital R$ 3.000, stop_vol 12,0 e trail DESLIGADO em todas
191 pregoes na base (2025-12-01 a 2026-09-10)
4 alvos x 3 riscos x 76 datas de inicio = 912 simulacoes
producao = alvo 9,5 / risco 5%

  100/912
  200/912
  300/912
  400/912
  500/912
  600/912
  700/912
  800/912
  900/912


===== CADA CELULA VISTA DE TODAS AS DATAS DE INICIO =====
  alvo   risco  inicios  POSITIVAS  morreram  liq mediano    pior liq  melhor liq    p25 liq  MaxDD mediano  preg+ mediano  ops medianas
----------------------------------------------------------------------------------------------------------------------------------------
  6,65      1%       76      71,1%         1     1.506,60   -2.862,00    4.528,40    -180,57       1.577,15            55%           116
  6,65      2%       76      71,1%         1     1.506,60   -2.862,00    4.528,40    -180,57       1.577,15            55%           116
  6,65      5%       76      71,1%         1     1.597,65   -2.862,00    4.510,90    -180,57       1.596,30            55%           116
  7,60      1%       76     100,0%         0     2.941,70      883,80    6.092,00   2.407,75       1.664,00            60%           105
  7,60      2%       76     100,0%         0     2.941,70      883,80    6.092,00   2.407,75       1.664,00            60%           105
  7,60      5%       76     100,0%         0     2.923,45      889,00    6.078,70   2.407,75       1.664,00            60%           105
  8,55      1%       76     100,0%         0     2.846,30      302,90    5.961,10   1.826,90       1.707,50            61%           102
  8,55      2%       76     100,0%         0     2.846,30      302,90    5.961,10   1.826,90       1.707,50            61%           102
  8,55      5%       76     100,0%         0     2.787,35      302,90    5.853,40   1.780,83       1.707,50            60%           102
  9,50      1%       76      89,5%         0     2.751,70     -888,40    5.802,50   1.807,03       1.702,85            60%            96
  9,50      2%       76      89,5%         0     2.751,70     -888,40    5.802,50   1.807,03       1.702,85            60%            96
  9,50      5%       76      89,5%         0     2.812,45     -888,40    5.910,30   1.805,75       1.702,40            60%            96   <== PRODUCAO


===== ORDENADO POR 'FRACAO DE DATAS DE INICIO POSITIVAS' (a pergunta do dono) =====
  alvo  risco   positivas   liq mediano     pior liq      p25 liq   MaxDD med
  7,60     1%      100,0%      2.941,70       883,80     2.407,75    1.664,00
  7,60     2%      100,0%      2.941,70       883,80     2.407,75    1.664,00
  7,60     5%      100,0%      2.923,45       889,00     2.407,75    1.664,00
  8,55     1%      100,0%      2.846,30       302,90     1.826,90    1.707,50
  8,55     2%      100,0%      2.846,30       302,90     1.826,90    1.707,50
  8,55     5%      100,0%      2.787,35       302,90     1.780,83    1.707,50
  9,50     5%       89,5%      2.812,45      -888,40     1.805,75    1.702,40   <== PRODUCAO
  9,50     1%       89,5%      2.751,70      -888,40     1.807,03    1.702,85
  9,50     2%       89,5%      2.751,70      -888,40     1.807,03    1.702,85
  6,65     5%       71,1%      1.597,65    -2.862,00      -180,57    1.596,30
  6,65     1%       71,1%      1.506,60    -2.862,00      -180,57    1.577,15
  6,65     2%       71,1%      1.506,60    -2.862,00      -180,57    1.577,15


===== O MAPA: fracao de datas de inicio POSITIVAS =====
alvo \ risco          1%        2%        5%
6,65               71,1%     71,1%     71,1%
7,60              100,0%    100,0%    100,0%
8,55              100,0%    100,0%    100,0%
9,50               89,5%     89,5%     89,5%

===== O MAPA: liquido MEDIANO por data de inicio (R$) =====
alvo \ risco           1%         2%         5%
6,65                1.507      1.507      1.598
7,60                2.942      2.942      2.923
8,55                2.846      2.846      2.787
9,50                2.752      2.752      2.812
