config de PRODUCAO, horizonte FIXO de 40 pregoes
191 pregoes na base (2025-12-01 a 2026-09-10)
76 datas de inicio x 6 capitais = 456 simulacoes

  50/456
  100/456
  150/456
  200/456
  250/456
  300/456
  350/456
  400/456
  450/456

SOBREVIVENCIA POR DATA DE INICIO
  capital  inicios  morreram  (zerou / calou)     SOBREVIVEM  liquido mediano  pior liquido
-------------------------------------------------------------------------------------------
      600       76        44  (31 / 13)                42,1%          -314,80       -565,70
    1.000       76        30  (17 / 13)                60,5%         1.410,95     -1.020,90
    1.500       76        10  (7 / 3)                  86,8%         2.722,00     -1.445,30
    2.000       76         5  (4 / 1)                  93,4%         2.722,00     -1.902,50
    3.000       76         0  (0 / 0)                 100,0%         2.812,45       -888,40
    5.000       76         0  (0 / 0)                 100,0%         3.022,35       -798,50

AS DATAS DE INICIO QUE MATAM, por capital (as 6 primeiras):
  R$      600  44 datas: 2025-12-09, 2025-12-11, 2025-12-15, 2025-12-17, 2025-12-29, 2026-01-02 ...
  R$    1.000  30 datas: 2025-12-15, 2026-01-02, 2026-01-12, 2026-01-14, 2026-01-16, 2026-01-20 ...
  R$    1.500  10 datas: 2026-01-16, 2026-01-20, 2026-01-22, 2026-01-26, 2026-01-30, 2026-02-03 ...
  R$    2.000  5 datas: 2026-01-30, 2026-02-03, 2026-02-05, 2026-02-09, 2026-02-11
  R$    3.000  nenhuma
  R$    5.000  nenhuma
