========================================================================================================
WIN@ retangulo -- o VOLUME confirma a zona de lateralizacao?
========================================================================================================
*** SOMENTE IS: 129 pregoes (< 2026-06-13). O OOS NAO e' lido. ***
deteccao em W=20 (a escolha do dono) | entrada candidata: limite no centro,
alvo 0,80xL, stop 0,50xL, custo 7,5 pontos descontado

  ... 30/129
  ... 60/129
  ... 90/129
  ... 120/129

861 retangulos W=20 no IS | 630 com entrada preenchida | 42.7% viraram retangulo W30 no mesmo lugar

========================================================================================================
DESCRITIVO -- como o volume se comporta na formacao da zona
========================================================================================================
  feature                  p10       p25   mediana       p75       p90
  contracao_vol          0,614     0,717     0,846     0,986     1,178
  razao_dia              0,379     0,482     0,599     0,806     1,000
  tendencia_vol          0,492     0,609     0,754     0,940     1,166
  vol_por_ponto         65,851    86,813   103,497   121,046   137,429

  contracao_vol < 1 = o volume MINGUOU formando a zona (a tese classica).

========================================================================================================
(A) O VOLUME CONFIRMA? -- fracao que virou retangulo W30 no mesmo lugar, por terco
    (a taxa media do W=20 e' o numero a bater; sem separacao, feature morta)
========================================================================================================

  --- contracao_vol  (cortes 0,756 / 0,934) ---
  faixa           nfracao que virou     desvio
  1-baixo       287           0,453       0,50
  2-medio       287           0,397       0,49
  3-alto        287           0,432       0,50

  --- razao_dia  (cortes 0,522 / 0,730) ---
  faixa           nfracao que virou     desvio
  1-baixo       287           0,387       0,49
  2-medio       287           0,481       0,50
  3-alto        287           0,415       0,49

  --- tendencia_vol  (cortes 0,660 / 0,867) ---
  faixa           nfracao que virou     desvio
  1-baixo       287           0,460       0,50
  2-medio       287           0,401       0,49
  3-alto        287           0,422       0,49

  --- vol_por_ponto  (cortes 93,724 / 115,701) ---
  faixa           nfracao que virou     desvio
  1-baixo       287           0,369       0,48
  2-medio       287           0,432       0,50
  3-alto        287           0,481       0,50

========================================================================================================
(B) O VOLUME SELECIONA O QUE PAGA? -- pontos liquidos por operacao, por terco
========================================================================================================

  --- contracao_vol  (cortes 0,749 / 0,924) ---
  faixa           n  pontos liq./op     desvio
  1-baixo       210           8,086     171,27
  2-medio       210         -16,278     201,78
  3-alto        210           3,146     248,53

  --- razao_dia  (cortes 0,520 / 0,724) ---
  faixa           n  pontos liq./op     desvio
  1-baixo       210           5,371     123,34
  2-medio       210         -10,263     169,65
  3-alto        210          -0,154     296,69

  --- tendencia_vol  (cortes 0,654 / 0,849) ---
  faixa           n  pontos liq./op     desvio
  1-baixo       210          -2,513     192,66
  2-medio       210         -13,744     211,24
  3-alto        210          11,211     223,82

  --- vol_por_ponto  (cortes 94,617 / 116,188) ---
  faixa           n  pontos liq./op     desvio
  1-baixo       210          23,062     244,40
  2-medio       210         -12,116     204,61
  3-alto        210         -15,992     172,10

*** OOS intocado. ***

FIM.
