
=== BITH11 (BTC) — IN-SAMPLE, 8 processo(s) ===
variante                        retorno   liquido R$  MaxDD %    MaxDD R$ lucro/DD   win% trades     R$/dia trd/dia  capital final pregoes
------------------------------------------------------------------------------------------------------------------------------------------
T1 E1 S2                      -1.623,7%    -4.361,15   -16,2%    4.361,15    -1,00  11,0%   5588     -22,14    28,4      -4.092,55     197
T1 E1 S5                      -1.618,3%    -4.346,81   -16,2%    4.346,81    -1,00  12,7%   5542     -22,07    28,1      -4.078,21     197
T1 E1 S34                     -1.538,2%    -4.131,63   -15,4%    4.131,63    -1,00  17,7%   5366     -20,97    27,2      -3.863,03     197
T1 E1 S3                      -1.618,7%    -4.347,84   -16,2%    4.347,84    -1,00  11,6%   5584     -22,07    28,3      -4.079,24     197
T1 E1 S55                     -1.470,1%    -3.948,82   -14,7%    3.948,99    -1,00  18,7%   5251     -20,04    26,7      -3.680,22     197
T1 E1 S8                      -1.618,9%    -4.348,33   -16,2%    4.348,49    -1,00  14,1%   5511     -22,07    28,0      -4.079,73     197
T1 E1 S13                     -1.622,1%    -4.356,98   -16,2%    4.356,98    -1,00  15,7%   5484     -22,12    27,8      -4.088,38     197
T1 E1 S21                     -1.621,0%    -4.354,01   -16,2%    4.354,02    -1,00  16,2%   5451     -22,10    27,7      -4.085,41     197
T1 E1 S144                    -1.249,8%    -3.357,03   -12,5%    3.358,34    -1,00  20,1%   3906     -17,04    19,8      -3.088,43     197
T1 E1 S89                     -1.378,7%    -3.703,17   -13,8%    3.703,17    -1,00  18,9%   4534     -18,80    23,0      -3.434,57     197
T2 E2 S2                      -1.572,1%    -4.222,61   -15,7%    4.222,61    -1,00  11,2%   5587     -21,43    28,4      -3.954,01     197
T2 E2 S5                      -1.571,3%    -4.220,51   -15,7%    4.220,53    -1,00  13,0%   5580     -21,42    28,3      -3.951,91     197
T2 E2 S8                      -1.592,8%    -4.278,27   -15,9%    4.278,32    -1,00  14,0%   5519     -21,72    28,0      -4.009,67     197
T2 E2 S3                      -1.564,2%    -4.201,36   -15,6%    4.201,36    -1,00  12,2%   5578     -21,33    28,3      -3.932,76     197
T2 E2 S13                     -1.561,3%    -4.193,56   -15,6%    4.193,56    -1,00  16,6%   5475     -21,29    27,8      -3.924,96     197
T2 E2 S21                     -1.508,9%    -4.052,84   -15,1%    4.053,10    -1,00  17,7%   5474     -20,57    27,8      -3.784,24     197
T2 E2 S34                     -1.453,3%    -3.903,63   -14,5%    3.903,63    -1,00  19,2%   5350     -19,82    27,2      -3.635,03     197
T2 E2 S55                     -1.383,1%    -3.714,98   -13,9%    3.735,55    -0,99  20,4%   5031     -18,86    25,5      -3.446,38     197
T2 E2 S144                    -1.135,6%    -3.050,10   -11,4%    3.072,00    -0,99  21,7%   3761     -15,48    19,1      -2.781,50     197
T2 E2 S89                     -1.246,5%    -3.347,97   -12,5%    3.368,54    -0,99  21,2%   4339     -16,99    22,0      -3.079,37     197
T3 E3 S5                      -1.534,5%    -4.121,79   -15,3%    4.121,79    -1,00  13,3%   5535     -20,92    28,1      -3.853,19     197
T3 E3 S2                      -1.545,0%    -4.149,90   -15,5%    4.149,90    -1,00  11,9%   5559     -21,07    28,2      -3.881,30     197
T3 E3 S3                      -1.546,0%    -4.152,69   -15,5%    4.152,69    -1,00  12,2%   5578     -21,08    28,3      -3.884,09     197
T3 E3 S8                      -1.538,6%    -4.132,59   -15,4%    4.132,59    -1,00  14,8%   5508     -20,98    28,0      -3.863,99     197
T3 E3 S13                     -1.554,4%    -4.175,22   -15,5%    4.175,22    -1,00  16,8%   5437     -21,19    27,6      -3.906,62     197
T3 E3 S21                     -1.453,8%    -3.904,78   -14,5%    3.904,92    -1,00  18,7%   5345     -19,82    27,1      -3.636,18     197
T3 E3 S34                     -1.397,8%    -3.754,51   -14,0%    3.755,21    -1,00  19,7%   5149     -19,06    26,1      -3.485,91     197
T3 E3 S144                    -1.116,9%    -2.999,95   -11,2%    3.002,50    -1,00  23,4%   3369     -15,23    17,1      -2.731,35     197
T3 E3 S55                     -1.406,9%    -3.778,82   -14,1%    3.778,82    -1,00  21,6%   4868     -19,18    24,7      -3.510,22     197
T3 E3 S89                     -1.221,5%    -3.281,06   -12,2%    3.281,06    -1,00  22,3%   4142     -16,66    21,0      -3.012,46     197
T5 E5 S2                      -1.453,7%    -3.904,56   -14,5%    3.904,56    -1,00  12,5%   5422     -19,82    27,5      -3.635,96     197
T5 E5 S3                      -1.473,3%    -3.957,16   -14,7%    3.957,16    -1,00  13,2%   5436     -20,09    27,6      -3.688,56     197
T5 E5 S5                      -1.474,2%    -3.959,68   -14,7%    3.959,68    -1,00  14,5%   5412     -20,10    27,5      -3.691,08     197
T5 E5 S55                     -1.158,7%    -3.112,20   -11,6%    3.113,96    -1,00  26,7%   4305     -15,80    21,9      -2.843,60     197
T5 E5 S13                     -1.448,3%    -3.890,25   -14,5%    3.890,25    -1,00  19,3%   5237     -19,75    26,6      -3.621,65     197
T5 E5 S8                      -1.446,7%    -3.885,73   -14,5%    3.885,73    -1,00  16,7%   5319     -19,72    27,0      -3.617,13     197
T5 E5 S21                     -1.351,3%    -3.629,70   -13,5%    3.629,70    -1,00  21,8%   5077     -18,42    25,8      -3.361,10     197
T5 E5 S34                     -1.264,7%    -3.396,98   -12,7%    3.397,94    -1,00  25,1%   4712     -17,24    23,9      -3.128,38     197
T5 E5 S144                      -924,7%    -2.483,72    -9,3%    2.486,65    -1,00  28,8%   3047     -12,61    15,5      -2.215,12     197
T5 E5 S89                     -1.050,5%    -2.821,71   -10,5%    2.824,26    -1,00  28,3%   3619     -14,32    18,4      -2.553,11     197
T8 E8 S3                      -1.331,7%    -3.576,94   -13,3%    3.576,94    -1,00  17,7%   5018     -18,16    25,5      -3.308,34     197
T8 E8 S2                      -1.327,7%    -3.566,08   -13,3%    3.566,08    -1,00  15,6%   4993     -18,10    25,3      -3.297,48     197
T8 E8 S5                      -1.321,9%    -3.550,50   -13,2%    3.550,50    -1,00  20,4%   4948     -18,02    25,1      -3.281,90     197
T8 E8 S8                      -1.307,9%    -3.513,13   -13,1%    3.513,23    -1,00  23,7%   4795     -17,83    24,3      -3.244,53     197
T8 E8 S21                     -1.170,8%    -3.144,90   -11,7%    3.146,03    -1,00  33,4%   4306     -15,96    21,9      -2.876,30     197
T8 E8 S34                     -1.098,1%    -2.949,63   -11,0%    2.951,20    -1,00  37,9%   4010     -14,97    20,4      -2.681,03     197
T8 E8 S13                     -1.267,8%    -3.405,29   -12,7%    3.405,87    -1,00  28,5%   4626     -17,29    23,5      -3.136,69     197
T8 E8 S55                       -913,0%    -2.452,29    -9,1%    2.454,73    -1,00  41,1%   3623     -12,45    18,4      -2.183,69     197
T8 E8 S144                      -692,8%    -1.860,85    -6,9%    1.865,77    -1,00  43,9%   2320      -9,45    11,8      -1.592,25     197
T8 E8 S89                       -773,1%    -2.076,43    -7,7%    2.078,65    -1,00  42,7%   2820     -10,54    14,3      -1.807,83     197
T13 E13 S13                     -972,9%    -2.613,31    -9,8%    2.637,18    -0,99  38,6%   3510     -13,27    17,8      -2.344,71     197
T13 E13 S21                     -887,6%    -2.383,97    -8,9%    2.390,72    -1,00  49,0%   3236     -12,10    16,4      -2.115,37     197
T13 E13 S3                    -1.040,9%    -2.795,87   -10,4%    2.796,10    -1,00  21,1%   3808     -14,19    19,3      -2.527,27     197
T13 E13 S2                    -1.064,7%    -2.859,67   -10,6%    2.859,89    -1,00  18,8%   3870     -14,52    19,6      -2.591,07     197
T13 E13 S5                    -1.045,9%    -2.809,29   -10,5%    2.809,52    -1,00  23,7%   3755     -14,26    19,1      -2.540,69     197
T13 E13 S8                    -1.038,9%    -2.790,55   -10,4%    2.797,17    -1,00  30,4%   3743     -14,17    19,0      -2.521,95     197
