==============================================================================================================================================================
OS DOIS ROBOS, PREGAO A PREGAO -- pela regua padrao
==============================================================================================================================================================
  13/09 e' DOMINGO e 12/09 e' SABADO: zero barras M1 em WIN@ e WDO@ nos dois.
  No lugar de 13/09 entra 11/09 (sexta), o pregao anterior real.
  Corte de achatamento vindo do PERFIL (18:20 BRT no WIN@, 18:25 no WDO@).

==============================================================================================================================================================
PREGAO 14/09 seg   (Monday)
==============================================================================================================================================================
  rodando win_retangulo (capital R$ 1.100)...
    WIN@ m1: 562 barras

variante                        retorno   liquido R$  MaxDD %    MaxDD R$ lucro/DD   win% trades     R$/dia trd/dia  capital final pregoes      pts/op      BEemp%   alvo/stop    pior op.  melhor op.
------------------------------------------------------------------------------------------------------------------------------------------------------------------------------------------------------
win_retangulo                      2,9%        32,00    -6,3%       75,50     0,42  50,0%      2      32,00     2,0       1.132,00       1        80,0       39,8%         1/1      -62,50       94,50  desliz.alvo 1,0t fila NAO CALIBRADA

  rodando wdo_grid_reload_maker (capital R$ 375)...
    WDO@ tick: 147737 barras

variante                        retorno   liquido R$  MaxDD %    MaxDD R$ lucro/DD   win% trades     R$/dia trd/dia  capital final pregoes      pts/op      BEemp%   alvo/stop    pior op.  melhor op.
------------------------------------------------------------------------------------------------------------------------------------------------------------------------------------------------------
wdo_grid_reload_maker            -74,4%      -279,00   -76,6%      313,50    -0,89  72,2%     18    -279,00    18,0          96,00       1       -77,5       88,2%        13/5      -85,50       14,50  desliz.alvo 1,0t fila 329/494

==============================================================================================================================================================
PREGAO 11/09 sex (no lugar de 13/09, domingo)   (Friday)
==============================================================================================================================================================
  rodando win_retangulo (capital R$ 1.100)...
    WIN@ m1: 562 barras

variante                        retorno   liquido R$  MaxDD %    MaxDD R$ lucro/DD   win% trades     R$/dia trd/dia  capital final pregoes      pts/op      BEemp%   alvo/stop    pior op.  melhor op.
------------------------------------------------------------------------------------------------------------------------------------------------------------------------------------------------------
win_retangulo                     14,5%       160,00    -7,9%      102,00     1,57  50,0%      8     160,00     8,0       1.260,00       1       100,0       36,3%         4/4      -72,50      112,50  desliz.alvo 1,0t fila NAO CALIBRADA

  rodando wdo_grid_reload_maker (capital R$ 375)...
    WDO@ tick: 153895 barras

variante                        retorno   liquido R$  MaxDD %    MaxDD R$ lucro/DD   win% trades     R$/dia trd/dia  capital final pregoes      pts/op      BEemp%   alvo/stop    pior op.  melhor op.
------------------------------------------------------------------------------------------------------------------------------------------------------------------------------------------------------
wdo_grid_reload_maker            -64,0%      -240,00   -75,9%      424,50    -0,57  82,9%     70    -240,00    70,0         135,00       1       -17,1       86,3%       58/12      -85,50       39,50  desliz.alvo 1,0t fila 329/494

==============================================================================================================================================================
COMO LER
==============================================================================================================================================================
  * UM pregao por linha. Nenhum veredito sai daqui -- o acerto de um dia nao
    separa estrategia de sorteio, e por isso a coluna de veredito nem aparece.
  * As duas tabelas NAO se comparam: instrumentos, granularidades e capitais
    diferentes. Cada robo contra ele mesmo.
  * O aviso `fila NAO CALIBRADA` na linha do WIN@ e' a ressalva que mais pesa:
    toda ordem-limite preenche no TOQUE, dos dois lados. O WDO@ ja roda com a
    fila medida contra extrato real.

FIM.
