==========================================================================================
FASE 1 -- IS, janela [2025-12-16,2026-05-01), 9 simbolos (config de PRODUCAO, caixa proprio via capital_minimo_brl).
==========================================================================================
[IS] 9 simbolos, 6 processos, janela [2025-12-16,2026-05-01)
[IS] 1/9 BMGB4  liquido=R$23,03 MaxDD=R$3,45 trades=41 pregoes=90 capital=R$858,00 aviso='pulou 87d desliz.alvo 1,0t fila NAO CALIBRADA'
[IS] 2/9 PMAM3  liquido=R$313,50 MaxDD=R$6,24 trades=416 pregoes=90 capital=R$110,00 aviso='pulou 4d desliz.alvo 1,0t fila NAO CALIBRADA'
[IS] 3/9 GRND3  liquido=R$1,75 MaxDD=R$0,42 trades=3 pregoes=90 capital=R$832,00 aviso='pulou 89d desliz.alvo 1,0t fila NAO CALIBRADA'
[IS] 4/9 DASA3  liquido=R$162,26 MaxDD=R$22,81 trades=429 pregoes=90 capital=R$740,00 aviso='pulou 47d desliz.alvo 1,0t fila NAO CALIBRADA'
[IS] 5/9 KLBN3  liquido=R$328,40 MaxDD=R$10,56 trades=798 pregoes=90 capital=R$730,00 aviso='desliz.alvo 1,0t fila NAO CALIBRADA'
[IS] 6/9 LPSB3  liquido=R$105,03 MaxDD=R$18,32 trades=274 pregoes=90 capital=R$382,00 aviso='desliz.alvo 1,0t fila NAO CALIBRADA'
[IS] 7/9 PCAR3  liquido=R$276,09 MaxDD=R$40,70 trades=619 pregoes=90 capital=R$784,00 aviso='desliz.alvo 1,0t fila NAO CALIBRADA'
[IS] 8/9 KLBN4  liquido=R$43,24 MaxDD=R$2,36 trades=69 pregoes=90 capital=R$728,00 aviso='pulou 83d desliz.alvo 1,0t fila NAO CALIBRADA'
[IS] 9/9 CSAN3  liquido=R$108,48 MaxDD=R$8,53 trades=225 pregoes=90 capital=R$1.178,00 aviso='pulou 9d desliz.alvo 1,0t fila NAO CALIBRADA'
[IS] concluido em 18.8s

correlacao de P&L DIARIO com PMAM3, no IS (menor = mais diversificador):
  DASA3  corr=-0.1820
  KLBN3  corr=-0.1089
  PCAR3  corr=-0.1088
  LPSB3  corr=-0.0693
  GRND3  corr=-0.0534
  CSAN3  corr=-0.0514
  KLBN4  corr=-0.0060
  BMGB4  corr=+0.0899

ESCOLHIDOS (menor correlacao com PMAM3 no IS): ['DASA3', 'KLBN3']
capital total da cesta (PMAM3 + DASA3 + KLBN3): R$1.580,00

==========================================================================================
FASE 2 -- OOS (confirmacao, simbolos JA escolhidos no IS), janela [2026-05-01,2026-08-21).
==========================================================================================
[OOS] 3 simbolos, 3 processos, janela [2026-05-01,2026-08-21)
[OOS] 1/3 PMAM3  liquido=R$309,67 MaxDD=R$10,04 trades=358 pregoes=78 capital=R$112,00 aviso='pulou 5d desliz.alvo 1,0t fila NAO CALIBRADA'
[OOS] 2/3 KLBN3  liquido=R$368,60 MaxDD=R$11,10 trades=683 pregoes=78 capital=R$702,00 aviso='desliz.alvo 1,0t fila NAO CALIBRADA'
[OOS] 3/3 DASA3  liquido=R$434,65 MaxDD=R$30,66 trades=884 pregoes=78 capital=R$682,00 aviso='desliz.alvo 1,0t fila NAO CALIBRADA'
[OOS] concluido em 8.3s

correlacao de P&L diario com PMAM3, no OOS (confirmacao, NAO re-seleciona):
  DASA3  corr_OOS=+0.1283
  KLBN3  corr_OOS=+0.0185

------------------------------------------------------------------------------------------
CESTA (IS): PMAM3 + DASA3 + KLBN3, janela [2025-12-16,2026-05-01)
------------------------------------------------------------------------------------------
  perna PMAM3  liquido=R$313,50 MaxDD=R$6,24 trades=416 pregoes=90 capital=R$110,00 fila_calibrada=False aviso='pulou 4d desliz.alvo 1,0t fila NAO CALIBRADA'
  perna DASA3  liquido=R$162,26 MaxDD=R$22,81 trades=429 pregoes=90 capital=R$740,00 fila_calibrada=False aviso='pulou 47d desliz.alvo 1,0t fila NAO CALIBRADA'
  perna KLBN3  liquido=R$328,40 MaxDD=R$10,56 trades=798 pregoes=90 capital=R$730,00 fila_calibrada=False aviso='desliz.alvo 1,0t fila NAO CALIBRADA'

  MaxDD da CESTA (soma dos 3 caixas): R$30,49
  3x MaxDD da PMAM3 sozinha:          R$18,71  (PMAM3 sozinha: R$6,24)
  -> PIOR OU IGUAL (cesta >= 3x PMAM3 sozinha)
  MaxDD % sobre capital total (IS): 1.93%

  liquido pool (3 pernas): R$804,16
  trades=1643  stops=22  pregoes=90  pregoes_sem_trade=0
  win%=89.53%  IC95%%[87.96%,90.92%]  breakeven_empirico=75.73%
  ganho_medio=R$0,86  perda_media=R$2,69
  fracao de pregoes positivos: 90.0%
  capital total usado nesta janela: R$1.580,00

------------------------------------------------------------------------------------------
CESTA (OOS): PMAM3 + DASA3 + KLBN3, janela [2026-05-01,2026-08-21)
------------------------------------------------------------------------------------------
  perna PMAM3  liquido=R$309,67 MaxDD=R$10,04 trades=358 pregoes=78 capital=R$112,00 fila_calibrada=False aviso='pulou 5d desliz.alvo 1,0t fila NAO CALIBRADA'
  perna DASA3  liquido=R$434,65 MaxDD=R$30,66 trades=884 pregoes=78 capital=R$682,00 fila_calibrada=False aviso='desliz.alvo 1,0t fila NAO CALIBRADA'
  perna KLBN3  liquido=R$368,60 MaxDD=R$11,10 trades=683 pregoes=78 capital=R$702,00 fila_calibrada=False aviso='desliz.alvo 1,0t fila NAO CALIBRADA'

  MaxDD da CESTA (soma dos 3 caixas): R$29,28
  3x MaxDD da PMAM3 sozinha:          R$30,11  (PMAM3 sozinha: R$10,04)
  -> MELHOR (cesta < 3x PMAM3 sozinha)
  MaxDD % sobre capital total (OOS): 1.96%

  liquido pool (3 pernas): R$1.112,92
  trades=1925  stops=25  pregoes=78  pregoes_sem_trade=0
  win%=92.10%  IC95%%[90.81%,93.23%]  breakeven_empirico=76.65%
  ganho_medio=R$0,87  perda_media=R$2,87
  fracao de pregoes positivos: 94.9%
  capital total usado nesta janela: R$1.496,00

[gremah_cesta_correlacao] capital total da cesta (referencia, capital IS): R$1.580,00
