====================================================================================================
FASE 1 -- TESTE PEQUENO PRIMEIRO (ultimos 15 pregoes do IS, dado real)
====================================================================================================
variante                        retorno   liquido R$  MaxDD %    MaxDD R$ lucro/DD   win% trades     R$/dia trd/dia  capital final pregoes n_pulos_expn_dobras_comp     n_stops     wr_ic95breakeven_empdias_pos_pct
--------------------------------------------------------------------------------------------------------------------------------------------------------------------------------------------------------------------
CSAN3 IS_PEQUENO baseline         -0,1%        -0,76    -0,3%        2,43    -0,31  50,0%      2      -0,05     0,1         859,24      15           0           0           0  [9,5;90,5]       68,1%        6,7%  pulou 3d desliz.alvo 1,0t fila NAO CALIBRADA
KLBN3 IS_PEQUENO baseline         11,7%        77,83    -0,9%        6,34    12,28  94,7%    131       5,19     8,7         741,83      15           0           0           0 [89,4;97,4]       70,8%      100,0%  desliz.alvo 1,0t fila NAO CALIBRADA
KLBN3 IS_PEQUENO volgate          11,4%        75,83    -0,9%        6,34    11,97  94,2%    120       5,06     8,0         739,83      15         136          12           0 [88,4;97,1]       69,4%      100,0%  desliz.alvo 1,0t fila NAO CALIBRADA
CSAN3 IS_PEQUENO volgate          -0,1%        -0,76    -0,3%        2,43    -0,31  50,0%      2      -0,05     0,1         859,24      15           0           0           0  [9,5;90,5]       68,1%        6,7%  pulou 3d desliz.alvo 1,0t fila NAO CALIBRADA
[frozen_split] OOS desbloqueado — motivo: gremah_lote_compressao_atr (2026-09-11): hipotese NOVA de gate de QUANTIDADE pre-trade por regime de volatilidade (ATR20/mediana-ATR120), geometria em ticks intocada. Segue a disciplina padrao do projeto: teste pequeno no IS primeiro, IS/OOS completo so' se sobreviver.
[frozen_split] OOS desbloqueado — motivo: gremah_lote_compressao_atr (2026-09-11): hipotese NOVA de gate de QUANTIDADE pre-trade por regime de volatilidade (ATR20/mediana-ATR120), geometria em ticks intocada. Segue a disciplina padrao do projeto: teste pequeno no IS primeiro, IS/OOS completo so' se sobreviver.
[frozen_split] OOS desbloqueado — motivo: gremah_lote_compressao_atr (2026-09-11): hipotese NOVA de gate de QUANTIDADE pre-trade por regime de volatilidade (ATR20/mediana-ATR120), geometria em ticks intocada. Segue a disciplina padrao do projeto: teste pequeno no IS primeiro, IS/OOS completo so' se sobreviver.
[frozen_split] OOS desbloqueado — motivo: gremah_lote_compressao_atr (2026-09-11): hipotese NOVA de gate de QUANTIDADE pre-trade por regime de volatilidade (ATR20/mediana-ATR120), geometria em ticks intocada. Segue a disciplina padrao do projeto: teste pequeno no IS primeiro, IS/OOS completo so' se sobreviver.

-- CSAN3 (teste pequeno, capital R$860,00) --
variante                        retorno   liquido R$  MaxDD %    MaxDD R$ lucro/DD   win% trades     R$/dia trd/dia  capital final pregoes n_pulos_expn_dobras_comp     n_stops     wr_ic95breakeven_empdias_pos_pct
--------------------------------------------------------------------------------------------------------------------------------------------------------------------------------------------------------------------
CSAN3 IS_PEQUENO baseline         -0,1%        -0,76    -0,3%        2,43    -0,31  50,0%      2      -0,05     0,1         859,24      15           0           0           0  [9,5;90,5]       68,1%        6,7%  pulou 3d desliz.alvo 1,0t fila NAO CALIBRADA
CSAN3 IS_PEQUENO volgate          -0,1%        -0,76    -0,3%        2,43    -0,31  50,0%      2      -0,05     0,1         859,24      15           0           0           0  [9,5;90,5]       68,1%        6,7%  pulou 3d desliz.alvo 1,0t fila NAO CALIBRADA

-- KLBN3 (teste pequeno, capital R$664,00) --
variante                        retorno   liquido R$  MaxDD %    MaxDD R$ lucro/DD   win% trades     R$/dia trd/dia  capital final pregoes n_pulos_expn_dobras_comp     n_stops     wr_ic95breakeven_empdias_pos_pct
--------------------------------------------------------------------------------------------------------------------------------------------------------------------------------------------------------------------
KLBN3 IS_PEQUENO baseline         11,7%        77,83    -0,9%        6,34    12,28  94,7%    131       5,19     8,7         741,83      15           0           0           0 [89,4;97,4]       70,8%      100,0%  desliz.alvo 1,0t fila NAO CALIBRADA
KLBN3 IS_PEQUENO volgate          11,4%        75,83    -0,9%        6,34    11,97  94,2%    120       5,06     8,0         739,83      15         136          12           0 [88,4;97,1]       69,4%      100,0%  desliz.alvo 1,0t fila NAO CALIBRADA

[gate] avanca para IS/OOS completo? SIM

====================================================================================================
FASE 2 -- IS COMPLETO + OOS (LockedBars, corte oficial OOS_CUTOFF=2026-06-13)
====================================================================================================
variante                        retorno   liquido R$  MaxDD %    MaxDD R$ lucro/DD   win% trades     R$/dia trd/dia  capital final pregoes n_pulos_expn_dobras_comp     n_stops     wr_ic95breakeven_empdias_pos_pct
--------------------------------------------------------------------------------------------------------------------------------------------------------------------------------------------------------------------
CSAN3 OOS baseline                 0,9%         6,05    -0,3%        2,00     3,02 100,0%      9       0,12     0,2         694,05      50           0           0           0[70,1;100,0]        0,0%        8,0%  pulou 38d desliz.alvo 1,0t fila NAO CALIBRADA
CSAN3 OOS volgate                  0,9%         6,05    -0,3%        2,00     3,02 100,0%      9       0,12     0,2         694,05      50           0           0           0[70,1;100,0]        0,0%        8,0%  pulou 38d desliz.alvo 1,0t fila NAO CALIBRADA
KLBN3 OOS baseline                27,3%       186,81    -1,3%       11,10    16,83  93,3%    389       3,74     7,8         870,81      50           0           0           5 [90,4;95,4]       79,2%       84,0%  pulou 2d desliz.alvo 1,0t fila NAO CALIBRADA
KLBN3 OOS volgate                 28,2%       192,71    -1,7%       14,08    13,68  93,1%    331       3,85     6,6         876,71      50         517          88           3 [89,8;95,3]       76,9%       82,0%  pulou 2d desliz.alvo 1,0t fila NAO CALIBRADA
CSAN3 IS baseline                  6,4%        72,91    -0,9%       11,46     6,36  95,6%    182       0,41     1,0       1.212,91     179           0           0           1 [91,6;97,8]       87,6%       22,3%  pulou 82d desliz.alvo 1,0t fila NAO CALIBRADA
CSAN3 IS volgate                   6,0%        68,54    -0,9%       11,46     5,98  95,5%    177       0,38     1,0       1.208,54     179          11           0           1 [91,3;97,7]       87,5%       22,3%  pulou 82d desliz.alvo 1,0t fila NAO CALIBRADA
KLBN3 IS baseline                158,0%     1.147,29    -1,4%       11,61    98,83  90,6%   2630       3,64     8,3       1.873,29     315           0           0          32 [89,5;91,7]       77,3%       78,7%  pulou 1d desliz.alvo 1,0t fila NAO CALIBRADA
KLBN3 IS volgate                 166,8%     1.210,99    -2,3%       21,11    57,35  90,1%   2430       3,84     7,7       1.936,99     315        2924         504          28 [88,8;91,2]       75,8%       79,4%  pulou 1d desliz.alvo 1,0t fila NAO CALIBRADA
[frozen_split] OOS desbloqueado — motivo: gremah_lote_compressao_atr (2026-09-11): hipotese NOVA de gate de QUANTIDADE pre-trade por regime de volatilidade (ATR20/mediana-ATR120), geometria em ticks intocada. Segue a disciplina padrao do projeto: teste pequeno no IS primeiro, IS/OOS completo so' se sobreviver.
[frozen_split] OOS desbloqueado — motivo: gremah_lote_compressao_atr (2026-09-11): hipotese NOVA de gate de QUANTIDADE pre-trade por regime de volatilidade (ATR20/mediana-ATR120), geometria em ticks intocada. Segue a disciplina padrao do projeto: teste pequeno no IS primeiro, IS/OOS completo so' se sobreviver.
[frozen_split] OOS desbloqueado — motivo: gremah_lote_compressao_atr (2026-09-11): hipotese NOVA de gate de QUANTIDADE pre-trade por regime de volatilidade (ATR20/mediana-ATR120), geometria em ticks intocada. Segue a disciplina padrao do projeto: teste pequeno no IS primeiro, IS/OOS completo so' se sobreviver.
[frozen_split] OOS desbloqueado — motivo: gremah_lote_compressao_atr (2026-09-11): hipotese NOVA de gate de QUANTIDADE pre-trade por regime de volatilidade (ATR20/mediana-ATR120), geometria em ticks intocada. Segue a disciplina padrao do projeto: teste pequeno no IS primeiro, IS/OOS completo so' se sobreviver.
[frozen_split] OOS desbloqueado — motivo: gremah_lote_compressao_atr (2026-09-11): hipotese NOVA de gate de QUANTIDADE pre-trade por regime de volatilidade (ATR20/mediana-ATR120), geometria em ticks intocada. Segue a disciplina padrao do projeto: teste pequeno no IS primeiro, IS/OOS completo so' se sobreviver.
[frozen_split] OOS desbloqueado — motivo: gremah_lote_compressao_atr (2026-09-11): hipotese NOVA de gate de QUANTIDADE pre-trade por regime de volatilidade (ATR20/mediana-ATR120), geometria em ticks intocada. Segue a disciplina padrao do projeto: teste pequeno no IS primeiro, IS/OOS completo so' se sobreviver.
[frozen_split] OOS desbloqueado — motivo: gremah_lote_compressao_atr (2026-09-11): hipotese NOVA de gate de QUANTIDADE pre-trade por regime de volatilidade (ATR20/mediana-ATR120), geometria em ticks intocada. Segue a disciplina padrao do projeto: teste pequeno no IS primeiro, IS/OOS completo so' se sobreviver.
[frozen_split] OOS desbloqueado — motivo: gremah_lote_compressao_atr (2026-09-11): hipotese NOVA de gate de QUANTIDADE pre-trade por regime de volatilidade (ATR20/mediana-ATR120), geometria em ticks intocada. Segue a disciplina padrao do projeto: teste pequeno no IS primeiro, IS/OOS completo so' se sobreviver.

-- CSAN3 IS (capital R$1.140,00) --
variante                        retorno   liquido R$  MaxDD %    MaxDD R$ lucro/DD   win% trades     R$/dia trd/dia  capital final pregoes n_pulos_expn_dobras_comp     n_stops     wr_ic95breakeven_empdias_pos_pct
--------------------------------------------------------------------------------------------------------------------------------------------------------------------------------------------------------------------
CSAN3 IS baseline                  6,4%        72,91    -0,9%       11,46     6,36  95,6%    182       0,41     1,0       1.212,91     179           0           0           1 [91,6;97,8]       87,6%       22,3%  pulou 82d desliz.alvo 1,0t fila NAO CALIBRADA
CSAN3 IS volgate                   6,0%        68,54    -0,9%       11,46     5,98  95,5%    177       0,38     1,0       1.208,54     179          11           0           1 [91,3;97,7]       87,5%       22,3%  pulou 82d desliz.alvo 1,0t fila NAO CALIBRADA

-- CSAN3 OOS (capital R$688,00) --
variante                        retorno   liquido R$  MaxDD %    MaxDD R$ lucro/DD   win% trades     R$/dia trd/dia  capital final pregoes n_pulos_expn_dobras_comp     n_stops     wr_ic95breakeven_empdias_pos_pct
--------------------------------------------------------------------------------------------------------------------------------------------------------------------------------------------------------------------
CSAN3 OOS baseline                 0,9%         6,05    -0,3%        2,00     3,02 100,0%      9       0,12     0,2         694,05      50           0           0           0[70,1;100,0]        0,0%        8,0%  pulou 38d desliz.alvo 1,0t fila NAO CALIBRADA
CSAN3 OOS volgate                  0,9%         6,05    -0,3%        2,00     3,02 100,0%      9       0,12     0,2         694,05      50           0           0           0[70,1;100,0]        0,0%        8,0%  pulou 38d desliz.alvo 1,0t fila NAO CALIBRADA

-- KLBN3 IS (capital R$726,00) --
variante                        retorno   liquido R$  MaxDD %    MaxDD R$ lucro/DD   win% trades     R$/dia trd/dia  capital final pregoes n_pulos_expn_dobras_comp     n_stops     wr_ic95breakeven_empdias_pos_pct
--------------------------------------------------------------------------------------------------------------------------------------------------------------------------------------------------------------------
KLBN3 IS baseline                158,0%     1.147,29    -1,4%       11,61    98,83  90,6%   2630       3,64     8,3       1.873,29     315           0           0          32 [89,5;91,7]       77,3%       78,7%  pulou 1d desliz.alvo 1,0t fila NAO CALIBRADA
KLBN3 IS volgate                 166,8%     1.210,99    -2,3%       21,11    57,35  90,1%   2430       3,84     7,7       1.936,99     315        2924         504          28 [88,8;91,2]       75,8%       79,4%  pulou 1d desliz.alvo 1,0t fila NAO CALIBRADA

-- KLBN3 OOS (capital R$684,00) --
variante                        retorno   liquido R$  MaxDD %    MaxDD R$ lucro/DD   win% trades     R$/dia trd/dia  capital final pregoes n_pulos_expn_dobras_comp     n_stops     wr_ic95breakeven_empdias_pos_pct
--------------------------------------------------------------------------------------------------------------------------------------------------------------------------------------------------------------------
KLBN3 OOS baseline                27,3%       186,81    -1,3%       11,10    16,83  93,3%    389       3,74     7,8         870,81      50           0           0           5 [90,4;95,4]       79,2%       84,0%  pulou 2d desliz.alvo 1,0t fila NAO CALIBRADA
KLBN3 OOS volgate                 28,2%       192,71    -1,7%       14,08    13,68  93,1%    331       3,85     6,6         876,71      50         517          88           3 [89,8;95,3]       76,9%       82,0%  pulou 2d desliz.alvo 1,0t fila NAO CALIBRADA

[gremah_lote_compressao_atr] total: 57.1s

====================================================================================================
RESUMO -- pulos por expansao / dobras por compressao / stops (todas as rodadas)
====================================================================================================
  KLBN3 IS_PEQUENO volgate: n_pulos_expansao=136 n_dobras_compressao=12 n_stops=0 pregoes_pulados_capital=0 breakeven_emp=69,4% IC95_win=[88,4;97,1] dias_pos=100,0%
  CSAN3 IS_PEQUENO volgate: n_pulos_expansao=0 n_dobras_compressao=0 n_stops=0 pregoes_pulados_capital=3 breakeven_emp=68,1% IC95_win=[9,5;90,5] dias_pos=6,7%
  CSAN3 OOS volgate: n_pulos_expansao=0 n_dobras_compressao=0 n_stops=0 pregoes_pulados_capital=38 breakeven_emp=0,0% IC95_win=[70,1;100,0] dias_pos=8,0%
  KLBN3 OOS volgate: n_pulos_expansao=517 n_dobras_compressao=88 n_stops=3 pregoes_pulados_capital=2 breakeven_emp=76,9% IC95_win=[89,8;95,3] dias_pos=82,0%
  CSAN3 IS volgate: n_pulos_expansao=11 n_dobras_compressao=0 n_stops=1 pregoes_pulados_capital=82 breakeven_emp=87,5% IC95_win=[91,3;97,7] dias_pos=22,3%
  KLBN3 IS volgate: n_pulos_expansao=2924 n_dobras_compressao=504 n_stops=28 pregoes_pulados_capital=1 breakeven_emp=75,8% IC95_win=[88,8;91,2] dias_pos=79,4%
