============================================================================================================================================
ROMPIMENTO: CATÁLOGO DE DEFINIÇÕES — WIN@ M1, IS apenas
============================================================================================================================================
  129 pregões | 2025-12-01 a 2026-06-12
  população: 434 retângulos de produção (3,36/pregão) — W=20, tol=0.2, largura mín=328
  horizonte de busca do disparo: 200 barras à frente do nascimento
  21 variantes de rompimento testadas

--------------------------------------------------------------------------------------------------------------------------------------------
CONTAGEM × ATRASO × FALSO ALARME (cada linha sai assim que a unidade termina)
--------------------------------------------------------------------------------------------------------------------------------------------
  fechamento k=0.00 N=1     427/434 ( 98,4%)  atraso med    46pts ( 10,3% da largura)  desrompe(K=10)  68,9%
  fechamento k=0.00 N=2     422/434 ( 97,2%)  atraso med    90pts ( 20,6% da largura)  desrompe(K=10)  57,6%
  fechamento k=0.00 N=3     421/434 ( 97,0%)  atraso med   120pts ( 27,4% da largura)  desrompe(K=10)  48,8%
  fechamento k=0.10 N=1     427/434 ( 98,4%)  atraso med    95pts ( 20,0% da largura)  desrompe(K=10)  59,4%
  fechamento k=0.10 N=2     420/434 ( 96,8%)  atraso med   144pts ( 31,7% da largura)  desrompe(K=10)  47,5%
  fechamento k=0.10 N=3     417/434 ( 96,1%)  atraso med   183pts ( 38,0% da largura)  desrompe(K=10)  40,0%
  fechamento k=0.25 N=1     420/434 ( 96,8%)  atraso med   166pts ( 34,7% da largura)  desrompe(K=10)  43,9%
  fechamento k=0.25 N=2     415/434 ( 95,6%)  atraso med   214pts ( 45,9% da largura)  desrompe(K=10)  35,9%
  fechamento k=0.25 N=3     414/434 ( 95,4%)  atraso med   262pts ( 55,5% da largura)  desrompe(K=10)  32,1%
  fechamento k=0.50 N=1     408/434 ( 94,0%)  atraso med   278pts ( 61,2% da largura)  desrompe(K=10)  29,6%
  fechamento k=0.50 N=2     401/434 ( 92,4%)  atraso med   333pts ( 71,6% da largura)  desrompe(K=10)  22,4%
  fechamento k=0.50 N=3     393/434 ( 90,6%)  atraso med   374pts ( 80,5% da largura)  desrompe(K=10)  16,5%
  extremo k=0.00            433/434 ( 99,8%)  atraso med    53pts ( 11,6% da largura)  desrompe(K=10)  77,5%
  extremo k=0.10            431/434 ( 99,3%)  atraso med    95pts ( 20,8% da largura)  desrompe(K=10)  70,7%
  extremo k=0.25            424/434 ( 97,7%)  atraso med   167pts ( 35,6% da largura)  desrompe(K=10)  59,2%
  atr m=0.0                 427/434 ( 98,4%)  atraso med    46pts ( 10,3% da largura)  desrompe(K=10)  68,9%
  atr m=0.5                 422/434 ( 97,2%)  atraso med   137pts ( 30,1% da largura)  desrompe(K=10)  49,6%
  atr m=1.0                 415/434 ( 95,6%)  atraso med   232pts ( 49,5% da largura)  desrompe(K=10)  36,0%
  atr m=2.0                 392/434 ( 90,3%)  atraso med   407pts ( 89,8% da largura)  desrompe(K=10)  14,9%
  volume p=75               418/434 ( 96,3%)  atraso med   105pts ( 22,5% da largura)  desrompe(K=10)  56,5%
  volume p=90               407/434 ( 93,8%)  atraso med   165pts ( 36,9% da largura)  desrompe(K=10)  42,3%

============================================================================================================================================
TABELA ORDENADA (pela família, na ordem declarada) — contagem × atraso × falso alarme
============================================================================================================================================
  variante                       n/total  atraso pts  atraso %larg  desr. K=5  desr. K=10  desr. K=20
  fechamento k=0.00 N=1          427/434          46         10,3%      60,6%       68,9%       75,9%
  fechamento k=0.00 N=2          422/434          90         20,6%      46,4%       57,6%       66,1%
  fechamento k=0.00 N=3          421/434         120         27,4%      35,5%       48,8%       59,8%
  fechamento k=0.10 N=1          427/434          95         20,0%      48,8%       59,4%       68,6%
  fechamento k=0.10 N=2          420/434         144         31,7%      32,5%       47,5%       58,9%
  fechamento k=0.10 N=3          417/434         183         38,0%      26,9%       40,0%       53,2%
  fechamento k=0.25 N=1          420/434         166         34,7%      30,3%       43,9%       56,6%
  fechamento k=0.25 N=2          415/434         214         45,9%      23,4%       35,9%       49,2%
  fechamento k=0.25 N=3          414/434         262         55,5%      20,3%       32,1%       45,2%
  fechamento k=0.50 N=1          408/434         278         61,2%      16,5%       29,6%       42,0%
  fechamento k=0.50 N=2          401/434         333         71,6%      11,5%       22,4%       35,2%
  fechamento k=0.50 N=3          393/434         374         80,5%       7,9%       16,5%       30,3%
  extremo k=0.00                 433/434          53         11,6%      71,3%       77,5%       82,9%
  extremo k=0.10                 431/434          95         20,8%      62,7%       70,7%       76,8%
  extremo k=0.25                 424/434         167         35,6%      48,1%       59,2%       68,5%
  atr m=0.0                      427/434          46         10,3%      60,6%       68,9%       75,9%
  atr m=0.5                      422/434         137         30,1%      36,1%       49,6%       61,8%
  atr m=1.0                      415/434         232         49,5%      21,5%       36,0%       48,6%
  atr m=2.0                      392/434         407         89,8%       5,9%       14,9%       26,5%
  volume p=75                    418/434         105         22,5%      46,4%       56,5%       63,6%
  volume p=90                    407/434         165         36,9%      35,1%       42,3%       51,6%

============================================================================================================================================
COMO LER
============================================================================================================================================
  * A POPULAÇÃO (retângulos) é sempre a mesma — só a regra de disparo muda entre linhas.
  * 'atraso' é medido da BORDA CRUA (não da borda+margem): k e N aparecem no próprio
    número, e por isso é comparável entre TODAS as famílias, inclusive ATR e volume.
  * 'desrompe' é a fração de disparos em que o preço volta para DENTRO do retângulo em
    K barras — é o falso-alarme: detectar cedo demais e o preço nunca ir embora de verdade.
  * fechamento k=0,25/N=3 é a regra de PRODUÇÃO (win_retangulo) — use-a como referência,
    não como nulo: o nulo de atraso é a linha MAIS eager (fechamento k=0/N=1).
  * Só o IS. A janela cega fica intacta.

FIM.
