[portfolio] modo CHEIO

[ok] gremah  -- 18.4s, 794 trades, 170 pregoes, fila_entrada_qty=0.0, wiped_out=None
[ok] wdo_orb OOS -- 1996.5s, 33 trades, 51 pregoes, fila_entrada_qty=329.0, wiped_out=None
[ok] wdo_orb IS -- 3281.0s, 103 trades, 72 pregoes, fila_entrada_qty=329.0, wiped_out=None

=== wdo_orb (WDO@, IS, R$375) -- MaxDD intradiario (por barra) ===
  capital usado        R$375.00
  liquido R$           2833.50
  trades               103  (stops: 31)
  win%                 58.25%  IC95 [48.60% ; 67.31%]
  breakeven empirico   46.88%
  MaxDD                34.64%  (R$1269.50)
  pregoes              72  (sem trade: 0)
  dias +/-/0           39/33/0  (54.17% positivos)

=== wdo_orb (WDO@, OOS, R$375) -- MaxDD intradiario (por barra) ===
  capital usado        R$375.00
  liquido R$           -266.50
  trades               33  (stops: 13)
  win%                 57.58%  IC95 [40.81% ; 72.76%]
  breakeven empirico   61.28%
  MaxDD                89.07%  (R$638.00)
  pregoes              51  (sem trade: 30)
  dias +/-/0           11/10/30  (21.57% positivos)

=== wdo_orb (WDO@, IS+OOS agregado) -- MaxDD FECHA-A-FECHA diario (fallback) ===
  capital usado        R$375.00
  liquido R$           2567.00
  trades               136  (stops: 44)
  win%                 58.09%  IC95 [49.69% ; 66.05%]
  breakeven empirico   50.10%
  MaxDD                33.10%  (R$1455.50)
  pregoes              123  (sem trade: 30)
  dias +/-/0           50/43/30  (40.65% positivos)

=== gremah/PMAM3 (regime >= 2025-12-16, preco ref R$0.55, R$110.00) -- MaxDD intradiario (por barra) ===
  capital usado        R$110.00
  liquido R$           639.79
  trades               794  (stops: 0)
  win%                 88.41%  IC95 [86.00% ; 90.46%]
  breakeven empirico   58.57%
  MaxDD                3.32%  (R$10.04)
  pregoes              170  (sem trade: 24)
  dias +/-/0           118/28/24  (69.41% positivos)

[overlap] 122 pregoes em comum de 123 (wdo_orb) e 170 (gremah)
[overlap] correlacao de Pearson (retornos diarios normalizados): -0.1106

=== varredura de peso w (fracao alocada ao wdo_orb) -- retornos NORMALIZADOS ===
     w      MaxDD%   retorno_norm_acum
  0.00       -2.85              4.3745  <- MENOR |MaxDD|
  0.05       -3.02              4.4981
  0.10       -3.49              4.6216
  0.15       -4.91              4.7451
  0.20       -5.96              4.8687
  0.25       -7.16              4.9922
  0.30       -8.74              5.1158
  0.35      -10.07              5.2393
  0.40      -12.54              5.3628
  0.45      -15.05              5.4864
  0.50      -17.25              5.6099
  0.55      -19.19              5.7335
  0.60      -20.91              5.8570
  0.65      -22.82              5.9805
  0.70      -24.73              6.1041
  0.75      -26.46              6.2276
  0.80      -28.03              6.3512
  0.85      -29.46              6.4747
  0.90      -30.78              6.5983
  0.95      -31.98              6.7218
  1.00      -33.10              6.8453

[resumo pesos] wdo_orb sozinho (w=1,0): MaxDD -33.10%
[resumo pesos] gremah sozinho  (w=0,0): MaxDD -2.85%
[resumo pesos] 50/50 ingenuo   (w=0,5): MaxDD -17.25%
[resumo pesos] otimo (min |MaxDD|) w=0.00: MaxDD -2.85%

=== combinado NATURAL (caixa separado: R$375.00 wdo_orb + R$110.00 gremah = R$485.00), so' no overlap ===
  liquido R$ combinado   3048.20
  MaxDD combinado        R$1276.28  (263.15% do capital total)
  dias positivos         70/122 (57.38%)
  peso natural (capital) w_wdo=0.773 w_gremah=0.227

[fim] ver o corpo do script para a leitura completa dos resultados.
