============================================================================================================================================
ANATOMIA DO ROMPIMENTO -- o preço volta? entra ou retoma? até onde? (IS apenas)
============================================================================================================================================
  WIN@ M1 | 129 pregões | 2025-12-01 a 2026-06-12
  retângulo W=20, tolerância 0.2, largura mínima 328
  ramo definido pela MESMA regra de morte do robô (25% da largura, 3 fechamentos),
  aplicada aos DOIS lados do retângulo depois do reteste.

  [2025-12-10]  3 rompimentos,  562 barras
  [2025-12-01]  1 rompimentos,  562 barras
  [2025-12-02]  0 rompimentos,  563 barras
  [2025-12-05]  6 rompimentos,  562 barras
  [2025-12-03]  1 rompimentos,  563 barras
  [2025-12-08]  1 rompimentos,  562 barras
  [2025-12-09]  5 rompimentos,  562 barras
  [2025-12-04]  0 rompimentos,  563 barras
  [2025-12-12]  2 rompimentos,  563 barras
  [2025-12-11]  2 rompimentos,  562 barras
  [2025-12-15]  1 rompimentos,  563 barras
  [2025-12-17]  2 rompimentos,  565 barras
  [2025-12-18]  2 rompimentos,  565 barras
  [2025-12-16]  1 rompimentos,  562 barras
  [2025-12-22]  2 rompimentos,  565 barras
  [2025-12-19]  0 rompimentos,  565 barras
  [2025-12-23]  1 rompimentos,  565 barras
  [2025-12-29]  1 rompimentos,  565 barras
  [2025-12-26]  2 rompimentos,  565 barras
  [2026-01-06]  2 rompimentos,  562 barras
  [2025-12-30]  0 rompimentos,  565 barras
  [2026-01-02]  1 rompimentos,  565 barras
  [2026-01-05]  1 rompimentos,  562 barras
  [2026-01-07]  1 rompimentos,  562 barras
  [2026-01-08]  3 rompimentos,  562 barras
  [2026-01-09]  1 rompimentos,  565 barras
  [2026-01-14]  1 rompimentos,  562 barras
  [2026-01-13]  2 rompimentos,  563 barras
  [2026-01-15]  1 rompimentos,  562 barras
  [2026-01-16]  0 rompimentos,  563 barras
  [2026-01-12]  1 rompimentos,  563 barras
  [2026-01-19]  1 rompimentos,  565 barras
  [2026-01-20]  3 rompimentos,  565 barras
  [2026-01-21]  1 rompimentos,  565 barras
  [2026-01-26]  3 rompimentos,  562 barras
  [2026-01-22]  6 rompimentos,  564 barras
  [2026-01-23]  2 rompimentos,  565 barras
  [2026-01-30]  7 rompimentos,  565 barras
  [2026-01-27]  4 rompimentos,  565 barras
  [2026-01-29]  8 rompimentos,  565 barras
  [2026-01-28]  6 rompimentos,  565 barras
  [2026-02-05]  6 rompimentos,  565 barras
  [2026-02-02]  3 rompimentos,  565 barras
  [2026-02-03]  3 rompimentos,  565 barras
  [2026-02-04]  7 rompimentos,  565 barras
  [2026-02-09]  3 rompimentos,  565 barras
  [2026-02-06]  4 rompimentos,  565 barras
  [2026-02-12]  5 rompimentos,  565 barras
  [2026-02-11]  7 rompimentos,  565 barras
  [2026-02-10]  4 rompimentos,  565 barras
  [2026-02-19]  5 rompimentos,  565 barras
  [2026-02-13]  7 rompimentos,  565 barras
  [2026-02-20]  2 rompimentos,  565 barras
  [2026-02-23]  4 rompimentos,  565 barras
  [2026-02-24]  2 rompimentos,  565 barras
  [2026-02-26]  3 rompimentos,  565 barras
  [2026-02-27]  6 rompimentos,  565 barras
  [2026-02-25]  2 rompimentos,  565 barras
  [2026-03-05]  9 rompimentos,  562 barras
  [2026-03-02]  6 rompimentos,  565 barras
  [2026-03-03] 10 rompimentos,  563 barras
  [2026-03-06]  5 rompimentos,  562 barras
  [2026-03-04]  6 rompimentos,  565 barras
  [2026-03-09]  7 rompimentos,  565 barras
  [2026-03-10]  5 rompimentos,  566 barras
  [2026-03-11]  5 rompimentos,  565 barras
  [2026-03-13]  6 rompimentos,  565 barras
  [2026-03-12]  4 rompimentos,  565 barras
  [2026-03-16]  5 rompimentos,  565 barras
  [2026-03-17]  7 rompimentos,  565 barras
  [2026-03-24]  6 rompimentos,  565 barras
  [2026-03-23]  6 rompimentos,  562 barras
  [2026-03-19] 10 rompimentos,  565 barras
  [2026-03-18]  5 rompimentos,  563 barras
  [2026-03-25]  5 rompimentos,  562 barras
  [2026-03-20] 11 rompimentos,  565 barras
  [2026-03-30]  6 rompimentos,  562 barras
  [2026-03-27]  3 rompimentos,  565 barras
  [2026-03-26]  4 rompimentos,  565 barras
  [2026-04-02]  5 rompimentos,  561 barras
  [2026-04-07]  6 rompimentos,  565 barras
  [2026-03-31]  5 rompimentos,  565 barras
  [2026-04-01]  4 rompimentos,  563 barras
  [2026-04-06]  1 rompimentos,  562 barras
  [2026-04-09]  4 rompimentos,  565 barras
  [2026-04-08]  3 rompimentos,  562 barras
  [2026-04-13]  3 rompimentos,  562 barras
  [2026-04-10]  3 rompimentos,  565 barras
  [2026-04-17]  3 rompimentos,  562 barras
  [2026-04-16]  3 rompimentos,  562 barras
  [2026-04-15]  1 rompimentos,  562 barras
  [2026-04-23]  3 rompimentos,  562 barras
  [2026-04-14]  3 rompimentos,  565 barras
  [2026-04-22]  3 rompimentos,  562 barras
  [2026-04-27]  1 rompimentos,  565 barras
  [2026-04-24]  3 rompimentos,  562 barras
  [2026-04-20]  2 rompimentos,  565 barras
  [2026-04-28]  2 rompimentos,  562 barras
  [2026-04-29]  2 rompimentos,  563 barras
  [2026-04-30]  2 rompimentos,  563 barras
  [2026-05-04]  4 rompimentos,  563 barras
  [2026-05-06]  3 rompimentos,  563 barras
  [2026-05-11]  2 rompimentos,  565 barras
  [2026-05-13]  2 rompimentos,  565 barras
  [2026-05-08]  1 rompimentos,  565 barras
  [2026-05-07]  0 rompimentos,  563 barras
  [2026-05-05]  2 rompimentos,  563 barras
  [2026-05-14]  2 rompimentos,  562 barras
  [2026-05-12]  1 rompimentos,  565 barras
  [2026-05-15]  3 rompimentos,  565 barras
  [2026-05-20]  2 rompimentos,  565 barras
  [2026-05-19]  1 rompimentos,  562 barras
  [2026-05-21]  2 rompimentos,  565 barras
  [2026-05-25]  2 rompimentos,  565 barras
  [2026-05-22]  2 rompimentos,  565 barras
  [2026-05-18]  2 rompimentos,  565 barras
  [2026-05-26]  2 rompimentos,  565 barras
  [2026-05-27]  4 rompimentos,  565 barras
  [2026-05-28]  4 rompimentos,  562 barras
  [2026-05-29]  3 rompimentos,  562 barras
  [2026-06-01]  3 rompimentos,  565 barras
  [2026-06-02]  2 rompimentos,  562 barras
  [2026-06-11]  4 rompimentos,  563 barras
  [2026-06-03]  2 rompimentos,  563 barras
  [2026-06-09]  3 rompimentos,  562 barras
  [2026-06-08]  3 rompimentos,  562 barras
  [2026-06-05]  1 rompimentos,  565 barras
  [2026-06-10]  0 rompimentos,  563 barras
  [2026-06-12]  1 rompimentos,  562 barras

============================================================================================================================================
total: 417 rompimentos, 417 nulos pareados
============================================================================================================================================

============================================================================================================================================
(a)-(c) A ÁRVORE DE DESFECHOS -- REAL vs NULO
============================================================================================================================================

  REAL (todos os rompimentos)  (n=417)
    ramo                                               n       %  barras (mediana)   prof. máx pts (mediana)   R$/contrato (mediana)
    (a) nunca retesta a borda                         75   18,0%304 (pregão restante)                         0                    0,00
    (b1) retesta, NÃO entra, RETOMA o rompimento      57   13,7%               11                         23                    4,52
    (b2) retesta, NÃO entra, indefinido no pregão      1    0,2%     5 (até tocar)                        21                    4,26
    (c1) ENTRA, sai de novo pelo MESMO lado          187   44,8%               31                        211                   42,20
    (c2) ENTRA, atravessa até a borda OPOSTA          84   20,1%               51                        811                  162,11
    (c3) ENTRA, passa o meio, indefinido              10    2,4%   39 (até entrar)                       502                  100,46
    (c4) ENTRA, fica RASO (não chega no meio)          3    0,7%   25 (até entrar)                       140                   27,94
    checagem: (b)+(c) = 342 de 417 = 82,0% -- tem de ser >= 69,3% (reteste do script-irmão, horizonte 60 barras); aqui o horizonte é o PREGÃO INTEIRO, então mais eventos têm tempo de retestar

  NULO (instante sorteado, largura herdada do evento pareado)  (n=417)
    ramo                                               n       %  barras (mediana)   prof. máx pts (mediana)   R$/contrato (mediana)
    (a) nunca retesta a borda                          0    0,0%
    (b1) retesta, NÃO entra, RETOMA o rompimento     102   24,5%                3                         26                    5,20
    (b2) retesta, NÃO entra, indefinido no pregão      2    0,5%     1 (até tocar)                        50                   10,10
    (c1) ENTRA, sai de novo pelo MESMO lado          187   44,8%               19                        244                   48,80
    (c2) ENTRA, atravessa até a borda OPOSTA          86   20,6%               36                        774                  154,70
    (c3) ENTRA, passa o meio, indefinido              23    5,5%    1 (até entrar)                       499                   99,80
    (c4) ENTRA, fica RASO (não chega no meio)         17    4,1%    1 (até entrar)                       170                   34,00
    checagem: (b)+(c) = 417 de 417 = 100,0% -- tem de ser >= 69,3% (reteste do script-irmão, horizonte 60 barras); aqui o horizonte é o PREGÃO INTEIRO, então mais eventos têm tempo de retestar

============================================================================================================================================
RESPOSTA DIRETA: volta e RETOMA vs volta e ENTRA
============================================================================================================================================
  de 342 que retestam a borda (82,0% de 417):
    NÃO entra (retoma o rompimento ou fica indefinido no toque): 58 (17,0%)
    ENTRA no retângulo (fecha do lado de dentro):                284 (83,0%)
  entre os que NÃO entram, quantos CONFIRMAM retomada (3 fechamentos além da borda de novo): 57 (98,3%)

============================================================================================================================================
(c) ATÉ ONDE VAI O RETORNO AO RETÂNGULO, DADO QUE ENTROU
============================================================================================================================================

  (c1) ENTRA, sai de novo pelo MESMO lado  n=187 (65,8% dos que entram)
    barras até o desfecho: n=187  média 56,5  mediana 31,0  desvio 66,5  p25 15,0  p75 68,5
    profundidade máxima (pts): n=187  média 251,7  mediana 211,0  desvio 197,1  p25 97,4  p75 347,0
    profundidade máxima (fração da largura): n=187  média 0,6  mediana 0,4  desvio 0,4  p25 0,2  p75 0,8

  (c2) ENTRA, atravessa até a borda OPOSTA  n=84 (29,6% dos que entram)
    barras até o desfecho: n=84  média 77,4  mediana 51,0  desvio 74,5  p25 33,2  p75 92,8
    profundidade máxima (pts): n=84  média 838,4  mediana 810,6  desvio 195,2  p25 689,5  p75 931,4
    profundidade máxima (fração da largura): n=84  média 1,8  mediana 1,7  desvio 0,4  p25 1,6  p75 1,9
    quanto passa da borda oposta (pts): n=84  média 305,7  mediana 269,8  desvio 146,9  p25 222,2  p75 333,3
    R$/contrato mediano líquido de pedágio (alvo=profundidade máxima): 160,61

  (c3) ENTRA, passa o meio, indefinido  n=10 (3,5% dos que entram)
    barras até o desfecho: n=10  média 107,2  mediana 39,0  desvio 150,2  p25 13,2  p75 80,0
    profundidade máxima (pts): n=10  média 580,8  mediana 502,3  desvio 316,6  p25 322,1  p75 832,5
    profundidade máxima (fração da largura): n=10  média 1,0  mediana 1,1  desvio 0,3  p25 0,7  p75 1,3

  (c4) ENTRA, fica RASO (não chega no meio)  n=3 (1,1% dos que entram)
    barras até o desfecho: n=3  média 64,7  mediana 25,0  desvio 71,5  p25 14,5  p75 95,0
    profundidade máxima (pts): n=3  média 112,3  mediana 139,7  desvio 58,3  p25 85,5  p75 152,9
    profundidade máxima (fração da largura): n=3  média 0,3  mediana 0,4  desvio 0,1  p25 0,2  p75 0,4

============================================================================================================================================
(d) O DESFECHO DEPENDE DE QUANTO O PREÇO JÁ ANDOU NA DETECÇÃO?
============================================================================================================================================
  mediana do afastamento na detecção: 263 pontos (corte usado abaixo)

  CURTO (afastamento < 263 pts)  (n=208)
    ramo                                               n       %  barras (mediana)   prof. máx pts (mediana)   R$/contrato (mediana)
    (a) nunca retesta a borda                         29   13,9%263 (pregão restante)                         0                    0,00
    (b1) retesta, NÃO entra, RETOMA o rompimento      33   15,9%                9                         23                    4,52
    (b2) retesta, NÃO entra, indefinido no pregão      0    0,0%
    (c1) ENTRA, sai de novo pelo MESMO lado           93   44,7%               24                        174                   34,72
    (c2) ENTRA, atravessa até a borda OPOSTA          46   22,1%               46                        803                  160,67
    (c3) ENTRA, passa o meio, indefinido               4    1,9%   56 (até entrar)                       377                   75,31
    (c4) ENTRA, fica RASO (não chega no meio)          3    1,4%   25 (até entrar)                       140                   27,94
    checagem: (b)+(c) = 179 de 208 = 86,1% -- tem de ser >= 69,3% (reteste do script-irmão, horizonte 60 barras); aqui o horizonte é o PREGÃO INTEIRO, então mais eventos têm tempo de retestar

  ESTICADO (afastamento >= 263 pts)  (n=209)
    ramo                                               n       %  barras (mediana)   prof. máx pts (mediana)   R$/contrato (mediana)
    (a) nunca retesta a borda                         46   22,0%347 (pregão restante)                         0                    0,00
    (b1) retesta, NÃO entra, RETOMA o rompimento      24   11,5%               16                         25                    4,96
    (b2) retesta, NÃO entra, indefinido no pregão      1    0,5%     5 (até tocar)                        21                    4,26
    (c1) ENTRA, sai de novo pelo MESMO lado           94   45,0%               44                        229                   45,81
    (c2) ENTRA, atravessa até a borda OPOSTA          38   18,2%               60                        836                  167,20
    (c3) ENTRA, passa o meio, indefinido               6    2,9%   14 (até entrar)                       725                  144,94
    (c4) ENTRA, fica RASO (não chega no meio)          0    0,0%
    checagem: (b)+(c) = 163 de 209 = 78,0% -- tem de ser >= 69,3% (reteste do script-irmão, horizonte 60 barras); aqui o horizonte é o PREGÃO INTEIRO, então mais eventos têm tempo de retestar

============================================================================================================================================
(f) SEGUNDO ROMPIMENTO -- depois de ENTRAR, o preço rompe de novo?
============================================================================================================================================
  entrou e reconfirmou rompimento MESMO lado (c1): 187 (44,8% de todos)
  entrou e rompeu o lado OPOSTO (c2, segundo rompimento de verdade): 84 (20,1% de todos)
  razão c2/(c1+c2) -- dado que houve 2o rompimento, fração que foi para o lado OPOSTO: 31,0%
  nulo desta razão é 50% (nenhuma razão estrutural para preferir um lado)
  NULO: c1=187  c2=86  razão oposto=31,5%

============================================================================================================================================
COMO LER
============================================================================================================================================
  * (b)+(c) tem de ser >= os 69,3% de reteste medidos em horizonte 60 barras por
    rompimento_retangulo_fenomeno_2026_09_16.py (aqui o horizonte é o pregão
    inteiro) -- é a conferência cruzada; menor que 69,3% seria bug.
  * Toda medida de tempo/magnitude conta a partir do PONTO DE DECISÃO
    (o próprio instante do evento), nunca da borda de graça.
  * O NULO usa a MESMA largura do evento pareado, herdada -- não existe
    'largura do retângulo' num ponto que não tem retângulo.
  * Só o IS. A janela cega (>= 2026-06-13) fica intacta.

FIM.
