====================================================================================================================================================
ROMPIMENTO DE RETÂNGULO — CARACTERÍSTICAS do evento e o que elas predizem (IS apenas)
====================================================================================================================================================
  WIN@ M1 | 129 pregões | 2025-12-01 a 2026-06-12
  retângulo W=20, tolerância 0.2, largura mínima 328
  desfecho importado do território dos DESFECHOS: outcome_continuo=MFE-MAE, favor_60=quem chega primeiro, horizonte 60 barras

Calculando linha de base de volume acumulado por barra (todos os pregões IS)...
Detectando rompimentos em 129 pregões (paralelo)...
  [  1/129] 2025-12-01: 1 rompimento(s)
  [  2/129] 2025-12-02: 0 rompimento(s)
  [  3/129] 2025-12-10: 3 rompimento(s)
  [  4/129] 2025-12-03: 1 rompimento(s)
  [  5/129] 2025-12-05: 6 rompimento(s)
  [  6/129] 2025-12-09: 5 rompimento(s)
  [  7/129] 2025-12-04: 0 rompimento(s)
  [  8/129] 2025-12-08: 1 rompimento(s)
  [  9/129] 2025-12-11: 2 rompimento(s)
  [ 10/129] 2025-12-15: 1 rompimento(s)
  [ 11/129] 2025-12-16: 1 rompimento(s)
  [ 12/129] 2025-12-12: 2 rompimento(s)
  [ 13/129] 2025-12-17: 2 rompimento(s)
  [ 14/129] 2025-12-22: 2 rompimento(s)
  [ 15/129] 2025-12-18: 2 rompimento(s)
  [ 16/129] 2025-12-19: 0 rompimento(s)
  [ 17/129] 2025-12-29: 1 rompimento(s)
  [ 18/129] 2025-12-26: 2 rompimento(s)
  [ 19/129] 2026-01-06: 2 rompimento(s)
  [ 20/129] 2025-12-23: 1 rompimento(s)
  [ 21/129] 2026-01-02: 1 rompimento(s)
  [ 22/129] 2025-12-30: 0 rompimento(s)
  [ 23/129] 2026-01-05: 1 rompimento(s)
  [ 24/129] 2026-01-07: 1 rompimento(s)
  [ 25/129] 2026-01-09: 1 rompimento(s)
  [ 26/129] 2026-01-08: 3 rompimento(s)
  [ 27/129] 2026-01-13: 2 rompimento(s)
  [ 28/129] 2026-01-12: 1 rompimento(s)
  [ 29/129] 2026-01-15: 1 rompimento(s)
  [ 30/129] 2026-01-19: 1 rompimento(s)
  [ 31/129] 2026-01-14: 1 rompimento(s)
  [ 32/129] 2026-01-16: 0 rompimento(s)
  [ 33/129] 2026-01-22: 6 rompimento(s)
  [ 34/129] 2026-01-20: 3 rompimento(s)
  [ 35/129] 2026-01-21: 1 rompimento(s)
  [ 36/129] 2026-01-26: 3 rompimento(s)
  [ 37/129] 2026-01-27: 4 rompimento(s)
  [ 38/129] 2026-01-23: 2 rompimento(s)
  [ 39/129] 2026-01-29: 8 rompimento(s)
  [ 40/129] 2026-01-28: 6 rompimento(s)
  [ 41/129] 2026-01-30: 7 rompimento(s)
  [ 42/129] 2026-02-05: 6 rompimento(s)
  [ 43/129] 2026-02-03: 3 rompimento(s)
  [ 44/129] 2026-02-04: 7 rompimento(s)
  [ 45/129] 2026-02-02: 3 rompimento(s)
  [ 46/129] 2026-02-09: 3 rompimento(s)
  [ 47/129] 2026-02-06: 4 rompimento(s)
  [ 48/129] 2026-02-12: 5 rompimento(s)
  [ 49/129] 2026-02-10: 4 rompimento(s)
  [ 50/129] 2026-02-13: 7 rompimento(s)
  [ 51/129] 2026-02-11: 7 rompimento(s)
  [ 52/129] 2026-02-19: 5 rompimento(s)
  [ 53/129] 2026-02-20: 2 rompimento(s)
  [ 54/129] 2026-02-23: 4 rompimento(s)
  [ 55/129] 2026-02-25: 2 rompimento(s)
  [ 56/129] 2026-02-24: 2 rompimento(s)
  [ 57/129] 2026-02-27: 6 rompimento(s)
  [ 58/129] 2026-02-26: 3 rompimento(s)
  [ 59/129] 2026-03-02: 6 rompimento(s)
  [ 60/129] 2026-03-04: 6 rompimento(s)
  [ 61/129] 2026-03-03: 10 rompimento(s)
  [ 62/129] 2026-03-05: 9 rompimento(s)
  [ 63/129] 2026-03-06: 5 rompimento(s)
  [ 64/129] 2026-03-09: 7 rompimento(s)
  [ 65/129] 2026-03-10: 5 rompimento(s)
  [ 66/129] 2026-03-11: 5 rompimento(s)
  [ 67/129] 2026-03-12: 4 rompimento(s)
  [ 68/129] 2026-03-16: 5 rompimento(s)
  [ 69/129] 2026-03-17: 7 rompimento(s)
  [ 70/129] 2026-03-13: 6 rompimento(s)
  [ 71/129] 2026-03-18: 5 rompimento(s)
  [ 72/129] 2026-03-24: 6 rompimento(s)
  [ 73/129] 2026-03-20: 11 rompimento(s)
  [ 74/129] 2026-03-23: 6 rompimento(s)
  [ 75/129] 2026-03-19: 10 rompimento(s)
  [ 76/129] 2026-03-25: 5 rompimento(s)
  [ 77/129] 2026-03-26: 4 rompimento(s)
  [ 78/129] 2026-03-30: 6 rompimento(s)
  [ 79/129] 2026-03-31: 5 rompimento(s)
  [ 80/129] 2026-03-27: 3 rompimento(s)
  [ 81/129] 2026-04-02: 5 rompimento(s)
  [ 82/129] 2026-04-01: 4 rompimento(s)
  [ 83/129] 2026-04-09: 4 rompimento(s)
  [ 84/129] 2026-04-06: 1 rompimento(s)
  [ 85/129] 2026-04-08: 3 rompimento(s)
  [ 86/129] 2026-04-07: 6 rompimento(s)
  [ 87/129] 2026-04-13: 3 rompimento(s)
  [ 88/129] 2026-04-10: 3 rompimento(s)
  [ 89/129] 2026-04-17: 3 rompimento(s)
  [ 90/129] 2026-04-15: 1 rompimento(s)
  [ 91/129] 2026-04-14: 3 rompimento(s)
  [ 92/129] 2026-04-16: 3 rompimento(s)
  [ 93/129] 2026-04-23: 3 rompimento(s)
  [ 94/129] 2026-04-24: 3 rompimento(s)
  [ 95/129] 2026-04-22: 3 rompimento(s)
  [ 96/129] 2026-04-20: 2 rompimento(s)
  [ 97/129] 2026-04-27: 1 rompimento(s)
  [ 98/129] 2026-04-28: 2 rompimento(s)
  [ 99/129] 2026-04-29: 2 rompimento(s)
  [100/129] 2026-05-04: 4 rompimento(s)
  [101/129] 2026-05-05: 2 rompimento(s)
  [102/129] 2026-04-30: 2 rompimento(s)
  [103/129] 2026-05-06: 3 rompimento(s)
  [104/129] 2026-05-08: 1 rompimento(s)
  [105/129] 2026-05-11: 2 rompimento(s)
  [106/129] 2026-05-07: 0 rompimento(s)
  [107/129] 2026-05-13: 2 rompimento(s)
  [108/129] 2026-05-12: 1 rompimento(s)
  [109/129] 2026-05-14: 2 rompimento(s)
  [110/129] 2026-05-19: 1 rompimento(s)
  [111/129] 2026-05-20: 2 rompimento(s)
  [112/129] 2026-05-15: 3 rompimento(s)
  [113/129] 2026-05-18: 2 rompimento(s)
  [114/129] 2026-05-25: 2 rompimento(s)
  [115/129] 2026-05-21: 2 rompimento(s)
  [116/129] 2026-05-26: 2 rompimento(s)
  [117/129] 2026-05-22: 2 rompimento(s)
  [118/129] 2026-05-27: 4 rompimento(s)
  [119/129] 2026-05-28: 4 rompimento(s)
  [120/129] 2026-05-29: 3 rompimento(s)
  [121/129] 2026-06-02: 2 rompimento(s)
  [122/129] 2026-06-03: 2 rompimento(s)
  [123/129] 2026-06-01: 3 rompimento(s)
  [124/129] 2026-06-11: 4 rompimento(s)
  [125/129] 2026-06-10: 0 rompimento(s)
  [126/129] 2026-06-08: 3 rompimento(s)
  [127/129] 2026-06-05: 1 rompimento(s)
  [128/129] 2026-06-09: 3 rompimento(s)
  [129/129] 2026-06-12: 1 rompimento(s)

====================================================================================================================================================
(A) PERFIL DESCRITIVO DO ROMPIMENTO TÍPICO — média, mediana, desvio, n
====================================================================================================================================================
  rompimentos: n=417 em 129 pregões — média 3,23/pregão, mediana 3,0, desvio 2,28, min 0, max 11
  pregões sem NENHUM rompimento: 7 de 129 (5,4%)
  direção: ALTA 191 (45,8%)  BAIXA 226 (54,2%)
  largura do retângulo (pts)             média     472,1  mediana     435,1  desvio     135,7  n=417
  vida do retângulo até romper (barras)  média      28,8  mediana      18,0  desvio      34,2  n=417
  já andou da borda até detecção (pts)   média     291,1  mediana     262,9  desvio     161,3  n=417
  amplitude das 3 barras do rompimento (pts) média     370,6  mediana     319,0  desvio     200,7  n=417
  toques totais (topo+piso)              média      14,0  mediana      14,0  desvio       2,2  n=417
  cruzamentos do meio                    média       5,4  mediana       5,0  desvio       1,7  n=417
  volume rompimento / volume médio retângulo média     1,274  mediana     1,198  desvio     0,447  n=417
  volume acumulado do dia / típico no mesmo instante média     1,046  mediana     1,047  desvio     0,128  n=417
  hora do rompimento (BRT, 0-24)         média      13,0  mediana      12,3  desvio       2,2  n=417

====================================================================================================================================================
(B) TODAS AS CARACTERÍSTICAS TESTADAS CONTRA O DESFECHO (outcome=MFE-MAE, favor60%=quem chega primeiro em +60/-60)
====================================================================================================================================================
  rho = Spearman manual (rank+corrcoef); '*' = |rho| > limiar assintótico de 5% (SE~1/sqrt(n-1), sem scipy)

  *** 25 características testadas, uma a uma, contra o mesmo desfecho ***

  largura do retângulo (pts)         n=417   rho= -0,000  (limiar~0,096 p/5%)
      Q1(baixo)      n=105   outcome méd=     51,3 desvio=  703,2  favor60%=  39,0%
      Q2             n=104   outcome méd=    -11,9 desvio=  863,8  favor60%=  45,2%
      Q3             n=104   outcome méd=     89,0 desvio=1.002,2  favor60%=  31,7%
      Q4(alto)       n=104   outcome méd=     -6,2 desvio=  958,9  favor60%=  33,7%
  largura / amplitude do dia até ali n=417   rho= -0,006  (limiar~0,096 p/5%)
      Q1(baixo)      n=105   outcome méd=     36,2 desvio=  841,3  favor60%=  39,0%
      Q2             n=104   outcome méd=    -19,1 desvio=  818,1  favor60%=  33,7%
      Q3             n=104   outcome méd=    126,4 desvio=  995,3  favor60%=  44,2%
      Q4(alto)       n=104   outcome méd=    -21,3 desvio=  887,3  favor60%=  32,7%
  duração do retângulo (barras)      n=417   rho= -0,055  (limiar~0,096 p/5%)
      Q1(baixo)      n=114   outcome méd=    134,0 desvio=  919,2  favor60%=  38,6%
      Q2             n=97    outcome méd=     15,0 desvio=  862,2  favor60%=  33,0%
      Q3             n=102   outcome méd=    -89,1 desvio=  822,8  favor60%=  38,2%
      Q4(alto)       n=104   outcome méd=     49,1 desvio=  930,7  favor60%=  39,4%
  hora da sessão (BRT)               n=417   rho= -0,004  (limiar~0,096 p/5%)
      Q1(baixo)      n=105   outcome méd=     54,0 desvio=1.110,9  favor60%=  34,3%
      Q2             n=104   outcome méd=     77,2 desvio=  825,6  favor60%=  43,3%
      Q3             n=104   outcome méd=    -33,7 desvio=  766,8  favor60%=  36,5%
      Q4(alto)       n=104   outcome méd=     24,6 desvio=  808,6  favor60%=  35,6%
  toques totais (topo+piso)          n=417   rho=  0,075  (limiar~0,096 p/5%)
      Q1(baixo)      n=106   outcome méd=   -104,4 desvio=  914,4  favor60%=  40,6%
      Q2             n=130   outcome méd=     59,3 desvio=  801,6  favor60%=  33,8%
      Q3             n=122   outcome méd=     82,6 desvio=  952,6  favor60%=  38,5%
      Q4(alto)       n=59    outcome méd=    102,2 desvio=  871,2  favor60%=  37,3%
  visitas totais (topo+piso)         n=417   rho=  0,037  (limiar~0,096 p/5%)
      Q1(baixo)      n=105   outcome méd=    105,1 desvio=1.005,3  favor60%=  38,1%
      Q2             n=104   outcome méd=   -105,3 desvio=  772,7  favor60%=  33,7%
      Q3             n=104   outcome méd=    -11,8 desvio=  895,7  favor60%=  35,6%
      Q4(alto)       n=104   outcome méd=    133,6 desvio=  848,4  favor60%=  42,3%
  trocas de lado                     n=417   rho= -0,012  (limiar~0,096 p/5%)
      Q1(baixo)      n=105   outcome méd=     80,3 desvio=1.043,8  favor60%=  42,9%
      Q2             n=104   outcome méd=     61,0 desvio=  848,9  favor60%=  35,6%
      Q3             n=104   outcome méd=    -94,5 desvio=  699,6  favor60%=  36,5%
      Q4(alto)       n=104   outcome méd=     75,0 desvio=  919,3  favor60%=  34,6%
  cruzamentos do meio                n=417   rho= -0,025  (limiar~0,096 p/5%)
      Q1(baixo)      n=151   outcome méd=    101,5 desvio=  920,8  favor60%=  37,1%
      Q2             n=87    outcome méd=    -12,0 desvio=  756,7  favor60%=  26,4%
      Q3             n=122   outcome méd=    -38,7 desvio=  904,5  favor60%=  39,3%
      Q4(alto)       n=57    outcome méd=     56,0 desvio=  947,0  favor60%=  50,9%
  contenção da banda                 n=417   rho=  0,094  (limiar~0,096 p/5%)
      0.95           n=234   outcome méd=    -29,8 desvio=  908,3  favor60%=  37,6%
      1.0            n=183   outcome méd=    107,8 desvio=  854,9  favor60%=  37,2%
  deriva (fração da largura)         n=417   rho=  0,037  (limiar~0,096 p/5%)
      Q1(baixo)      n=105   outcome méd=    -20,2 desvio=  897,7  favor60%=  38,1%
      Q2             n=104   outcome méd=     92,1 desvio=  923,9  favor60%=  43,3%
      Q3             n=104   outcome méd=    -51,1 desvio=  862,8  favor60%=  37,5%
      Q4(alto)       n=104   outcome méd=    102,0 desvio=  863,8  favor60%=  30,8%
  contração vs 2W barras anteriores  n=417   rho=  0,024  (limiar~0,096 p/5%)
      Q1(baixo)      n=105   outcome méd=    159,5 desvio=  978,7  favor60%=  38,1%
      Q2             n=104   outcome méd=   -130,3 desvio=  874,0  favor60%=  31,7%
      Q3             n=104   outcome méd=     14,4 desvio=  796,1  favor60%=  42,3%
      Q4(alto)       n=104   outcome méd=     77,5 desvio=  875,3  favor60%=  37,5%
  já andou da borda até detecção (pts) n=417   rho= -0,015  (limiar~0,096 p/5%)
      Q1(baixo)      n=105   outcome méd=     81,8 desvio=  840,6  favor60%=  45,7%
      Q2             n=104   outcome méd=    -30,8 desvio=  802,2  favor60%=  36,5%
      Q3             n=104   outcome méd=     39,1 desvio=  973,3  favor60%=  36,5%
      Q4(alto)       n=104   outcome méd=     31,7 desvio=  930,4  favor60%=  30,8%
  já andou / largura                 n=417   rho= -0,018  (limiar~0,096 p/5%)
      Q1(baixo)      n=105   outcome méd=    108,7 desvio=  889,1  favor60%=  45,7%
      Q2             n=104   outcome méd=   -112,5 desvio=  755,4  favor60%=  32,7%
      Q3             n=104   outcome méd=     38,8 desvio=  951,8  favor60%=  40,4%
      Q4(alto)       n=104   outcome méd=     86,6 desvio=  933,6  favor60%=  30,8%
  amplitude das 3 barras do rompimento (pts) n=417   rho=  0,032  (limiar~0,096 p/5%)
      Q1(baixo)      n=106   outcome méd=     22,3 desvio=  689,6  favor60%=  35,8%
      Q2             n=103   outcome méd=     19,6 desvio=  951,4  favor60%=  50,5%
      Q3             n=105   outcome méd=      7,3 desvio=  859,7  favor60%=  38,1%
      Q4(alto)       n=103   outcome méd=     73,7 desvio=1.028,0  favor60%=  25,2%
  amplitude das 3 barras / largura   n=417   rho=  0,016  (limiar~0,096 p/5%)
      Q1(baixo)      n=105   outcome méd=     21,0 desvio=  876,3  favor60%=  34,3%
      Q2             n=104   outcome méd=     66,5 desvio=  756,2  favor60%=  47,1%
      Q3             n=104   outcome méd=      7,7 desvio=  951,7  favor60%=  40,4%
      Q4(alto)       n=104   outcome méd=     27,3 desvio=  960,1  favor60%=  27,9%
  volume rompimento / volume médio retângulo n=417   rho=  0,058  (limiar~0,096 p/5%)
      Q1(baixo)      n=105   outcome méd=   -161,5 desvio=  757,8  favor60%=  36,2%
      Q2             n=104   outcome méd=    184,3 desvio=  917,2  favor60%=  43,3%
      Q3             n=104   outcome méd=     58,6 desvio=  903,3  favor60%=  38,5%
      Q4(alto)       n=104   outcome méd=     42,7 desvio=  936,5  favor60%=  31,7%
  volume acumulado do dia / típico no instante n=417   rho= -0,010  (limiar~0,096 p/5%)
      Q1(baixo)      n=105   outcome méd=     15,8 desvio=  826,3  favor60%=  39,0%
      Q2             n=104   outcome méd=     27,5 desvio=  864,8  favor60%=  38,5%
      Q3             n=104   outcome méd=    129,0 desvio=  977,7  favor60%=  44,2%
      Q4(alto)       n=104   outcome méd=    -49,8 desvio=  875,6  favor60%=  27,9%
  distância ao topo do dia (pts)     n=417   rho= -0,011  (limiar~0,096 p/5%)
      Q1(baixo)      n=105   outcome méd=     81,5 desvio=  897,8  favor60%=  41,0%
      Q2             n=104   outcome méd=    -37,4 desvio=  885,2  favor60%=  42,3%
      Q3             n=104   outcome méd=     85,0 desvio=  906,2  favor60%=  38,5%
      Q4(alto)       n=104   outcome méd=     -7,3 desvio=  863,8  favor60%=  27,9%
  distância ao fundo do dia (pts)    n=417   rho=  0,010  (limiar~0,096 p/5%)
      Q1(baixo)      n=105   outcome méd=     69,7 desvio=  986,6  favor60%=  33,3%
      Q2             n=104   outcome méd=    -69,4 desvio=  870,3  favor60%=  40,4%
      Q3             n=104   outcome méd=     69,4 desvio=  685,0  favor60%=  34,6%
      Q4(alto)       n=104   outcome méd=     52,3 desvio=  976,4  favor60%=  41,3%
  posição no range do dia (0=fundo,1=topo) n=417   rho=  0,017  (limiar~0,096 p/5%)
      Q1(baixo)      n=105   outcome méd=     68,9 desvio=1.008,0  favor60%=  30,5%
      Q2             n=104   outcome méd=    -47,1 desvio=  797,0  favor60%=  36,5%
      Q3             n=104   outcome méd=     10,8 desvio=  812,7  favor60%=  40,4%
      Q4(alto)       n=104   outcome méd=     89,3 desvio=  918,4  favor60%=  42,3%
  tendência do pregão até ali (bps desde a abertura) n=417   rho= -0,019  (limiar~0,096 p/5%)
      Q1(baixo)      n=105   outcome méd=     86,9 desvio=  936,1  favor60%=  33,3%
      Q2             n=104   outcome méd=    -14,7 desvio=  873,5  favor60%=  32,7%
      Q3             n=104   outcome méd=     -0,3 desvio=  855,6  favor60%=  41,3%
      Q4(alto)       n=104   outcome méd=     49,9 desvio=  888,8  favor60%=  42,3%
  gap de abertura vs fechamento anterior (pts) [rollover contamina] n=416   rho=  0,024  (limiar~0,096 p/5%)
      Q1(baixo)      n=107   outcome méd=     -4,7 desvio=  932,4  favor60%=  41,1%
      Q2             n=102   outcome méd=     38,8 desvio=  822,0  favor60%=  34,3%
      Q3             n=105   outcome méd=     54,1 desvio=  981,6  favor60%=  41,9%
      Q4(alto)       n=102   outcome méd=     32,1 desvio=  810,2  favor60%=  31,4%
  dia da semana (0=seg..4=sex)       n=417   rho=  0,021  (limiar~0,096 p/5%)
      0.0            n=75    outcome méd=    -83,1 desvio=  776,1  favor60%=  37,3%
      1.0            n=82    outcome méd=     39,8 desvio=  983,1  favor60%=  30,5%
      2.0            n=78    outcome méd=    187,4 desvio=  907,8  favor60%=  33,3%
      3.0            n=97    outcome méd=    -35,2 desvio=  918,3  favor60%=  38,1%
      4.0            n=85    outcome méd=     53,1 desvio=  820,6  favor60%=  47,1%
  direção (1=alta, 0=baixa)          n=417   rho=  0,000  (limiar~0,096 p/5%)
      0.0            n=226   outcome méd=     20,0 desvio=  895,4  favor60%=  39,4%
      1.0            n=191   outcome méd=     43,1 desvio=  878,8  favor60%=  35,1%
  ordem do rompimento no pregão (1o, 2o, ...) n=417   rho=  0,013  (limiar~0,096 p/5%)
      Q1(baixo)      n=105   outcome méd=     20,3 desvio=1.098,5  favor60%=  33,3%
      Q2             n=104   outcome méd=    138,7 desvio=  828,3  favor60%=  42,3%
      Q3             n=104   outcome méd=    -54,8 desvio=  787,8  favor60%=  38,5%
      Q4(alto)       n=104   outcome méd=     18,3 desvio=  794,9  favor60%=  35,6%

  resumo: 25 características avaliadas, 0 com |rho| acima do limiar assintótico de 5% — sob H0 pura, esperar-se-iam ~1,2 por acaso.

====================================================================================================================================================
(C) VOLUME — rodada própria (pedido explícito do dono)
====================================================================================================================================================
  conjectura clássica: 'rompimento com volume CONTINUA, sem volume FALHA'.
  volume do rompimento / volume médio do retângulo: rho=0,058 — NÃO sobrevive (dentro do ruído)
  volume acumulado do dia / típico no instante: rho=-0,010 — NÃO sobrevive (dentro do ruído)
  ver tabela por quartil em (B) para os dois — a leitura decisiva é lá: quartil extremo isolado ('sorte no extremo') não conta como sinal.

====================================================================================================================================================
(D) ORDEM DO ROMPIMENTO NO PREGÃO — o 1o é diferente do 3o?
====================================================================================================================================================
  ordem           n   outcome méd    desvio   favor60%
  1o            122          -1,5   1.067,8      34,4%
  2o             98         153,1     794,5      40,8%
  3o+           197         -10,5     801,9      37,6%

====================================================================================================================================================
(E) COMBINAÇÕES — pares dentre o TOP-5 |rho| isolado (declarado, controla o número)
====================================================================================================================================================
  top-5 por |rho| isolado: ['contenção da banda', 'toques totais (topo+piso)', 'volume rompimento / volume médio retângulo', 'duração do retângulo (barras)', 'deriva (fração da largura)']
  *** 10 combinações testadas (pares do top-5) *** — a alpha=5%, esperar-se-ia ~0,50 positiva por acaso, somada aos ~1,2 já esperados em (B)

  contencao (mediana 0,95) x toques_totais (mediana 14,00):
      lo/lo    n=145   outcome méd=-72,7
      lo/hi    n=89    outcome méd=40,2
      hi/lo    n=91    outcome méd=79,0
      hi/hi    n=92    outcome méd=136,2
  contencao (mediana 0,95) x vol_ratio_romp_retangulo (mediana 1,20):
      lo/lo    n=123   outcome méd=25,2
      lo/hi    n=111   outcome méd=-90,7
      hi/lo    n=86    outcome méd=-10,3
      hi/hi    n=97    outcome méd=212,4
  contencao (mediana 0,95) x barras_vivo (mediana 18,00):
      lo/lo    n=113   outcome méd=53,2
      lo/hi    n=121   outcome méd=-107,3
      hi/lo    n=98    outcome méd=109,4
      hi/hi    n=85    outcome méd=105,9
  contencao (mediana 0,95) x deriva_frac (mediana 0,16):
      lo/lo    n=128   outcome méd=-23,4
      lo/hi    n=106   outcome méd=-37,5
      hi/lo    n=81    outcome méd=129,0
      hi/hi    n=102   outcome méd=90,9
  toques_totais (mediana 14,00) x vol_ratio_romp_retangulo (mediana 1,20):
      lo/lo    n=118   outcome méd=-93,5
      lo/hi    n=118   outcome méd=65,1
      hi/lo    n=91    outcome méd=145,5
      hi/hi    n=90    outcome méd=31,8
  toques_totais (mediana 14,00) x barras_vivo (mediana 18,00):
      lo/lo    n=114   outcome méd=21,7
      lo/hi    n=122   outcome méd=-47,8
      hi/lo    n=97    outcome méd=147,0
      hi/hi    n=84    outcome méd=22,0
  toques_totais (mediana 14,00) x deriva_frac (mediana 0,16):
      lo/lo    n=125   outcome méd=-42,4
      lo/hi    n=111   outcome méd=17,5
      hi/lo    n=84    outcome méd=151,9
      hi/hi    n=97    outcome méd=34,5
  vol_ratio_romp_retangulo (mediana 1,20) x barras_vivo (mediana 18,00):
      lo/lo    n=115   outcome méd=103,6
      lo/hi    n=94    outcome méd=-103,2
      hi/lo    n=96    outcome méd=50,3
      hi/hi    n=112   outcome méd=51,0
  vol_ratio_romp_retangulo (mediana 1,20) x deriva_frac (mediana 0,16):
      lo/lo    n=113   outcome méd=79,3
      lo/hi    n=96    outcome méd=-70,4
      hi/lo    n=96    outcome méd=-15,7
      hi/hi    n=112   outcome méd=107,6
  barras_vivo (mediana 18,00) x deriva_frac (mediana 0,16):
      lo/lo    n=105   outcome méd=98,9
      lo/hi    n=106   outcome méd=59,9
      hi/lo    n=104   outcome méd=-28,1
      hi/hi    n=102   outcome méd=-10,4

====================================================================================================================================================
COMO LER
====================================================================================================================================================
  * Território: CARACTERÍSTICAS do rompimento e o que predizem. O fenômeno em si
    (existe? continua? retesta?) é medido em rompimento_retangulo_fenomeno_2026_09_16.py.
  * Toda característica é causal: computável na barra do rompimento, sem look-ahead.
  * 25 características testadas isoladamente + 10 combinações —
    ambos os números contam para o total de comparações feitas nesta rodada.
  * Só o IS. A janela cega fica intacta para o que sobreviver.

FIM.
