======================================================================================================================
SIMULACAO do pregao de 2026-09-15 ate 17:20 BRT (20:20 UTC)
======================================================================================================================
  NAO e' comparacao entre os dois: instrumentos, granularidades e pisos de
  caixa diferentes, e UM pregao de amostra. E' so' o que cada um teria feito.

  WIN@  M1 : 498 barras hoje ate o corte (2026-09-15 12:03:00+00:00 -> 2026-09-15 20:20:00+00:00)

  wdo_grid_reload_maker: feed_kind=tick, simbolo WDO@
  puxando ticks de hoje do terminal (sem merge na base canonica)...
  WDO@ tick: 119761 ticks hoje
  WDO@ barras degeneradas ate o corte: 119592 (2026-09-15 12:00:50.782000+00:00 -> 2026-09-15 20:19:49.866000+00:00)

======================================================================================================================
RESULTADO DO DIA
======================================================================================================================
  robo                      simb     capital  liquido R$  trades   win%   BEemp%  ganho med  perda med      fila
  --------------------------------------------------------------------------------------------------------------
  win_retangulo             WIN@       1.100     -190,50       3   0,0%   100,0%       0,00      63,50       0/0
  wdo_grid_reload_maker     WDO@         375       67,50      75  88,0%    87,0%      11,47      76,61   329/494

  --- win_retangulo (WIN@): as 3 operacoes ---
    entrada (BRT)    saida (BRT)      lado     qtd     entrada       saida        R$  motivo
    10:52:00         11:35:00         short      1  187.860,00  188.175,00    -63,50  stop
    11:37:00         11:52:00         long       1  187.860,00  187.545,00    -63,50  stop
    12:04:00         12:16:00         short      1  187.860,00  188.175,00    -63,50  stop

  --- wdo_grid_reload_maker (WDO@): as 75 operacoes ---
    entrada (BRT)    saida (BRT)      lado     qtd     entrada       saida        R$  motivo
    09:00:51         09:00:56         long       1    5.170,50    5.172,00     14,50  target
    09:00:58         09:01:12         short      1    5.172,50    5.170,50     19,50  target
    09:01:25         09:01:34         long       1    5.172,50    5.174,00     14,50  target
    09:01:36         09:01:42         short      1    5.174,50    5.172,50     19,50  target
    09:02:04         09:02:26         long       1    5.174,00    5.175,00      9,50  target
    09:02:52         09:03:03         short      1    5.173,50    5.172,00     14,50  target
    09:03:04         09:03:30         long       1    5.171,50    5.173,00     14,50  target
    09:04:33         09:04:52         short      1    5.171,50    5.170,00     14,50  target
    09:04:52         09:05:02         long       1    5.169,50    5.171,00     14,50  target
    09:05:09         09:07:27         short      1    5.171,50    5.170,50      9,50  target
    09:07:39         09:08:46         long       1    5.170,00    5.171,00      9,50  target
    09:09:12         09:09:19         short      1    5.172,50    5.171,50      9,50  target
    09:09:37         09:19:34         long       1    5.170,00    5.161,50    -85,50  stop
    09:19:52         09:20:51         short      1    5.161,50    5.160,50      9,50  target
    09:20:51         09:22:18         long       1    5.160,00    5.161,00      9,50  target
    09:22:31         09:24:56         short      1    5.160,50    5.159,50      9,50  target
    09:25:20         09:35:04         long       1    5.160,00    5.151,50    -85,50  stop
    09:35:07         09:37:21         short      1    5.152,50    5.151,50      9,50  target
    09:37:49         09:38:25         long       1    5.152,00    5.153,50     14,50  target
    09:38:33         09:39:18         short      1    5.154,00    5.152,50     14,50  target
    09:39:45         09:40:39         long       1    5.152,00    5.153,00      9,50  target
    09:41:28         09:43:58         short      1    5.151,50    5.150,50      9,50  target
    09:44:15         09:57:11         long       1    5.151,50    5.153,00     14,50  target
    09:57:24         09:58:41         short      1    5.152,50    5.151,50      9,50  target
    10:00:02         10:01:23         long       1    5.153,00    5.154,00      9,50  target
    10:01:26         10:03:03         short      1    5.154,50    5.153,50      9,50  target
    10:03:21         10:04:24         long       1    5.153,00    5.154,00      9,50  target
    10:04:24         10:14:14         short      1    5.154,50    5.163,00    -85,50  stop
    10:14:26         10:19:40         long       1    5.162,00    5.163,00      9,50  target
    10:19:48         10:19:55         short      1    5.163,50    5.162,50      9,50  target
    10:20:08         10:20:36         long       1    5.163,00    5.164,00      9,50  target
    10:20:39         10:20:51         short      1    5.164,50    5.163,50      9,50  target
    10:21:01         10:21:47         long       1    5.163,00    5.164,00      9,50  target
    10:21:47         10:21:55         short      1    5.164,50    5.162,50     19,50  target
    10:22:13         10:22:56         long       1    5.163,00    5.164,00      9,50  target
    10:22:58         10:23:21         short      1    5.164,50    5.163,00     14,50  target
    10:23:40         10:24:09         long       1    5.162,50    5.164,00     14,50  target
    10:24:09         10:24:22         short      1    5.164,50    5.163,00     14,50  target
    10:24:48         10:26:11         long       1    5.163,50    5.165,00     14,50  target
    10:26:45         10:30:18         short      1    5.165,50    5.164,50      9,50  target
    10:30:20         10:30:33         long       1    5.164,00    5.165,00      9,50  target
    10:30:35         10:31:33         short      1    5.165,50    5.164,00     14,50  target
    10:31:46         10:32:11         long       1    5.164,50    5.166,00     14,50  target
    10:32:56         10:32:56         short      1    5.164,00    5.163,00      9,50  target
    10:33:02         10:34:55         long       1    5.162,50    5.163,50      9,50  target
    10:35:10         10:35:48         short      1    5.164,00    5.163,00      9,50  target
    10:36:33         10:51:13         long       1    5.166,00    5.157,50    -85,50  stop
    10:51:42         10:52:22         short      1    5.158,50    5.157,50      9,50  target
    10:52:56         10:59:27         long       1    5.159,00    5.160,00      9,50  target
    10:59:51         11:16:49         short      1    5.159,00    5.167,50    -85,50  stop
    11:17:00         11:29:01         long       1    5.168,00    5.169,00      9,50  target
    11:29:07         11:31:40         short      1    5.169,50    5.168,50      9,50  target
    11:32:01         11:32:35         long       1    5.168,00    5.169,00      9,50  target
    11:32:44         11:33:08         short      1    5.169,50    5.167,50     19,50  target
    11:33:22         11:37:55         long       1    5.168,00    5.169,00      9,50  target
    11:38:02         11:53:47         short      1    5.169,50    5.178,00    -85,50  stop
    11:53:53         11:56:41         long       1    5.177,00    5.178,00      9,50  target
    11:58:08         12:04:47         short      1    5.175,50    5.174,50      9,50  target
    12:05:04         12:05:20         long       1    5.174,00    5.175,50     14,50  target
    12:05:46         12:06:36         short      1    5.175,00    5.174,00      9,50  target
    12:07:10         12:17:37         long       1    5.174,50    5.166,00    -85,50  stop
    12:17:50         12:20:14         short      1    5.167,00    5.166,00      9,50  target
    12:20:24         12:30:46         long       1    5.165,50    5.166,50      9,50  target
    12:31:08         12:32:04         short      1    5.166,00    5.165,00      9,50  target
    12:32:04         12:33:58         long       1    5.164,50    5.165,50      9,50  target
    12:34:07         12:35:06         short      1    5.166,00    5.165,00      9,50  target
    12:35:31         12:37:48         long       1    5.164,50    5.166,00     14,50  target
    12:41:30         13:14:32         short      1    5.164,50    5.163,50      9,50  target
    13:17:23         13:51:44         long       1    5.166,00    5.167,50     14,50  target
    13:52:05         14:28:38         short      1    5.167,00    5.175,50    -85,50  stop
    14:30:26         14:42:19         long       1    5.172,50    5.173,50      9,50  target
    14:42:46         14:58:17         short      1    5.174,00    5.173,00      9,50  target
    14:58:31         17:12:01         long       1    5.172,50    5.173,50      9,50  target
    17:12:01         17:14:08         short      1    5.174,00    5.173,00      9,50  target
    17:15:04         17:19:49         long       1    5.172,50    5.172,00     -5,50  forced_flatten

======================================================================================================================
COMO LER
======================================================================================================================
  * UM pregao. Nao ha veredito possivel aqui -- o acerto de um dia nao
    distingue estrategia de sorteio, e os dois robos tem breakeven empirico
    proprio que so' faz sentido sobre centenas de operacoes.
  * O corte das 17:20 e' o pedido do dono, NAO o de producao (18:20 BRT).
  * WIN@ nao tem fila calibrada (`fidelidade.py` so' tem WDO@): a coluna
    `fila` mostra a premissa de cada linha. Onde ela e' 0/0, toda ordem-limite
    preenche no TOQUE -- otimista.

FIM.
