[wdof1_sobrevivencia] 88 combinacoes (stop_ticks x capital), 12 processos em paralelo, T1/x1 fixos

  [  1/88  14.7s] S1  R$   2.000 -> trades=  293 liquido=R$   -1.631,27 final=R$    368,73 dias_cobertos=177 recusadas=    0 [ok]
  [  2/88  14.5s] S2  R$     500 -> trades=   87 liquido=R$     -128,25 final=R$    371,75 dias_cobertos=177 recusadas=    0 [ok]
  [  3/88  14.8s] S1  R$   3.000 -> trades=  417 liquido=R$   -2.645,95 final=R$    354,05 dias_cobertos=177 recusadas=    0 [ok]
  [  4/88  15.2s] S1  R$     375 -> trades=   52 liquido=R$       -9,56 final=R$    365,44 dias_cobertos=177 recusadas=    0 [ok]
  [  5/88  15.3s] S1  R$     750 -> trades=  101 liquido=R$     -383,06 final=R$    366,94 dias_cobertos=177 recusadas=    0 [ok]
  [  6/88  15.5s] S2  R$     750 -> trades=  114 liquido=R$     -389,84 final=R$    360,16 dias_cobertos=177 recusadas=    0 [ok]
  [  7/88  15.7s] S1  R$   5.000 -> trades=  721 liquido=R$   -4.633,99 final=R$    366,01 dias_cobertos=177 recusadas=    0 [ok]
  [  8/88  15.6s] S2  R$     375 -> trades=   58 liquido=R$      -17,01 final=R$    357,99 dias_cobertos=177 recusadas=    0 [ok]
  [  9/88  15.6s] S2  R$   1.000 -> trades=  160 liquido=R$     -644,41 final=R$    355,59 dias_cobertos=177 recusadas=    0 [ok]
  [ 10/88  16.2s] S1  R$   1.500 -> trades=  220 liquido=R$   -1.127,21 final=R$    372,79 dias_cobertos=177 recusadas=    0 [ok]
  [ 11/88  16.2s] S1  R$   1.000 -> trades=  136 liquido=R$     -626,25 final=R$    373,75 dias_cobertos=177 recusadas=    0 [ok]
  [ 12/88  16.3s] S1  R$     500 -> trades=   64 liquido=R$     -127,82 final=R$    372,18 dias_cobertos=177 recusadas=    0 [ok]
  [ 13/88  14.2s] S2  R$   2.000 -> trades=  341 liquido=R$   -1.665,76 final=R$    334,24 dias_cobertos=177 recusadas=    0 [ok]
  [ 14/88  14.4s] S2  R$   3.000 -> trades=  484 liquido=R$   -2.635,24 final=R$    364,76 dias_cobertos=177 recusadas=    0 [ok]
  [ 15/88  14.4s] S2  R$   5.000 -> trades=  780 liquido=R$   -4.630,11 final=R$    369,89 dias_cobertos=177 recusadas=    0 [ok]
  [ 16/88  15.2s] S2  R$   1.500 -> trades=  250 liquido=R$   -1.132,49 final=R$    367,51 dias_cobertos=177 recusadas=    0 [ok]
  [ 17/88  14.7s] S4  R$   2.000 -> trades=  533 liquido=R$   -1.633,57 final=R$    366,43 dias_cobertos=177 recusadas=    0 [ok]
  [ 18/88  15.4s] S4  R$   1.000 -> trades=  256 liquido=R$     -636,75 final=R$    363,25 dias_cobertos=177 recusadas=    0 [ok]
  [ 19/88  15.9s] S4  R$     375 -> trades=   58 liquido=R$      -30,57 final=R$    344,43 dias_cobertos=177 recusadas=    0 [ok]
  [ 20/88  15.7s] S4  R$     500 -> trades=  112 liquido=R$     -127,21 final=R$    372,79 dias_cobertos=177 recusadas=    0 [ok]
  [ 21/88  15.9s] S4  R$     750 -> trades=  215 liquido=R$     -396,31 final=R$    353,69 dias_cobertos=177 recusadas=    0 [ok]
  [ 22/88  15.9s] S4  R$   1.500 -> trades=  398 liquido=R$   -1.137,42 final=R$    362,58 dias_cobertos=177 recusadas=    0 [ok]
  [ 23/88  15.8s] S4  R$   3.000 -> trades=  768 liquido=R$   -2.637,00 final=R$    363,00 dias_cobertos=177 recusadas=    0 [ok]
  [ 24/88  16.0s] S4  R$   5.000 -> trades= 1408 liquido=R$   -4.628,29 final=R$    371,71 dias_cobertos=177 recusadas=    0 [ok]
  [ 25/88  19.5s] S6  R$     500 -> trades=  291 liquido=R$     -172,73 final=R$    327,27 dias_cobertos=177 recusadas=    0 [ok]
  [ 26/88  19.8s] S6  R$   1.000 -> trades=  694 liquido=R$     -628,22 final=R$    371,78 dias_cobertos=177 recusadas=    0 [ok]
  [ 27/88  19.0s] S6  R$   1.500 -> trades= 1092 liquido=R$   -1.135,12 final=R$    364,88 dias_cobertos=177 recusadas=    0 [ok]
  [ 28/88  20.4s] S6  R$     750 -> trades=  307 liquido=R$     -396,62 final=R$    353,38 dias_cobertos=177 recusadas=    0 [ok]
  [ 29/88  22.5s] S6  R$     375 -> trades=  169 liquido=R$       -9,55 final=R$    365,45 dias_cobertos=177 recusadas=    0 [ok]
  [ 30/88  24.3s] S8  R$     375 -> trades=   12 liquido=R$      -27,26 final=R$    347,74 dias_cobertos=177 recusadas=    0 [ok]
  [ 31/88  25.3s] S6  R$   2.000 -> trades= 1234 liquido=R$   -1.638,90 final=R$    361,10 dias_cobertos=177 recusadas=    0 [ok]
  [ 32/88  25.6s] S6  R$   3.000 -> trades= 1544 liquido=R$   -2.644,44 final=R$    355,56 dias_cobertos=177 recusadas=    0 [ok]
  [ 33/88  25.9s] S6  R$   5.000 -> trades= 2194 liquido=R$   -4.646,54 final=R$    353,46 dias_cobertos=177 recusadas=    0 [ok]
  [ 34/88  25.7s] S8  R$   1.000 -> trades=  190 liquido=R$     -634,99 final=R$    365,01 dias_cobertos=177 recusadas=    0 [ok]
  [ 35/88  26.5s] S8  R$     500 -> trades=   90 liquido=R$     -129,66 final=R$    370,34 dias_cobertos=177 recusadas=    0 [ok]
  [ 36/88  26.8s] S8  R$     750 -> trades=  146 liquido=R$     -400,52 final=R$    349,48 dias_cobertos=177 recusadas=    0 [ok]
  [ 37/88  46.6s] S8  R$   1.500 -> trades=  448 liquido=R$   -1.143,58 final=R$    356,42 dias_cobertos=177 recusadas=    0 [ok]
  [ 38/88  46.5s] S8  R$   5.000 -> trades= 1652 liquido=R$   -4.645,24 final=R$    354,76 dias_cobertos=177 recusadas=    0 [ok]
  [ 39/88  46.8s] S8  R$   2.000 -> trades=  799 liquido=R$   -1.651,83 final=R$    348,17 dias_cobertos=177 recusadas=    0 [ok]
  [ 40/88  46.7s] S8  R$   3.000 -> trades= 1193 liquido=R$   -2.660,00 final=R$    340,00 dias_cobertos=177 recusadas=    0 [ok]
  [ 41/88  46.2s] S10 R$     375 -> trades=   42 liquido=R$      -48,68 final=R$    326,32 dias_cobertos=177 recusadas=    0 [ok]
  [ 42/88  46.1s] S10 R$     750 -> trades=  589 liquido=R$     -422,48 final=R$    327,52 dias_cobertos=177 recusadas=    0 [ok]
  [ 43/88  46.6s] S10 R$     500 -> trades=  367 liquido=R$     -142,22 final=R$    357,78 dias_cobertos=177 recusadas=    0 [ok]
  [ 44/88  46.5s] S10 R$   1.500 -> trades= 1043 liquido=R$   -1.132,14 final=R$    367,86 dias_cobertos=177 recusadas=    0 [ok]
  [ 45/88  47.6s] S10 R$   1.000 -> trades=  806 liquido=R$     -662,16 final=R$    337,84 dias_cobertos=177 recusadas=    0 [ok]
  [ 46/88  47.2s] S10 R$   2.000 -> trades= 1227 liquido=R$   -1.643,43 final=R$    356,57 dias_cobertos=177 recusadas=    0 [ok]
  [ 47/88  47.2s] S10 R$   3.000 -> trades= 1679 liquido=R$   -2.654,12 final=R$    345,88 dias_cobertos=177 recusadas=    0 [ok]
  [ 48/88  47.2s] S10 R$   5.000 -> trades= 2571 liquido=R$   -4.678,57 final=R$    321,43 dias_cobertos=177 recusadas=    0 [ok]
  [ 49/88  26.0s] S12 R$   1.000 -> trades=   40 liquido=R$     -663,20 final=R$    336,80 dias_cobertos=177 recusadas=    0 [ok]
  [ 50/88  26.1s] S12 R$     500 -> trades=   16 liquido=R$     -135,23 final=R$    364,77 dias_cobertos=177 recusadas=    0 [ok]
  [ 51/88  26.1s] S12 R$     750 -> trades=   33 liquido=R$     -420,38 final=R$    329,62 dias_cobertos=177 recusadas=    0 [ok]
  [ 52/88  28.6s] S12 R$     375 -> trades=   12 liquido=R$      -27,80 final=R$    347,20 dias_cobertos=177 recusadas=    0 [ok]
  [ 53/88  26.5s] S12 R$   1.500 -> trades=  362 liquido=R$   -1.129,88 final=R$    370,12 dias_cobertos=177 recusadas=    0 [ok]
  [ 54/88  22.0s] S12 R$   3.000 -> trades= 1820 liquido=R$   -2.658,48 final=R$    341,52 dias_cobertos=177 recusadas=    0 [ok]
  [ 55/88  19.3s] S14 R$     750 -> trades=  181 liquido=R$     -414,87 final=R$    335,13 dias_cobertos=177 recusadas=    0 [ok]
  [ 56/88  20.1s] S14 R$     500 -> trades=   38 liquido=R$     -140,02 final=R$    359,98 dias_cobertos=177 recusadas=    0 [ok]
  [ 57/88  19.7s] S14 R$   1.000 -> trades=  268 liquido=R$     -628,45 final=R$    371,55 dias_cobertos=177 recusadas=    0 [ok]
  [ 58/88  23.6s] S12 R$   2.000 -> trades= 1458 liquido=R$   -1.650,68 final=R$    349,32 dias_cobertos=177 recusadas=    0 [ok]
  [ 59/88  22.7s] S12 R$   5.000 -> trades= 2797 liquido=R$   -4.686,19 final=R$    313,81 dias_cobertos=177 recusadas=    0 [ok]
  [ 60/88  22.2s] S14 R$     375 -> trades=   10 liquido=R$       -3,40 final=R$    371,60 dias_cobertos=177 recusadas=    0 [ok]
  [ 61/88  14.8s] S14 R$   1.500 -> trades=  632 liquido=R$   -1.154,38 final=R$    345,62 dias_cobertos=177 recusadas=    0 [ok]
  [ 62/88  15.0s] S14 R$   2.000 -> trades= 1257 liquido=R$   -1.653,20 final=R$    346,80 dias_cobertos=177 recusadas=    0 [ok]
  [ 63/88  14.5s] S14 R$   5.000 -> trades= 6988 liquido=R$    1.239,56 final=R$  6.239,56 dias_cobertos=177 recusadas=    0 [ok]
  [ 64/88  15.8s] S14 R$   3.000 -> trades= 1575 liquido=R$   -2.632,10 final=R$    367,90 dias_cobertos=177 recusadas=    0 [ok]
  [ 65/88  13.9s] S16 R$     500 -> trades=   34 liquido=R$     -153,70 final=R$    346,30 dias_cobertos=177 recusadas=    0 [ok]
  [ 66/88  14.0s] S16 R$     750 -> trades=   78 liquido=R$     -392,60 final=R$    357,40 dias_cobertos=177 recusadas=    0 [ok]
  [ 67/88  14.6s] S16 R$     375 -> trades=   10 liquido=R$      -33,40 final=R$    341,60 dias_cobertos=177 recusadas=    0 [ok]
  [ 68/88  14.8s] S16 R$   1.000 -> trades=  512 liquido=R$     -628,11 final=R$    371,89 dias_cobertos=177 recusadas=    0 [ok]
  [ 69/88  14.7s] S16 R$   1.500 -> trades= 1370 liquido=R$   -1.157,54 final=R$    342,46 dias_cobertos=177 recusadas=    0 [ok]
  [ 70/88  15.6s] S16 R$   2.000 -> trades= 1465 liquido=R$   -1.667,55 final=R$    332,45 dias_cobertos=177 recusadas=    0 [ok]
  [ 71/88  15.8s] S16 R$   3.000 -> trades= 1636 liquido=R$   -2.642,04 final=R$    357,96 dias_cobertos=177 recusadas=    0 [ok]
  [ 72/88  16.0s] S16 R$   5.000 -> trades= 7046 liquido=R$    2.671,80 final=R$  7.671,80 dias_cobertos=177 recusadas=    0 [ok]
  [ 73/88  14.2s] S18 R$     500 -> trades=   19 liquido=R$     -155,43 final=R$    344,57 dias_cobertos=177 recusadas=    0 [ok]
  [ 74/88  14.1s] S18 R$   1.500 -> trades=  284 liquido=R$   -1.148,07 final=R$    351,93 dias_cobertos=177 recusadas=    0 [ok]
  [ 75/88  14.3s] S18 R$   2.000 -> trades=  590 liquido=R$   -1.627,24 final=R$    372,76 dias_cobertos=177 recusadas=    0 [ok]
  [ 76/88  14.9s] S18 R$   1.000 -> trades=   29 liquido=R$     -651,94 final=R$    348,06 dias_cobertos=177 recusadas=    0 [ok]
  [ 77/88  16.1s] S18 R$     375 -> trades=   10 liquido=R$      -63,40 final=R$    311,60 dias_cobertos=177 recusadas=    0 [ok]
  [ 78/88  14.9s] S18 R$   3.000 -> trades= 1401 liquido=R$   -2.653,20 final=R$    346,80 dias_cobertos=177 recusadas=    0 [ok]
  [ 79/88  16.1s] S18 R$     750 -> trades=   22 liquido=R$     -441,93 final=R$    308,07 dias_cobertos=177 recusadas=    0 [ok]
  [ 80/88  15.6s] S18 R$   5.000 -> trades= 2184 liquido=R$   -4.703,69 final=R$    296,31 dias_cobertos=177 recusadas=    0 [ok]
  [ 81/88  15.2s] S20 R$     375 -> trades=   10 liquido=R$      -93,40 final=R$    281,60 dias_cobertos=177 recusadas=    0 [ok]
  [ 82/88  15.2s] S20 R$     500 -> trades=   27 liquido=R$     -212,29 final=R$    287,71 dias_cobertos=177 recusadas=    0 [ok]
  [ 83/88  14.7s] S20 R$     750 -> trades=   40 liquido=R$     -427,96 final=R$    322,04 dias_cobertos=177 recusadas=    0 [ok]
  [ 84/88  14.9s] S20 R$   1.000 -> trades=  201 liquido=R$     -657,55 final=R$    342,45 dias_cobertos=177 recusadas=    0 [ok]
  [ 85/88   9.7s] S20 R$   2.000 -> trades= 1347 liquido=R$   -1.640,58 final=R$    359,42 dias_cobertos=177 recusadas=    0 [ok]
  [ 86/88  11.1s] S20 R$   1.500 -> trades= 1118 liquido=R$   -1.131,45 final=R$    368,55 dias_cobertos=177 recusadas=    0 [ok]
  [ 87/88   9.9s] S20 R$   3.000 -> trades= 1590 liquido=R$   -2.658,40 final=R$    341,60 dias_cobertos=177 recusadas=    0 [ok]
  [ 88/88   9.8s] S20 R$   5.000 -> trades= 2520 liquido=R$   -4.656,22 final=R$    343,78 dias_cobertos=177 recusadas=    0 [ok]

total: 165.8s

[wdof1_sobrevivencia] CSV salvo em C:\Users\Jeffe\Documents\study\meta\scripts\daytrade\wdof1_sobrevivencia_capital_baixo_2026_08_29.csv

=== para cada stop_ticks: MENOR capital (da lista testada) que cobre o historico INTEIRO (177 pregoes) sem travar ===
stop_ticks    capital minimo testado    trades         liquido         final
--------------------------------------------------------------------------------
         1                     R$375        52         R$-9,56      R$365,44
         2                     R$375        58        R$-17,01      R$357,99
         4                     R$375        58        R$-30,57      R$344,43
         6                     R$375       169         R$-9,55      R$365,45
         8                     R$375        12        R$-27,26      R$347,74
        10                     R$375        42        R$-48,68      R$326,32
        12                     R$375        12        R$-27,80      R$347,20
        14                     R$375        10         R$-3,40      R$371,60
        16                     R$375        10        R$-33,40      R$341,60
        18                     R$375        10        R$-63,40      R$311,60
        20                     R$375        10        R$-93,40      R$281,60

=== resultado direto no PISO DE TABELA (R$375) para cada stop_ticks ===
stop_ticks    trades         liquido         final   dias_cobertos          
--------------------------------------------------------------------------------
         1        52         R$-9,56      R$365,44             177 sobrevive
         2        58        R$-17,01      R$357,99             177 sobrevive
         4        58        R$-30,57      R$344,43             177 sobrevive
         6       169         R$-9,55      R$365,45             177 sobrevive
         8        12        R$-27,26      R$347,74             177 sobrevive
        10        42        R$-48,68      R$326,32             177 sobrevive
        12        12        R$-27,80      R$347,20             177 sobrevive
        14        10         R$-3,40      R$371,60             177 sobrevive
        16        10        R$-33,40      R$341,60             177 sobrevive
        18        10        R$-63,40      R$311,60             177 sobrevive
        20        10        R$-93,40      R$281,60             177 sobrevive

*** NENHUMA configuracao de stop_ticks (1..20, T1/x1) sobrevive E lucra com capital <= R$1.000 no historico inteiro -- a restricao e' estrutural ao desenho (posicao minima de 1 contrato + piso de margem), nao ao stop escolhido. ***
