[wdof1_padrao_tempo_adverso] 4,011,197 ticks, 123 pregoes (2026-02-27 14:58:00.257000+00:00 -> 2026-08-25 18:29:59.593000+00:00)
[wdof1_padrao_tempo_adverso] motor: 223.4s, 4513 trades totais

=== resultado do backtest baseline (tabela padrao do repo) ===
variante                        retorno   liquido R$  MaxDD %    MaxDD R$ lucro/DD   win% trades     R$/dia trd/dia  capital final pregoes
------------------------------------------------------------------------------------------------------------------------------------------
wdo_grid_reload T1 S16 x1 (TIC        —    18.313,50        —      221,50    82,68  99,3%   4513     148,89    36,7              —     123

distribuicao de exit_reason (todos os 4513 trades):
target            4480
stop                27
forced_flatten       6

4507 trades resolvidos por STOP ou TARGET (6 descartados -- FORCED_FLATTEN/MANUAL/SIGNAL, nao e' resolucao de stop/alvo).
[wdof1_padrao_tempo_adverso] 374 trade(s) com duracao 0 (fecham no mesmo tick/timestamp da entrada) pulado(s) -- fracao de tempo indefinida. Achado genuino (nao bug): ver nota no relatorio final.
[wdof1_padrao_tempo_adverso] extracao de checkpoints: 0.3s, 4133 trades no dataset final (37197 linhas trade x checkpoint)
[wdof1_padrao_tempo_adverso] dataset salvo em C:\Users\Jeffe\Documents\study\meta\scripts\daytrade\wdof1_padrao_tempo_adverso_2026_09_03.csv

=== Tabela 1: estado PONTUAL no checkpoint (lado_no_checkpoint) ===
(N_neutro = trades onde o preco estava EXATAMENTE na entrada naquele checkpoint -- fora das colunas adverso/favoravel, reportado a parte)
checkpoint_%  N_adverso %STOP|adverso %TARGET|adverso  N_favoravel %STOP|favoravel %TARGET|favoravel  N_neutro
         10%        173         15,6%           84,4%           25            0,0%            100,0%      3935
         20%        186         14,5%           85,5%           25            0,0%            100,0%      3922
         30%        191         14,1%           85,9%           25            0,0%            100,0%      3917
         40%        191         14,1%           85,9%           25            0,0%            100,0%      3917
         50%        189         14,3%           85,7%           25            0,0%            100,0%      3919
         60%        190         14,2%           85,8%           25            0,0%            100,0%      3918
         70%        190         14,2%           85,8%           25            0,0%            100,0%      3918
         80%        178         15,2%           84,8%           25            0,0%            100,0%      3930
         90%        171         15,8%           84,2%           25            0,0%            100,0%      3937

=== Tabela 2: por FAIXA de frac_tempo_adverso_acumulada_ate_checkpoint ===
(fracao dos ticks vistos DESDE A ENTRADA ate o checkpoint que estavam do lado adverso)
checkpoint_%  N_0-20% %STOP|0-20% %TARGET|0-20%  N_20-40% %STOP|20-40% %TARGET|20-40%  N_40-60% %STOP|40-60% %TARGET|40-60%  N_60-80% %STOP|60-80% %TARGET|60-80%  N_80-100% %STOP|80-100% %TARGET|80-100%
         10%     3902        0,0%        100,0%        70         0,0%         100,0%        50         2,0%          98,0%        37         5,4%          94,6%         74         32,4%           67,6%
         20%     3881        0,0%        100,0%        67         0,0%         100,0%        56         0,0%         100,0%        45         2,2%          97,8%         84         31,0%           69,0%
         30%     3870        0,0%        100,0%        71         0,0%         100,0%        52         0,0%         100,0%        49         2,0%          98,0%         91         28,6%           71,4%
         40%     3866        0,0%        100,0%        78         0,0%         100,0%        47         0,0%         100,0%        50         0,0%         100,0%         92         29,3%           70,7%
         50%     3863        0,0%        100,0%        69         0,0%         100,0%        52         0,0%         100,0%        53         0,0%         100,0%         96         28,1%           71,9%
         60%     3857        0,0%        100,0%        72         0,0%         100,0%        52         0,0%         100,0%        53         0,0%         100,0%         99         27,3%           72,7%
         70%     3854        0,0%        100,0%        72         0,0%         100,0%        55         0,0%         100,0%        51         0,0%         100,0%        101         26,7%           73,3%
         80%     3854        0,0%        100,0%        75         0,0%         100,0%        54         0,0%         100,0%        49         0,0%         100,0%        101         26,7%           73,3%
         90%     3852        0,0%        100,0%        77         0,0%         100,0%        53         0,0%         100,0%        52         0,0%         100,0%         99         27,3%           72,7%

[wdof1_padrao_tempo_adverso] total: 225.1s

NOTA (repetida do topo do arquivo): fracao de tempo e' conhecida so' DEPOIS que o trade fecha -- isto e' analise RETROSPECTIVA, nao regra de execucao ao vivo. Nenhuma regra foi implementada aqui.
