[dado] carregando lista de pregoes de C:\Users\Jeffe\Documents\study\meta\data\raw_ticks\WDO_A_.parquet ...
[dado] 130 pregoes no parquet canonico local (2026-02-27 .. 2026-09-04) + 2 pregoes ja cacheados (['2026-09-08', '2026-09-09']) = 132 pregoes reais totais.

[split] IS  = 2026-02-27 .. 2026-07-06  (88 pregoes)
[split] OOS = 2026-07-07 .. 2026-09-09  (44 pregoes)

[cache] 132 pregoes ja cacheados em barra degenerada -- nada a converter.
[IS] 528 celulas (6 valores de reancora_min_segundos x 88 pregoes), motor de producao (T2/S16, fatiar_saida_alvo, sem prazo, anchor_exits_at_fill), capital R$375/pregao NUNCA reposto, fila calibrada

  [1/528] 2026-02-27 valor=  2.0s  n= 128  pnl=R$    36.00  caixa_min=R$ 301.00  recusas=0
  [2/528] 2026-02-27 valor=  5.0s  n=  83  pnl=R$  -241.50  caixa_min=R$ 133.50  recusas=374
  [3/528] 2026-02-27 valor= 60.0s  n=  63  pnl=R$  -246.50  caixa_min=R$ 128.50  recusas=158
  [4/528] 2026-02-27 valor= 10.0s  n=  57  pnl=R$  -233.50  caixa_min=R$ 141.50  recusas=377
  [5/528] 2026-02-27 valor= 30.0s  n=  93  pnl=R$  -236.50  caixa_min=R$ 131.00  recusas=98
  [6/528] 2026-02-27 valor= 20.0s  n=  31  pnl=R$  -260.50  caixa_min=R$ 106.00  recusas=413
  [7/528] 2026-03-02 valor=  2.0s  n=  22  pnl=R$  -241.00  caixa_min=R$ 122.00  recusas=1256
  [8/528] 2026-03-02 valor=  5.0s  n=   4  pnl=R$  -237.00  caixa_min=R$ 138.00  recusas=1117
  [9/528] 2026-03-02 valor= 30.0s  n=   4  pnl=R$  -247.00  caixa_min=R$ 128.00  recusas=525
  [10/528] 2026-03-02 valor= 10.0s  n=   4  pnl=R$  -237.00  caixa_min=R$ 138.00  recusas=910
  [11/528] 2026-03-02 valor= 60.0s  n=   4  pnl=R$  -247.00  caixa_min=R$ 128.00  recusas=310
  [12/528] 2026-03-02 valor= 20.0s  n=   4  pnl=R$  -247.00  caixa_min=R$ 128.00  recusas=637
  [13/528] 2026-03-03 valor=  2.0s  n=  64  pnl=R$  -227.00  caixa_min=R$ 148.00  recusas=1785
  [14/528] 2026-03-03 valor=  5.0s  n=  63  pnl=R$  -271.50  caixa_min=R$ 103.50  recusas=1425
  [15/528] 2026-03-03 valor= 20.0s  n=  27  pnl=R$  -258.50  caixa_min=R$ 116.50  recusas=824
  [16/528] 2026-03-03 valor= 10.0s  n= 212  pnl=R$  -246.00  caixa_min=R$ 129.00  recusas=613
  [17/528] 2026-03-04 valor=  2.0s  n=  11  pnl=R$  -230.50  caixa_min=R$ 144.50  recusas=1183
  [18/528] 2026-03-04 valor=  5.0s  n= 115  pnl=R$  -257.50  caixa_min=R$ 117.50  recusas=491
  [19/528] 2026-03-03 valor= 60.0s  n= 175  pnl=R$  -247.50  caixa_min=R$ 127.50  recusas=206
  [20/528] 2026-03-04 valor= 10.0s  n= 192  pnl=R$   179.00  caixa_min=R$ 273.00  recusas=0
  [21/528] 2026-03-03 valor= 30.0s  n=  27  pnl=R$  -258.50  caixa_min=R$ 116.50  recusas=609
  [22/528] 2026-03-04 valor= 20.0s  n= 170  pnl=R$  -230.00  caixa_min=R$ 129.50  recusas=26
  [23/528] 2026-03-04 valor= 30.0s  n= 150  pnl=R$  -240.00  caixa_min=R$ 135.00  recusas=239
  [24/528] 2026-03-04 valor= 60.0s  n=  33  pnl=R$  -261.50  caixa_min=R$ 113.50  recusas=274
  [25/528] 2026-03-05 valor=  2.0s  n=  26  pnl=R$  -248.00  caixa_min=R$ 127.00  recusas=1428
  [26/528] 2026-03-05 valor=  5.0s  n=  50  pnl=R$  -275.00  caixa_min=R$ 100.00  recusas=1032
  [27/528] 2026-03-05 valor= 30.0s  n=  42  pnl=R$  -291.00  caixa_min=R$  84.00  recusas=482
  [28/528] 2026-03-05 valor= 10.0s  n=  47  pnl=R$  -243.50  caixa_min=R$ 131.50  recusas=879
  [29/528] 2026-03-05 valor= 20.0s  n=  72  pnl=R$  -251.00  caixa_min=R$ 124.00  recusas=559
  [30/528] 2026-03-05 valor= 60.0s  n=  62  pnl=R$  -266.00  caixa_min=R$ 109.00  recusas=260
  [31/528] 2026-03-06 valor=  2.0s  n= 218  pnl=R$  -249.00  caixa_min=R$ 126.00  recusas=414
  [32/528] 2026-03-06 valor=  5.0s  n=  33  pnl=R$  -251.50  caixa_min=R$ 123.50  recusas=1194
  [33/528] 2026-03-06 valor= 10.0s  n=  25  pnl=R$  -262.50  caixa_min=R$ 112.50  recusas=1010
  [34/528] 2026-03-06 valor= 20.0s  n=  56  pnl=R$  -283.00  caixa_min=R$  92.00  recusas=630
  [35/528] 2026-03-06 valor= 30.0s  n=  33  pnl=R$  -266.50  caixa_min=R$ 108.50  recusas=525
  [36/528] 2026-03-06 valor= 60.0s  n=  33  pnl=R$  -261.50  caixa_min=R$ 113.50  recusas=317
  [37/528] 2026-03-09 valor=  2.0s  n=  49  pnl=R$  -289.50  caixa_min=R$  85.50  recusas=1060
  [38/528] 2026-03-09 valor=  5.0s  n= 242  pnl=R$   189.00  caixa_min=R$ 137.00  recusas=0
  [39/528] 2026-03-09 valor= 10.0s  n=  70  pnl=R$  -245.00  caixa_min=R$ 126.50  recusas=723
  [40/528] 2026-03-09 valor= 20.0s  n=  32  pnl=R$  -291.00  caixa_min=R$  84.00  recusas=615
  [41/528] 2026-03-09 valor= 30.0s  n=  61  pnl=R$  -240.50  caixa_min=R$ 134.50  recusas=431
  [42/528] 2026-03-09 valor= 60.0s  n=  37  pnl=R$  -228.50  caixa_min=R$ 115.00  recusas=298
  [43/528] 2026-03-10 valor=  2.0s  n=  34  pnl=R$  -277.00  caixa_min=R$  98.00  recusas=927
  [44/528] 2026-03-10 valor= 10.0s  n=  36  pnl=R$  -263.00  caixa_min=R$ 112.00  recusas=721
  [45/528] 2026-03-10 valor=  5.0s  n=  45  pnl=R$  -252.50  caixa_min=R$ 122.50  recusas=782
  [46/528] 2026-03-10 valor= 20.0s  n=  21  pnl=R$  -225.50  caixa_min=R$ 149.50  recusas=563
  [47/528] 2026-03-10 valor= 30.0s  n=  40  pnl=R$  -235.00  caixa_min=R$ 140.00  recusas=431
  [48/528] 2026-03-10 valor= 60.0s  n=  14  pnl=R$  -232.00  caixa_min=R$ 143.00  recusas=316
  [49/528] 2026-03-11 valor=  2.0s  n=  12  pnl=R$  -251.00  caixa_min=R$ 124.00  recusas=918
  [50/528] 2026-03-11 valor=  5.0s  n=  19  pnl=R$  -249.50  caixa_min=R$ 125.50  recusas=831
  [51/528] 2026-03-11 valor= 10.0s  n=  62  pnl=R$  -266.00  caixa_min=R$ 109.00  recusas=460
  [52/528] 2026-03-11 valor= 20.0s  n=  72  pnl=R$  -231.00  caixa_min=R$ 144.00  recusas=390
  [53/528] 2026-03-11 valor= 30.0s  n=  12  pnl=R$  -251.00  caixa_min=R$ 124.00  recusas=425
  [54/528] 2026-03-11 valor= 60.0s  n=  36  pnl=R$  -273.00  caixa_min=R$ 102.00  recusas=226
  [55/528] 2026-03-12 valor=  2.0s  n= 173  pnl=R$  -241.50  caixa_min=R$ 133.50  recusas=582
  [56/528] 2026-03-12 valor=  5.0s  n=  68  pnl=R$  -239.00  caixa_min=R$ 108.00  recusas=913
  [57/528] 2026-03-12 valor= 10.0s  n=  66  pnl=R$  -298.00  caixa_min=R$  77.00  recusas=712
  [58/528] 2026-03-12 valor= 20.0s  n=  59  pnl=R$  -239.50  caixa_min=R$ 135.50  recusas=541
  [59/528] 2026-03-12 valor= 30.0s  n=  40  pnl=R$  -290.00  caixa_min=R$  85.00  recusas=435
  [60/528] 2026-03-12 valor= 60.0s  n= 195  pnl=R$  -227.50  caixa_min=R$ 140.00  recusas=119
  [61/528] 2026-03-13 valor=  5.0s  n=  47  pnl=R$  -308.50  caixa_min=R$  66.50  recusas=996
  [62/528] 2026-03-13 valor=  2.0s  n=  33  pnl=R$  -276.50  caixa_min=R$  98.50  recusas=1182
  [63/528] 2026-03-13 valor= 10.0s  n=  45  pnl=R$  -257.50  caixa_min=R$ 117.50  recusas=832
  [64/528] 2026-03-13 valor= 20.0s  n=  53  pnl=R$  -246.50  caixa_min=R$ 128.50  recusas=576
  [65/528] 2026-03-13 valor= 30.0s  n=  68  pnl=R$  -239.00  caixa_min=R$ 136.00  recusas=437
  [66/528] 2026-03-16 valor=  2.0s  n= 159  pnl=R$   200.50  caixa_min=R$ 221.50  recusas=0
  [67/528] 2026-03-16 valor=  5.0s  n=  55  pnl=R$  -227.50  caixa_min=R$ 147.50  recusas=651
  [68/528] 2026-03-13 valor= 60.0s  n=  31  pnl=R$  -275.50  caixa_min=R$  99.50  recusas=287
  [69/528] 2026-03-16 valor= 20.0s  n= 150  pnl=R$   425.00  caixa_min=R$ 282.50  recusas=0
  [70/528] 2026-03-16 valor= 10.0s  n= 154  pnl=R$   308.00  caixa_min=R$ 302.50  recusas=0
  [71/528] 2026-03-16 valor= 30.0s  n= 134  pnl=R$   178.00  caixa_min=R$ 202.50  recusas=0
  [72/528] 2026-03-16 valor= 60.0s  n= 138  pnl=R$    56.00  caixa_min=R$ 200.50  recusas=0
  [73/528] 2026-03-17 valor=  5.0s  n=  37  pnl=R$  -233.50  caixa_min=R$  89.50  recusas=764
  [74/528] 2026-03-17 valor=  2.0s  n=  48  pnl=R$  -234.00  caixa_min=R$ 141.00  recusas=631
  [75/528] 2026-03-17 valor= 20.0s  n=  50  pnl=R$  -250.00  caixa_min=R$ 111.50  recusas=408
  [76/528] 2026-03-17 valor= 60.0s  n=  72  pnl=R$  -226.00  caixa_min=R$ 101.50  recusas=181
  [77/528] 2026-03-17 valor= 30.0s  n=  91  pnl=R$  -230.50  caixa_min=R$  97.50  recusas=230
  [78/528] 2026-03-17 valor= 10.0s  n=  13  pnl=R$  -241.50  caixa_min=R$ 130.50  recusas=732
  [79/528] 2026-03-18 valor=  2.0s  n=  37  pnl=R$  -248.50  caixa_min=R$ 126.50  recusas=962
  [80/528] 2026-03-18 valor=  5.0s  n=  20  pnl=R$  -265.00  caixa_min=R$ 110.00  recusas=986
  [81/528] 2026-03-18 valor= 10.0s  n=  97  pnl=R$  -248.50  caixa_min=R$ 126.50  recusas=512
  [82/528] 2026-03-18 valor= 20.0s  n=  61  pnl=R$  -240.50  caixa_min=R$ 134.50  recusas=433
  [83/528] 2026-03-18 valor= 30.0s  n= 168  pnl=R$  -274.00  caixa_min=R$ 101.00  recusas=13
  [84/528] 2026-03-18 valor= 60.0s  n= 121  pnl=R$  -310.50  caixa_min=R$  64.50  recusas=82
  [85/528] 2026-03-19 valor=  5.0s  n=  51  pnl=R$  -270.50  caixa_min=R$ 104.50  recusas=1089
  [86/528] 2026-03-19 valor=  2.0s  n=  24  pnl=R$  -292.00  caixa_min=R$  83.00  recusas=1445
  [87/528] 2026-03-19 valor= 10.0s  n=  24  pnl=R$  -292.00  caixa_min=R$  83.00  recusas=954
  [88/528] 2026-03-20 valor=  5.0s  n=   3  pnl=R$  -256.50  caixa_min=R$ 118.50  recusas=1177
  [89/528] 2026-03-20 valor=  2.0s  n=   3  pnl=R$  -256.50  caixa_min=R$ 118.50  recusas=1314
  [90/528] 2026-03-19 valor= 20.0s  n= 109  pnl=R$  -254.50  caixa_min=R$ 120.50  recusas=549
  [91/528] 2026-03-19 valor= 60.0s  n=  20  pnl=R$  -240.00  caixa_min=R$ 135.00  recusas=317
  [92/528] 2026-03-19 valor= 30.0s  n=  25  pnl=R$  -237.50  caixa_min=R$ 137.50  recusas=493
  [93/528] 2026-03-20 valor= 10.0s  n=   3  pnl=R$  -256.50  caixa_min=R$ 118.50  recusas=1020
  [94/528] 2026-03-20 valor= 20.0s  n=   3  pnl=R$  -256.50  caixa_min=R$ 118.50  recusas=731
  [95/528] 2026-03-20 valor= 30.0s  n=   3  pnl=R$  -256.50  caixa_min=R$ 118.50  recusas=567
  [96/528] 2026-03-20 valor= 60.0s  n=   3  pnl=R$  -256.50  caixa_min=R$ 118.50  recusas=343
  [97/528] 2026-03-23 valor=  2.0s  n=   5  pnl=R$  -232.50  caixa_min=R$ 142.50  recusas=1384
  [98/528] 2026-03-23 valor=  5.0s  n=   5  pnl=R$  -232.50  caixa_min=R$ 142.50  recusas=1209
  [99/528] 2026-03-23 valor= 20.0s  n=  25  pnl=R$  -257.50  caixa_min=R$ 117.50  recusas=680
  [100/528] 2026-03-23 valor= 10.0s  n=   8  pnl=R$  -289.00  caixa_min=R$  86.00  recusas=1006
  [101/528] 2026-03-23 valor= 30.0s  n=  10  pnl=R$  -270.00  caixa_min=R$ 105.00  recusas=543
  [102/528] 2026-03-23 valor= 60.0s  n=  12  pnl=R$  -236.00  caixa_min=R$ 139.00  recusas=336
  [103/528] 2026-03-24 valor=  2.0s  n=   4  pnl=R$  -242.00  caixa_min=R$ 133.00  recusas=1293
  [104/528] 2026-03-24 valor=  5.0s  n=   4  pnl=R$  -242.00  caixa_min=R$ 133.00  recusas=1170
  [105/528] 2026-03-25 valor=  2.0s  n=  19  pnl=R$  -264.50  caixa_min=R$ 110.50  recusas=964
  [106/528] 2026-03-25 valor=  5.0s  n=  18  pnl=R$  -274.00  caixa_min=R$ 101.00  recusas=875
  [107/528] 2026-03-24 valor= 10.0s  n=   4  pnl=R$  -242.00  caixa_min=R$ 133.00  recusas=987
  [108/528] 2026-03-24 valor= 20.0s  n=   4  pnl=R$  -247.00  caixa_min=R$ 128.00  recusas=704
  [109/528] 2026-03-24 valor= 60.0s  n=  14  pnl=R$  -307.00  caixa_min=R$  68.00  recusas=323
  [110/528] 2026-03-24 valor= 30.0s  n=   4  pnl=R$  -247.00  caixa_min=R$ 128.00  recusas=545
  [111/528] 2026-03-25 valor= 10.0s  n=   8  pnl=R$  -294.00  caixa_min=R$  81.00  recusas=783
  [112/528] 2026-03-25 valor= 20.0s  n=  10  pnl=R$  -265.00  caixa_min=R$ 110.00  recusas=592
  [113/528] 2026-03-25 valor= 30.0s  n=  96  pnl=R$  -238.00  caixa_min=R$ 137.00  recusas=327
  [114/528] 2026-03-25 valor= 60.0s  n=  99  pnl=R$  -264.50  caixa_min=R$ 110.50  recusas=164
  [115/528] 2026-03-26 valor=  2.0s  n=  49  pnl=R$  -234.50  caixa_min=R$ 140.50  recusas=742
  [116/528] 2026-03-26 valor= 20.0s  n= 139  pnl=R$   405.50  caixa_min=R$ 179.00  recusas=0
  [117/528] 2026-03-26 valor=  5.0s  n=  63  pnl=R$  -281.50  caixa_min=R$  93.50  recusas=599
  [118/528] 2026-03-26 valor= 10.0s  n=   5  pnl=R$  -227.50  caixa_min=R$ 147.50  recusas=775
  [119/528] 2026-03-26 valor= 30.0s  n=  35  pnl=R$  -272.50  caixa_min=R$ 102.50  recusas=405
  [120/528] 2026-03-27 valor=  2.0s  n= 117  pnl=R$  -238.50  caixa_min=R$ 136.50  recusas=234
  [121/528] 2026-03-27 valor=  5.0s  n= 129  pnl=R$  -244.50  caixa_min=R$ 130.50  recusas=100
  [122/528] 2026-03-26 valor= 60.0s  n= 135  pnl=R$   347.50  caixa_min=R$ 306.00  recusas=0
  [123/528] 2026-03-27 valor= 20.0s  n=  24  pnl=R$  -227.00  caixa_min=R$ 148.00  recusas=500
  [124/528] 2026-03-27 valor= 10.0s  n=  35  pnl=R$  -267.50  caixa_min=R$ 107.50  recusas=653
  [125/528] 2026-03-27 valor= 30.0s  n=  53  pnl=R$  -256.50  caixa_min=R$ 118.50  recusas=357
  [126/528] 2026-03-27 valor= 60.0s  n=  51  pnl=R$  -285.50  caixa_min=R$  89.50  recusas=242
  [127/528] 2026-03-30 valor=  2.0s  n= 122  pnl=R$  -116.00  caixa_min=R$ 172.50  recusas=0
  [128/528] 2026-03-30 valor=  5.0s  n=  62  pnl=R$  -231.00  caixa_min=R$ 144.00  recusas=398
  [129/528] 2026-03-30 valor= 10.0s  n= 147  pnl=R$  -293.50  caixa_min=R$  81.50  recusas=38
  [130/528] 2026-03-30 valor= 20.0s  n= 147  pnl=R$   691.50  caixa_min=R$ 272.50  recusas=0
  [131/528] 2026-03-30 valor= 30.0s  n= 153  pnl=R$   163.50  caixa_min=R$ 146.00  recusas=0
  [132/528] 2026-03-30 valor= 60.0s  n=  34  pnl=R$  -232.00  caixa_min=R$ 143.00  recusas=250
  [133/528] 2026-03-31 valor=  2.0s  n=   9  pnl=R$  -279.50  caixa_min=R$  95.50  recusas=1071
  [134/528] 2026-03-31 valor=  5.0s  n=  82  pnl=R$  -226.00  caixa_min=R$ 149.00  recusas=565
  [135/528] 2026-03-31 valor= 10.0s  n=  76  pnl=R$  -243.00  caixa_min=R$ 132.00  recusas=526
  [136/528] 2026-03-31 valor= 20.0s  n=  37  pnl=R$  -248.50  caixa_min=R$ 126.50  recusas=462
  [137/528] 2026-04-01 valor=  2.0s  n= 124  pnl=R$   188.00  caixa_min=R$ 247.50  recusas=0
  [138/528] 2026-04-01 valor=  5.0s  n= 134  pnl=R$   253.00  caixa_min=R$ 147.50  recusas=0
  [139/528] 2026-03-31 valor= 30.0s  n=  36  pnl=R$  -238.00  caixa_min=R$ 137.00  recusas=427
  [140/528] 2026-03-31 valor= 60.0s  n=  77  pnl=R$  -283.50  caixa_min=R$  91.50  recusas=192
  [141/528] 2026-04-01 valor= 10.0s  n= 128  pnl=R$   111.00  caixa_min=R$ 136.50  recusas=0
  [142/528] 2026-04-01 valor= 20.0s  n= 125  pnl=R$    72.50  caixa_min=R$ 331.50  recusas=0
  [143/528] 2026-04-01 valor= 30.0s  n= 118  pnl=R$   -14.00  caixa_min=R$ 109.50  recusas=0
  [144/528] 2026-04-01 valor= 60.0s  n= 124  pnl=R$   288.00  caixa_min=R$ 349.50  recusas=0
  [145/528] 2026-04-02 valor=  2.0s  n=  95  pnl=R$  -222.50  caixa_min=R$ 118.00  recusas=0
  [146/528] 2026-04-02 valor=  5.0s  n=  85  pnl=R$  -272.50  caixa_min=R$ 102.50  recusas=90
  [147/528] 2026-04-02 valor= 10.0s  n=  31  pnl=R$  -245.50  caixa_min=R$ 129.50  recusas=465
  [148/528] 2026-04-02 valor= 20.0s  n=   5  pnl=R$  -237.50  caixa_min=R$ 137.50  recusas=497
  [149/528] 2026-04-02 valor= 60.0s  n= 123  pnl=R$   668.50  caixa_min=R$ 281.50  recusas=0
  [150/528] 2026-04-02 valor= 30.0s  n= 120  pnl=R$   780.00  caixa_min=R$ 360.00  recusas=0
  [151/528] 2026-04-06 valor=  2.0s  n=  73  pnl=R$   298.50  caixa_min=R$ 350.00  recusas=0
  [152/528] 2026-04-06 valor=  5.0s  n= 101  pnl=R$    -5.50  caixa_min=R$ 261.50  recusas=0
  [153/528] 2026-04-06 valor= 10.0s  n=  77  pnl=R$   411.50  caixa_min=R$ 355.00  recusas=0
  [154/528] 2026-04-06 valor= 20.0s  n=  85  pnl=R$   387.50  caixa_min=R$ 282.00  recusas=0
  [155/528] 2026-04-06 valor= 30.0s  n= 111  pnl=R$   869.50  caixa_min=R$ 349.00  recusas=0
  [156/528] 2026-04-06 valor= 60.0s  n=  60  pnl=R$  -125.00  caixa_min=R$ 123.50  recusas=0
  [157/528] 2026-04-07 valor=  2.0s  n= 132  pnl=R$   429.00  caixa_min=R$ 200.00  recusas=0
  [158/528] 2026-04-07 valor=  5.0s  n=  62  pnl=R$  -236.00  caixa_min=R$ 139.00  recusas=395
  [159/528] 2026-04-07 valor= 20.0s  n=  54  pnl=R$  -277.00  caixa_min=R$  98.00  recusas=314
  [160/528] 2026-04-07 valor= 10.0s  n= 118  pnl=R$   111.00  caixa_min=R$ 202.50  recusas=0
  [161/528] 2026-04-07 valor= 30.0s  n=  50  pnl=R$  -240.00  caixa_min=R$ 135.00  recusas=260
  [162/528] 2026-04-07 valor= 60.0s  n= 108  pnl=R$   -39.00  caixa_min=R$ 196.00  recusas=0
  [163/528] 2026-04-08 valor=  5.0s  n=  66  pnl=R$  -288.00  caixa_min=R$  87.00  recusas=715
  [164/528] 2026-04-08 valor=  2.0s  n=  64  pnl=R$  -247.00  caixa_min=R$ 128.00  recusas=760
  [165/528] 2026-04-08 valor= 10.0s  n= 171  pnl=R$   334.50  caixa_min=R$ 144.00  recusas=0
  [166/528] 2026-04-09 valor=  2.0s  n=  96  pnl=R$   127.00  caixa_min=R$ 215.50  recusas=0
  [167/528] 2026-04-08 valor= 20.0s  n= 151  pnl=R$   514.50  caixa_min=R$ 358.00  recusas=0
  [168/528] 2026-04-09 valor=  5.0s  n=  95  pnl=R$   387.50  caixa_min=R$ 320.00  recusas=0
  [169/528] 2026-04-08 valor= 30.0s  n= 127  pnl=R$    66.50  caixa_min=R$ 309.50  recusas=0
  [170/528] 2026-04-08 valor= 60.0s  n= 179  pnl=R$   685.50  caixa_min=R$ 358.00  recusas=0
  [171/528] 2026-04-09 valor= 20.0s  n=  87  pnl=R$    11.50  caixa_min=R$ 297.50  recusas=0
  [172/528] 2026-04-09 valor= 10.0s  n=  90  pnl=R$    15.00  caixa_min=R$ 320.00  recusas=0
  [173/528] 2026-04-09 valor= 30.0s  n=  21  pnl=R$  -240.50  caixa_min=R$ 134.50  recusas=368
  [174/528] 2026-04-09 valor= 60.0s  n=  95  pnl=R$    92.50  caixa_min=R$ 209.50  recusas=0
  [175/528] 2026-04-10 valor=  2.0s  n= 108  pnl=R$   471.00  caixa_min=R$ 279.50  recusas=0
  [176/528] 2026-04-10 valor=  5.0s  n=  94  pnl=R$    28.00  caixa_min=R$ 279.00  recusas=0
  [177/528] 2026-04-10 valor= 20.0s  n= 112  pnl=R$   104.00  caixa_min=R$ 216.00  recusas=0
  [178/528] 2026-04-10 valor= 10.0s  n= 106  pnl=R$   222.00  caixa_min=R$ 244.50  recusas=0
  [179/528] 2026-04-10 valor= 30.0s  n= 105  pnl=R$  -232.50  caixa_min=R$ 142.50  recusas=20
  [180/528] 2026-04-10 valor= 60.0s  n= 116  pnl=R$   -38.00  caixa_min=R$ 226.50  recusas=0
  [181/528] 2026-04-13 valor=  2.0s  n=  20  pnl=R$  -265.00  caixa_min=R$ 110.00  recusas=909
  [182/528] 2026-04-13 valor=  5.0s  n=  18  pnl=R$  -284.00  caixa_min=R$  91.00  recusas=790
  [183/528] 2026-04-13 valor= 10.0s  n= 136  pnl=R$   162.00  caixa_min=R$ 137.00  recusas=0
  [184/528] 2026-04-13 valor= 20.0s  n=  14  pnl=R$  -227.00  caixa_min=R$ 148.00  recusas=532
  [185/528] 2026-04-13 valor= 30.0s  n=  14  pnl=R$  -227.00  caixa_min=R$ 148.00  recusas=425
  [186/528] 2026-04-14 valor=  2.0s  n=  79  pnl=R$   -24.50  caixa_min=R$ 169.00  recusas=0
  [187/528] 2026-04-13 valor= 60.0s  n=  14  pnl=R$  -227.00  caixa_min=R$ 148.00  recusas=283
  [188/528] 2026-04-14 valor=  5.0s  n=  85  pnl=R$   152.50  caixa_min=R$ 223.50  recusas=0
  [189/528] 2026-04-14 valor= 20.0s  n=  13  pnl=R$  -241.50  caixa_min=R$ 133.50  recusas=467
  [190/528] 2026-04-14 valor= 30.0s  n=  44  pnl=R$  -227.00  caixa_min=R$ 148.00  recusas=217
  [191/528] 2026-04-14 valor= 10.0s  n=  29  pnl=R$  -274.50  caixa_min=R$ 100.50  recusas=343
  [192/528] 2026-04-15 valor=  2.0s  n=  47  pnl=R$   131.50  caixa_min=R$ 221.50  recusas=0
  [193/528] 2026-04-14 valor= 60.0s  n=  11  pnl=R$  -265.50  caixa_min=R$ 109.50  recusas=246
  [194/528] 2026-04-15 valor=  5.0s  n=  55  pnl=R$   172.50  caixa_min=R$ 250.50  recusas=0
  [195/528] 2026-04-15 valor= 10.0s  n=  55  pnl=R$    87.50  caixa_min=R$ 174.50  recusas=0
  [196/528] 2026-04-15 valor= 20.0s  n=  67  pnl=R$   451.50  caixa_min=R$ 301.50  recusas=0
  [197/528] 2026-04-15 valor= 60.0s  n=  67  pnl=R$   461.50  caixa_min=R$ 251.50  recusas=0
  [198/528] 2026-04-15 valor= 30.0s  n=  19  pnl=R$  -289.50  caixa_min=R$  85.50  recusas=243
  [199/528] 2026-04-16 valor=  2.0s  n=  71  pnl=R$    74.50  caixa_min=R$ 218.00  recusas=0
  [200/528] 2026-04-16 valor=  5.0s  n=  63  pnl=R$  -191.50  caixa_min=R$ 153.50  recusas=0
  [201/528] 2026-04-16 valor= 10.0s  n=  55  pnl=R$   -37.50  caixa_min=R$ 183.50  recusas=0
  [202/528] 2026-04-16 valor= 20.0s  n=  57  pnl=R$  -148.50  caixa_min=R$ 207.00  recusas=0
  [203/528] 2026-04-16 valor= 30.0s  n=  57  pnl=R$   -38.50  caixa_min=R$ 208.00  recusas=0
  [204/528] 2026-04-16 valor= 60.0s  n=  12  pnl=R$  -261.00  caixa_min=R$ 114.00  recusas=228
  [205/528] 2026-04-17 valor=  5.0s  n= 133  pnl=R$   323.50  caixa_min=R$ 126.50  recusas=0
  [206/528] 2026-04-20 valor=  2.0s  n=  58  pnl=R$   241.00  caixa_min=R$ 334.50  recusas=0
  [207/528] 2026-04-17 valor=  2.0s  n= 117  pnl=R$   156.50  caixa_min=R$ 178.00  recusas=0
  [208/528] 2026-04-17 valor= 10.0s  n=  20  pnl=R$  -280.00  caixa_min=R$  95.00  recusas=571
  [209/528] 2026-04-20 valor=  5.0s  n=  58  pnl=R$   241.00  caixa_min=R$ 360.00  recusas=0
  [210/528] 2026-04-17 valor= 30.0s  n= 154  pnl=R$   753.00  caixa_min=R$ 280.50  recusas=0
  [211/528] 2026-04-17 valor= 20.0s  n= 114  pnl=R$   123.00  caixa_min=R$ 126.50  recusas=0
  [212/528] 2026-04-17 valor= 60.0s  n=  77  pnl=R$  -218.50  caixa_min=R$ 156.50  recusas=0
  [213/528] 2026-04-20 valor= 20.0s  n=  37  pnl=R$  -263.50  caixa_min=R$ 111.50  recusas=4
  [214/528] 2026-04-20 valor= 10.0s  n=  64  pnl=R$   233.00  caixa_min=R$ 369.50  recusas=0
  [215/528] 2026-04-20 valor= 30.0s  n=  64  pnl=R$   238.00  caixa_min=R$ 349.50  recusas=0
  [216/528] 2026-04-20 valor= 60.0s  n=  63  pnl=R$   178.50  caixa_min=R$ 362.50  recusas=0
  [217/528] 2026-04-22 valor=  2.0s  n=  66  pnl=R$  -108.00  caixa_min=R$ 159.00  recusas=0
  [218/528] 2026-04-22 valor=  5.0s  n=  76  pnl=R$   -18.00  caixa_min=R$ 149.00  recusas=0
  [219/528] 2026-04-22 valor= 10.0s  n=  48  pnl=R$  -279.00  caixa_min=R$  96.00  recusas=185
  [220/528] 2026-04-22 valor= 20.0s  n=  23  pnl=R$  -241.50  caixa_min=R$ 133.50  recusas=396
  [221/528] 2026-04-22 valor= 30.0s  n=  74  pnl=R$  -162.00  caixa_min=R$ 170.50  recusas=0
  [222/528] 2026-04-22 valor= 60.0s  n=  42  pnl=R$  -246.00  caixa_min=R$ 101.00  recusas=44
  [223/528] 2026-04-23 valor=  5.0s  n= 144  pnl=R$  -257.00  caixa_min=R$ 118.00  recusas=176
  [224/528] 2026-04-23 valor=  2.0s  n=  20  pnl=R$  -260.00  caixa_min=R$ 115.00  recusas=1005
  [225/528] 2026-04-23 valor= 10.0s  n= 124  pnl=R$  -232.00  caixa_min=R$ 143.00  recusas=134
  [226/528] 2026-04-23 valor= 20.0s  n= 124  pnl=R$  -237.00  caixa_min=R$ 138.00  recusas=100
  [227/528] 2026-04-24 valor=  5.0s  n=  32  pnl=R$  -231.00  caixa_min=R$ 144.00  recusas=597
  [228/528] 2026-04-24 valor=  2.0s  n=  22  pnl=R$  -231.00  caixa_min=R$ 144.00  recusas=760
  [229/528] 2026-04-23 valor= 30.0s  n= 116  pnl=R$  -248.00  caixa_min=R$ 126.00  recusas=83
  [230/528] 2026-04-23 valor= 60.0s  n=  72  pnl=R$  -261.00  caixa_min=R$ 114.00  recusas=121
  [231/528] 2026-04-24 valor= 10.0s  n= 107  pnl=R$   -23.50  caixa_min=R$ 164.50  recusas=0
  [232/528] 2026-04-24 valor= 20.0s  n=  22  pnl=R$  -236.00  caixa_min=R$ 116.00  recusas=409
  [233/528] 2026-04-27 valor=  2.0s  n=  62  pnl=R$   304.00  caixa_min=R$ 253.00  recusas=0
  [234/528] 2026-04-27 valor=  5.0s  n=  78  pnl=R$   201.00  caixa_min=R$ 161.00  recusas=0
  [235/528] 2026-04-24 valor= 30.0s  n=  22  pnl=R$  -246.00  caixa_min=R$ 106.00  recusas=337
  [236/528] 2026-04-27 valor= 10.0s  n=  52  pnl=R$   284.00  caixa_min=R$ 263.00  recusas=0
  [237/528] 2026-04-27 valor= 20.0s  n=  70  pnl=R$   280.00  caixa_min=R$ 355.00  recusas=0
  [238/528] 2026-04-24 valor= 60.0s  n=  20  pnl=R$  -265.00  caixa_min=R$ 110.00  recusas=239
  [239/528] 2026-04-27 valor= 30.0s  n=  54  pnl=R$   158.00  caixa_min=R$ 355.00  recusas=0
  [240/528] 2026-04-27 valor= 60.0s  n=  64  pnl=R$   433.00  caixa_min=R$ 329.50  recusas=0
  [241/528] 2026-04-28 valor=  5.0s  n= 106  pnl=R$   -43.00  caixa_min=R$ 245.50  recusas=0
  [242/528] 2026-04-28 valor=  2.0s  n=  23  pnl=R$  -306.50  caixa_min=R$  68.50  recusas=593
  [243/528] 2026-04-28 valor= 10.0s  n= 108  pnl=R$    81.00  caixa_min=R$ 340.00  recusas=0
  [244/528] 2026-04-28 valor= 20.0s  n= 100  pnl=R$   310.00  caixa_min=R$ 340.00  recusas=0
  [245/528] 2026-04-28 valor= 30.0s  n=  77  pnl=R$  -113.50  caixa_min=R$ 199.50  recusas=0
  [246/528] 2026-04-28 valor= 60.0s  n=  77  pnl=R$    61.50  caixa_min=R$ 289.50  recusas=0
  [247/528] 2026-04-29 valor=  2.0s  n=  65  pnl=R$  -157.50  caixa_min=R$ 164.50  recusas=0
  [248/528] 2026-04-29 valor=  5.0s  n=  68  pnl=R$  -129.00  caixa_min=R$ 176.50  recusas=0
  [249/528] 2026-04-29 valor= 10.0s  n=  34  pnl=R$  -227.00  caixa_min=R$ 135.50  recusas=218
  [250/528] 2026-04-29 valor= 20.0s  n=  14  pnl=R$  -237.00  caixa_min=R$ 110.50  recusas=419
  [251/528] 2026-04-29 valor= 30.0s  n=  77  pnl=R$   196.50  caixa_min=R$ 127.00  recusas=0
  [252/528] 2026-04-29 valor= 60.0s  n=  70  pnl=R$   -75.00  caixa_min=R$ 122.00  recusas=0
  [253/528] 2026-04-30 valor=  2.0s  n=   4  pnl=R$  -242.00  caixa_min=R$ 133.00  recusas=869
  [254/528] 2026-04-30 valor=  5.0s  n=   4  pnl=R$  -242.00  caixa_min=R$ 133.00  recusas=769
  [255/528] 2026-04-30 valor= 10.0s  n=   4  pnl=R$  -242.00  caixa_min=R$ 133.00  recusas=663
  [256/528] 2026-04-30 valor= 20.0s  n=   4  pnl=R$  -242.00  caixa_min=R$ 133.00  recusas=533
  [257/528] 2026-05-04 valor=  2.0s  n=  60  pnl=R$  -165.00  caixa_min=R$ 175.50  recusas=0
  [258/528] 2026-04-30 valor= 30.0s  n=   4  pnl=R$  -242.00  caixa_min=R$ 133.00  recusas=432
  [259/528] 2026-04-30 valor= 60.0s  n=   4  pnl=R$  -242.00  caixa_min=R$ 133.00  recusas=283
  [260/528] 2026-05-04 valor=  5.0s  n=  66  pnl=R$   -98.00  caixa_min=R$ 242.50  recusas=0
  [261/528] 2026-05-04 valor= 20.0s  n=  75  pnl=R$    67.50  caixa_min=R$ 253.50  recusas=0
  [262/528] 2026-05-04 valor= 10.0s  n=  48  pnl=R$  -264.00  caixa_min=R$ 108.50  recusas=203
  [263/528] 2026-05-04 valor= 30.0s  n=  41  pnl=R$  -245.50  caixa_min=R$ 129.50  recusas=160
  [264/528] 2026-05-04 valor= 60.0s  n=  63  pnl=R$  -106.50  caixa_min=R$ 186.50  recusas=0
  [265/528] 2026-05-05 valor=  2.0s  n=  57  pnl=R$   116.50  caixa_min=R$ 317.50  recusas=0
  [266/528] 2026-05-05 valor=  5.0s  n=  59  pnl=R$   115.50  caixa_min=R$ 355.00  recusas=0
  [267/528] 2026-05-05 valor= 10.0s  n=  50  pnl=R$   125.00  caixa_min=R$ 355.00  recusas=0
  [268/528] 2026-05-05 valor= 20.0s  n=  67  pnl=R$   251.50  caixa_min=R$ 355.00  recusas=0
  [269/528] 2026-05-05 valor= 60.0s  n=  73  pnl=R$   338.50  caixa_min=R$ 355.00  recusas=0
  [270/528] 2026-05-05 valor= 30.0s  n=  46  pnl=R$   -13.00  caixa_min=R$ 240.50  recusas=0
  [271/528] 2026-05-06 valor=  5.0s  n=  28  pnl=R$  -239.00  caixa_min=R$ 136.00  recusas=555
  [272/528] 2026-05-06 valor=  2.0s  n=  28  pnl=R$  -249.00  caixa_min=R$ 126.00  recusas=614
  [273/528] 2026-05-06 valor= 30.0s  n=  97  pnl=R$   -43.50  caixa_min=R$ 133.50  recusas=0
  [274/528] 2026-05-06 valor= 10.0s  n=   7  pnl=R$  -298.50  caixa_min=R$  76.50  recusas=569
  [275/528] 2026-05-06 valor= 20.0s  n=   7  pnl=R$  -293.50  caixa_min=R$  81.50  recusas=437
  [276/528] 2026-05-06 valor= 60.0s  n=   7  pnl=R$  -293.50  caixa_min=R$  81.50  recusas=260
  [277/528] 2026-05-07 valor=  2.0s  n=  37  pnl=R$  -278.50  caixa_min=R$  96.50  recusas=489
  [278/528] 2026-05-07 valor=  5.0s  n=  35  pnl=R$  -297.50  caixa_min=R$  77.50  recusas=428
  [279/528] 2026-05-07 valor= 20.0s  n=  24  pnl=R$  -232.00  caixa_min=R$ 143.00  recusas=345
  [280/528] 2026-05-07 valor= 10.0s  n=  52  pnl=R$  -231.00  caixa_min=R$ 140.50  recusas=199
  [281/528] 2026-05-08 valor=  5.0s  n=  56  pnl=R$    72.00  caixa_min=R$ 209.00  recusas=0
  [282/528] 2026-05-08 valor=  2.0s  n=  31  pnl=R$  -245.50  caixa_min=R$ 129.50  recusas=283
  [283/528] 2026-05-07 valor= 30.0s  n=  96  pnl=R$   -63.00  caixa_min=R$ 104.00  recusas=0
  [284/528] 2026-05-08 valor= 10.0s  n=  52  pnl=R$   114.00  caixa_min=R$ 192.50  recusas=0
  [285/528] 2026-05-07 valor= 60.0s  n=  78  pnl=R$  -179.00  caixa_min=R$ 193.50  recusas=0
  [286/528] 2026-05-08 valor= 20.0s  n=  60  pnl=R$   135.00  caixa_min=R$ 277.50  recusas=0
  [287/528] 2026-05-08 valor= 30.0s  n=  54  pnl=R$   143.00  caixa_min=R$ 187.50  recusas=0
  [288/528] 2026-05-08 valor= 60.0s  n=  27  pnl=R$  -278.50  caixa_min=R$  96.50  recusas=155
  [289/528] 2026-05-11 valor=  5.0s  n=  45  pnl=R$  -177.50  caixa_min=R$ 111.50  recusas=0
  [290/528] 2026-05-11 valor=  2.0s  n=  47  pnl=R$  -158.50  caixa_min=R$ 130.50  recusas=0
  [291/528] 2026-05-11 valor= 10.0s  n=  45  pnl=R$  -122.50  caixa_min=R$ 111.50  recusas=0
  [292/528] 2026-05-11 valor= 20.0s  n=  49  pnl=R$  -134.50  caixa_min=R$ 116.50  recusas=0
  [293/528] 2026-05-11 valor= 30.0s  n=  71  pnl=R$   444.50  caixa_min=R$ 345.00  recusas=0
  [294/528] 2026-05-11 valor= 60.0s  n=  59  pnl=R$   155.50  caixa_min=R$ 290.00  recusas=0
  [295/528] 2026-05-12 valor=  5.0s  n=  65  pnl=R$    42.50  caixa_min=R$ 274.50  recusas=0
  [296/528] 2026-05-12 valor=  2.0s  n=  66  pnl=R$    97.00  caixa_min=R$ 261.50  recusas=0
  [297/528] 2026-05-12 valor= 10.0s  n=  55  pnl=R$    27.50  caixa_min=R$ 278.00  recusas=0
  [298/528] 2026-05-12 valor= 20.0s  n=  53  pnl=R$    13.50  caixa_min=R$ 264.00  recusas=0
  [299/528] 2026-05-12 valor= 30.0s  n=  65  pnl=R$    62.50  caixa_min=R$ 267.00  recusas=0
  [300/528] 2026-05-12 valor= 60.0s  n=  53  pnl=R$    13.50  caixa_min=R$ 341.00  recusas=0
  [301/528] 2026-05-13 valor=  5.0s  n=  35  pnl=R$  -227.50  caixa_min=R$ 147.50  recusas=779
  [302/528] 2026-05-13 valor=  2.0s  n=  68  pnl=R$  -264.00  caixa_min=R$ 111.00  recusas=531
  [303/528] 2026-05-14 valor=  2.0s  n=   9  pnl=R$  -274.50  caixa_min=R$ 100.50  recusas=912
  [304/528] 2026-05-13 valor= 10.0s  n=  39  pnl=R$  -274.50  caixa_min=R$  87.50  recusas=500
  [305/528] 2026-05-14 valor=  5.0s  n=   7  pnl=R$  -293.50  caixa_min=R$  81.50  recusas=846
  [306/528] 2026-05-13 valor= 30.0s  n=  31  pnl=R$  -260.50  caixa_min=R$ 114.50  recusas=359
  [307/528] 2026-05-13 valor= 20.0s  n=  41  pnl=R$  -250.50  caixa_min=R$ 124.50  recusas=451
  [308/528] 2026-05-13 valor= 60.0s  n=  24  pnl=R$  -232.00  caixa_min=R$ 143.00  recusas=234
  [309/528] 2026-05-14 valor= 20.0s  n=   7  pnl=R$  -288.50  caixa_min=R$  86.50  recusas=542
  [310/528] 2026-05-14 valor= 10.0s  n=   7  pnl=R$  -298.50  caixa_min=R$  76.50  recusas=709
  [311/528] 2026-05-14 valor= 30.0s  n=  18  pnl=R$  -269.00  caixa_min=R$ 106.00  recusas=416
  [312/528] 2026-05-14 valor= 60.0s  n=   7  pnl=R$  -298.50  caixa_min=R$  76.50  recusas=273
  [313/528] 2026-05-15 valor=  5.0s  n=  44  pnl=R$  -262.00  caixa_min=R$ 113.00  recusas=716
  [314/528] 2026-05-15 valor=  2.0s  n=  50  pnl=R$  -295.00  caixa_min=R$  80.00  recusas=767
  [315/528] 2026-05-15 valor= 10.0s  n=  55  pnl=R$  -267.50  caixa_min=R$ 107.50  recusas=532
  [316/528] 2026-05-15 valor= 20.0s  n=  42  pnl=R$  -226.00  caixa_min=R$ 149.00  recusas=440
  [317/528] 2026-05-18 valor=  2.0s  n=  88  pnl=R$    -9.00  caixa_min=R$ 177.50  recusas=0
  [318/528] 2026-05-15 valor= 30.0s  n= 140  pnl=R$    40.00  caixa_min=R$ 263.00  recusas=0
  [319/528] 2026-05-18 valor=  5.0s  n= 128  pnl=R$   481.00  caixa_min=R$ 279.50  recusas=0
  [320/528] 2026-05-15 valor= 60.0s  n=  22  pnl=R$  -241.00  caixa_min=R$ 134.00  recusas=283
  [321/528] 2026-05-18 valor= 10.0s  n=  99  pnl=R$  -104.50  caixa_min=R$ 145.50  recusas=0
  [322/528] 2026-05-18 valor= 20.0s  n=  11  pnl=R$  -235.50  caixa_min=R$ 139.50  recusas=470
  [323/528] 2026-05-18 valor= 30.0s  n=  19  pnl=R$  -234.50  caixa_min=R$ 140.50  recusas=361
  [324/528] 2026-05-18 valor= 60.0s  n=  11  pnl=R$  -230.50  caixa_min=R$ 144.50  recusas=252
  [325/528] 2026-05-19 valor=  2.0s  n=  42  pnl=R$  -231.00  caixa_min=R$ 144.00  recusas=605
  [326/528] 2026-05-19 valor= 10.0s  n=  67  pnl=R$  -238.50  caixa_min=R$ 136.50  recusas=301
  [327/528] 2026-05-19 valor= 20.0s  n= 137  pnl=R$   226.50  caixa_min=R$ 286.00  recusas=0
  [328/528] 2026-05-19 valor=  5.0s  n=  48  pnl=R$  -249.00  caixa_min=R$ 126.00  recusas=516
  [329/528] 2026-05-19 valor= 30.0s  n= 140  pnl=R$   540.00  caixa_min=R$ 318.00  recusas=0
  [330/528] 2026-05-20 valor=  2.0s  n= 136  pnl=R$    77.00  caixa_min=R$ 142.50  recusas=0
  [331/528] 2026-05-19 valor= 60.0s  n=  98  pnl=R$  -229.00  caixa_min=R$ 146.00  recusas=46
  [332/528] 2026-05-20 valor=  5.0s  n=  76  pnl=R$  -233.00  caixa_min=R$ 115.50  recusas=278
  [333/528] 2026-05-20 valor= 10.0s  n=  57  pnl=R$  -258.50  caixa_min=R$ 116.50  recusas=372
  [334/528] 2026-05-20 valor= 30.0s  n=  98  pnl=R$    91.00  caixa_min=R$ 279.50  recusas=0
  [335/528] 2026-05-20 valor= 20.0s  n= 104  pnl=R$   188.00  caixa_min=R$ 345.00  recusas=0
  [336/528] 2026-05-20 valor= 60.0s  n=  46  pnl=R$  -268.00  caixa_min=R$ 107.00  recusas=193
  [337/528] 2026-05-21 valor=  2.0s  n=  30  pnl=R$  -250.00  caixa_min=R$ 125.00  recusas=603
  [338/528] 2026-05-21 valor=  5.0s  n=  21  pnl=R$  -250.50  caixa_min=R$ 124.50  recusas=588
  [339/528] 2026-05-21 valor= 10.0s  n=  21  pnl=R$  -255.50  caixa_min=R$ 119.50  recusas=529
  [340/528] 2026-05-21 valor= 20.0s  n=  23  pnl=R$  -231.50  caixa_min=R$ 143.50  recusas=434
  [341/528] 2026-05-21 valor= 30.0s  n=  19  pnl=R$  -274.50  caixa_min=R$ 100.50  recusas=352
  [342/528] 2026-05-22 valor=  5.0s  n= 101  pnl=R$   314.50  caixa_min=R$ 216.00  recusas=0
  [343/528] 2026-05-21 valor= 60.0s  n=  21  pnl=R$  -260.50  caixa_min=R$ 114.50  recusas=236
  [344/528] 2026-05-22 valor=  2.0s  n=  15  pnl=R$  -227.50  caixa_min=R$ 147.50  recusas=601
  [345/528] 2026-05-22 valor= 10.0s  n= 104  pnl=R$   343.00  caixa_min=R$ 287.00  recusas=0
  [346/528] 2026-05-22 valor= 20.0s  n= 108  pnl=R$   -19.00  caixa_min=R$ 151.50  recusas=0
  [347/528] 2026-05-22 valor= 30.0s  n=  30  pnl=R$  -255.00  caixa_min=R$ 120.00  recusas=317
  [348/528] 2026-05-22 valor= 60.0s  n=  94  pnl=R$  -187.00  caixa_min=R$ 161.00  recusas=0
  [349/528] 2026-05-25 valor=  2.0s  n=   6  pnl=R$  -228.00  caixa_min=R$ 147.00  recusas=458
  [350/528] 2026-05-25 valor=  5.0s  n=   4  pnl=R$  -242.00  caixa_min=R$ 133.00  recusas=426
  [351/528] 2026-05-25 valor= 10.0s  n=  39  pnl=R$  -229.50  caixa_min=R$ 145.50  recusas=125
  [352/528] 2026-05-25 valor= 20.0s  n=  49  pnl=R$  -174.50  caixa_min=R$ 141.50  recusas=0
  [353/528] 2026-05-25 valor= 30.0s  n=  51  pnl=R$   109.50  caixa_min=R$ 239.00  recusas=0
  [354/528] 2026-05-25 valor= 60.0s  n=  39  pnl=R$  -174.50  caixa_min=R$ 186.00  recusas=0
  [355/528] 2026-05-26 valor=  2.0s  n=  91  pnl=R$   349.50  caixa_min=R$ 329.50  recusas=0
  [356/528] 2026-05-26 valor=  5.0s  n=  81  pnl=R$    59.50  caixa_min=R$ 160.50  recusas=0
  [357/528] 2026-05-26 valor= 10.0s  n=  86  pnl=R$   282.00  caixa_min=R$ 218.00  recusas=0
  [358/528] 2026-05-26 valor= 20.0s  n=  74  pnl=R$    63.00  caixa_min=R$ 146.50  recusas=0
  [359/528] 2026-05-26 valor= 30.0s  n=  22  pnl=R$  -256.00  caixa_min=R$ 119.00  recusas=271
  [360/528] 2026-05-26 valor= 60.0s  n=  18  pnl=R$  -294.00  caixa_min=R$  81.00  recusas=197
  [361/528] 2026-05-27 valor=  2.0s  n= 114  pnl=R$    98.00  caixa_min=R$ 328.50  recusas=0
  [362/528] 2026-05-27 valor=  5.0s  n=  50  pnl=R$  -245.00  caixa_min=R$ 130.00  recusas=374
  [363/528] 2026-05-27 valor= 10.0s  n=  39  pnl=R$  -234.50  caixa_min=R$ 140.50  recusas=455
  [364/528] 2026-05-27 valor= 20.0s  n=  63  pnl=R$  -271.50  caixa_min=R$ 103.50  recusas=287
  [365/528] 2026-05-28 valor=  2.0s  n=  53  pnl=R$  -286.50  caixa_min=R$  88.50  recusas=323
  [366/528] 2026-05-27 valor= 30.0s  n=  13  pnl=R$  -231.50  caixa_min=R$ 143.50  recusas=400
  [367/528] 2026-05-28 valor=  5.0s  n=  92  pnl=R$   -76.00  caixa_min=R$ 147.00  recusas=0
  [368/528] 2026-05-27 valor= 60.0s  n=  46  pnl=R$  -283.00  caixa_min=R$  92.00  recusas=199
  [369/528] 2026-05-28 valor= 10.0s  n= 103  pnl=R$   -86.50  caixa_min=R$ 176.00  recusas=0
  [370/528] 2026-05-28 valor= 20.0s  n=  31  pnl=R$  -270.50  caixa_min=R$ 104.50  recusas=319
  [371/528] 2026-05-28 valor= 30.0s  n=  25  pnl=R$  -232.50  caixa_min=R$ 142.50  recusas=273
  [372/528] 2026-05-28 valor= 60.0s  n=  72  pnl=R$  -191.00  caixa_min=R$ 184.00  recusas=0
  [373/528] 2026-05-29 valor=  2.0s  n=  81  pnl=R$  -230.50  caixa_min=R$ 144.50  recusas=62
  [374/528] 2026-05-29 valor=  5.0s  n= 100  pnl=R$    75.00  caixa_min=R$ 182.50  recusas=0
  [375/528] 2026-05-29 valor= 10.0s  n=  56  pnl=R$  -263.00  caixa_min=R$ 112.00  recusas=271
  [376/528] 2026-05-29 valor= 20.0s  n= 102  pnl=R$    54.00  caixa_min=R$ 156.00  recusas=0
  [377/528] 2026-05-29 valor= 30.0s  n=  10  pnl=R$  -255.00  caixa_min=R$ 120.00  recusas=363
  [378/528] 2026-05-29 valor= 60.0s  n=  18  pnl=R$  -269.00  caixa_min=R$ 106.00  recusas=239
  [379/528] 2026-06-01 valor=  2.0s  n=  55  pnl=R$  -257.50  caixa_min=R$ 117.50  recusas=484
  [380/528] 2026-06-01 valor=  5.0s  n=  83  pnl=R$  -101.50  caixa_min=R$ 134.00  recusas=0
  [381/528] 2026-06-01 valor= 10.0s  n=  62  pnl=R$  -251.00  caixa_min=R$ 124.00  recusas=254
  [382/528] 2026-06-01 valor= 20.0s  n=  18  pnl=R$  -294.00  caixa_min=R$  81.00  recusas=398
  [383/528] 2026-06-01 valor= 60.0s  n= 100  pnl=R$    65.00  caixa_min=R$ 251.50  recusas=0
  [384/528] 2026-06-01 valor= 30.0s  n=  73  pnl=R$  -261.50  caixa_min=R$ 105.50  recusas=80
  [385/528] 2026-06-02 valor=  2.0s  n=  12  pnl=R$  -241.00  caixa_min=R$ 134.00  recusas=526
  [386/528] 2026-06-02 valor=  5.0s  n=  70  pnl=R$  -165.00  caixa_min=R$ 205.50  recusas=0
  [387/528] 2026-06-02 valor= 10.0s  n=  90  pnl=R$   260.00  caixa_min=R$ 368.50  recusas=0
  [388/528] 2026-06-02 valor= 20.0s  n=  79  pnl=R$   375.50  caixa_min=R$ 368.50  recusas=0
  [389/528] 2026-06-02 valor= 30.0s  n=  84  pnl=R$   293.00  caixa_min=R$ 368.50  recusas=0
  [390/528] 2026-06-02 valor= 60.0s  n=  80  pnl=R$    30.00  caixa_min=R$ 368.50  recusas=0
  [391/528] 2026-06-03 valor=  2.0s  n=  65  pnl=R$  -262.50  caixa_min=R$ 112.50  recusas=316
  [392/528] 2026-06-03 valor=  5.0s  n=  60  pnl=R$  -235.00  caixa_min=R$ 140.00  recusas=342
  [393/528] 2026-06-03 valor= 10.0s  n=  22  pnl=R$  -241.00  caixa_min=R$ 134.00  recusas=586
  [394/528] 2026-06-03 valor= 20.0s  n= 103  pnl=R$   -81.50  caixa_min=R$ 243.00  recusas=0
  [395/528] 2026-06-03 valor= 30.0s  n=  60  pnl=R$  -245.00  caixa_min=R$ 116.50  recusas=207
  [396/528] 2026-06-03 valor= 60.0s  n=  22  pnl=R$  -246.00  caixa_min=R$ 129.00  recusas=250
  [397/528] 2026-06-05 valor=  5.0s  n=  20  pnl=R$  -245.00  caixa_min=R$ 130.00  recusas=881
  [398/528] 2026-06-05 valor=  2.0s  n=  40  pnl=R$  -295.00  caixa_min=R$  80.00  recusas=959
  [399/528] 2026-06-05 valor= 10.0s  n=  22  pnl=R$  -226.00  caixa_min=R$ 149.00  recusas=742
  [400/528] 2026-06-05 valor= 20.0s  n=  53  pnl=R$  -246.50  caixa_min=R$ 120.00  recusas=498
  [401/528] 2026-06-05 valor= 30.0s  n=  44  pnl=R$  -257.00  caixa_min=R$ 118.00  recusas=408
  [402/528] 2026-06-05 valor= 60.0s  n= 162  pnl=R$   114.00  caixa_min=R$ 232.00  recusas=0
  [403/528] 2026-06-08 valor=  2.0s  n= 191  pnl=R$   199.50  caixa_min=R$ 120.50  recusas=0
  [404/528] 2026-06-08 valor=  5.0s  n=  55  pnl=R$  -237.50  caixa_min=R$ 137.50  recusas=734
  [405/528] 2026-06-08 valor= 10.0s  n=  35  pnl=R$  -237.50  caixa_min=R$ 124.50  recusas=654
  [406/528] 2026-06-08 valor= 20.0s  n=  20  pnl=R$  -235.00  caixa_min=R$ 132.50  recusas=519
  [407/528] 2026-06-09 valor=  5.0s  n= 119  pnl=R$  -264.50  caixa_min=R$ 110.50  recusas=122
  [408/528] 2026-06-09 valor=  2.0s  n=  61  pnl=R$  -270.50  caixa_min=R$ 104.50  recusas=485
  [409/528] 2026-06-08 valor= 30.0s  n=  38  pnl=R$  -304.00  caixa_min=R$  71.00  recusas=404
  [410/528] 2026-06-08 valor= 60.0s  n=  27  pnl=R$  -243.50  caixa_min=R$ 131.50  recusas=282
  [411/528] 2026-06-09 valor= 10.0s  n= 129  pnl=R$    30.50  caixa_min=R$ 260.50  recusas=0
  [412/528] 2026-06-09 valor= 20.0s  n=  19  pnl=R$  -254.50  caixa_min=R$ 120.50  recusas=502
  [413/528] 2026-06-09 valor= 60.0s  n= 118  pnl=R$   -84.00  caixa_min=R$ 268.50  recusas=0
  [414/528] 2026-06-09 valor= 30.0s  n=  11  pnl=R$  -255.50  caixa_min=R$ 119.50  recusas=416
  [415/528] 2026-06-10 valor=  2.0s  n= 111  pnl=R$  -240.50  caixa_min=R$ 134.50  recusas=341
  [416/528] 2026-06-10 valor=  5.0s  n=  58  pnl=R$  -229.00  caixa_min=R$ 146.00  recusas=503
  [417/528] 2026-06-10 valor= 10.0s  n=  15  pnl=R$  -292.50  caixa_min=R$  82.50  recusas=673
  [418/528] 2026-06-10 valor= 20.0s  n=  41  pnl=R$  -275.50  caixa_min=R$  99.50  recusas=441
  [419/528] 2026-06-10 valor= 30.0s  n=  28  pnl=R$  -249.00  caixa_min=R$ 126.00  recusas=396
  [420/528] 2026-06-10 valor= 60.0s  n= 150  pnl=R$   280.00  caixa_min=R$ 177.00  recusas=0
  [421/528] 2026-06-11 valor=  5.0s  n= 182  pnl=R$    99.00  caixa_min=R$ 123.50  recusas=0
  [422/528] 2026-06-11 valor=  2.0s  n=  46  pnl=R$  -243.00  caixa_min=R$ 132.00  recusas=903
  [423/528] 2026-06-11 valor= 10.0s  n=  31  pnl=R$  -230.50  caixa_min=R$ 142.50  recusas=609
  [424/528] 2026-06-11 valor= 20.0s  n=  25  pnl=R$  -282.50  caixa_min=R$  92.50  recusas=523
  [425/528] 2026-06-12 valor=  2.0s  n=  32  pnl=R$  -236.00  caixa_min=R$ 139.00  recusas=607
  [426/528] 2026-06-11 valor= 30.0s  n= 142  pnl=R$   179.00  caixa_min=R$ 242.50  recusas=0
  [427/528] 2026-06-11 valor= 60.0s  n= 148  pnl=R$    26.00  caixa_min=R$ 275.00  recusas=0
  [428/528] 2026-06-12 valor=  5.0s  n=  23  pnl=R$  -241.50  caixa_min=R$ 133.50  recusas=567
  [429/528] 2026-06-12 valor= 10.0s  n=  21  pnl=R$  -255.50  caixa_min=R$ 119.50  recusas=524
  [430/528] 2026-06-12 valor= 20.0s  n=  29  pnl=R$  -264.50  caixa_min=R$ 110.50  recusas=381
  [431/528] 2026-06-12 valor= 30.0s  n=  47  pnl=R$  -238.50  caixa_min=R$ 136.50  recusas=293
  [432/528] 2026-06-12 valor= 60.0s  n=  42  pnl=R$  -296.00  caixa_min=R$  79.00  recusas=216
  [433/528] 2026-06-15 valor=  2.0s  n= 117  pnl=R$   151.50  caixa_min=R$ 239.00  recusas=0
  [434/528] 2026-06-15 valor=  5.0s  n=   9  pnl=R$  -279.50  caixa_min=R$  95.50  recusas=655
  [435/528] 2026-06-15 valor= 20.0s  n=   9  pnl=R$  -284.50  caixa_min=R$  90.50  recusas=464
  [436/528] 2026-06-15 valor= 10.0s  n=  55  pnl=R$  -232.50  caixa_min=R$ 142.50  recusas=323
  [437/528] 2026-06-15 valor= 30.0s  n= 119  pnl=R$   -34.50  caixa_min=R$ 227.00  recusas=0
  [438/528] 2026-06-15 valor= 60.0s  n= 107  pnl=R$   156.50  caixa_min=R$ 282.50  recusas=0
  [439/528] 2026-06-16 valor=  2.0s  n= 101  pnl=R$    94.50  caixa_min=R$ 276.00  recusas=0
  [440/528] 2026-06-16 valor=  5.0s  n=  84  pnl=R$  -252.00  caixa_min=R$ 123.00  recusas=239
  [441/528] 2026-06-16 valor= 10.0s  n=  90  pnl=R$  -285.00  caixa_min=R$  90.00  recusas=102
  [442/528] 2026-06-16 valor= 30.0s  n= 101  pnl=R$    49.50  caixa_min=R$ 182.50  recusas=0
  [443/528] 2026-06-16 valor= 60.0s  n=  97  pnl=R$   286.50  caixa_min=R$ 295.50  recusas=0
  [444/528] 2026-06-16 valor= 20.0s  n=  29  pnl=R$  -259.50  caixa_min=R$ 115.50  recusas=363
  [445/528] 2026-06-17 valor=  2.0s  n=  29  pnl=R$  -279.50  caixa_min=R$  95.50  recusas=747
  [446/528] 2026-06-17 valor=  5.0s  n=  33  pnl=R$  -231.50  caixa_min=R$ 143.50  recusas=654
  [447/528] 2026-06-17 valor= 10.0s  n=  33  pnl=R$  -226.50  caixa_min=R$ 148.50  recusas=562
  [448/528] 2026-06-17 valor= 20.0s  n=  51  pnl=R$  -245.50  caixa_min=R$ 129.50  recusas=370
  [449/528] 2026-06-17 valor= 30.0s  n=  73  pnl=R$  -276.50  caixa_min=R$  98.50  recusas=187
  [450/528] 2026-06-17 valor= 60.0s  n=  60  pnl=R$  -290.00  caixa_min=R$  85.00  recusas=119
  [451/528] 2026-06-18 valor=  5.0s  n=   4  pnl=R$  -237.00  caixa_min=R$ 138.00  recusas=921
  [452/528] 2026-06-18 valor=  2.0s  n=  16  pnl=R$  -263.00  caixa_min=R$ 112.00  recusas=1007
  [453/528] 2026-06-19 valor=  2.0s  n=  52  pnl=R$  -121.00  caixa_min=R$ 220.50  recusas=0
  [454/528] 2026-06-19 valor=  5.0s  n=  32  pnl=R$  -286.00  caixa_min=R$  89.00  recusas=201
  [455/528] 2026-06-19 valor= 10.0s  n=  33  pnl=R$  -276.50  caixa_min=R$  98.50  recusas=241
  [456/528] 2026-06-19 valor= 20.0s  n=  61  pnl=R$  -205.50  caixa_min=R$ 140.00  recusas=0
  [457/528] 2026-06-18 valor= 10.0s  n=  49  pnl=R$  -269.50  caixa_min=R$ 105.50  recusas=563
  [458/528] 2026-06-18 valor= 30.0s  n=  15  pnl=R$  -267.50  caixa_min=R$ 107.50  recusas=443
  [459/528] 2026-06-18 valor= 20.0s  n=  11  pnl=R$  -230.50  caixa_min=R$ 144.50  recusas=563
  [460/528] 2026-06-18 valor= 60.0s  n=  42  pnl=R$  -241.00  caixa_min=R$ 134.00  recusas=250
  [461/528] 2026-06-19 valor= 30.0s  n=  71  pnl=R$   204.50  caixa_min=R$ 320.50  recusas=0
  [462/528] 2026-06-19 valor= 60.0s  n=  73  pnl=R$   128.50  caixa_min=R$ 343.50  recusas=0
  [463/528] 2026-06-22 valor=  5.0s  n= 110  pnl=R$   380.00  caixa_min=R$ 248.50  recusas=0
  [464/528] 2026-06-22 valor=  2.0s  n= 104  pnl=R$   528.00  caixa_min=R$ 335.00  recusas=0
  [465/528] 2026-06-22 valor= 10.0s  n=  92  pnl=R$   179.00  caixa_min=R$ 210.50  recusas=0
  [466/528] 2026-06-22 valor= 20.0s  n=  92  pnl=R$   384.00  caixa_min=R$ 335.00  recusas=0
  [467/528] 2026-06-22 valor= 60.0s  n= 100  pnl=R$   385.00  caixa_min=R$ 335.00  recusas=0
  [468/528] 2026-06-22 valor= 30.0s  n=  95  pnl=R$   127.50  caixa_min=R$ 335.00  recusas=0
  [469/528] 2026-06-23 valor=  2.0s  n=  95  pnl=R$   577.50  caixa_min=R$ 279.50  recusas=0
  [470/528] 2026-06-23 valor=  5.0s  n=  72  pnl=R$   -26.00  caixa_min=R$ 243.50  recusas=0
  [471/528] 2026-06-23 valor= 10.0s  n=  65  pnl=R$    97.50  caixa_min=R$ 292.00  recusas=0
  [472/528] 2026-06-23 valor= 20.0s  n=  11  pnl=R$  -245.50  caixa_min=R$ 112.50  recusas=418
  [473/528] 2026-06-23 valor= 30.0s  n=   9  pnl=R$  -269.50  caixa_min=R$ 105.50  recusas=374
  [474/528] 2026-06-23 valor= 60.0s  n=  12  pnl=R$  -241.00  caixa_min=R$  97.00  recusas=239
  [475/528] 2026-06-24 valor=  2.0s  n=  12  pnl=R$  -231.00  caixa_min=R$ 144.00  recusas=789
  [476/528] 2026-06-24 valor=  5.0s  n=  10  pnl=R$  -260.00  caixa_min=R$ 115.00  recusas=667
  [477/528] 2026-06-24 valor= 10.0s  n=  10  pnl=R$  -260.00  caixa_min=R$ 115.00  recusas=606
  [478/528] 2026-06-24 valor= 20.0s  n=  12  pnl=R$  -241.00  caixa_min=R$ 134.00  recusas=448
  [479/528] 2026-06-24 valor= 60.0s  n=  64  pnl=R$  -262.00  caixa_min=R$ 113.00  recusas=113
  [480/528] 2026-06-24 valor= 30.0s  n=  12  pnl=R$  -246.00  caixa_min=R$ 129.00  recusas=361
  [481/528] 2026-06-25 valor=  2.0s  n=  33  pnl=R$  -261.50  caixa_min=R$ 113.50  recusas=726
  [482/528] 2026-06-25 valor=  5.0s  n=  30  pnl=R$  -250.00  caixa_min=R$ 125.00  recusas=660
  [483/528] 2026-06-25 valor= 10.0s  n=  47  pnl=R$  -253.50  caixa_min=R$ 121.50  recusas=489
  [484/528] 2026-06-25 valor= 20.0s  n=  79  pnl=R$  -279.50  caixa_min=R$  95.50  recusas=263
  [485/528] 2026-06-25 valor= 60.0s  n=  93  pnl=R$   128.50  caixa_min=R$ 310.00  recusas=0
  [486/528] 2026-06-25 valor= 30.0s  n=  57  pnl=R$  -303.50  caixa_min=R$  71.50  recusas=259
  [487/528] 2026-06-26 valor=  5.0s  n=  63  pnl=R$  -241.50  caixa_min=R$ 133.50  recusas=274
  [488/528] 2026-06-26 valor=  2.0s  n=  10  pnl=R$  -270.00  caixa_min=R$ 105.00  recusas=684
  [489/528] 2026-06-26 valor= 20.0s  n=  15  pnl=R$  -302.50  caixa_min=R$  72.50  recusas=386
  [490/528] 2026-06-26 valor= 10.0s  n=  15  pnl=R$  -307.50  caixa_min=R$  67.50  recusas=474
  [491/528] 2026-06-26 valor= 60.0s  n=  43  pnl=R$  -286.50  caixa_min=R$  88.50  recusas=150
  [492/528] 2026-06-26 valor= 30.0s  n=  70  pnl=R$  -275.00  caixa_min=R$ 100.00  recusas=77
  [493/528] 2026-06-29 valor=  2.0s  n=  13  pnl=R$  -241.50  caixa_min=R$ 133.50  recusas=492
  [494/528] 2026-06-29 valor=  5.0s  n=  31  pnl=R$  -250.50  caixa_min=R$ 124.50  recusas=297
  [495/528] 2026-06-29 valor= 10.0s  n=  24  pnl=R$  -227.00  caixa_min=R$ 135.00  recusas=294
  [496/528] 2026-06-29 valor= 20.0s  n=  21  pnl=R$  -250.50  caixa_min=R$ 124.50  recusas=346
  [497/528] 2026-06-29 valor= 30.0s  n=  30  pnl=R$  -245.00  caixa_min=R$ 112.00  recusas=224
  [498/528] 2026-06-29 valor= 60.0s  n=  71  pnl=R$   -95.50  caixa_min=R$ 133.00  recusas=0
  [499/528] 2026-06-30 valor=  2.0s  n=  11  pnl=R$  -245.50  caixa_min=R$ 129.50  recusas=701
  [500/528] 2026-06-30 valor=  5.0s  n=  47  pnl=R$  -248.50  caixa_min=R$ 126.50  recusas=495
  [501/528] 2026-06-30 valor= 10.0s  n=  33  pnl=R$  -306.50  caixa_min=R$  68.50  recusas=439
  [502/528] 2026-06-30 valor= 20.0s  n=  39  pnl=R$  -239.50  caixa_min=R$ 133.00  recusas=313
  [503/528] 2026-06-30 valor= 30.0s  n=  27  pnl=R$  -298.50  caixa_min=R$  76.50  recusas=287
  [504/528] 2026-06-30 valor= 60.0s  n=  99  pnl=R$   -19.50  caixa_min=R$ 143.50  recusas=0
  [505/528] 2026-07-01 valor=  2.0s  n= 115  pnl=R$   -62.50  caixa_min=R$ 196.00  recusas=0
  [506/528] 2026-07-01 valor=  5.0s  n=  23  pnl=R$  -286.50  caixa_min=R$  88.50  recusas=545
  [507/528] 2026-07-01 valor= 10.0s  n=  62  pnl=R$  -246.00  caixa_min=R$ 129.00  recusas=315
  [508/528] 2026-07-01 valor= 20.0s  n= 108  pnl=R$     6.00  caixa_min=R$ 267.00  recusas=0
  [509/528] 2026-07-01 valor= 30.0s  n=  36  pnl=R$  -253.00  caixa_min=R$ 122.00  recusas=295
  [510/528] 2026-07-01 valor= 60.0s  n=  45  pnl=R$  -237.50  caixa_min=R$ 137.50  recusas=197
  [511/528] 2026-07-02 valor=  2.0s  n= 102  pnl=R$  -246.00  caixa_min=R$ 129.00  recusas=334
  [512/528] 2026-07-02 valor=  5.0s  n=  19  pnl=R$  -254.50  caixa_min=R$ 120.50  recusas=733
  [513/528] 2026-07-03 valor=  2.0s  n=  23  pnl=R$  -231.50  caixa_min=R$ 143.50  recusas=183
  [514/528] 2026-07-02 valor= 10.0s  n= 144  pnl=R$   153.00  caixa_min=R$ 203.50  recusas=0
  [515/528] 2026-07-03 valor=  5.0s  n=  40  pnl=R$  -100.00  caixa_min=R$ 250.50  recusas=0
  [516/528] 2026-07-02 valor= 20.0s  n=  37  pnl=R$  -258.50  caixa_min=R$ 116.50  recusas=413
  [517/528] 2026-07-03 valor= 10.0s  n=  15  pnl=R$  -307.50  caixa_min=R$  67.50  recusas=309
  [518/528] 2026-07-02 valor= 30.0s  n=  45  pnl=R$  -252.50  caixa_min=R$ 122.50  recusas=347
  [519/528] 2026-07-03 valor= 20.0s  n=  58  pnl=R$   121.00  caixa_min=R$ 250.00  recusas=0
  [520/528] 2026-07-02 valor= 60.0s  n=  59  pnl=R$  -229.50  caixa_min=R$ 145.50  recusas=241
  [521/528] 2026-07-03 valor= 60.0s  n=  50  pnl=R$    35.00  caixa_min=R$ 199.00  recusas=0
  [522/528] 2026-07-03 valor= 30.0s  n=  12  pnl=R$  -241.00  caixa_min=R$ 134.00  recusas=224
  [523/528] 2026-07-06 valor=  2.0s  n=  87  pnl=R$   -93.50  caixa_min=R$ 182.00  recusas=0
  [524/528] 2026-07-06 valor=  5.0s  n=  91  pnl=R$   -70.50  caixa_min=R$ 239.00  recusas=0
  [525/528] 2026-07-06 valor= 10.0s  n=  64  pnl=R$  -302.00  caixa_min=R$  73.00  recusas=90
  [526/528] 2026-07-06 valor= 20.0s  n=  88  pnl=R$    66.00  caixa_min=R$ 270.50  recusas=0
  [527/528] 2026-07-06 valor= 30.0s  n=  87  pnl=R$   271.50  caixa_min=R$ 299.00  recusas=0
  [528/528] 2026-07-06 valor= 60.0s  n=  79  pnl=R$    60.50  caixa_min=R$ 284.50  recusas=0

[IS] 528 celulas em 40.5 min

================================================================================================================================================================
RESULTADO IS -- varredura de reancora_min_segundos (controle/producao atual = 10.0s)
================================================================================================================================================================
valor(s)       n    win%  ganho_med  perda_med  BE emp.         IC95 win%    veredito   liq. total   liq/preg trd/preg   MaxDD R$  caixa min preg + preg - preg 0 preg cens.  pregoes
-------------------------------------------------------------------------------------------------------------------------------------------------------------------------------------
2.0         5354  86.03%      11.33      83.50   88.05%     [85.07;86.93]    NEGATIVA    -10272.00    -116.73     60.8     716.50      68.50     22     66      0         55       88
5.0         5364  85.76%      11.27      83.65   88.13%     [84.80;86.67]    NEGATIVA    -12062.00    -137.07     61.0     831.50      66.50     18     70      0         57       88
10.0        5286  85.83%      11.19      83.53   88.19%     [84.86;86.74]    NEGATIVA    -11798.00    -134.07     60.1     572.50      67.50     23     65      0         60       88
20.0        4869  86.05%      11.27      83.51   88.11%     [85.05;87.00]    NEGATIVA     -9474.50    -107.66     55.3     592.00      72.50     25     63      0         57       88
30.0        5278  86.24%      11.29      83.59   88.10%     [85.29;87.15]    NEGATIVA     -9284.00    -105.50     60.0     782.00      71.00     22     66      0         58       88
60.0        5676  86.29%      11.38      83.20   87.97%     [85.37;87.16]    NEGATIVA     -8983.00    -102.08     64.5     624.50      64.50     25     63      0         50       88
-------------------------------------------------------------------------------------------------------------------------------------------------------------------------------------

LEITURA:
 - BE emp. = perda_media/(ganho_medio+perda_media), nulo EMPIRICO de cada celula.
 - IC95 win% e' Wilson sobre n_ganhos/n pooled dentro de cada valor.
 - veredito POSITIVA exige IC95 inteiro ACIMA do BE empirico.
 - 'preg cens.' = pregoes com >=1 recusa de capital (portao de R$375, nao geometria).
 - 'preg 0' = pregoes sem NENHUM trade (censura total -- robo mudo).
 - fila calibrada usada: entrada=329 / saida=494 (backtest.intraday.fidelidade, herdada de config_for)

[controle] reancora_min_segundos=10.0s (producao atual): liquido R$-11798.00, win% 85.83%, BE emp. 88.19%, veredito NEGATIVA, 0/88 pregoes sem trade

[decisao] candidatos que passam (POSITIVA + liquido>0 + censura<=10% + mudo<=10% + liquido>controle no IS): NENHUM

[VEREDITO] Nenhum valor alternativo de reancora_min_segundos produziu IC95% do win% inteiramente acima do breakeven empirico com liquido positivo, MAIOR que o controle (10s) e censura/mudez controladas no IS. Hipotese 14 (freio de cadencia de reprecificacao/rearme-pos-recusa contra RESULTADO, nao so' contra taxa de envio) e' REFUTADA/NULA pelo mesmo criterio das 13 anteriores -- OOS NAO sera' rodado (disciplina de nao gastar o teste cego sem candidato do IS).

[fim] tempo total 40.5 min
