[dias] 10 pregoes: ['2026-08-28', '2026-08-31', '2026-09-01', '2026-09-02', '2026-09-03', '2026-09-04', '2026-09-08', '2026-09-09', '2026-09-10', '2026-09-11']
[dias] hoje (2026-09-11) e' PARCIAL -- so' o que ja negociou ate' o momento em que este script rodou.

[cache] 10 pregoes ja cacheados em barra degenerada -- nada a converter.
[regime] limiar fade_off/20min = 11.00 ticks (REAPROVEITADO de wdof1_combo_t3_is_oos_real_2026_09_11.py -- percentil 70, 48.393 obs. M1, SOMENTE 2026-02-27..2026-07-06 -- NAO recalibrado aqui)

[specs] 20 celulas (2 variantes x 10 pregoes), motor de producao, capital R$375/pregao NUNCA reposto, fila calibrada, sem prazo

  [1/20] 2026-08-31 combo_T3   n=   4  pnl=R$  -232.00  caixa_min=R$ 143.00  recusas=23
  [2/20] 2026-08-31 baseline   n=   4  pnl=R$  -237.00  caixa_min=R$ 138.00  recusas=25
  [3/20] 2026-08-28 combo_T3   n=  81  pnl=R$  -245.50  caixa_min=R$ 111.50  recusas=71
  [4/20] 2026-09-01 baseline   n=  95  pnl=R$   197.50  caixa_min=R$ 232.50  recusas=0
  [5/20] 2026-09-01 combo_T3   n=  62  pnl=R$   199.00  caixa_min=R$ 233.50  recusas=0
  [6/20] 2026-08-28 baseline   n=  23  pnl=R$  -246.50  caixa_min=R$ 128.50  recusas=515
  [7/20] 2026-09-02 baseline   n=  31  pnl=R$  -230.50  caixa_min=R$ 144.50  recusas=489
  [8/20] 2026-09-02 combo_T3   n=  10  pnl=R$  -240.00  caixa_min=R$ 135.00  recusas=585
  [9/20] 2026-09-03 combo_T3   n=  47  pnl=R$  -258.50  caixa_min=R$ 116.50  recusas=158
  [10/20] 2026-09-03 baseline   n=  28  pnl=R$  -259.00  caixa_min=R$ 116.00  recusas=437
  [11/20] 2026-09-08 combo_T3   n=  62  pnl=R$   -26.00  caixa_min=R$ 225.00  recusas=0
  [12/20] 2026-09-04 baseline   n=   4  pnl=R$  -247.00  caixa_min=R$ 128.00  recusas=478
  [13/20] 2026-09-08 baseline   n=  41  pnl=R$  -225.50  caixa_min=R$  93.50  recusas=388
  [14/20] 2026-09-04 combo_T3   n=  24  pnl=R$  -262.00  caixa_min=R$ 113.00  recusas=407
  [15/20] 2026-09-09 baseline   n=  27  pnl=R$  -288.50  caixa_min=R$  86.50  recusas=391
  [16/20] 2026-09-09 combo_T3   n=  36  pnl=R$  -268.00  caixa_min=R$ 107.00  recusas=86
  [17/20] 2026-09-10 combo_T3   n=  80  pnl=R$   130.00  caixa_min=R$ 314.00  recusas=0
  [18/20] 2026-09-10 baseline   n=  63  pnl=R$  -256.50  caixa_min=R$ 118.50  recusas=346
  [19/20] 2026-09-11 combo_T3   n=  86  pnl=R$   452.00  caixa_min=R$ 355.00  recusas=0
  [20/20] 2026-09-11 baseline   n=  70  pnl=R$  -240.00  caixa_min=R$ 135.00  recusas=234

[fim] 20 celulas em 1.7 min

============================================================================================================================================
POR PREGAO -- combo_T3 (fade_off/20min limiar 11,00t + T3/S16) vs baseline T2/S16
============================================================================================================================================
pregao      variante         n    win%  ganho_med  perda_med  BE emp.   liquido R$ recusas cap  caixa_min
---------------------------------------------------------------------------------------------------------
2026-08-28  baseline        23  78.26%      10.06      85.50   89.48%      -246.50         515     128.50
2026-08-28  combo_T3        81  81.48%      15.71      85.50   84.48%      -245.50          71     111.50
---------------------------------------------------------------------------------------------------------
2026-08-31  baseline         4  25.00%      19.50      85.50   81.43%      -237.00          25     138.00
2026-08-31  combo_T3         4  25.00%      24.50      85.50   77.73%      -232.00          23     143.00
---------------------------------------------------------------------------------------------------------
2026-09-01  baseline        95  90.53%      10.66      79.94   88.23%       197.50           0     232.50
2026-09-01  combo_T3        62  87.10%      14.96      76.12   83.57%       199.00           0     233.50
---------------------------------------------------------------------------------------------------------
2026-09-02  baseline        31  80.65%      11.30      85.50   88.33%      -230.50         489     144.50
2026-09-02  combo_T3        10  60.00%      17.00      85.50   83.41%      -240.00         585     135.00
---------------------------------------------------------------------------------------------------------
2026-09-03  baseline        28  78.57%      11.55      85.50   88.10%      -259.00         437     116.00
2026-09-03  combo_T3        47  78.72%      16.12      85.50   84.14%      -258.50         158     116.50
---------------------------------------------------------------------------------------------------------
2026-09-04  baseline         4  25.00%       9.50      85.50   90.00%      -247.00         478     128.00
2026-09-04  combo_T3        24  70.83%      19.79      85.50   81.20%      -262.00         407     113.00
---------------------------------------------------------------------------------------------------------
2026-09-08  baseline        41  82.93%      10.97      85.50   88.63%      -225.50         388      93.50
2026-09-08  combo_T3        62  83.87%      15.46      83.00   84.30%       -26.00           0     225.00
---------------------------------------------------------------------------------------------------------
2026-09-09  baseline        27  77.78%      10.69      85.50   88.89%      -288.50         391      86.50
2026-09-09  combo_T3        36  77.78%      14.86      85.50   85.20%      -268.00          86     107.00
---------------------------------------------------------------------------------------------------------
2026-09-10  baseline        63  84.13%      11.29      85.50   88.33%      -256.50         346     118.50
2026-09-10  combo_T3        80  86.25%      15.51      85.50   84.64%       130.00           0     314.00
---------------------------------------------------------------------------------------------------------
2026-09-11  baseline        70  82.86%      13.55      85.50   86.32%      -240.00         234     135.00  <-- PARCIAL (hoje)
2026-09-11  combo_T3        86  87.21%      17.83      80.50   81.86%       452.00           0     355.00  <-- PARCIAL (hoje)
---------------------------------------------------------------------------------------------------------

============================================================================================================================================
AGREGADOS
============================================================================================================================================
grupo                                 variante         n    win%  ganho_med  perda_med  BE emp.         IC95 win%    veredito   liq. total  liq/preg preg + preg - preg cens.  pregoes
--------------------------------------------------------------------------------------------------------------------------------------------------------------------------------------
POOLED (10 preg., c/ hoje parcial)    baseline       386  82.64%      11.43      84.75   88.12%     [78.55;86.09]    NEGATIVA     -2033.00   -203.30      1      9          9       10
POOLED (10 preg., c/ hoje parcial)    combo_T3       492  82.32%      16.13      83.72   83.85%     [78.70;85.43]  indefinido      -751.00    -75.10      3      7          6       10
--------------------------------------------------------------------------------------------------------------------------------------------------------------------------------------
POOLED (9 preg. COMPLETOS, sem hoje)  baseline       316  82.59%      10.96      84.59   88.53%     [78.03;86.38]    NEGATIVA     -1793.00   -199.22      1      8          8        9
POOLED (9 preg. COMPLETOS, sem hoje)  combo_T3       406  81.28%      15.74      84.18   84.25%     [77.20;84.78]  indefinido     -1203.00   -133.67      2      7          6        9
--------------------------------------------------------------------------------------------------------------------------------------------------------------------------------------
SO' HOJE (2026-09-11, PARCIAL)        baseline        70  82.86%      13.55      85.50   86.32%     [72.38;89.91]  indefinido      -240.00   -240.00      0      1          1        1
SO' HOJE (2026-09-11, PARCIAL)        combo_T3        86  87.21%      17.83      80.50   81.86%     [78.53;92.71]  indefinido       452.00    452.00      1      0          0        1
--------------------------------------------------------------------------------------------------------------------------------------------------------------------------------------

LEITURA:
 - BE emp. = perda_media/(ganho_medio+perda_media), o nulo EMPIRICO do proprio
   grupo/variante (nao o nominal T2/S16=88,9%).
 - IC95 win% e' Wilson sobre n_ganhos/n pooled DENTRO de cada grupo.
 - veredito POSITIVA exige IC95 inteiro ACIMA do BE empirico. 'indefinido' = atravessa.
 - 'preg cens.' = pregoes com >=1 recusa de capital (portao de R$375, nao a geometria).
 - limiar de regime = 11.00 ticks, REAPROVEITADO de wdof1_combo_t3_is_oos_real_2026_09_11.py, calibrado SO' em 2026-02-27..2026-07-06.
 - 2026-09-11 e' dado PARCIAL (sessao em andamento no momento da medicao) -- reportado tambem separado, nao so' dentro do pool de 10.
 - 10 pregoes E' POUCO: isto e' checagem de janela recente, NAO um novo veredito.
   O veredito de amostra grande (132 pregoes) ja esta feito: combo_T3 NEGATIVO no IS,
   INDEFINIDO-mas-negativo no OOS (liquido -R$1.629,50 em 44 pregoes).
