[dado] carregando lista de pregoes de C:\Users\Jeffe\Documents\study\meta\data\raw_ticks\WDO_A_.parquet ...
[dado] 130 pregoes no parquet canonico local (2026-02-27 .. 2026-09-04) + 2 pregoes ja cacheados (['2026-09-08', '2026-09-09']) = 132 pregoes reais totais.

[split] IS  = 2026-02-27 .. 2026-07-06  (88 pregoes)
[split] OOS = 2026-07-07 .. 2026-09-09  (44 pregoes)

[cache] 132 pregoes ja cacheados em barra degenerada -- nada a converter.
[IS] 528 celulas (6 valores de atraso x 88 pregoes), motor de producao, capital R$375/pregao NUNCA reposto, fila calibrada, sem prazo

  [1/528] 2026-02-27 atraso=  0.0s  n=  57  pnl=R$  -233.50  caixa_min=R$ 141.50  recusas=377
  [2/528] 2026-02-27 atraso= 60.0s  n=  57  pnl=R$  -238.50  caixa_min=R$ 136.50  recusas=293
  [3/528] 2026-02-27 atraso= 10.0s  n=  35  pnl=R$  -287.50  caixa_min=R$  87.50  recusas=505
  [4/528] 2026-02-27 atraso=  5.0s  n=  48  pnl=R$  -254.00  caixa_min=R$ 121.00  recusas=418
  [5/528] 2026-02-27 atraso=  2.0s  n=  53  pnl=R$  -261.50  caixa_min=R$ 113.50  recusas=390
  [6/528] 2026-02-27 atraso= 30.0s  n=  51  pnl=R$  -230.50  caixa_min=R$ 137.50  recusas=396
  [7/528] 2026-03-02 atraso=  2.0s  n=   4  pnl=R$  -242.00  caixa_min=R$ 133.00  recusas=909
  [8/528] 2026-03-02 atraso=  0.0s  n=   4  pnl=R$  -237.00  caixa_min=R$ 138.00  recusas=910
  [9/528] 2026-03-02 atraso= 30.0s  n=  20  pnl=R$  -250.00  caixa_min=R$ 125.00  recusas=829
  [10/528] 2026-03-02 atraso=  5.0s  n=   4  pnl=R$  -237.00  caixa_min=R$ 138.00  recusas=907
  [11/528] 2026-03-02 atraso= 60.0s  n=  19  pnl=R$  -289.50  caixa_min=R$  85.50  recusas=776
  [12/528] 2026-03-02 atraso= 10.0s  n=   4  pnl=R$  -242.00  caixa_min=R$ 133.00  recusas=909
  [13/528] 2026-03-03 atraso=  0.0s  n= 212  pnl=R$  -246.00  caixa_min=R$ 129.00  recusas=613
  [14/528] 2026-03-03 atraso=  2.0s  n=  10  pnl=R$  -245.00  caixa_min=R$ 126.50  recusas=1187
  [15/528] 2026-03-03 atraso=  5.0s  n=  11  pnl=R$  -230.50  caixa_min=R$ 144.50  recusas=1199
  [16/528] 2026-03-04 atraso=  2.0s  n= 150  pnl=R$  -260.00  caixa_min=R$ 105.50  recusas=108
  [17/528] 2026-03-04 atraso=  0.0s  n= 192  pnl=R$   179.00  caixa_min=R$ 273.00  recusas=0
  [18/528] 2026-03-03 atraso= 10.0s  n=   9  pnl=R$  -254.50  caixa_min=R$ 120.50  recusas=1199
  [19/528] 2026-03-03 atraso= 60.0s  n=  85  pnl=R$  -272.50  caixa_min=R$ 102.50  recusas=667
  [20/528] 2026-03-03 atraso= 30.0s  n=  31  pnl=R$  -230.50  caixa_min=R$ 144.50  recusas=1068
  [21/528] 2026-03-04 atraso=  5.0s  n=  20  pnl=R$  -235.00  caixa_min=R$ 140.00  recusas=818
  [22/528] 2026-03-04 atraso= 10.0s  n=  79  pnl=R$  -284.50  caixa_min=R$  90.50  recusas=468
  [23/528] 2026-03-04 atraso= 30.0s  n=  91  pnl=R$  -295.50  caixa_min=R$  79.50  recusas=397
  [24/528] 2026-03-04 atraso= 60.0s  n=  53  pnl=R$  -261.50  caixa_min=R$ 113.50  recusas=478
  [25/528] 2026-03-05 atraso=  2.0s  n=  58  pnl=R$  -229.00  caixa_min=R$ 146.00  recusas=822
  [26/528] 2026-03-05 atraso=  0.0s  n=  47  pnl=R$  -243.50  caixa_min=R$ 131.50  recusas=879
  [27/528] 2026-03-05 atraso=  5.0s  n=  38  pnl=R$  -229.00  caixa_min=R$ 127.50  recusas=892
  [28/528] 2026-03-05 atraso= 10.0s  n=  54  pnl=R$  -242.00  caixa_min=R$ 133.00  recusas=821
  [29/528] 2026-03-06 atraso=  0.0s  n=  25  pnl=R$  -262.50  caixa_min=R$ 112.50  recusas=1010
  [30/528] 2026-03-05 atraso= 30.0s  n=  32  pnl=R$  -226.00  caixa_min=R$ 145.50  recusas=855
  [31/528] 2026-03-06 atraso= 10.0s  n=  45  pnl=R$  -252.50  caixa_min=R$  95.50  recusas=885
  [32/528] 2026-03-05 atraso= 60.0s  n=  24  pnl=R$  -227.00  caixa_min=R$ 148.00  recusas=886
  [33/528] 2026-03-06 atraso= 30.0s  n=  45  pnl=R$  -252.50  caixa_min=R$ 122.50  recusas=848
  [34/528] 2026-03-06 atraso=  2.0s  n=  68  pnl=R$  -284.00  caixa_min=R$  91.00  recusas=853
  [35/528] 2026-03-06 atraso=  5.0s  n=  15  pnl=R$  -292.50  caixa_min=R$  82.50  recusas=1004
  [36/528] 2026-03-09 atraso=  0.0s  n=  70  pnl=R$  -245.00  caixa_min=R$ 126.50  recusas=723
  [37/528] 2026-03-06 atraso= 60.0s  n=  37  pnl=R$  -228.50  caixa_min=R$ 146.50  recusas=836
  [38/528] 2026-03-09 atraso= 10.0s  n=  24  pnl=R$  -297.00  caixa_min=R$  78.00  recusas=849
  [39/528] 2026-03-09 atraso=  2.0s  n=  56  pnl=R$  -268.00  caixa_min=R$ 107.00  recusas=765
  [40/528] 2026-03-09 atraso=  5.0s  n= 147  pnl=R$  -233.50  caixa_min=R$ 110.50  recusas=173
  [41/528] 2026-03-10 atraso=  0.0s  n=  36  pnl=R$  -263.00  caixa_min=R$ 112.00  recusas=721
  [42/528] 2026-03-09 atraso= 60.0s  n=  13  pnl=R$  -226.50  caixa_min=R$ 148.50  recusas=841
  [43/528] 2026-03-09 atraso= 30.0s  n=  27  pnl=R$  -253.50  caixa_min=R$ 121.50  recusas=777
  [44/528] 2026-03-10 atraso=  5.0s  n=  95  pnl=R$  -237.50  caixa_min=R$ 137.50  recusas=345
  [45/528] 2026-03-10 atraso= 10.0s  n=  69  pnl=R$  -294.50  caixa_min=R$  80.50  recusas=587
  [46/528] 2026-03-10 atraso=  2.0s  n= 127  pnl=R$  -243.50  caixa_min=R$ 131.50  recusas=211
  [47/528] 2026-03-10 atraso= 30.0s  n=  26  pnl=R$  -283.00  caixa_min=R$  92.00  recusas=729
  [48/528] 2026-03-10 atraso= 60.0s  n=  19  pnl=R$  -249.50  caixa_min=R$ 125.50  recusas=766
  [49/528] 2026-03-11 atraso=  2.0s  n= 155  pnl=R$   -17.50  caixa_min=R$ 268.00  recusas=0
  [50/528] 2026-03-11 atraso=  0.0s  n=  62  pnl=R$  -266.00  caixa_min=R$ 109.00  recusas=460
  [51/528] 2026-03-11 atraso=  5.0s  n= 147  pnl=R$   -58.50  caixa_min=R$ 232.50  recusas=0
  [52/528] 2026-03-11 atraso= 10.0s  n=  10  pnl=R$  -275.00  caixa_min=R$ 100.00  recusas=706
  [53/528] 2026-03-11 atraso= 60.0s  n= 105  pnl=R$   -87.50  caixa_min=R$  96.50  recusas=0
  [54/528] 2026-03-12 atraso=  5.0s  n=  42  pnl=R$  -281.00  caixa_min=R$  94.00  recusas=808
  [55/528] 2026-03-11 atraso= 30.0s  n=  49  pnl=R$  -239.50  caixa_min=R$ 121.00  recusas=450
  [56/528] 2026-03-12 atraso=  2.0s  n=  74  pnl=R$  -252.00  caixa_min=R$ 123.00  recusas=713
  [57/528] 2026-03-12 atraso= 10.0s  n=  37  pnl=R$  -303.50  caixa_min=R$  71.50  recusas=783
  [58/528] 2026-03-12 atraso=  0.0s  n=  66  pnl=R$  -298.00  caixa_min=R$  77.00  recusas=712
  [59/528] 2026-03-12 atraso= 30.0s  n=  30  pnl=R$  -230.00  caixa_min=R$ 145.00  recusas=800
  [60/528] 2026-03-12 atraso= 60.0s  n=  50  pnl=R$  -275.00  caixa_min=R$ 100.00  recusas=646
  [61/528] 2026-03-13 atraso=  0.0s  n=  45  pnl=R$  -257.50  caixa_min=R$ 117.50  recusas=832
  [62/528] 2026-03-13 atraso=  5.0s  n=  92  pnl=R$  -251.00  caixa_min=R$ 105.50  recusas=578
  [63/528] 2026-03-13 atraso=  2.0s  n=  52  pnl=R$  -256.00  caixa_min=R$ 119.00  recusas=767
  [64/528] 2026-03-16 atraso=  0.0s  n= 154  pnl=R$   308.00  caixa_min=R$ 302.50  recusas=0
  [65/528] 2026-03-16 atraso=  2.0s  n=  83  pnl=R$  -231.50  caixa_min=R$ 143.50  recusas=397
  [66/528] 2026-03-13 atraso= 10.0s  n=  47  pnl=R$  -293.50  caixa_min=R$  81.50  recusas=780
  [67/528] 2026-03-13 atraso= 30.0s  n=  19  pnl=R$  -259.50  caixa_min=R$ 115.50  recusas=863
  [68/528] 2026-03-16 atraso=  5.0s  n=  51  pnl=R$  -265.50  caixa_min=R$ 109.50  recusas=533
  [69/528] 2026-03-13 atraso= 60.0s  n=  27  pnl=R$  -268.50  caixa_min=R$ 106.50  recusas=797
  [70/528] 2026-03-16 atraso= 30.0s  n= 109  pnl=R$   -69.50  caixa_min=R$ 163.00  recusas=0
  [71/528] 2026-03-16 atraso= 10.0s  n=  28  pnl=R$  -249.00  caixa_min=R$ 126.00  recusas=609
  [72/528] 2026-03-16 atraso= 60.0s  n=  14  pnl=R$  -307.00  caixa_min=R$  68.00  recusas=629
  [73/528] 2026-03-17 atraso=  5.0s  n= 101  pnl=R$  -240.50  caixa_min=R$ 134.50  recusas=149
  [74/528] 2026-03-17 atraso=  0.0s  n=  13  pnl=R$  -241.50  caixa_min=R$ 130.50  recusas=732
  [75/528] 2026-03-17 atraso= 30.0s  n=  81  pnl=R$  -235.50  caixa_min=R$ 139.50  recusas=230
  [76/528] 2026-03-18 atraso=  0.0s  n=  97  pnl=R$  -248.50  caixa_min=R$ 126.50  recusas=512
  [77/528] 2026-03-17 atraso=  2.0s  n=  18  pnl=R$  -264.00  caixa_min=R$ 111.00  recusas=698
  [78/528] 2026-03-17 atraso= 10.0s  n=  65  pnl=R$  -247.50  caixa_min=R$ 127.50  recusas=494
  [79/528] 2026-03-17 atraso= 60.0s  n=  30  pnl=R$  -240.00  caixa_min=R$ 135.00  recusas=558
  [80/528] 2026-03-18 atraso=  2.0s  n=  12  pnl=R$  -246.00  caixa_min=R$ 129.00  recusas=864
  [81/528] 2026-03-18 atraso= 10.0s  n= 128  pnl=R$  -259.00  caixa_min=R$ 116.00  recusas=242
  [82/528] 2026-03-18 atraso=  5.0s  n= 174  pnl=R$   218.00  caixa_min=R$ 330.50  recusas=0
  [83/528] 2026-03-18 atraso= 30.0s  n= 122  pnl=R$  -251.00  caixa_min=R$ 124.00  recusas=103
  [84/528] 2026-03-18 atraso= 60.0s  n= 127  pnl=R$  -188.50  caixa_min=R$ 186.50  recusas=0
  [85/528] 2026-03-19 atraso=  0.0s  n=  24  pnl=R$  -292.00  caixa_min=R$  83.00  recusas=954
  [86/528] 2026-03-19 atraso= 30.0s  n=  26  pnl=R$  -253.00  caixa_min=R$ 122.00  recusas=887
  [87/528] 2026-03-19 atraso=  2.0s  n=  51  pnl=R$  -225.50  caixa_min=R$ 149.50  recusas=864
  [88/528] 2026-03-19 atraso=  5.0s  n=  43  pnl=R$  -246.50  caixa_min=R$ 105.00  recusas=866
  [89/528] 2026-03-19 atraso= 10.0s  n=  18  pnl=R$  -229.00  caixa_min=R$ 146.00  recusas=963
  [90/528] 2026-03-20 atraso=  0.0s  n=   3  pnl=R$  -256.50  caixa_min=R$ 118.50  recusas=1020
  [91/528] 2026-03-19 atraso= 60.0s  n=  12  pnl=R$  -241.00  caixa_min=R$ 134.00  recusas=952
  [92/528] 2026-03-20 atraso=  2.0s  n=   3  pnl=R$  -256.50  caixa_min=R$ 118.50  recusas=1020
  [93/528] 2026-03-20 atraso=  5.0s  n=   3  pnl=R$  -256.50  caixa_min=R$ 118.50  recusas=1020
  [94/528] 2026-03-20 atraso= 10.0s  n=  18  pnl=R$  -254.00  caixa_min=R$ 121.00  recusas=963
  [95/528] 2026-03-20 atraso= 30.0s  n=  16  pnl=R$  -263.00  caixa_min=R$ 112.00  recusas=956
  [96/528] 2026-03-20 atraso= 60.0s  n=  19  pnl=R$  -234.50  caixa_min=R$ 122.50  recusas=895
  [97/528] 2026-03-23 atraso=  0.0s  n=   8  pnl=R$  -289.00  caixa_min=R$  86.00  recusas=1006
  [98/528] 2026-03-23 atraso=  2.0s  n=  22  pnl=R$  -246.00  caixa_min=R$ 129.00  recusas=979
  [99/528] 2026-03-23 atraso= 10.0s  n= 247  pnl=R$    71.50  caixa_min=R$ 319.00  recusas=0
  [100/528] 2026-03-23 atraso=  5.0s  n=  25  pnl=R$  -257.50  caixa_min=R$ 117.50  recusas=946
  [101/528] 2026-03-23 atraso= 30.0s  n= 201  pnl=R$   469.50  caixa_min=R$ 330.00  recusas=0
  [102/528] 2026-03-23 atraso= 60.0s  n=   5  pnl=R$  -232.50  caixa_min=R$ 142.50  recusas=981
  [103/528] 2026-03-24 atraso=  0.0s  n=   4  pnl=R$  -242.00  caixa_min=R$ 133.00  recusas=987
  [104/528] 2026-03-24 atraso=  2.0s  n=   4  pnl=R$  -247.00  caixa_min=R$ 128.00  recusas=987
  [105/528] 2026-03-24 atraso=  5.0s  n=   4  pnl=R$  -247.00  caixa_min=R$ 128.00  recusas=987
  [106/528] 2026-03-24 atraso= 10.0s  n=   7  pnl=R$  -303.50  caixa_min=R$  71.50  recusas=945
  [107/528] 2026-03-24 atraso= 30.0s  n=   4  pnl=R$  -247.00  caixa_min=R$ 128.00  recusas=984
  [108/528] 2026-03-25 atraso=  2.0s  n=  10  pnl=R$  -265.00  caixa_min=R$ 110.00  recusas=769
  [109/528] 2026-03-25 atraso=  0.0s  n=   8  pnl=R$  -294.00  caixa_min=R$  81.00  recusas=783
  [110/528] 2026-03-24 atraso= 60.0s  n=   5  pnl=R$  -237.50  caixa_min=R$ 137.50  recusas=943
  [111/528] 2026-03-25 atraso=  5.0s  n=  23  pnl=R$  -306.50  caixa_min=R$  68.50  recusas=719
  [112/528] 2026-03-25 atraso= 10.0s  n=  21  pnl=R$  -230.50  caixa_min=R$ 144.50  recusas=717
  [113/528] 2026-03-25 atraso= 30.0s  n=  40  pnl=R$  -295.00  caixa_min=R$  80.00  recusas=605
  [114/528] 2026-03-25 atraso= 60.0s  n=  33  pnl=R$  -261.50  caixa_min=R$ 113.50  recusas=553
  [115/528] 2026-03-26 atraso=  0.0s  n=   5  pnl=R$  -227.50  caixa_min=R$ 147.50  recusas=775
  [116/528] 2026-03-26 atraso=  2.0s  n=   3  pnl=R$  -256.50  caixa_min=R$ 118.50  recusas=777
  [117/528] 2026-03-26 atraso=  5.0s  n=  13  pnl=R$  -231.50  caixa_min=R$  87.00  recusas=739
  [118/528] 2026-03-26 atraso= 10.0s  n=  25  pnl=R$  -277.50  caixa_min=R$  97.50  recusas=679
  [119/528] 2026-03-26 atraso= 30.0s  n=   3  pnl=R$  -256.50  caixa_min=R$ 118.50  recusas=775
  [120/528] 2026-03-26 atraso= 60.0s  n=   7  pnl=R$  -308.50  caixa_min=R$  66.50  recusas=737
  [121/528] 2026-03-27 atraso=  0.0s  n=  35  pnl=R$  -267.50  caixa_min=R$ 107.50  recusas=653
  [122/528] 2026-03-27 atraso=  2.0s  n=  59  pnl=R$  -269.50  caixa_min=R$ 105.50  recusas=563
  [123/528] 2026-03-27 atraso=  5.0s  n=  23  pnl=R$  -236.50  caixa_min=R$ 138.50  recusas=655
  [124/528] 2026-03-27 atraso= 10.0s  n=   8  pnl=R$  -294.00  caixa_min=R$  81.00  recusas=732
  [125/528] 2026-03-30 atraso=  0.0s  n= 147  pnl=R$  -293.50  caixa_min=R$  81.50  recusas=38
  [126/528] 2026-03-27 atraso= 30.0s  n=  92  pnl=R$  -266.00  caixa_min=R$ 109.00  recusas=173
  [127/528] 2026-03-27 atraso= 60.0s  n=  31  pnl=R$  -230.50  caixa_min=R$ 144.50  recusas=563
  [128/528] 2026-03-30 atraso=  2.0s  n= 118  pnl=R$  -229.00  caixa_min=R$ 141.50  recusas=141
  [129/528] 2026-03-30 atraso=  5.0s  n=  11  pnl=R$  -255.50  caixa_min=R$ 119.50  recusas=687
  [130/528] 2026-03-30 atraso= 10.0s  n=  11  pnl=R$  -250.50  caixa_min=R$ 124.50  recusas=686
  [131/528] 2026-03-30 atraso= 60.0s  n= 102  pnl=R$   -96.00  caixa_min=R$ 248.00  recusas=0
  [132/528] 2026-03-30 atraso= 30.0s  n= 106  pnl=R$   -28.00  caixa_min=R$ 207.00  recusas=0
  [133/528] 2026-03-31 atraso=  0.0s  n=  76  pnl=R$  -243.00  caixa_min=R$ 132.00  recusas=526
  [134/528] 2026-03-31 atraso=  5.0s  n=  53  pnl=R$  -236.50  caixa_min=R$ 106.50  recusas=536
  [135/528] 2026-03-31 atraso=  2.0s  n= 161  pnl=R$   364.50  caixa_min=R$ 218.00  recusas=0
  [136/528] 2026-03-31 atraso= 10.0s  n=  49  pnl=R$  -229.50  caixa_min=R$ 145.50  recusas=514
  [137/528] 2026-04-01 atraso=  0.0s  n= 128  pnl=R$   111.00  caixa_min=R$ 136.50  recusas=0
  [138/528] 2026-04-01 atraso=  2.0s  n= 121  pnl=R$   344.50  caixa_min=R$ 279.00  recusas=0
  [139/528] 2026-03-31 atraso= 30.0s  n=  66  pnl=R$  -238.00  caixa_min=R$ 114.50  recusas=378
  [140/528] 2026-03-31 atraso= 60.0s  n=  29  pnl=R$  -244.50  caixa_min=R$ 130.50  recusas=627
  [141/528] 2026-04-01 atraso=  5.0s  n= 116  pnl=R$   167.00  caixa_min=R$ 205.00  recusas=0
  [142/528] 2026-04-01 atraso= 30.0s  n=  97  pnl=R$   161.50  caixa_min=R$ 221.50  recusas=0
  [143/528] 2026-04-01 atraso= 10.0s  n=  16  pnl=R$  -288.00  caixa_min=R$  87.00  recusas=646
  [144/528] 2026-04-01 atraso= 60.0s  n=  68  pnl=R$  -229.00  caixa_min=R$ 146.00  recusas=150
  [145/528] 2026-04-02 atraso=  5.0s  n=  88  pnl=R$   -39.00  caixa_min=R$ 150.50  recusas=0
  [146/528] 2026-04-02 atraso=  0.0s  n=  31  pnl=R$  -245.50  caixa_min=R$ 129.50  recusas=465
  [147/528] 2026-04-02 atraso=  2.0s  n=  19  pnl=R$  -264.50  caixa_min=R$ 110.50  recusas=512
  [148/528] 2026-04-02 atraso= 10.0s  n=  64  pnl=R$  -237.00  caixa_min=R$ 138.00  recusas=358
  [149/528] 2026-04-02 atraso= 30.0s  n=  78  pnl=R$   101.00  caixa_min=R$ 160.50  recusas=0
  [150/528] 2026-04-06 atraso=  0.0s  n=  77  pnl=R$   411.50  caixa_min=R$ 355.00  recusas=0
  [151/528] 2026-04-02 atraso= 60.0s  n=  65  pnl=R$  -202.50  caixa_min=R$ 129.50  recusas=0
  [152/528] 2026-04-06 atraso=  2.0s  n=   9  pnl=R$  -259.50  caixa_min=R$ 115.50  recusas=436
  [153/528] 2026-04-06 atraso=  5.0s  n=  18  pnl=R$  -254.00  caixa_min=R$ 121.00  recusas=329
  [154/528] 2026-04-06 atraso= 10.0s  n=  68  pnl=R$   291.00  caixa_min=R$ 344.50  recusas=0
  [155/528] 2026-04-06 atraso= 30.0s  n=  56  pnl=R$  -168.00  caixa_min=R$ 128.00  recusas=0
  [156/528] 2026-04-06 atraso= 60.0s  n=  23  pnl=R$  -226.50  caixa_min=R$ 148.50  recusas=321
  [157/528] 2026-04-07 atraso=  0.0s  n= 118  pnl=R$   111.00  caixa_min=R$ 202.50  recusas=0
  [158/528] 2026-04-07 atraso=  2.0s  n= 113  pnl=R$    78.50  caixa_min=R$ 173.50  recusas=0
  [159/528] 2026-04-07 atraso=  5.0s  n=  22  pnl=R$  -226.00  caixa_min=R$ 149.00  recusas=485
  [160/528] 2026-04-07 atraso= 10.0s  n=  30  pnl=R$  -265.00  caixa_min=R$ 110.00  recusas=441
  [161/528] 2026-04-07 atraso= 30.0s  n= 102  pnl=R$   404.00  caixa_min=R$ 270.50  recusas=0
  [162/528] 2026-04-07 atraso= 60.0s  n=  75  pnl=R$   297.50  caixa_min=R$ 350.00  recusas=0
  [163/528] 2026-04-08 atraso=  0.0s  n= 171  pnl=R$   334.50  caixa_min=R$ 144.00  recusas=0
  [164/528] 2026-04-08 atraso=  2.0s  n= 119  pnl=R$  -284.50  caixa_min=R$  90.50  recusas=274
  [165/528] 2026-04-08 atraso=  5.0s  n=  45  pnl=R$  -242.50  caixa_min=R$ 132.50  recusas=632
  [166/528] 2026-04-08 atraso= 10.0s  n=  84  pnl=R$  -227.00  caixa_min=R$ 148.00  recusas=470
  [167/528] 2026-04-09 atraso=  0.0s  n=  90  pnl=R$    15.00  caixa_min=R$ 320.00  recusas=0
  [168/528] 2026-04-08 atraso= 30.0s  n= 127  pnl=R$   101.50  caixa_min=R$ 208.50  recusas=0
  [169/528] 2026-04-09 atraso=  2.0s  n=  94  pnl=R$    93.00  caixa_min=R$ 313.50  recusas=0
  [170/528] 2026-04-09 atraso=  5.0s  n=  88  pnl=R$    41.00  caixa_min=R$ 262.50  recusas=0
  [171/528] 2026-04-08 atraso= 60.0s  n= 113  pnl=R$   -81.50  caixa_min=R$ 207.00  recusas=0
  [172/528] 2026-04-09 atraso= 10.0s  n=  72  pnl=R$   -41.00  caixa_min=R$ 178.00  recusas=0
  [173/528] 2026-04-09 atraso= 30.0s  n=  90  pnl=R$    45.00  caixa_min=R$ 209.50  recusas=0
  [174/528] 2026-04-09 atraso= 60.0s  n=  61  pnl=R$  -230.50  caixa_min=R$ 144.50  recusas=71
  [175/528] 2026-04-10 atraso=  2.0s  n=  26  pnl=R$  -258.00  caixa_min=R$ 117.00  recusas=588
  [176/528] 2026-04-10 atraso=  0.0s  n= 106  pnl=R$   222.00  caixa_min=R$ 244.50  recusas=0
  [177/528] 2026-04-10 atraso=  5.0s  n= 108  pnl=R$  -284.00  caixa_min=R$  91.00  recusas=1
  [178/528] 2026-04-10 atraso= 10.0s  n= 109  pnl=R$  -184.50  caixa_min=R$ 166.00  recusas=0
  [179/528] 2026-04-13 atraso=  0.0s  n= 136  pnl=R$   162.00  caixa_min=R$ 137.00  recusas=0
  [180/528] 2026-04-10 atraso= 30.0s  n=  37  pnl=R$  -268.50  caixa_min=R$ 106.50  recusas=527
  [181/528] 2026-04-10 atraso= 60.0s  n=  13  pnl=R$  -246.50  caixa_min=R$ 128.50  recusas=631
  [182/528] 2026-04-13 atraso=  5.0s  n=  98  pnl=R$  -239.00  caixa_min=R$ 136.00  recusas=0
  [183/528] 2026-04-14 atraso=  2.0s  n=  48  pnl=R$  -274.00  caixa_min=R$ 101.00  recusas=130
  [184/528] 2026-04-13 atraso= 30.0s  n=  55  pnl=R$  -267.50  caixa_min=R$ 107.50  recusas=280
  [185/528] 2026-04-13 atraso= 10.0s  n=  13  pnl=R$  -231.50  caixa_min=R$ 143.50  recusas=623
  [186/528] 2026-04-13 atraso=  2.0s  n=  48  pnl=R$  -229.00  caixa_min=R$ 123.00  recusas=553
  [187/528] 2026-04-14 atraso=  0.0s  n=  29  pnl=R$  -274.50  caixa_min=R$ 100.50  recusas=343
  [188/528] 2026-04-13 atraso= 60.0s  n=  30  pnl=R$  -240.00  caixa_min=R$ 135.00  recusas=508
  [189/528] 2026-04-14 atraso= 10.0s  n=  53  pnl=R$   -31.50  caixa_min=R$ 159.00  recusas=0
  [190/528] 2026-04-14 atraso=  5.0s  n=  59  pnl=R$   130.50  caixa_min=R$ 267.00  recusas=0
  [191/528] 2026-04-14 atraso= 30.0s  n=  58  pnl=R$  -169.00  caixa_min=R$ 186.50  recusas=0
  [192/528] 2026-04-15 atraso=  0.0s  n=  55  pnl=R$    87.50  caixa_min=R$ 174.50  recusas=0
  [193/528] 2026-04-14 atraso= 60.0s  n=  69  pnl=R$   225.50  caixa_min=R$ 167.50  recusas=0
  [194/528] 2026-04-15 atraso= 10.0s  n=  51  pnl=R$   309.50  caixa_min=R$ 325.00  recusas=0
  [195/528] 2026-04-15 atraso=  2.0s  n=  67  pnl=R$   351.50  caixa_min=R$ 325.00  recusas=0
  [196/528] 2026-04-15 atraso=  5.0s  n=  45  pnl=R$   157.50  caixa_min=R$ 325.00  recusas=0
  [197/528] 2026-04-15 atraso= 60.0s  n=  33  pnl=R$   -71.50  caixa_min=R$ 212.50  recusas=0
  [198/528] 2026-04-15 atraso= 30.0s  n=  59  pnl=R$   535.50  caixa_min=R$ 325.00  recusas=0
  [199/528] 2026-04-16 atraso=  5.0s  n=  10  pnl=R$  -280.00  caixa_min=R$  95.00  recusas=496
  [200/528] 2026-04-16 atraso=  0.0s  n=  55  pnl=R$   -37.50  caixa_min=R$ 183.50  recusas=0
  [201/528] 2026-04-16 atraso= 30.0s  n=  59  pnl=R$   310.50  caixa_min=R$ 258.50  recusas=0
  [202/528] 2026-04-16 atraso=  2.0s  n=   5  pnl=R$  -237.50  caixa_min=R$ 137.50  recusas=509
  [203/528] 2026-04-16 atraso= 60.0s  n=  54  pnl=R$   -57.00  caixa_min=R$ 222.50  recusas=0
  [204/528] 2026-04-16 atraso= 10.0s  n=   5  pnl=R$  -237.50  caixa_min=R$ 137.50  recusas=511
  [205/528] 2026-04-17 atraso=  0.0s  n=  20  pnl=R$  -280.00  caixa_min=R$  95.00  recusas=571
  [206/528] 2026-04-17 atraso=  5.0s  n= 102  pnl=R$    74.00  caixa_min=R$ 145.50  recusas=0
  [207/528] 2026-04-17 atraso=  2.0s  n=  99  pnl=R$    65.50  caixa_min=R$ 147.50  recusas=0
  [208/528] 2026-04-17 atraso= 30.0s  n=  83  pnl=R$   -91.50  caixa_min=R$ 160.50  recusas=0
  [209/528] 2026-04-17 atraso= 60.0s  n=  69  pnl=R$    50.50  caixa_min=R$ 213.00  recusas=0
  [210/528] 2026-04-20 atraso=  0.0s  n=  64  pnl=R$   233.00  caixa_min=R$ 369.50  recusas=0
  [211/528] 2026-04-20 atraso=  2.0s  n=  44  pnl=R$    33.00  caixa_min=R$ 300.50  recusas=0
  [212/528] 2026-04-17 atraso= 10.0s  n=  12  pnl=R$  -261.00  caixa_min=R$ 114.00  recusas=570
  [213/528] 2026-04-20 atraso=  5.0s  n=  30  pnl=R$   -85.00  caixa_min=R$ 270.50  recusas=0
  [214/528] 2026-04-20 atraso= 60.0s  n=  36  pnl=R$   -83.00  caixa_min=R$ 208.50  recusas=0
  [215/528] 2026-04-20 atraso= 30.0s  n=  53  pnl=R$   293.50  caixa_min=R$ 354.50  recusas=0
  [216/528] 2026-04-22 atraso= 10.0s  n=  20  pnl=R$  -270.00  caixa_min=R$  96.50  recusas=320
  [217/528] 2026-04-20 atraso= 10.0s  n=  61  pnl=R$   139.50  caixa_min=R$ 344.50  recusas=0
  [218/528] 2026-04-22 atraso=  0.0s  n=  48  pnl=R$  -279.00  caixa_min=R$  96.00  recusas=185
  [219/528] 2026-04-22 atraso=  2.0s  n=  61  pnl=R$  -225.50  caixa_min=R$ 116.00  recusas=23
  [220/528] 2026-04-22 atraso= 30.0s  n=  66  pnl=R$    -8.00  caixa_min=R$ 173.50  recusas=0
  [221/528] 2026-04-22 atraso=  5.0s  n=  60  pnl=R$  -185.00  caixa_min=R$ 142.00  recusas=0
  [222/528] 2026-04-22 atraso= 60.0s  n=   5  pnl=R$  -237.50  caixa_min=R$ 137.50  recusas=565
  [223/528] 2026-04-23 atraso=  5.0s  n= 144  pnl=R$  -102.00  caixa_min=R$ 142.00  recusas=0
  [224/528] 2026-04-23 atraso=  0.0s  n= 124  pnl=R$  -232.00  caixa_min=R$ 143.00  recusas=134
  [225/528] 2026-04-23 atraso=  2.0s  n= 148  pnl=R$  -289.00  caixa_min=R$  86.00  recusas=32
  [226/528] 2026-04-23 atraso= 30.0s  n=  86  pnl=R$  -228.00  caixa_min=R$ 147.00  recusas=166
  [227/528] 2026-04-23 atraso= 10.0s  n=  48  pnl=R$  -259.00  caixa_min=R$ 116.00  recusas=435
  [228/528] 2026-04-24 atraso=  0.0s  n= 107  pnl=R$   -23.50  caixa_min=R$ 164.50  recusas=0
  [229/528] 2026-04-23 atraso= 60.0s  n= 116  pnl=R$   -13.00  caixa_min=R$ 221.50  recusas=0
  [230/528] 2026-04-24 atraso=  2.0s  n=  80  pnl=R$   -30.00  caixa_min=R$ 155.00  recusas=0
  [231/528] 2026-04-24 atraso=  5.0s  n=  19  pnl=R$  -279.50  caixa_min=R$  95.50  recusas=543
  [232/528] 2026-04-24 atraso= 10.0s  n= 106  pnl=R$   162.00  caixa_min=R$ 266.50  recusas=0
  [233/528] 2026-04-24 atraso= 30.0s  n=  96  pnl=R$   307.00  caixa_min=R$ 334.50  recusas=0
  [234/528] 2026-04-27 atraso=  2.0s  n=  77  pnl=R$   506.50  caixa_min=R$ 311.00  recusas=0
  [235/528] 2026-04-27 atraso=  0.0s  n=  52  pnl=R$   284.00  caixa_min=R$ 263.00  recusas=0
  [236/528] 2026-04-24 atraso= 60.0s  n=  30  pnl=R$  -250.00  caixa_min=R$ 125.00  recusas=437
  [237/528] 2026-04-27 atraso=  5.0s  n=  52  pnl=R$   -11.00  caixa_min=R$ 211.50  recusas=0
  [238/528] 2026-04-27 atraso= 30.0s  n=  51  pnl=R$   219.50  caixa_min=R$ 316.50  recusas=0
  [239/528] 2026-04-27 atraso= 10.0s  n=  72  pnl=R$   424.00  caixa_min=R$ 308.50  recusas=0
  [240/528] 2026-04-27 atraso= 60.0s  n=  49  pnl=R$    -4.50  caixa_min=R$ 253.00  recusas=0
  [241/528] 2026-04-28 atraso=  0.0s  n= 108  pnl=R$    81.00  caixa_min=R$ 340.00  recusas=0
  [242/528] 2026-04-28 atraso=  2.0s  n=  69  pnl=R$  -134.50  caixa_min=R$ 154.50  recusas=0
  [243/528] 2026-04-28 atraso= 10.0s  n=  67  pnl=R$   -63.50  caixa_min=R$ 160.50  recusas=0
  [244/528] 2026-04-28 atraso=  5.0s  n=  51  pnl=R$  -255.50  caixa_min=R$ 112.00  recusas=204
  [245/528] 2026-04-28 atraso= 30.0s  n=  70  pnl=R$    50.00  caixa_min=R$ 264.50  recusas=0
  [246/528] 2026-04-29 atraso=  0.0s  n=  34  pnl=R$  -227.00  caixa_min=R$ 135.50  recusas=218
  [247/528] 2026-04-28 atraso= 60.0s  n=  32  pnl=R$  -236.00  caixa_min=R$ 138.00  recusas=351
  [248/528] 2026-04-29 atraso=  2.0s  n=  15  pnl=R$  -227.50  caixa_min=R$ 147.50  recusas=468
  [249/528] 2026-04-29 atraso=  5.0s  n=  14  pnl=R$  -237.00  caixa_min=R$ 129.50  recusas=534
  [250/528] 2026-04-29 atraso= 10.0s  n=  79  pnl=R$   -59.50  caixa_min=R$ 196.00  recusas=0
  [251/528] 2026-04-29 atraso= 30.0s  n=  38  pnl=R$  -274.00  caixa_min=R$ 101.00  recusas=215
  [252/528] 2026-04-29 atraso= 60.0s  n=  12  pnl=R$  -256.00  caixa_min=R$ 119.00  recusas=525
  [253/528] 2026-04-30 atraso=  0.0s  n=   4  pnl=R$  -242.00  caixa_min=R$ 133.00  recusas=663
  [254/528] 2026-04-30 atraso=  2.0s  n=   3  pnl=R$  -256.50  caixa_min=R$ 118.50  recusas=687
  [255/528] 2026-04-30 atraso=  5.0s  n=   6  pnl=R$  -288.00  caixa_min=R$  87.00  recusas=646
  [256/528] 2026-04-30 atraso= 10.0s  n=  22  pnl=R$  -226.00  caixa_min=R$ 149.00  recusas=553
  [257/528] 2026-04-30 atraso= 30.0s  n=  63  pnl=R$  -246.50  caixa_min=R$ 121.00  recusas=101
  [258/528] 2026-04-30 atraso= 60.0s  n=  65  pnl=R$  -257.50  caixa_min=R$ 117.50  recusas=114
  [259/528] 2026-05-04 atraso=  2.0s  n=  67  pnl=R$   281.50  caixa_min=R$ 283.50  recusas=0
  [260/528] 2026-05-04 atraso=  0.0s  n=  48  pnl=R$  -264.00  caixa_min=R$ 108.50  recusas=203
  [261/528] 2026-05-04 atraso=  5.0s  n=  75  pnl=R$    97.50  caixa_min=R$ 142.50  recusas=0
  [262/528] 2026-05-04 atraso= 10.0s  n=  42  pnl=R$  -236.00  caixa_min=R$ 139.00  recusas=275
  [263/528] 2026-05-04 atraso= 60.0s  n=  63  pnl=R$   263.50  caixa_min=R$ 267.50  recusas=0
  [264/528] 2026-05-04 atraso= 30.0s  n=  77  pnl=R$    21.50  caixa_min=R$ 265.00  recusas=0
  [265/528] 2026-05-05 atraso=  0.0s  n=  50  pnl=R$   125.00  caixa_min=R$ 355.00  recusas=0
  [266/528] 2026-05-05 atraso=  2.0s  n=  44  pnl=R$  -167.00  caixa_min=R$ 188.50  recusas=0
  [267/528] 2026-05-05 atraso= 10.0s  n=  51  pnl=R$    39.50  caixa_min=R$ 287.50  recusas=0
  [268/528] 2026-05-05 atraso=  5.0s  n=  48  pnl=R$    81.00  caixa_min=R$ 312.50  recusas=0
  [269/528] 2026-05-05 atraso= 30.0s  n=  48  pnl=R$    76.00  caixa_min=R$ 301.50  recusas=0
  [270/528] 2026-05-05 atraso= 60.0s  n=  36  pnl=R$   -43.00  caixa_min=R$ 163.50  recusas=0
  [271/528] 2026-05-06 atraso=  0.0s  n=   7  pnl=R$  -298.50  caixa_min=R$  76.50  recusas=569
  [272/528] 2026-05-06 atraso=  2.0s  n=  22  pnl=R$  -231.00  caixa_min=R$ 144.00  recusas=520
  [273/528] 2026-05-06 atraso=  5.0s  n=  29  pnl=R$  -239.50  caixa_min=R$ 132.00  recusas=457
  [274/528] 2026-05-06 atraso= 10.0s  n=  11  pnl=R$  -235.50  caixa_min=R$ 139.50  recusas=567
  [275/528] 2026-05-06 atraso= 30.0s  n=  31  pnl=R$  -305.50  caixa_min=R$  69.50  recusas=413
  [276/528] 2026-05-06 atraso= 60.0s  n=  61  pnl=R$  -285.50  caixa_min=R$  89.50  recusas=0
  [277/528] 2026-05-07 atraso=  0.0s  n=  52  pnl=R$  -231.00  caixa_min=R$ 140.50  recusas=199
  [278/528] 2026-05-07 atraso=  2.0s  n=  14  pnl=R$  -242.00  caixa_min=R$ 133.00  recusas=491
  [279/528] 2026-05-07 atraso= 10.0s  n=  38  pnl=R$  -269.00  caixa_min=R$ 106.00  recusas=300
  [280/528] 2026-05-07 atraso=  5.0s  n=  33  pnl=R$  -226.50  caixa_min=R$ 148.50  recusas=405
  [281/528] 2026-05-08 atraso=  0.0s  n=  52  pnl=R$   114.00  caixa_min=R$ 192.50  recusas=0
  [282/528] 2026-05-08 atraso=  2.0s  n=  62  pnl=R$    49.00  caixa_min=R$ 204.50  recusas=0
  [283/528] 2026-05-08 atraso=  5.0s  n=  58  pnl=R$    16.00  caixa_min=R$ 262.50  recusas=0
  [284/528] 2026-05-07 atraso= 30.0s  n=  41  pnl=R$  -250.50  caixa_min=R$ 124.50  recusas=364
  [285/528] 2026-05-07 atraso= 60.0s  n=  43  pnl=R$  -231.50  caixa_min=R$ 143.50  recusas=255
  [286/528] 2026-05-08 atraso= 10.0s  n=  60  pnl=R$   120.00  caixa_min=R$ 313.50  recusas=0
  [287/528] 2026-05-08 atraso= 30.0s  n=  43  pnl=R$     3.50  caixa_min=R$ 192.00  recusas=0
  [288/528] 2026-05-08 atraso= 60.0s  n=  34  pnl=R$   -52.00  caixa_min=R$ 106.50  recusas=0
  [289/528] 2026-05-11 atraso=  5.0s  n=  59  pnl=R$    55.50  caixa_min=R$ 251.50  recusas=0
  [290/528] 2026-05-11 atraso=  2.0s  n=  23  pnl=R$  -246.50  caixa_min=R$ 128.50  recusas=101
  [291/528] 2026-05-11 atraso=  0.0s  n=  45  pnl=R$  -122.50  caixa_min=R$ 111.50  recusas=0
  [292/528] 2026-05-11 atraso= 10.0s  n=  53  pnl=R$    23.50  caixa_min=R$ 251.50  recusas=0
  [293/528] 2026-05-11 atraso= 30.0s  n=  43  pnl=R$   203.50  caixa_min=R$ 345.00  recusas=0
  [294/528] 2026-05-11 atraso= 60.0s  n=  49  pnl=R$    55.50  caixa_min=R$ 287.00  recusas=0
  [295/528] 2026-05-12 atraso=  0.0s  n=  55  pnl=R$    27.50  caixa_min=R$ 278.00  recusas=0
  [296/528] 2026-05-12 atraso=  2.0s  n=  60  pnl=R$   140.00  caixa_min=R$ 346.00  recusas=0
  [297/528] 2026-05-12 atraso= 30.0s  n=  55  pnl=R$   232.50  caixa_min=R$ 307.50  recusas=0
  [298/528] 2026-05-12 atraso= 10.0s  n=  61  pnl=R$   104.50  caixa_min=R$ 310.00  recusas=0
  [299/528] 2026-05-12 atraso=  5.0s  n=  41  pnl=R$   -50.50  caixa_min=R$ 238.50  recusas=0
  [300/528] 2026-05-12 atraso= 60.0s  n=  47  pnl=R$   -78.50  caixa_min=R$ 279.00  recusas=0
  [301/528] 2026-05-13 atraso=  0.0s  n=  39  pnl=R$  -274.50  caixa_min=R$  87.50  recusas=500
  [302/528] 2026-05-14 atraso=  0.0s  n=   7  pnl=R$  -298.50  caixa_min=R$  76.50  recusas=709
  [303/528] 2026-05-13 atraso=  5.0s  n=  52  pnl=R$  -291.00  caixa_min=R$  84.00  recusas=359
  [304/528] 2026-05-13 atraso=  2.0s  n=  83  pnl=R$  -281.50  caixa_min=R$  93.50  recusas=351
  [305/528] 2026-05-14 atraso=  2.0s  n=   9  pnl=R$  -254.50  caixa_min=R$ 120.50  recusas=704
  [306/528] 2026-05-13 atraso= 10.0s  n=  31  pnl=R$  -255.50  caixa_min=R$ 119.50  recusas=583
  [307/528] 2026-05-13 atraso= 60.0s  n=  40  pnl=R$  -260.00  caixa_min=R$ 115.00  recusas=363
  [308/528] 2026-05-13 atraso= 30.0s  n=  23  pnl=R$  -241.50  caixa_min=R$ 133.50  recusas=609
  [309/528] 2026-05-14 atraso= 10.0s  n=  10  pnl=R$  -240.00  caixa_min=R$ 135.00  recusas=701
  [310/528] 2026-05-14 atraso=  5.0s  n=   9  pnl=R$  -254.50  caixa_min=R$ 120.50  recusas=702
  [311/528] 2026-05-15 atraso=  5.0s  n=  38  pnl=R$  -239.00  caixa_min=R$ 136.00  recusas=585
  [312/528] 2026-05-14 atraso= 30.0s  n=   9  pnl=R$  -264.50  caixa_min=R$ 110.50  recusas=683
  [313/528] 2026-05-15 atraso=  2.0s  n=  42  pnl=R$  -266.00  caixa_min=R$ 109.00  recusas=584
  [314/528] 2026-05-15 atraso=  0.0s  n=  55  pnl=R$  -267.50  caixa_min=R$ 107.50  recusas=532
  [315/528] 2026-05-15 atraso= 10.0s  n=  22  pnl=R$  -236.00  caixa_min=R$ 139.00  recusas=723
  [316/528] 2026-05-14 atraso= 60.0s  n=  55  pnl=R$  -257.50  caixa_min=R$ 117.50  recusas=307
  [317/528] 2026-05-15 atraso= 60.0s  n=  39  pnl=R$  -234.50  caixa_min=R$ 140.50  recusas=470
  [318/528] 2026-05-18 atraso=  0.0s  n=  99  pnl=R$  -104.50  caixa_min=R$ 145.50  recusas=0
  [319/528] 2026-05-18 atraso=  5.0s  n=  77  pnl=R$  -113.50  caixa_min=R$ 117.00  recusas=0
  [320/528] 2026-05-15 atraso= 30.0s  n=  31  pnl=R$  -235.50  caixa_min=R$ 139.50  recusas=529
  [321/528] 2026-05-18 atraso= 10.0s  n=  11  pnl=R$  -270.50  caixa_min=R$ 104.50  recusas=574
  [322/528] 2026-05-18 atraso=  2.0s  n=   5  pnl=R$  -227.50  caixa_min=R$ 147.50  recusas=616
  [323/528] 2026-05-18 atraso= 30.0s  n=  21  pnl=R$  -235.50  caixa_min=R$ 139.50  recusas=536
  [324/528] 2026-05-18 atraso= 60.0s  n=  13  pnl=R$  -251.50  caixa_min=R$ 123.50  recusas=535
  [325/528] 2026-05-19 atraso=  0.0s  n=  67  pnl=R$  -238.50  caixa_min=R$ 136.50  recusas=301
  [326/528] 2026-05-19 atraso=  5.0s  n=  44  pnl=R$  -292.00  caixa_min=R$  83.00  recusas=381
  [327/528] 2026-05-19 atraso=  2.0s  n= 133  pnl=R$   183.50  caixa_min=R$ 343.00  recusas=0
  [328/528] 2026-05-19 atraso= 10.0s  n=  23  pnl=R$  -226.50  caixa_min=R$ 135.50  recusas=493
  [329/528] 2026-05-19 atraso= 30.0s  n=  91  pnl=R$   -40.50  caixa_min=R$ 228.50  recusas=0
  [330/528] 2026-05-19 atraso= 60.0s  n=  95  pnl=R$  -187.50  caixa_min=R$ 135.00  recusas=0
  [331/528] 2026-05-20 atraso=  0.0s  n=  57  pnl=R$  -258.50  caixa_min=R$ 116.50  recusas=372
  [332/528] 2026-05-20 atraso=  2.0s  n= 114  pnl=R$    93.00  caixa_min=R$ 202.00  recusas=0
  [333/528] 2026-05-20 atraso=  5.0s  n=  92  pnl=R$   -11.00  caixa_min=R$ 209.00  recusas=0
  [334/528] 2026-05-20 atraso= 60.0s  n=  19  pnl=R$  -264.50  caixa_min=R$ 110.50  recusas=485
  [335/528] 2026-05-20 atraso= 30.0s  n=  98  pnl=R$   -64.00  caixa_min=R$ 213.00  recusas=0
  [336/528] 2026-05-21 atraso=  0.0s  n=  21  pnl=R$  -255.50  caixa_min=R$ 119.50  recusas=529
  [337/528] 2026-05-21 atraso=  5.0s  n=  98  pnl=R$   326.00  caixa_min=R$ 148.50  recusas=0
  [338/528] 2026-05-21 atraso=  2.0s  n=  39  pnl=R$  -259.50  caixa_min=R$ 115.50  recusas=338
  [339/528] 2026-05-20 atraso= 10.0s  n=  37  pnl=R$  -263.50  caixa_min=R$ 111.50  recusas=411
  [340/528] 2026-05-21 atraso= 10.0s  n=   5  pnl=R$  -237.50  caixa_min=R$ 137.50  recusas=552
  [341/528] 2026-05-21 atraso= 30.0s  n=   9  pnl=R$  -294.50  caixa_min=R$  80.50  recusas=528
  [342/528] 2026-05-21 atraso= 60.0s  n=  24  pnl=R$  -227.00  caixa_min=R$ 148.00  recusas=348
  [343/528] 2026-05-22 atraso=  0.0s  n= 104  pnl=R$   343.00  caixa_min=R$ 287.00  recusas=0
  [344/528] 2026-05-22 atraso=  5.0s  n=  24  pnl=R$  -227.00  caixa_min=R$ 148.00  recusas=473
  [345/528] 2026-05-22 atraso= 10.0s  n=  73  pnl=R$    18.50  caixa_min=R$ 297.00  recusas=0
  [346/528] 2026-05-22 atraso=  2.0s  n=  21  pnl=R$  -225.50  caixa_min=R$ 149.50  recusas=479
  [347/528] 2026-05-22 atraso= 30.0s  n=  22  pnl=R$  -246.00  caixa_min=R$ 129.00  recusas=435
  [348/528] 2026-05-22 atraso= 60.0s  n=  32  pnl=R$  -251.00  caixa_min=R$ 124.00  recusas=284
  [349/528] 2026-05-25 atraso=  0.0s  n=  39  pnl=R$  -229.50  caixa_min=R$ 145.50  recusas=125
  [350/528] 2026-05-25 atraso=  2.0s  n=  46  pnl=R$  -258.00  caixa_min=R$ 117.00  recusas=103
  [351/528] 2026-05-25 atraso=  5.0s  n=   4  pnl=R$  -242.00  caixa_min=R$ 133.00  recusas=397
  [352/528] 2026-05-25 atraso= 10.0s  n=  45  pnl=R$    -7.50  caixa_min=R$ 182.00  recusas=0
  [353/528] 2026-05-25 atraso= 60.0s  n=   5  pnl=R$  -227.50  caixa_min=R$ 147.50  recusas=367
  [354/528] 2026-05-25 atraso= 30.0s  n=  14  pnl=R$  -232.00  caixa_min=R$ 143.00  recusas=293
  [355/528] 2026-05-26 atraso=  0.0s  n=  86  pnl=R$   282.00  caixa_min=R$ 218.00  recusas=0
  [356/528] 2026-05-26 atraso=  5.0s  n=  22  pnl=R$  -241.00  caixa_min=R$ 134.00  recusas=369
  [357/528] 2026-05-26 atraso=  2.0s  n=  50  pnl=R$  -235.00  caixa_min=R$ 140.00  recusas=204
  [358/528] 2026-05-26 atraso= 10.0s  n=  20  pnl=R$  -275.00  caixa_min=R$ 100.00  recusas=369
  [359/528] 2026-05-26 atraso= 30.0s  n=  13  pnl=R$  -251.50  caixa_min=R$ 123.50  recusas=445
  [360/528] 2026-05-26 atraso= 60.0s  n=  23  pnl=R$  -241.50  caixa_min=R$ 133.50  recusas=373
  [361/528] 2026-05-27 atraso=  0.0s  n=  39  pnl=R$  -234.50  caixa_min=R$ 140.50  recusas=455
  [362/528] 2026-05-27 atraso=  2.0s  n=  87  pnl=R$   216.50  caixa_min=R$ 281.50  recusas=0
  [363/528] 2026-05-27 atraso=  5.0s  n=  11  pnl=R$  -250.50  caixa_min=R$ 124.50  recusas=572
  [364/528] 2026-05-27 atraso= 30.0s  n=  47  pnl=R$  -273.50  caixa_min=R$ 101.50  recusas=243
  [365/528] 2026-05-27 atraso= 10.0s  n=  38  pnl=R$  -269.00  caixa_min=R$ 106.00  recusas=403
  [366/528] 2026-05-27 atraso= 60.0s  n=  64  pnl=R$   -17.00  caixa_min=R$ 116.50  recusas=0
  [367/528] 2026-05-28 atraso=  0.0s  n= 103  pnl=R$   -86.50  caixa_min=R$ 176.00  recusas=0
  [368/528] 2026-05-28 atraso=  2.0s  n=  70  pnl=R$    70.00  caixa_min=R$ 218.00  recusas=0
  [369/528] 2026-05-28 atraso=  5.0s  n=  28  pnl=R$  -279.00  caixa_min=R$  96.00  recusas=358
  [370/528] 2026-05-28 atraso= 10.0s  n=  73  pnl=R$    48.50  caixa_min=R$ 230.00  recusas=0
  [371/528] 2026-05-29 atraso=  0.0s  n=  56  pnl=R$  -263.00  caixa_min=R$ 112.00  recusas=271
  [372/528] 2026-05-28 atraso= 60.0s  n=  76  pnl=R$   252.00  caixa_min=R$ 330.00  recusas=0
  [373/528] 2026-05-28 atraso= 30.0s  n=  71  pnl=R$    99.50  caixa_min=R$ 271.00  recusas=0
  [374/528] 2026-05-29 atraso= 10.0s  n=  82  pnl=R$    14.00  caixa_min=R$ 251.50  recusas=0
  [375/528] 2026-05-29 atraso=  5.0s  n=  18  pnl=R$  -269.00  caixa_min=R$ 106.00  recusas=531
  [376/528] 2026-05-29 atraso=  2.0s  n=  94  pnl=R$  -192.00  caixa_min=R$ 139.50  recusas=0
  [377/528] 2026-05-29 atraso= 30.0s  n=  53  pnl=R$  -291.50  caixa_min=R$  83.50  recusas=215
  [378/528] 2026-05-29 atraso= 60.0s  n=  81  pnl=R$   214.50  caixa_min=R$ 298.00  recusas=0
  [379/528] 2026-06-01 atraso=  0.0s  n=  62  pnl=R$  -251.00  caixa_min=R$ 124.00  recusas=254
  [380/528] 2026-06-01 atraso= 10.0s  n= 102  pnl=R$   109.00  caixa_min=R$ 177.00  recusas=0
  [381/528] 2026-06-01 atraso=  5.0s  n=  90  pnl=R$   190.00  caixa_min=R$ 283.50  recusas=0
  [382/528] 2026-06-01 atraso=  2.0s  n=  65  pnl=R$  -232.50  caixa_min=R$ 142.50  recusas=191
  [383/528] 2026-06-01 atraso= 60.0s  n=  67  pnl=R$  -198.50  caixa_min=R$ 167.00  recusas=0
  [384/528] 2026-06-01 atraso= 30.0s  n=  85  pnl=R$  -147.50  caixa_min=R$ 207.00  recusas=0
  [385/528] 2026-06-02 atraso=  0.0s  n=  90  pnl=R$   260.00  caixa_min=R$ 368.50  recusas=0
  [386/528] 2026-06-02 atraso=  2.0s  n=  88  pnl=R$   296.00  caixa_min=R$ 297.50  recusas=0
  [387/528] 2026-06-02 atraso= 30.0s  n=  56  pnl=R$  -243.00  caixa_min=R$ 127.50  recusas=0
  [388/528] 2026-06-02 atraso=  5.0s  n=  84  pnl=R$   183.00  caixa_min=R$ 293.50  recusas=0
  [389/528] 2026-06-02 atraso= 10.0s  n=  59  pnl=R$   -94.50  caixa_min=R$ 185.00  recusas=0
  [390/528] 2026-06-02 atraso= 60.0s  n=  78  pnl=R$   191.00  caixa_min=R$ 364.50  recusas=0
  [391/528] 2026-06-03 atraso=  0.0s  n=  22  pnl=R$  -241.00  caixa_min=R$ 134.00  recusas=586
  [392/528] 2026-06-03 atraso=  2.0s  n=  70  pnl=R$  -280.00  caixa_min=R$  95.00  recusas=211
  [393/528] 2026-06-03 atraso=  5.0s  n=  83  pnl=R$  -266.50  caixa_min=R$ 108.50  recusas=32
  [394/528] 2026-06-03 atraso= 10.0s  n=  85  pnl=R$  -232.50  caixa_min=R$ 142.50  recusas=128
  [395/528] 2026-06-03 atraso= 30.0s  n=  94  pnl=R$   -52.00  caixa_min=R$ 189.00  recusas=0
  [396/528] 2026-06-03 atraso= 60.0s  n=  93  pnl=R$    63.50  caixa_min=R$ 198.00  recusas=0
  [397/528] 2026-06-05 atraso=  0.0s  n=  22  pnl=R$  -226.00  caixa_min=R$ 149.00  recusas=742
  [398/528] 2026-06-05 atraso= 30.0s  n=  24  pnl=R$  -307.00  caixa_min=R$  68.00  recusas=688
  [399/528] 2026-06-05 atraso=  5.0s  n= 150  pnl=R$   230.00  caixa_min=R$ 334.50  recusas=0
  [400/528] 2026-06-05 atraso= 60.0s  n=  39  pnl=R$  -254.50  caixa_min=R$ 120.50  recusas=501
  [401/528] 2026-06-05 atraso=  2.0s  n= 159  pnl=R$  -114.50  caixa_min=R$ 216.00  recusas=0
  [402/528] 2026-06-05 atraso= 10.0s  n=  20  pnl=R$  -255.00  caixa_min=R$ 120.00  recusas=736
  [403/528] 2026-06-08 atraso=  0.0s  n=  35  pnl=R$  -237.50  caixa_min=R$ 124.50  recusas=654
  [404/528] 2026-06-08 atraso= 10.0s  n=  26  pnl=R$  -268.00  caixa_min=R$ 107.00  recusas=695
  [405/528] 2026-06-08 atraso=  2.0s  n=  46  pnl=R$  -238.00  caixa_min=R$ 137.00  recusas=628
  [406/528] 2026-06-08 atraso= 30.0s  n=  20  pnl=R$  -250.00  caixa_min=R$ 125.00  recusas=685
  [407/528] 2026-06-09 atraso=  0.0s  n= 129  pnl=R$    30.50  caixa_min=R$ 260.50  recusas=0
  [408/528] 2026-06-08 atraso=  5.0s  n=  28  pnl=R$  -269.00  caixa_min=R$ 106.00  recusas=685
  [409/528] 2026-06-09 atraso=  2.0s  n= 111  pnl=R$  -290.50  caixa_min=R$  84.50  recusas=51
  [410/528] 2026-06-08 atraso= 60.0s  n=  29  pnl=R$  -239.50  caixa_min=R$ 135.50  recusas=630
  [411/528] 2026-06-09 atraso=  5.0s  n=  46  pnl=R$  -233.00  caixa_min=R$ 142.00  recusas=482
  [412/528] 2026-06-09 atraso= 60.0s  n=  34  pnl=R$  -302.00  caixa_min=R$  73.00  recusas=477
  [413/528] 2026-06-10 atraso= 10.0s  n= 130  pnl=R$   485.00  caixa_min=R$ 333.50  recusas=0
  [414/528] 2026-06-10 atraso=  5.0s  n= 148  pnl=R$   181.00  caixa_min=R$ 199.50  recusas=0
  [415/528] 2026-06-09 atraso= 30.0s  n=   9  pnl=R$  -274.50  caixa_min=R$ 100.50  recusas=648
  [416/528] 2026-06-09 atraso= 10.0s  n= 139  pnl=R$   170.50  caixa_min=R$ 313.00  recusas=0
  [417/528] 2026-06-10 atraso=  2.0s  n= 102  pnl=R$  -226.00  caixa_min=R$ 147.50  recusas=207
  [418/528] 2026-06-10 atraso=  0.0s  n=  15  pnl=R$  -292.50  caixa_min=R$  82.50  recusas=673
  [419/528] 2026-06-10 atraso= 30.0s  n= 125  pnl=R$   307.50  caixa_min=R$ 338.50  recusas=0
  [420/528] 2026-06-10 atraso= 60.0s  n=  63  pnl=R$  -241.50  caixa_min=R$ 133.50  recusas=305
  [421/528] 2026-06-11 atraso=  2.0s  n= 150  pnl=R$   -65.00  caixa_min=R$ 282.50  recusas=0
  [422/528] 2026-06-11 atraso=  5.0s  n= 186  pnl=R$   267.00  caixa_min=R$ 247.00  recusas=0
  [423/528] 2026-06-11 atraso=  0.0s  n=  31  pnl=R$  -230.50  caixa_min=R$ 142.50  recusas=609
  [424/528] 2026-06-11 atraso= 10.0s  n= 136  pnl=R$     7.00  caixa_min=R$ 268.00  recusas=0
  [425/528] 2026-06-12 atraso=  0.0s  n=  21  pnl=R$  -255.50  caixa_min=R$ 119.50  recusas=524
  [426/528] 2026-06-11 atraso= 30.0s  n= 122  pnl=R$   284.00  caixa_min=R$ 258.50  recusas=0
  [427/528] 2026-06-11 atraso= 60.0s  n=  10  pnl=R$  -265.00  caixa_min=R$ 110.00  recusas=776
  [428/528] 2026-06-12 atraso=  2.0s  n= 106  pnl=R$    97.00  caixa_min=R$ 318.50  recusas=0
  [429/528] 2026-06-12 atraso=  5.0s  n=  70  pnl=R$  -280.00  caixa_min=R$  95.00  recusas=229
  [430/528] 2026-06-12 atraso= 10.0s  n=  91  pnl=R$   234.50  caixa_min=R$ 279.50  recusas=0
  [431/528] 2026-06-12 atraso= 30.0s  n=  19  pnl=R$  -259.50  caixa_min=R$ 115.50  recusas=519
  [432/528] 2026-06-12 atraso= 60.0s  n=  29  pnl=R$  -254.50  caixa_min=R$ 120.50  recusas=498
  [433/528] 2026-06-15 atraso=  0.0s  n=  55  pnl=R$  -232.50  caixa_min=R$ 142.50  recusas=323
  [434/528] 2026-06-15 atraso=  5.0s  n=  84  pnl=R$  -217.00  caixa_min=R$ 148.50  recusas=0
  [435/528] 2026-06-15 atraso=  2.0s  n=  66  pnl=R$  -243.00  caixa_min=R$ 132.00  recusas=293
  [436/528] 2026-06-15 atraso= 10.0s  n=  48  pnl=R$  -239.00  caixa_min=R$ 136.00  recusas=345
  [437/528] 2026-06-15 atraso= 30.0s  n=  97  pnl=R$    31.50  caixa_min=R$ 317.00  recusas=0
  [438/528] 2026-06-15 atraso= 60.0s  n=  72  pnl=R$  -271.00  caixa_min=R$ 104.00  recusas=0
  [439/528] 2026-06-16 atraso=  2.0s  n=  40  pnl=R$  -245.00  caixa_min=R$ 130.00  recusas=360
  [440/528] 2026-06-16 atraso=  0.0s  n=  90  pnl=R$  -285.00  caixa_min=R$  90.00  recusas=102
  [441/528] 2026-06-16 atraso= 10.0s  n=  86  pnl=R$   -53.00  caixa_min=R$ 118.50  recusas=0
  [442/528] 2026-06-16 atraso=  5.0s  n= 101  pnl=R$   124.50  caixa_min=R$ 277.00  recusas=0
  [443/528] 2026-06-16 atraso= 30.0s  n=  95  pnl=R$    22.50  caixa_min=R$ 202.50  recusas=0
  [444/528] 2026-06-16 atraso= 60.0s  n=  85  pnl=R$    27.50  caixa_min=R$ 340.50  recusas=0
  [445/528] 2026-06-17 atraso=  0.0s  n=  33  pnl=R$  -226.50  caixa_min=R$ 148.50  recusas=562
  [446/528] 2026-06-17 atraso=  2.0s  n=  58  pnl=R$  -269.00  caixa_min=R$ 106.00  recusas=341
  [447/528] 2026-06-17 atraso=  5.0s  n=  19  pnl=R$  -274.50  caixa_min=R$ 100.50  recusas=706
  [448/528] 2026-06-17 atraso= 30.0s  n= 117  pnl=R$  -133.50  caixa_min=R$  81.00  recusas=0
  [449/528] 2026-06-17 atraso= 10.0s  n=  13  pnl=R$  -231.50  caixa_min=R$ 143.50  recusas=700
  [450/528] 2026-06-17 atraso= 60.0s  n=  34  pnl=R$  -227.00  caixa_min=R$ 148.00  recusas=410
  [451/528] 2026-06-18 atraso=  0.0s  n=  49  pnl=R$  -269.50  caixa_min=R$ 105.50  recusas=563
  [452/528] 2026-06-18 atraso=  2.0s  n=  89  pnl=R$  -234.50  caixa_min=R$ 140.50  recusas=357
  [453/528] 2026-06-19 atraso=  0.0s  n=  33  pnl=R$  -276.50  caixa_min=R$  98.50  recusas=241
  [454/528] 2026-06-18 atraso=  5.0s  n=   4  pnl=R$  -237.00  caixa_min=R$ 138.00  recusas=758
  [455/528] 2026-06-19 atraso=  2.0s  n=  19  pnl=R$  -284.50  caixa_min=R$  90.50  recusas=332
  [456/528] 2026-06-19 atraso=  5.0s  n=  21  pnl=R$  -245.50  caixa_min=R$ 129.50  recusas=332
  [457/528] 2026-06-18 atraso= 10.0s  n=  46  pnl=R$  -288.00  caixa_min=R$  87.00  recusas=579
  [458/528] 2026-06-19 atraso= 10.0s  n=  60  pnl=R$    15.00  caixa_min=R$ 330.00  recusas=0
  [459/528] 2026-06-18 atraso= 30.0s  n=  61  pnl=R$  -250.50  caixa_min=R$ 124.50  recusas=458
  [460/528] 2026-06-18 atraso= 60.0s  n= 101  pnl=R$   -60.50  caixa_min=R$ 219.50  recusas=0
  [461/528] 2026-06-19 atraso= 30.0s  n=  59  pnl=R$    85.50  caixa_min=R$ 330.00  recusas=0
  [462/528] 2026-06-19 atraso= 60.0s  n=  65  pnl=R$   -12.50  caixa_min=R$ 330.00  recusas=0
  [463/528] 2026-06-22 atraso=  0.0s  n=  92  pnl=R$   179.00  caixa_min=R$ 210.50  recusas=0
  [464/528] 2026-06-22 atraso=  2.0s  n=  88  pnl=R$   211.00  caixa_min=R$ 246.00  recusas=0
  [465/528] 2026-06-22 atraso=  5.0s  n=  17  pnl=R$  -273.50  caixa_min=R$ 101.50  recusas=468
  [466/528] 2026-06-22 atraso= 10.0s  n=  90  pnl=R$   225.00  caixa_min=R$ 282.50  recusas=0
  [467/528] 2026-06-22 atraso= 60.0s  n=  56  pnl=R$   202.00  caixa_min=R$ 335.00  recusas=0
  [468/528] 2026-06-22 atraso= 30.0s  n=  26  pnl=R$  -278.00  caixa_min=R$  97.00  recusas=367
  [469/528] 2026-06-23 atraso=  0.0s  n=  65  pnl=R$    97.50  caixa_min=R$ 292.00  recusas=0
  [470/528] 2026-06-23 atraso=  2.0s  n=  77  pnl=R$   -43.50  caixa_min=R$ 264.50  recusas=0
  [471/528] 2026-06-23 atraso=  5.0s  n=  97  pnl=R$   176.50  caixa_min=R$ 237.50  recusas=0
  [472/528] 2026-06-23 atraso= 30.0s  n=  80  pnl=R$   -30.00  caixa_min=R$ 174.50  recusas=0
  [473/528] 2026-06-23 atraso= 10.0s  n=  47  pnl=R$  -243.50  caixa_min=R$ 131.50  recusas=208
  [474/528] 2026-06-23 atraso= 60.0s  n=  60  pnl=R$    15.00  caixa_min=R$ 346.00  recusas=0
  [475/528] 2026-06-24 atraso=  2.0s  n=  78  pnl=R$  -259.00  caixa_min=R$ 116.00  recusas=193
  [476/528] 2026-06-24 atraso=  0.0s  n=  10  pnl=R$  -260.00  caixa_min=R$ 115.00  recusas=606
  [477/528] 2026-06-24 atraso=  5.0s  n=  48  pnl=R$  -249.00  caixa_min=R$ 126.00  recusas=362
  [478/528] 2026-06-24 atraso= 10.0s  n=  36  pnl=R$  -253.00  caixa_min=R$ 122.00  recusas=426
  [479/528] 2026-06-24 atraso= 30.0s  n=  38  pnl=R$  -234.00  caixa_min=R$ 141.00  recusas=368
  [480/528] 2026-06-24 atraso= 60.0s  n=  40  pnl=R$  -245.00  caixa_min=R$ 130.00  recusas=276
  [481/528] 2026-06-25 atraso=  0.0s  n=  47  pnl=R$  -253.50  caixa_min=R$ 121.50  recusas=489
  [482/528] 2026-06-25 atraso=  2.0s  n=  21  pnl=R$  -230.50  caixa_min=R$ 144.50  recusas=572
  [483/528] 2026-06-25 atraso= 10.0s  n=  29  pnl=R$  -244.50  caixa_min=R$ 130.50  recusas=499
  [484/528] 2026-06-25 atraso=  5.0s  n=  25  pnl=R$  -277.50  caixa_min=R$  97.50  recusas=499
  [485/528] 2026-06-25 atraso= 30.0s  n=  29  pnl=R$  -259.50  caixa_min=R$ 115.50  recusas=488
  [486/528] 2026-06-25 atraso= 60.0s  n=  31  pnl=R$  -235.50  caixa_min=R$ 139.50  recusas=413
  [487/528] 2026-06-26 atraso=  0.0s  n=  15  pnl=R$  -307.50  caixa_min=R$  67.50  recusas=474
  [488/528] 2026-06-26 atraso=  5.0s  n=  86  pnl=R$    57.00  caixa_min=R$ 142.00  recusas=0
  [489/528] 2026-06-26 atraso=  2.0s  n=  12  pnl=R$  -241.00  caixa_min=R$ 134.00  recusas=529
  [490/528] 2026-06-26 atraso= 10.0s  n=  62  pnl=R$  -261.00  caixa_min=R$ 114.00  recusas=221
  [491/528] 2026-06-26 atraso= 30.0s  n=  13  pnl=R$  -231.50  caixa_min=R$ 143.50  recusas=473
  [492/528] 2026-06-29 atraso=  0.0s  n=  24  pnl=R$  -227.00  caixa_min=R$ 135.00  recusas=294
  [493/528] 2026-06-26 atraso= 60.0s  n=  31  pnl=R$  -230.50  caixa_min=R$ 144.50  recusas=335
  [494/528] 2026-06-29 atraso=  2.0s  n=  20  pnl=R$  -265.00  caixa_min=R$  97.00  recusas=348
  [495/528] 2026-06-29 atraso=  5.0s  n=  37  pnl=R$  -268.50  caixa_min=R$ 106.50  recusas=299
  [496/528] 2026-06-29 atraso= 30.0s  n=  11  pnl=R$  -265.50  caixa_min=R$ 109.50  recusas=439
  [497/528] 2026-06-29 atraso= 10.0s  n=  28  pnl=R$  -274.00  caixa_min=R$ 101.00  recusas=295
  [498/528] 2026-06-29 atraso= 60.0s  n=  40  pnl=R$  -235.00  caixa_min=R$ 140.00  recusas=205
  [499/528] 2026-06-30 atraso=  0.0s  n=  33  pnl=R$  -306.50  caixa_min=R$  68.50  recusas=439
  [500/528] 2026-06-30 atraso=  2.0s  n=  49  pnl=R$  -239.50  caixa_min=R$ 135.50  recusas=324
  [501/528] 2026-06-30 atraso=  5.0s  n= 115  pnl=R$   147.50  caixa_min=R$ 312.00  recusas=0
  [502/528] 2026-06-30 atraso= 10.0s  n=  23  pnl=R$  -226.50  caixa_min=R$ 148.50  recusas=497
  [503/528] 2026-06-30 atraso= 30.0s  n=  27  pnl=R$  -273.50  caixa_min=R$ 101.50  recusas=434
  [504/528] 2026-06-30 atraso= 60.0s  n=  14  pnl=R$  -242.00  caixa_min=R$ 133.00  recusas=504
  [505/528] 2026-07-01 atraso=  2.0s  n=  22  pnl=R$  -236.00  caixa_min=R$ 139.00  recusas=493
  [506/528] 2026-07-01 atraso=  0.0s  n=  62  pnl=R$  -246.00  caixa_min=R$ 129.00  recusas=315
  [507/528] 2026-07-01 atraso=  5.0s  n=  11  pnl=R$  -270.50  caixa_min=R$ 104.50  recusas=536
  [508/528] 2026-07-01 atraso= 30.0s  n=  46  pnl=R$  -243.00  caixa_min=R$ 132.00  recusas=326
  [509/528] 2026-07-01 atraso= 10.0s  n=  37  pnl=R$  -288.50  caixa_min=R$  86.50  recusas=383
  [510/528] 2026-07-01 atraso= 60.0s  n=  85  pnl=R$   172.50  caixa_min=R$ 192.00  recusas=0
  [511/528] 2026-07-02 atraso=  0.0s  n= 144  pnl=R$   153.00  caixa_min=R$ 203.50  recusas=0
  [512/528] 2026-07-02 atraso=  2.0s  n=  13  pnl=R$  -241.50  caixa_min=R$ 133.50  recusas=613
  [513/528] 2026-07-03 atraso=  0.0s  n=  15  pnl=R$  -307.50  caixa_min=R$  67.50  recusas=309
  [514/528] 2026-07-03 atraso=  2.0s  n=  13  pnl=R$  -246.50  caixa_min=R$ 128.50  recusas=310
  [515/528] 2026-07-02 atraso=  5.0s  n=  19  pnl=R$  -254.50  caixa_min=R$ 120.50  recusas=598
  [516/528] 2026-07-02 atraso= 60.0s  n=  18  pnl=R$  -284.00  caixa_min=R$  91.00  recusas=533
  [517/528] 2026-07-02 atraso= 10.0s  n=  19  pnl=R$  -264.50  caixa_min=R$ 110.50  recusas=606
  [518/528] 2026-07-02 atraso= 30.0s  n=  59  pnl=R$  -304.50  caixa_min=R$  70.50  recusas=379
  [519/528] 2026-07-03 atraso=  5.0s  n=  18  pnl=R$  -284.00  caixa_min=R$  91.00  recusas=276
  [520/528] 2026-07-03 atraso= 30.0s  n=  32  pnl=R$   -96.00  caixa_min=R$ 254.50  recusas=0
  [521/528] 2026-07-03 atraso= 10.0s  n=  44  pnl=R$   -62.00  caixa_min=R$ 288.50  recusas=0
  [522/528] 2026-07-03 atraso= 60.0s  n=  28  pnl=R$  -109.00  caixa_min=R$ 241.50  recusas=0
  [523/528] 2026-07-06 atraso=  2.0s  n=  11  pnl=R$  -270.50  caixa_min=R$ 104.50  recusas=477
  [524/528] 2026-07-06 atraso=  0.0s  n=  64  pnl=R$  -302.00  caixa_min=R$  73.00  recusas=90
  [525/528] 2026-07-06 atraso= 30.0s  n=  51  pnl=R$   -20.50  caixa_min=R$ 284.50  recusas=0
  [526/528] 2026-07-06 atraso= 10.0s  n=  31  pnl=R$  -255.50  caixa_min=R$ 119.50  recusas=276
  [527/528] 2026-07-06 atraso=  5.0s  n=  72  pnl=R$    59.00  caixa_min=R$ 236.50  recusas=0
  [528/528] 2026-07-06 atraso= 60.0s  n=  59  pnl=R$   195.50  caixa_min=R$ 337.50  recusas=0

[IS] 528 celulas em 66.1 min

======================================================================================================================================================
RESULTADO IS -- varredura de reload_min_segundos (0=controle/baseline)
======================================================================================================================================================
atraso(s)      n    win%  ganho_med  perda_med  BE emp.         IC95 win%    veredito   liq. total   liq/preg trd/preg   MaxDD R$  caixa min preg + preg - preg cens.  pregoes
------------------------------------------------------------------------------------------------------------------------------------------------------------------------------
0.0         5286  85.83%      11.19      83.53   88.19%     [84.86;86.74]    NEGATIVA    -11798.00    -134.07     60.1     572.50      67.50     23     65         60       88
2.0         5274  85.55%      11.38      84.29   88.10%     [84.58;86.47]    NEGATIVA    -12872.00    -146.27     59.9     710.00      84.50     18     70         62       88
5.0         4877  85.46%      11.21      83.50   88.16%     [84.45;86.42]    NEGATIVA    -12473.50    -141.74     55.4     572.50      68.50     21     67         56       88
10.0        4363  85.01%      11.34      83.84   88.09%     [83.92;86.04]    NEGATIVA    -12776.50    -145.19     49.6     511.50      71.50     20     68         59       88
30.0        4946  86.09%      11.19      83.60   88.20%     [85.10;87.03]    NEGATIVA     -9888.00    -112.36     56.2     586.00      68.00     23     65         50       88
60.0        4081  84.98%      11.01      83.74   88.38%     [83.85;86.04]    NEGATIVA    -13160.50    -149.55     46.4     698.50      66.50     14     74         53       88
------------------------------------------------------------------------------------------------------------------------------------------------------------------------------

LEITURA:
 - BE emp. = perda_media/(ganho_medio+perda_media), nulo EMPIRICO de cada celula.
 - IC95 win% e' Wilson sobre n_ganhos/n pooled dentro de cada valor de atraso.
 - veredito POSITIVA exige IC95 inteiro ACIMA do BE empirico.
 - 'preg cens.' = pregoes com >=1 recusa de capital (portao de R$375, nao geometria).
 - fila calibrada usada: entrada=329 / saida=494 (backtest.intraday.fidelidade, herdada de config_for)

[decisao] candidatos que passam (POSITIVA + liquido>0 + censura<=10% no IS): NENHUM

[VEREDITO] Nenhum valor de reload_min_segundos produziu IC95% do win% inteiramente acima do breakeven empirico com liquido positivo e censura controlada no IS. Hipotese 13 (atraso de cadencia no rearme pos-fechamento) e' REFUTADA/NULA pelo mesmo criterio das 12 anteriores -- OOS NAO sera' rodado (disciplina de nao gastar o teste cego sem candidato do IS).

[fim] tempo total 66.1 min
