[saida assimetrica] 22 execucoes (11 variantes x 2 pregoes), capital R$375/pregao, fila calibrada (fidelidade.py), sem prazo

  [1/22] T2/S16 (baseline)           2026-09-11  n=70    pnl=R$   -240.00  caixa_min=R$  135.00
  [2/22] T2/S10                      2026-09-11  n=129   pnl=R$   -184.50  caixa_min=R$  133.00
  [3/22] T2/S6                       2026-09-11  n=21    pnl=R$   -230.50  caixa_min=R$  136.00
  [4/22] T2/S8                       2026-09-11  n=43    pnl=R$   -226.50  caixa_min=R$  148.50
  [5/22] T2/S16 (baseline)           2026-09-10  n=63    pnl=R$   -256.50  caixa_min=R$  118.50
  [6/22] T2/S10                      2026-09-10  n=118   pnl=R$   -239.00  caixa_min=R$  136.00
  [7/22] T2/S6                       2026-09-10  n=77    pnl=R$   -248.50  caixa_min=R$  126.50
  [8/22] T2/S8                       2026-09-10  n=20    pnl=R$   -235.00  caixa_min=R$  140.00
  [9/22] T3/S16                      2026-09-11  n=69    pnl=R$    160.50  caixa_min=R$  355.00
  [10/22] T2/S12                      2026-09-11  n=60    pnl=R$   -270.00  caixa_min=R$  105.00
  [11/22] T2/S12                      2026-09-10  n=143   pnl=R$   -276.50  caixa_min=R$   98.50
  [12/22] T3/S16                      2026-09-10  n=76    pnl=R$   -233.00  caixa_min=R$   89.50
  [13/22] T4/S16                      2026-09-11  n=52    pnl=R$    384.00  caixa_min=R$  355.00
  [14/22] A1 breakeven+0 (arm2/S16i)  2026-09-11  n=12    pnl=R$   -226.00  caixa_min=R$  111.00
  [15/22] T4/S16                      2026-09-10  n=54    pnl=R$   -257.00  caixa_min=R$  118.00
  [16/22] A1 breakeven+0 (arm2/S16i)  2026-09-10  n=14    pnl=R$    -32.00  caixa_min=R$  213.50
  [17/22] A2 breakeven+1 (arm2/S16i)  2026-09-11  n=11    pnl=R$   -265.50  caixa_min=R$  109.50
  [18/22] A3 trailing gap4 (arm2/S16i)2026-09-11  n=17    pnl=R$   -228.50  caixa_min=R$  146.50
  [19/22] A2 breakeven+1 (arm2/S16i)  2026-09-10  n=17    pnl=R$   -263.50  caixa_min=R$  111.50
  [20/22] A4 trailing gap8 (arm2/S16i)2026-09-11  n=34    pnl=R$   -262.00  caixa_min=R$  113.00
  [21/22] A3 trailing gap4 (arm2/S16i)2026-09-10  n=30    pnl=R$   -240.00  caixa_min=R$  108.00
  [22/22] A4 trailing gap8 (arm2/S16i)2026-09-10  n=11    pnl=R$   -245.50  caixa_min=R$  129.50

variante                    dia             n    win%  ganho_med  perda_med  BE emp.         IC95 win%  liquido R$  caixa_min
-----------------------------------------------------------------------------------------------------------------------------
T2/S16 (baseline)           2026-09-10     63   84.1%      11.29     -85.50    88.3%       [73.2;91.1]     -256.50     118.50
T2/S16 (baseline)           2026-09-11     70   82.9%      13.55     -85.50    86.3%       [72.4;89.9]     -240.00     135.00

T2/S6                       2026-09-10     77   68.8%      11.39     -35.50    75.7%       [57.8;78.1]     -248.50     126.50
T2/S6                       2026-09-11     21   52.4%      12.68     -37.00    74.5%       [32.4;71.7]     -230.50     136.00

T2/S8                       2026-09-10     20   60.0%      10.75     -45.50    80.9%       [38.7;78.1]     -235.00     140.00
T2/S8                       2026-09-11     43   69.8%      12.33     -45.88    78.8%       [54.9;81.4]     -226.50     148.50

T2/S10                      2026-09-10    118   80.5%      10.92     -55.50    83.6%       [72.4;86.6]     -239.00     136.00
T2/S10                      2026-09-11    129   79.1%      12.54     -54.20    81.2%       [71.3;85.2]     -184.50     133.00

T2/S12                      2026-09-10    143   83.2%      10.89     -65.50    85.7%       [76.2;88.5]     -276.50      98.50
T2/S12                      2026-09-11     60   76.7%      14.07     -65.50    82.3%       [64.6;85.6]     -270.00     105.00

T3/S16                      2026-09-10     76   81.6%      15.55     -85.50    84.6%       [71.4;88.7]     -233.00      89.50
T3/S16                      2026-09-11     69   84.1%      17.86     -79.59    81.7%       [73.7;90.9]      160.50     355.00

T4/S16                      2026-09-10     54   75.9%      20.84     -85.50    80.4%       [63.1;85.4]     -257.00     118.00
T4/S16                      2026-09-11     52   84.6%      22.80     -77.38    77.2%       [72.5;92.0]      384.00     355.00

A1 breakeven+0 (arm2/S16i)  2026-09-10     14    7.1%     119.50     -11.65     8.9%        [1.3;31.5]      -32.00     213.50
A1 breakeven+0 (arm2/S16i)  2026-09-11     12    0.0%        nan     -18.83     nan%        [0.0;24.3]     -226.00     111.00

A2 breakeven+1 (arm2/S16i)  2026-09-10     17    0.0%        nan     -15.50     nan%        [0.0;18.4]     -263.50     111.50
A2 breakeven+1 (arm2/S16i)  2026-09-11     11    0.0%        nan     -24.14     nan%        [0.0;25.9]     -265.50     109.50

A3 trailing gap4 (arm2/S16i)2026-09-10     30   16.7%      13.50     -12.30    47.7%        [7.3;33.6]     -240.00     108.00
A3 trailing gap4 (arm2/S16i)2026-09-11     17   29.4%      24.50     -29.25    54.4%       [13.3;53.1]     -228.50     146.50

A4 trailing gap8 (arm2/S16i)2026-09-10     11   27.3%      19.50     -38.00    66.1%        [9.7;56.6]     -245.50     129.50
A4 trailing gap8 (arm2/S16i)2026-09-11     34   38.2%      38.73     -36.45    48.5%       [23.9;55.0]     -262.00     113.00

LEITURA: BE emp. = perda_media/(ganho_medio+perda_media) -- o nulo empirico da PROPRIA amostra, nao o nominal em ticks (que nao se aplica a variante A, onde o alvo nao e' fixo). IC95 win% e' Wilson sobre n_ganhos/n; compare contra BE emp. da MESMA linha.
2 pregoes: qualquer numero aqui e' MAGNITUDE/DIRECAO, nao significancia -- n por variante e' de dezenas a poucas centenas.
