[regime] baixando M1 de WDO@ para calibracao + sinal (2026-07-13 .. 2026-09-11) ...
[regime] limiares (percentil 70 de |retorno|, calibrados em 23727 barras M1 ate' 2026-09-09):
     5 min -> 4.03 ticks
    10 min -> 5.07 ticks
    20 min -> 7.10 ticks

[regime] 14 celulas (baseline + 2 variantes x 3 escalas, 2 dias)

  [2026-09-11 baseline] n=  70  pnl=R$   -240.00  caixa_min=R$135.00  recusas_capital=153
  [2026-09-10 fade_off/5min] n= 121  pnl=R$    -10.50  caixa_min=R$169.50  recusas_capital=0
  [2026-09-10 baseline] n=  63  pnl=R$   -256.50  caixa_min=R$118.50  recusas_capital=346
  [2026-09-10 fade_off/20min] n= 133  pnl=R$    -86.50  caixa_min=R$141.00  recusas_capital=0
  [2026-09-10 segue_tendencia/20min] n=  56  pnl=R$   -273.00  caixa_min=R$102.00  recusas_capital=600
  [2026-09-10 segue_tendencia/5min] n=  24  pnl=R$   -237.00  caixa_min=R$138.00  recusas_capital=839
  [2026-09-10 segue_tendencia/10min] n=  15  pnl=R$   -227.50  caixa_min=R$147.50  recusas_capital=889
  [2026-09-10 fade_off/10min] n=  24  pnl=R$   -237.00  caixa_min=R$138.00  recusas_capital=562
  [2026-09-11 fade_off/5min] n=  18  pnl=R$   -234.00  caixa_min=R$141.00  recusas_capital=389
  [2026-09-11 segue_tendencia/20min] n=  81  pnl=R$    284.50  caixa_min=R$276.00  recusas_capital=0
  [2026-09-11 fade_off/10min] n=  81  pnl=R$    159.50  caixa_min=R$249.50  recusas_capital=0
  [2026-09-11 segue_tendencia/5min] n=  22  pnl=R$   -266.00  caixa_min=R$109.00  recusas_capital=553
  [2026-09-11 fade_off/20min] n=  88  pnl=R$    246.00  caixa_min=R$281.00  recusas_capital=0
  [2026-09-11 segue_tendencia/10min] n=  17  pnl=R$   -243.50  caixa_min=R$131.50  recusas_capital=596

[regime] 14 celulas em 0.6 min

dia         variante          escala     n    win% breakeven emp          IC95% win%    veredito    R$/op  liquido R$  caixa min recusas cap
--------------------------------------------------------------------------------------------------------------------------------------------
2026-09-10  baseline               -    63  84.13%        88.33%         [73.2;91.1]  indefinido    -4.07     -256.50     118.50         346
2026-09-10  fade_off            5min   121  88.43%        88.52%         [81.5;93.0]  indefinido    -0.09      -10.50     169.50           0
2026-09-10  fade_off           10min    24  79.17%        89.50%         [59.5;90.8]  indefinido    -9.88     -237.00     138.00         562
2026-09-10  fade_off           20min   133  87.97%        88.64%         [81.4;92.5]  indefinido    -0.65      -86.50     141.00           0
2026-09-10  segue_tendencia     5min    24  79.17%        89.50%         [59.5;90.8]  indefinido    -9.88     -237.00     138.00         839
2026-09-10  segue_tendencia    10min    15  73.33%        89.15%         [48.0;89.1]    NEGATIVA   -15.17     -227.50     147.50         889
2026-09-10  segue_tendencia    20min    56  83.93%        89.00%         [72.2;91.3]  indefinido    -4.88     -273.00     102.00         600
2026-09-11  baseline               -    70  82.86%        86.32%         [72.4;89.9]  indefinido    -3.43     -240.00     135.00         153
2026-09-11  fade_off            5min    18  72.22%        85.17%         [49.1;87.5]  indefinido   -13.00     -234.00     141.00         389
2026-09-11  fade_off           10min    81  88.89%        86.66%         [80.2;94.0]  indefinido     1.97      159.50     249.50           0
2026-09-11  fade_off           20min    88  89.77%        86.78%         [81.7;94.5]  indefinido     2.80      246.00     281.00           0
2026-09-11  segue_tendencia     5min    22  72.73%        84.71%         [51.8;86.8]  indefinido   -12.09     -266.00     109.00         553
2026-09-11  segue_tendencia    10min    17  70.59%        84.79%         [46.9;86.7]  indefinido   -14.32     -243.50     131.50         596
2026-09-11  segue_tendencia    20min    81  90.12%        86.12%         [81.7;94.9]  indefinido     3.51      284.50     276.00           0

LEITURA: veredito compara o IC95% de Wilson do win% contra o BREAKEVEN EMPIRICO da propria celula (perda_media/(ganho_medio+perda_media)), nao o breakeven nominal da geometria T2/S16.
Contagem de regime por celula (quantos on_bar viram 'up'/'down'/'neutral' no momento de decidir o proximo armamento):
  2026-09-10 fade_off/5min: {'up': 30, 'down': 46, 'neutral': 45, 'sem_dado': 0}
  2026-09-10 fade_off/20min: {'up': 30, 'down': 39, 'neutral': 64, 'sem_dado': 0}
  2026-09-10 segue_tendencia/20min: {'up': 201, 'down': 248, 'neutral': 208, 'sem_dado': 0}
  2026-09-10 segue_tendencia/5min: {'up': 236, 'down': 303, 'neutral': 325, 'sem_dado': 0}
  2026-09-10 segue_tendencia/10min: {'up': 283, 'down': 341, 'neutral': 281, 'sem_dado': 0}
  2026-09-10 fade_off/10min: {'up': 151, 'down': 174, 'neutral': 262, 'sem_dado': 0}
  2026-09-11 fade_off/5min: {'up': 108, 'down': 98, 'neutral': 201, 'sem_dado': 0}
  2026-09-11 segue_tendencia/20min: {'up': 15, 'down': 28, 'neutral': 38, 'sem_dado': 0}
  2026-09-11 fade_off/10min: {'up': 25, 'down': 26, 'neutral': 30, 'sem_dado': 0}
  2026-09-11 segue_tendencia/5min: {'up': 191, 'down': 168, 'neutral': 217, 'sem_dado': 0}
  2026-09-11 fade_off/20min: {'up': 15, 'down': 35, 'neutral': 38, 'sem_dado': 0}
  2026-09-11 segue_tendencia/10min: {'up': 251, 'down': 186, 'neutral': 177, 'sem_dado': 0}
