==================================================================================================================================================
win_retangulo -- ENTRADA NA BORDA, LADO INVERTIDO (a leitura do dono no grafico)
==================================================================================================================================================
  IS 129 pregoes | 1 contrato fixo | capital R$1.100 | custo 7,5 pontos | achatamento de config_for
  WIN@ SEM fila calibrada: enche no TOQUE nas duas pontas (otimista, igual para todas as linhas)
  teto de risco DESLIGADO na grade e no controle-espelho: ele foi calibrado para um stop de 0,50xL
  m = alvo em fracao da largura A PARTIR DA BORDA (0,50 = centro; 1,00 = borda oposta)
  k = stop em fracao da largura ALEM da borda (0,25 = a propria linha de morte do retangulo)

  [ 1/18] PRODUCAO (com teto R$80)   liquido   3.720,70 |  615 op | acerto 44,9% vs BE 39,7% | POSITIVO
  [ 2/18] borda m=1,00 k=0,50        liquido  -1.031,30 |  107 op | acerto 27,1% vs BE 33,8% | indefinido
  [ 3/18] borda m=0,75 k=0,50        liquido  -1.035,80 |  130 op | acerto 34,6% vs BE 41,2% | indefinido
  [ 4/18] borda m=1,30 k=0,25        liquido  -1.009,90 |  171 op | acerto 14,6% vs BE 18,8% | indefinido
  [ 5/18] PRODUCAO (sem teto)        liquido   4.512,70 |  615 op | acerto 45,4% vs BE 39,2% | POSITIVO
  [ 6/18] borda m=0,75 k=0,25        liquido  -1.005,70 |  187 op | acerto 21,4% vs BE 26,9% | indefinido
  [ 7/18] borda m=0,50 k=0,25        liquido  -1.024,40 |  348 op | acerto 31,9% vs BE 36,0% | indefinido
  [ 8/18] borda m=0,50 k=0,25 @1.500 liquido  -1.405,60 |  364 op | acerto 31,0% vs BE 36,4% | NEGATIVO
  [ 9/18] borda m=0,50 k=0,50 @1.500 liquido  -1.432,80 |  296 op | acerto 45,9% vs BE 51,1% | indefinido
  [10/18] borda m=0,50 k=0,50        liquido  -1.040,80 |  184 op | acerto 44,6% vs BE 50,3% | indefinido
  [11/18] borda m=1,30 k=0,50        liquido  -1.088,90 |   97 op | acerto 22,7% vs BE 29,3% | indefinido
  [12/18] borda m=1,00 k=0,25        liquido  -1.013,60 |  144 op | acerto 16,0% vs BE 21,8% | indefinido
  [13/18] borda m=0,75 k=0,25 @1.500 liquido  -1.403,80 |  252 op | acerto 22,2% vs BE 28,2% | NEGATIVO
  [14/18] borda m=1,00 k=0,25 @1.500 liquido  -1.411,00 |  196 op | acerto 16,8% vs BE 23,1% | NEGATIVO
  [15/18] borda m=0,75 k=0,50 @1.500 liquido  -1.416,80 |  152 op | acerto 33,6% vs BE 41,3% | indefinido
  [16/18] borda m=1,30 k=0,50 @1.500 liquido  -1.440,40 |  130 op | acerto 23,1% vs BE 29,7% | indefinido
  [17/18] borda m=1,00 k=0,50 @1.500 liquido  -1.428,80 |  116 op | acerto 25,9% vs BE 34,3% | indefinido
  [18/18] borda m=1,30 k=0,25 @1.500 liquido  -1.412,80 |  190 op | acerto 13,7% vs BE 19,1% | indefinido

==================================================================================================================================================
A GRADE, SO' NO IS -- o OOS nao entra aqui de proposito
==================================================================================================================================================
  celula                     trades    liquido  acerto                IC95   BEemp    veredito    R$/op   pts/op    DD op. caixa min   sem_tr   alvo%
  ---------------------------------------------------------------------------------------------------------------------------------------------------
  PRODUCAO (com teto R$80)      615   3.720,70   44,9%     [41,0% ; 48,8%]   39,7%    POSITIVO     6,05     30,2    989,50    946,40   10/129   43,9%
  PRODUCAO (sem teto)           615   4.512,70   45,4%     [41,5% ; 49,3%]   39,2%    POSITIVO     7,34     36,7    989,50    855,50   10/129   44,4%
  ---------------------------------------------------------------------------------------------------------------------------------------------------
  borda m=0,50 k=0,25           348  -1.024,40   31,9%     [27,2% ; 37,0%]   36,0%  indefinido    -2,94    -14,7  1.169,90     75,60   77/129   31,9%
  borda m=0,50 k=0,50           184  -1.040,80   44,6%     [37,6% ; 51,8%]   50,3%  indefinido    -5,66    -28,3  1.292,80     59,20   91/129   44,6%
  borda m=0,75 k=0,25           187  -1.005,70   21,4%     [16,1% ; 27,8%]   26,9%  indefinido    -5,38    -26,9  1.271,70     94,30   95/129   21,4%
  borda m=0,75 k=0,50           130  -1.035,80   34,6%     [27,0% ; 43,1%]   41,2%  indefinido    -7,97    -39,8  1.331,80     64,20   95/129   34,6%
  borda m=1,00 k=0,25           144  -1.013,60   16,0%     [10,9% ; 22,8%]   21,8%  indefinido    -7,04    -35,2  1.303,60     86,40   96/129   16,0%
  borda m=1,00 k=0,50           107  -1.031,30   27,1%     [19,6% ; 36,2%]   33,8%  indefinido    -9,64    -48,2  1.353,30     68,70   97/129   27,1%
  borda m=1,30 k=0,25           171  -1.009,90   14,6%     [10,1% ; 20,7%]   18,8%  indefinido    -5,91    -29,5  1.258,40     90,10   91/129   13,5%
  borda m=1,30 k=0,50            97  -1.088,90   22,7%     [15,5% ; 32,0%]   29,3%  indefinido   -11,23    -56,1  1.371,90     11,10   96/129   21,6%
  ---------------------------------------------------------------------------------------------------------------------------------------------------
  borda m=0,50 k=0,25 @1.500    364  -1.405,60   31,0%     [26,5% ; 36,0%]   36,4%    NEGATIVO    -3,86    -19,3  1.551,10     94,40   76/129   31,0%
  borda m=0,50 k=0,50 @1.500    296  -1.432,80   45,9%     [40,4% ; 51,6%]   51,1%  indefinido    -4,84    -24,2  1.684,80     67,20   76/129   45,9%
  borda m=0,75 k=0,25 @1.500    252  -1.403,80   22,2%     [17,5% ; 27,8%]   28,2%    NEGATIVO    -5,57    -27,9  1.669,80     96,20   87/129   21,4%
  borda m=0,75 k=0,50 @1.500    152  -1.416,80   33,6%     [26,5% ; 41,4%]   41,3%  indefinido    -9,32    -46,6  1.712,80     83,20   92/129   33,6%
  borda m=1,00 k=0,25 @1.500    196  -1.411,00   16,8%     [12,2% ; 22,7%]   23,1%    NEGATIVO    -7,20    -36,0  1.701,00     89,00   91/129   16,3%
  borda m=1,00 k=0,50 @1.500    116  -1.428,80   25,9%     [18,8% ; 34,5%]   34,3%  indefinido   -12,32    -61,6  1.750,80     71,20   96/129   25,9%
  borda m=1,30 k=0,25 @1.500    190  -1.412,80   13,7%      [9,5% ; 19,3%]   19,1%  indefinido    -7,44    -37,2  1.661,30     87,20   90/129   12,1%
  borda m=1,30 k=0,50 @1.500    130  -1.440,40   23,1%     [16,7% ; 31,0%]   29,7%  indefinido   -11,08    -55,4  1.723,40     59,60   91/129   22,3%

  'alvo%' = fracao das saidas pelo ALVO. 'caixa min' abaixo de R$100 (margem crua do WIN@) = janela CENSURADA:
   o robo ficou sem caixa e parou, entao o liquido mede o portao, nao a geometria.

==================================================================================================================================================
PORTAO DE IS -- so' passa quem tiver veredito POSITIVO ou R$/op > 0 com n >= 100
==================================================================================================================================================
  borda m=0,50 k=0,25          para aqui   CENSURADA
  borda m=0,50 k=0,50          para aqui   CENSURADA
  borda m=0,75 k=0,25          para aqui   CENSURADA
  borda m=0,75 k=0,50          para aqui   CENSURADA
  borda m=1,00 k=0,25          para aqui   CENSURADA
  borda m=1,00 k=0,50          para aqui   CENSURADA
  borda m=1,30 k=0,25          para aqui   CENSURADA
  borda m=1,30 k=0,50          para aqui   CENSURADA
  borda m=0,50 k=0,25 @1.500   para aqui   CENSURADA
  borda m=0,50 k=0,50 @1.500   para aqui   CENSURADA
  borda m=0,75 k=0,25 @1.500   para aqui   CENSURADA
  borda m=0,75 k=0,50 @1.500   para aqui   CENSURADA
  borda m=1,00 k=0,25 @1.500   para aqui   CENSURADA
  borda m=1,00 k=0,50 @1.500   para aqui   CENSURADA
  borda m=1,30 k=0,25 @1.500   para aqui   CENSURADA
  borda m=1,30 k=0,50 @1.500   para aqui   CENSURADA

  Nenhuma celula passou o portao do IS. O OOS fica INTACTO -- e' o desfecho
  mais barato possivel: a inversao de lado na borda nao sobrevive nem ao IS.

FIM.
