================================================================================================================================================================
win_retangulo -- VARREDURA de ttl_barras da entrada, IS e OOS, capital R$1.100
================================================================================================================================================================
  IS 129 pregoes | OOS 64 pregoes | TTLs testados: (5, 8, 10, 15, 20, 30)

  ok ttl=20 OOS ttl=20: n=189 win=85
  ok ttl= 8 OOS ttl= 8: n=178 win=81
  ok ttl=10 OOS ttl=10: n=179 win=82
  ok ttl=30 OOS ttl=30: n=194 win=86
  ok ttl=15 OOS ttl=15: n=186 win=83
  ok ttl= 5 OOS ttl= 5: n=177 win=81
  ok ttl=20 IS  ttl=20: n=653 win=293
  ok ttl=15 IS  ttl=15: n=636 win=286
  ok ttl= 8 IS  ttl= 8: n=605 win=268
  ok ttl= 5 IS  ttl= 5: n=590 win=263
  ok ttl=10 IS  ttl=10: n=615 win=276
  ok ttl=30 IS  ttl=30: n=683 win=307

================================================================================================================================================================
IS
================================================================================================================================================================
variante                        retorno   liquido R$  MaxDD %    MaxDD R$ lucro/DD   win% trades     R$/dia trd/dia  capital final pregoes      pts/op      BEemp%    veredito   sem tradeatraso mediana(min)atraso p90(min)
----------------------------------------------------------------------------------------------------------------------------------------------------------------------------------------------------------------------------
TTL=5 IS  ttl= 5                 313,5%     3.448,00   -25,7%    1.063,10     3,24  44,6%    590      26,73     4,6       4.548,00     129        29,2       39,6%    POSITIVO      10/129         2,0         4,0  desliz.alvo 1,0t fila NAO CALIBRADA
TTL=8 IS  ttl= 8                 296,8%     3.264,50   -25,7%    1.006,60     3,24  44,3%    605      25,31     4,7       4.364,50     129        27,0       39,7%    POSITIVO      10/129         2,0         7,0  desliz.alvo 1,0t fila NAO CALIBRADA
TTL=10 IS  ttl=10                338,2%     3.720,70   -24,0%    1.042,10     3,57  44,9%    615      28,84     4,8       4.820,70     129        30,2       39,7%    POSITIVO      10/129         3,0         8,0  desliz.alvo 1,0t fila NAO CALIBRADA
TTL=15 IS  ttl=15                365,9%     4.025,20   -24,3%      994,50     4,05  45,0%    636      31,20     4,9       5.125,20     129        31,6       39,6%    POSITIVO      10/129         3,0        10,0  desliz.alvo 1,0t fila NAO CALIBRADA
TTL=20 IS  ttl=20                361,1%     3.971,70   -23,9%    1.060,50     3,75  44,9%    653      30,79     5,1       5.071,70     129        30,4       39,7%    POSITIVO      10/129         3,0        13,0  desliz.alvo 1,0t fila NAO CALIBRADA
TTL=30 IS  ttl=30                384,9%     4.233,70   -22,9%    1.046,00     4,05  44,9%    683      32,82     5,3       5.333,70     129        31,0       39,6%    POSITIVO      10/129         4,0        16,8  desliz.alvo 1,0t fila NAO CALIBRADA

================================================================================================================================================================
OOS
================================================================================================================================================================
variante                        retorno   liquido R$  MaxDD %    MaxDD R$ lucro/DD   win% trades     R$/dia trd/dia  capital final pregoes      pts/op      BEemp%    veredito   sem tradeatraso mediana(min)atraso p90(min)
----------------------------------------------------------------------------------------------------------------------------------------------------------------------------------------------------------------------------
TTL=5 OOS ttl= 5                 133,4%     1.467,50   -25,2%      384,50     3,82  45,8%    177      22,93     2,8       2.567,50      64        41,5       38,4%    POSITIVO       11/64         2,0         4,4  desliz.alvo 1,0t fila NAO CALIBRADA
TTL=8 OOS ttl= 8                 127,9%     1.407,00   -25,2%      384,50     3,66  45,5%    178      21,98     2,8       2.507,00      64        39,5       38,5%  indefinido       11/64         2,0         6,0  desliz.alvo 1,0t fila NAO CALIBRADA
TTL=10 OOS ttl=10                133,1%     1.464,50   -25,2%      384,50     3,81  45,8%    179      22,88     2,8       2.564,50      64        40,9       38,5%    POSITIVO       11/64         2,0         8,0  desliz.alvo 1,0t fila NAO CALIBRADA
TTL=15 OOS ttl=15                114,7%     1.262,00   -29,3%      392,00     3,22  44,6%    186      19,72     2,9       2.362,00      64        33,9       38,6%  indefinido       11/64         3,0         9,0  desliz.alvo 1,0t fila NAO CALIBRADA
TTL=20 OOS ttl=20                120,7%     1.327,50   -29,3%      392,00     3,39  45,0%    189      20,74     3,0       2.427,50      64        35,1       38,7%  indefinido       11/64         3,0        14,2  desliz.alvo 1,0t fila NAO CALIBRADA
TTL=30 OOS ttl=30                110,7%     1.218,00   -28,4%      425,00     2,87  44,3%    194      19,03     3,0       2.318,00      64        31,4       38,7%  indefinido       10/64         3,0        18,7  desliz.alvo 1,0t fila NAO CALIBRADA

================================================================================================================================================================
O PAR (n, win%) E O NULO -- e' isto que decide, nao o liquido
================================================================================================================================================================
    ttl  janela       n    win%                  IC95    BEemp%     veredito   atraso med(min)   atraso p90(min)
      5      IS     590    44,6           [40,6;48,6]      39,6     POSITIVO               2,0               4,0
      5     OOS     177    45,8           [38,6;53,1]      38,4     POSITIVO               2,0               4,4
      8      IS     605    44,3           [40,4;48,3]      39,7     POSITIVO               2,0               7,0
      8     OOS     178    45,5           [38,4;52,8]      38,5   indefinido               2,0               6,0
     10      IS     615    44,9           [41,0;48,8]      39,7     POSITIVO               3,0               8,0
     10     OOS     179    45,8           [38,7;53,1]      38,5     POSITIVO               2,0               8,0
     15      IS     636    45,0           [41,1;48,9]      39,6     POSITIVO               3,0              10,0
     15     OOS     186    44,6           [37,7;51,8]      38,6   indefinido               3,0               9,0
     20      IS     653    44,9           [41,1;48,7]      39,7     POSITIVO               3,0              13,0
     20     OOS     189    45,0           [38,1;52,1]      38,7   indefinido               3,0              14,2
     30      IS     683    44,9           [41,3;48,7]      39,6     POSITIVO               4,0              16,8
     30     OOS     194    44,3           [37,5;51,4]      38,7   indefinido               3,0              18,7

FIM.
