==============================================================================================================================================================================================
REVIVER O win_retangulo -- rompimento+reentrada como gatilho de entrada EXTRA (Hipotese A) e como filtro de qualidade das entradas normais (Hipotese B)
==============================================================================================================================================================================================
  WIN@ M1 | IS 129 pregoes (2025-12-01 a 2026-06-12) | capital de referencia R$ 1.100 (piso do win_retangulo)
  desenho de execucao FECHADO: EnterLimit com ttl, alvo so' como limite real, stop e' a UNICA ordem a mercado
  fila NAO CALIBRADA para WIN@ -- premissa OTIMISTA dos dois lados, igual em toda a linha

----------------------------------------------------------------------------------------------------------------------------------------------------------------------------------------------
PASSO 0 -- baseline PURO (WinRetangulo de producao, zero subclasse) -- confere os numeros conhecidos
----------------------------------------------------------------------------------------------------------------------------------------------------------------------------------------------
variante                        retorno   liquido R$  MaxDD %    MaxDD R$ lucro/DD   win% trades     R$/dia trd/dia  capital final pregoes      BEemp%    pior op.   caixa min   sem trade
------------------------------------------------------------------------------------------------------------------------------------------------------------------------------------------
0 BASELINE producao pura (esca   321,5%     3.536,60   -40,6%    2.084,20     1,70  44,9%    615      27,42     4,8       4.636,60     129       41,3%     -155,00      946,40      10/129  desliz.alvo 1,0t fila NAO CALIBRADA

  esperado (docstring de win_retangulo.py / anatomia.md): R$ 3.720,70 liquido, 615 trades
  medido agora (default atual, escala_por_caixa=True):    R$ 3.536,60 liquido, 615 trades
  >>> trades BATEM exato, liquido DIVERGE -- diagnosticando (nao e' bug ainda) <<<
  com escala_por_caixa=False (comportamento pre-2026-09-15): R$ 3.720,70 liquido, 615 trades
  >>> EXPLICADO, NAO E' BUG <<< -- o numero documentado (R$3.720,70) foi escrito ANTES do robo escalar contrato pelo caixa (commits 4806636/ca252a7, 2026-09-15 21:40) e nunca foi atualizado no docstring depois. A ESCALA por caixa e' o comportamento de PRODUCAO hoje (default da classe, e' o que `strategy.daytrade.registry.get_daytrade_robot('win_retangulo')` de fato instancia) -- por isso esta rodada usa R$3.536,60/615 trades, NAO R$3.720,70, como o baseline de referencia daqui pra frente. O invariante que de fato importa (615 trades, identico) BATEU exato -- deteccao/geometria/prazo nao mudaram.

----------------------------------------------------------------------------------------------------------------------------------------------------------------------------------------------
PASSO 1 -- 5 variantes (instrumentado + 4 combinacoes de revivencia)
----------------------------------------------------------------------------------------------------------------------------------------------------------------------------------------------
  ok 1 instrumentado (rev.OFF)      trades=  615  liquido=    3.536,60  reviv.preench=   0  caixa_min=946,40
  ok 5 revivencia j=60 multipla     trades=  812  liquido=    2.946,90  reviv.preench= 260  caixa_min=957,40
  ok 3 revivencia j=60 unica        trades=  682  liquido=    2.027,20  reviv.preench= 101  caixa_min=946,40
  ok 2 revivencia j=20 unica        trades=  656  liquido=    3.398,30  reviv.preench=  78  caixa_min=946,40
  ok 4 revivencia j=20 multipla     trades=  710  liquido=    3.122,30  reviv.preench= 141  caixa_min=957,40

----------------------------------------------------------------------------------------------------------------------------------------------------------------------------------------------
CONFERENCIA -- subclasse instrumentada com revivencia OFF tem de ser BYTE-IDENTICA ao baseline puro
----------------------------------------------------------------------------------------------------------------------------------------------------------------------------------------------
  baseline puro: 615 trades, R$ 3.536,60  |  instrumentado: 615 trades, R$ 3.536,60  ->  IDENTICO

==============================================================================================================================================================================================
TABELA PADRAO -- baseline puro + 5 variantes instrumentadas
==============================================================================================================================================================================================
variante                        retorno   liquido R$  MaxDD %    MaxDD R$ lucro/DD   win% trades     R$/dia trd/dia  capital final pregoesmorto captur. reviv.armadareviv.preench. reviv.expira   mec.falhou perd.pos.ab.perd.ord.pen.       BEemp%     pior op.    caixa min    sem trade
------------------------------------------------------------------------------------------------------------------------------------------------------------------------------------------------------------------------------------------------------------------------------------------
0 BASELINE producao pura (esca   321,5%     3.536,60   -40,6%    2.084,20     1,70  44,9%    615      27,42     4,8       4.636,60     129            —            —            —            —            —            —            —        41,3%      -155,00       946,40       10/129  desliz.alvo 1,0t fila NAO CALIBRADA
1 instrumentado (rev.OFF)        321,5%     3.536,60   -40,6%    2.084,20     1,70  44,9%    615      27,42     4,8       4.636,60     129            0            0            0            0            0            0            0        41,3%      -155,00       946,40       10/129  desliz.alvo 1,0t fila NAO CALIBRADA
2 revivencia j=20 unica          308,9%     3.398,30   -44,6%    2.126,00     1,60  44,7%    656      26,34     5,1       4.498,30     129          417          174           78           96            0           33           35        41,5%      -159,00       946,40       10/129  desliz.alvo 1,0t fila NAO CALIBRADA
3 revivencia j=60 unica          184,3%     2.027,20   -45,8%    2.283,50     0,89  44,1%    682      15,71     5,3       3.127,20     129          417          223          101          120            0           51          119        42,2%      -159,00       946,40        9/129  desliz.alvo 1,0t fila NAO CALIBRADA
4 revivencia j=20 multipla       283,8%     3.122,30   -43,2%    2.363,10     1,32  43,8%    710      24,20     5,5       4.222,30     129          417          274          141          133            0          632          590        40,9%      -163,50       957,40       10/129  desliz.alvo 1,0t fila NAO CALIBRADA
5 revivencia j=60 multipla       267,9%     2.946,90   -47,1%    2.404,50     1,23  43,5%    812      22,84     6,3       4.046,90     129          417          583          260          321            0         2416         2589        41,0%      -159,00       957,40        9/129  desliz.alvo 1,0t fila NAO CALIBRADA

==============================================================================================================================================================================================
HIPOTESE A -- economia ISOLADA das operacoes de REVIVENCIA (nao o agregado)
==============================================================================================================================================================================================
  variante                        n reviv.   R$ total reviv.  R$/op reviv.  win% reviv.  BEemp reviv.           IC95 reviv.  pior reviv.
  1 instrumentado (rev.OFF)              0   (nenhuma operacao de revivencia preencheu)
  2 revivencia j=20 unica               78           -761,60         -9,76        37,2%         42,9%[27,3% ; 48,3%]      -159,00
  3 revivencia j=60 unica              101         -1.073,20        -10,63        36,6%         43,5%[27,9% ; 46,4%]      -159,00
  4 revivencia j=20 multipla           141         -1.282,10         -9,09        36,2%         42,1%[28,7% ; 44,4%]      -159,00
  5 revivencia j=60 multipla           260         -1.432,50         -5,51        38,5%         42,3%[32,8% ; 44,5%]      -159,00

==============================================================================================================================================================================================
PISO DE CAPITAL -- recalculado se a revivencia rebaixar mais que o baseline
==============================================================================================================================================================================================
  baseline puro: rebaixamento por operacao R$ 1.979,00 -> piso R$ 2.079,00
  1 instrumentado (rev.OFF)     : rebaixamento por operacao R$ 1.979,00 -> piso R$ 2.079,00   caixa minimo atingido R$ 946,40
  5 revivencia j=60 multipla    : rebaixamento por operacao R$ 2.311,10 -> piso R$ 2.411,10   caixa minimo atingido R$ 957,40
  3 revivencia j=60 unica       : rebaixamento por operacao R$ 2.212,70 -> piso R$ 2.312,70   caixa minimo atingido R$ 946,40
  2 revivencia j=20 unica       : rebaixamento por operacao R$ 2.068,00 -> piso R$ 2.168,00   caixa minimo atingido R$ 946,40
  4 revivencia j=20 multipla    : rebaixamento por operacao R$ 2.283,50 -> piso R$ 2.383,50   caixa minimo atingido R$ 957,40

  PIOR REBAIXAMENTO por operacao entre TODAS as variantes: R$ 2.311,10 (5 revivencia j=60 multipla)
  PISO REAL recomendado (rebaixamento + margem crua R$100): R$ 2.411,10  (> R$1.100 do win_retangulo original -- NAO adotar 1.100 se for perseguir esta linha)

==============================================================================================================================================================================================
HIPOTESE B -- entradas NORMAIS (sem revivencia), separadas por historico de rompimento-sobrevivido
==============================================================================================================================================================================================
  COM rompimento nas 3xW barras antes      n=141    liquido=R$ 600,50       R$/op=4,26      win=41,1%    BEemp=38,7%    IC95=[33,4% ; 49,4%]
  SEM rompimento nas 3xW barras antes      n=474    liquido=R$ 2.936,10     R$/op=6,19      win=46,0%    BEemp=42,0%    IC95=[41,6% ; 50,5%]

  total de entradas normais rotuladas: 615 (deve bater com o trades do '1 instrumentado' na tabela acima)

==============================================================================================================================================================================================
FUNIL DA REVIVENCIA -- por variante (mostra onde a oportunidade nasce e onde ela morre)
==============================================================================================================================================================================================
  1 instrumentado (rev.OFF)
    mortos capturados: 0  |  substituidos sem reviver: 0  |  expirados sem reviver: 0
    revivencias armadas: 0  |  preenchidas: 0  |  expiraram sem fill: 0  |  checagem mecanica falhou: 0
    oportunidade perdida (motor nao piramida): posicao ja aberta 0x  |  ordem ja pendente 0x
  2 revivencia j=20 unica
    mortos capturados: 417  |  substituidos sem reviver: 6  |  expirados sem reviver: 237
    revivencias armadas: 174  |  preenchidas: 78  |  expiraram sem fill: 96  |  checagem mecanica falhou: 0
    oportunidade perdida (motor nao piramida): posicao ja aberta 33x  |  ordem ja pendente 35x
  3 revivencia j=60 unica
    mortos capturados: 417  |  substituidos sem reviver: 87  |  expirados sem reviver: 107
    revivencias armadas: 223  |  preenchidas: 101  |  expiraram sem fill: 120  |  checagem mecanica falhou: 0
    oportunidade perdida (motor nao piramida): posicao ja aberta 51x  |  ordem ja pendente 119x
  4 revivencia j=20 multipla
    mortos capturados: 417  |  substituidos sem reviver: 8  |  expirados sem reviver: 409
    revivencias armadas: 274  |  preenchidas: 141  |  expiraram sem fill: 133  |  checagem mecanica falhou: 0
    oportunidade perdida (motor nao piramida): posicao ja aberta 632x  |  ordem ja pendente 590x
  5 revivencia j=60 multipla
    mortos capturados: 417  |  substituidos sem reviver: 136  |  expirados sem reviver: 281
    revivencias armadas: 583  |  preenchidas: 260  |  expiraram sem fill: 321  |  checagem mecanica falhou: 0
    oportunidade perdida (motor nao piramida): posicao ja aberta 2416x  |  ordem ja pendente 2589x

==============================================================================================================================================================================================
COMO LER
==============================================================================================================================================================================================
  * So' o IS. O OOS fica INTACTO -- nao foi consultado nesta rodada.
  * 'fila NAO CALIBRADA' para WIN@: premissa OTIMISTA dos dois lados, igual em toda linha.
  * Regra do dono: se o efeito nao for evidente (poucas operacoes, ou breakeven dentro do
    IC95%), NAO ha para que mudar a producao.

FIM.
