==================================================================================================================================
win_retangulo -- SOBREPOSICAO de trades entre W=20 (producao) e W=30
==================================================================================================================================
  IS 129 pregoes | OOS 64 pregoes | largura minima: W20=328pts, W30=401pts

  ok OOS: W20 n=179 | W30 n=69
  ok IS: W20 n=615 | W30 n=296

variante                        retorno   liquido R$  MaxDD %    MaxDD R$ lucro/DD   win% trades     R$/dia trd/dia  capital final pregoes
------------------------------------------------------------------------------------------------------------------------------------------
W20 IS                           338,2%     3.720,70   -24,0%    1.042,10     3,57  44,9%    615      28,84     4,8       4.820,70     129  desliz.alvo 1,0t fila NAO CALIBRADA
W20 OOS                          133,1%     1.464,50   -25,2%      384,50     3,81  45,8%    179      22,88     2,8       2.564,50      64  desliz.alvo 1,0t fila NAO CALIBRADA
W30 IS                            98,0%     1.078,20   -45,9%      773,60     1,39  42,9%    296       8,36     2,3       2.178,20     129  desliz.alvo 1,0t fila NAO CALIBRADA
W30 OOS                          134,1%     1.475,50   -17,2%      292,90     5,04  55,1%     69      23,05     1,1       2.575,50      64  desliz.alvo 1,0t fila NAO CALIBRADA

==================================================================================================================================
SOBREPOSICAO DE TEMPO (intervalo [entry_ts, exit_ts] se cruza)
==================================================================================================================================
  IS: W20 n=615 (238 com overlap em algum trade W30, 38,7%) | W30 n=296 (216 com overlap em algum trade W20, 73,0%)
       soma ingenua (n20+n30) = 911 | uniao aproximada (descontando overlap) ~= 695 | ganho real de amostra ~= 13,0% sobre a MAIOR perna sozinha
  OOS: W20 n=179 (49 com overlap em algum trade W30, 27,4%) | W30 n=69 (44 com overlap em algum trade W20, 63,8%)
       soma ingenua (n20+n30) = 248 | uniao aproximada (descontando overlap) ~= 204 | ganho real de amostra ~= 14,0% sobre a MAIOR perna sozinha

==================================================================================================================================
O QUE ISTO NAO RESPONDE
==================================================================================================================================
  * Overlap baixo NAO significa 'rode os dois e dobre o lucro': WIN@ e' um so'
    simbolo numa conta MT5 NETTING, e dois robos no MESMO simbolo precisam de gate
    para nao conflitar ordens (memoria do projeto, netting_same_symbol_gate). Rodar
    W20+W30 juntos exige DOIS slots de capital com esse gate ligado -- decisao de
    alocacao, nao amplificacao gratuita medida aqui.
  * W30 nao foi validado nas mesmas condicoes que W20 (tolerancia/alvo/stop vieram
    do W20 sem recalibrar) -- os `n` de W30 acima sao para medir SOBREPOSICAO, nao
    para promover W30 como geometria alternativa.

FIM.
