======================================================================================================================
win_retangulo -- DECOMPOSICAO por MOTIVO DE SAIDA (IS e OOS, regua padrao)
======================================================================================================================
  capital R$ 1.100 | IS 129 pregoes | OOS 64 pregoes

  ok OOS (>= 2026-06-13): 179 trades
  ok IS  (< 2026-06-13): 615 trades

======================================================================================================================
IS  (< 2026-06-13) -- 615 operacoes | ganho medio R$70,49 | perda media R$46,42 | breakeven empirico 39,7%
======================================================================================================================
  motivo                                 n  % amostra     R$/op     soma R$   contrib. ganho medio   contrib. perda media
  alvo (limite, preenchido)            270      43,9%     71,45   19.292,00                  31,37                   0,00
  alvo (estouro prazo, a mercado)        0       0,0%         —           —                   0,00                   0,00
  stop (a mercado)                     333      54,1%    -47,00  -15.652,50                   0,00                  25,45
  achatamento de fim de pregao          12       2,0%      6,77       81,20                   0,27                   0,14
  sinal (reversao)                       0       0,0%         —           —                   0,00                   0,00
  TOTAL                                615     100,0%      6,05    3.720,70                  31,64                  25,59
  (a soma das colunas 'contrib.' bate com ganho_medio*n_ganhos/n_total e
   perda_media*n_perdas/n_total -- e' a mesma decomposicao, so' dividida por motivo)

======================================================================================================================
OOS (>= 2026-06-13) -- 179 operacoes | ganho medio R$68,85 | perda media R$43,11 | breakeven empirico 38,5%
======================================================================================================================
  motivo                                 n  % amostra     R$/op     soma R$   contrib. ganho medio   contrib. perda media
  alvo (limite, preenchido)             81      45,3%     69,46    5.626,50                  31,43                   0,00
  alvo (estouro prazo, a mercado)        0       0,0%         —           —                   0,00                   0,00
  stop (a mercado)                      97      54,2%    -43,11   -4.181,50                   0,00                  23,36
  achatamento de fim de pregao           1       0,6%     19,50       19,50                   0,11                   0,00
  sinal (reversao)                       0       0,0%         —           —                   0,00                   0,00
  TOTAL                                179     100,0%      8,18    1.464,50                  31,54                  23,36
  (a soma das colunas 'contrib.' bate com ganho_medio*n_ganhos/n_total e
   perda_media*n_perdas/n_total -- e' a mesma decomposicao, so' dividida por motivo)

======================================================================================================================
LEITURA
======================================================================================================================
  O breakeven empirico e' pm/(gm+pm). Qualquer motivo que pesa MUITO do lado da
  perda (tipicamente o stop, a mercado, geometria fixa em 0,50xL) e' dificil de
  atacar sem mudar a geometria estrutural (ja varrida: platô 39/42). Um motivo do
  lado do GANHO que contribuir pouco (ex.: alvo raramente completa antes do
  achatamento, ou completa mas com valor medio baixo) e' onde uma mudanca de
  ECONOMIA (nao de regra de gestao) teria alavanca.

FIM.
