================================================================================================================================
win_retangulo -- a TENDENCIA VIGENTE muda o acerto (ideia 1) ou a
                 MAGNITUDE (ideia 2)? E qual regua descreve o movimento (ideia 3)?
================================================================================================================================
  IS 129 pregoes | OOS 65 pregoes | 1 contrato fixo | capital R$1.100 | custo 7,5 pontos
  robo de PRODUCAO (kwargs do registry), achatamento vindo de config_for
  WIN@ SEM fila calibrada: enche no TOQUE nas duas pontas
  OOS entra so' como conferencia de SINAL -- nenhum parametro e' escolhido aqui

  ok OOS: 182 operacoes, 407 ordens armadas, 0 sem par (nao entram nas tabelas)
  ok IS: 615 operacoes, 1202 ordens armadas, 0 sem par (nao entram nas tabelas)

================================================================================================================================
0. CONFERENCIA DE ARRANQUE -- bate com a tabela da docstring do robo?
================================================================================================================================
  janela   operacoes     liquido   acerto   pts/op   esperado (docstring)
  IS             615    3.720,70    44,9%     30,2   615 op / R$3.720,70 / 44,9%
  OOS            182    1.274,00    45,1%     35,0   179 op / R$1.464,50 / 45,8%

  (diferenca de poucas operacoes = as que ficaram sem par de armada;
   diferenca grande = o diagnostico nao descreve o robo e nada abaixo vale)

================================================================================================================================
1. IDEIA 1 -- PRIORIZAR A TENDENCIA: o acerto separa por alinhamento?
================================================================================================================================
  regua       grupo      jan       n   acerto                IC95   BEemp    veredito    R$/op   pts/op    liquido
  ----------------------------------------------------------------------------------------------------------------
  perna_pre   ALINHADA   IS      313    46,0%     [40,6% ; 51,5%]   39,2%    POSITIVO     8,15     40,8   2.552,50
  perna_pre   ALINHADA   OOS     106    42,5%     [33,5% ; 52,0%]   40,2%  indefinido     2,51     12,5     265,80
  perna_pre   CONTRA     IS      293    43,3%     [37,8% ; 49,1%]   40,3%  indefinido     3,44     17,2   1.008,70
  perna_pre   CONTRA     OOS      70    47,1%     [35,9% ; 58,7%]   36,5%  indefinido    12,16     60,8     851,20
  ----------------------------------------------------------------------------------------------------------------
  K20         ALINHADA   IS      468    46,4%     [41,9% ; 50,9%]   40,0%    POSITIVO     7,35     36,8   3.441,00
  K20         ALINHADA   OOS     129    45,7%     [37,4% ; 54,3%]   38,7%  indefinido     7,92     39,6   1.021,50
  K20         CONTRA     IS      146    40,4%     [32,8% ; 48,5%]   38,6%  indefinido     2,19     10,9     319,20
  K20         CONTRA     OOS      53    43,4%     [31,0% ; 56,7%]   39,2%  indefinido     4,76     23,8     252,50
  ----------------------------------------------------------------------------------------------------------------
  K60         ALINHADA   IS      374    43,3%     [38,4% ; 48,4%]   39,5%  indefinido     4,55     22,8   1.703,20
  K60         ALINHADA   OOS     112    44,6%     [35,8% ; 53,9%]   39,9%  indefinido     5,34     26,7     597,80
  K60         CONTRA     IS      229    46,7%     [40,4% ; 53,2%]   40,0%    POSITIVO     7,72     38,6   1.767,50
  K60         CONTRA     OOS      63    44,4%     [32,8% ; 56,7%]   36,6%  indefinido     8,93     44,7     562,70
  ----------------------------------------------------------------------------------------------------------------
  K120        ALINHADA   IS      251    45,0%     [39,0% ; 51,2%]   39,3%  indefinido     6,64     33,2   1.667,10
  K120        ALINHADA   OOS      59    45,8%     [33,7% ; 58,3%]   39,5%  indefinido     6,89     34,4     406,30
  K120        CONTRA     IS      206    43,2%     [36,6% ; 50,0%]   40,0%  indefinido     3,66     18,3     753,20
  K120        CONTRA     OOS      48    43,8%     [30,7% ; 57,7%]   40,7%  indefinido     3,17     15,8     152,00
  ----------------------------------------------------------------------------------------------------------------
  abertura    ALINHADA   IS      322    44,7%     [39,4% ; 50,2%]   39,3%    POSITIVO     6,46     32,3   2.080,40
  abertura    ALINHADA   OOS     100    42,0%     [32,8% ; 51,8%]   38,9%  indefinido     3,52     17,6     352,20
  abertura    CONTRA     IS      293    45,1%     [39,5% ; 50,8%]   40,1%  indefinido     5,60     28,0   1.640,30
  abertura    CONTRA     OOS      82    48,8%     [38,3% ; 59,4%]   38,6%  indefinido    11,24     56,2     921,80
  ----------------------------------------------------------------------------------------------------------------

================================================================================================================================
2. IDEIA 1, versao FORTE -- e se so' contar quando a tendencia for de verdade?
================================================================================================================================
  forca = |variacao da regua| / largura do retangulo. 'fraca' e' ruido, nao tendencia.

  regua       forca            grupo     jan       n   acerto   BEemp    R$/op   pts/op
  -------------------------------------------------------------------------------------
  perna_pre   fraca (<0,5x)    ALINHADA  IS       75    50,7%   39,3%    13,59     68,0
  perna_pre   fraca (<0,5x)    ALINHADA  OOS      26    30,8%   41,0%   -11,50    -57,5
  perna_pre   fraca (<0,5x)    CONTRA    IS       76    32,9%   40,8%    -8,64    -43,2
  perna_pre   fraca (<0,5x)    CONTRA    OOS      14    71,4%   37,8%    36,86    184,3
  perna_pre   media (0,5-1x)   ALINHADA  IS       68    41,2%   37,9%     3,98     19,9
  perna_pre   media (0,5-1x)   ALINHADA  OOS      27    51,9%   41,7%    10,91     54,5
  perna_pre   media (0,5-1x)   CONTRA    IS       46    32,6%   36,5%    -4,61    -23,0
  perna_pre   media (0,5-1x)   CONTRA    OOS      19    52,6%   35,5%    20,24    101,2
  perna_pre   forte (1-2x)     ALINHADA  IS      106    48,1%   40,0%     9,65     48,2
  perna_pre   forte (1-2x)     ALINHADA  OOS      29    44,8%   39,2%     6,84     34,2
  perna_pre   forte (1-2x)     CONTRA    IS      111    52,3%   41,1%    12,96     64,8
  perna_pre   forte (1-2x)     CONTRA    OOS      27    25,9%   34,6%   -10,64    -53,2
  perna_pre   muito forte (>2x)ALINHADA  IS       64    42,2%   39,0%     3,75     18,8
  perna_pre   muito forte (>2x)ALINHADA  OOS      24    41,7%   38,9%     2,99     15,0
  perna_pre   muito forte (>2x)CONTRA    IS       60    48,3%   42,0%     7,32     36,6
  perna_pre   muito forte (>2x)CONTRA    OOS      10    60,0%   37,5%    23,80    119,0
  -------------------------------------------------------------------------------------
  K20         fraca (<0,5x)    ALINHADA  IS      182    44,5%   39,3%     5,98     29,9
  K20         fraca (<0,5x)    ALINHADA  OOS      56    50,0%   38,0%    13,48     67,4
  K20         fraca (<0,5x)    CONTRA    IS      107    40,2%   39,4%     0,86      4,3
  K20         fraca (<0,5x)    CONTRA    OOS      36    50,0%   37,7%    13,89     69,4
  K20         media (0,5-1x)   ALINHADA  IS      235    46,4%   40,1%     7,22     36,1
  K20         media (0,5-1x)   ALINHADA  OOS      63    39,7%   39,5%     0,25      1,2
  K20         media (0,5-1x)   CONTRA    IS       37    43,2%   36,9%     8,55     42,7
  K20         media (0,5-1x)   CONTRA    OOS      17    29,4%   42,5%   -14,56    -72,8
  K20         forte (1-2x)     ALINHADA  IS       51    52,9%   42,1%    12,83     64,1
  K20         forte (1-2x)     ALINHADA  OOS      10    60,0%   38,4%    25,10    125,5
  K20         forte (1-2x)     CONTRA    IS        2     0,0%  100,0%   -44,50   -222,5
  K20         forte (1-2x)     CONTRA    OOS       0       --      --       --       --
  K20         muito forte (>2x)ALINHADA  IS        0       --      --       --       --
  K20         muito forte (>2x)ALINHADA  OOS       0       --      --       --       --
  K20         muito forte (>2x)CONTRA    IS        0       --      --       --       --
  K20         muito forte (>2x)CONTRA    OOS       0       --      --       --       --
  -------------------------------------------------------------------------------------
  K60         fraca (<0,5x)    ALINHADA  IS       75    40,0%   40,4%    -0,41     -2,0
  K60         fraca (<0,5x)    ALINHADA  OOS      21    57,1%   39,8%    20,21    101,1
  K60         fraca (<0,5x)    CONTRA    IS       41    51,2%   35,7%    17,43     87,1
  K60         fraca (<0,5x)    CONTRA    OOS      25    56,0%   36,4%    20,74    103,7
  K60         media (0,5-1x)   ALINHADA  IS       82    41,5%   39,1%     2,85     14,3
  K60         media (0,5-1x)   ALINHADA  OOS      24    29,2%   44,6%   -16,83    -84,2
  K60         media (0,5-1x)   CONTRA    IS       60    35,0%   40,1%    -5,88    -29,4
  K60         media (0,5-1x)   CONTRA    OOS      13    46,2%   35,2%    14,21     71,0
  K60         forte (1-2x)     ALINHADA  IS      124    46,0%   39,5%     7,69     38,4
  K60         forte (1-2x)     ALINHADA  OOS      40    45,0%   39,5%     6,00     30,0
  K60         forte (1-2x)     CONTRA    IS       83    53,0%   42,6%    11,57     57,9
  K60         forte (1-2x)     CONTRA    OOS      13    15,4%   32,6%   -22,27   -111,3
  K60         muito forte (>2x)ALINHADA  IS       93    44,1%   39,1%     5,88     29,4
  K60         muito forte (>2x)ALINHADA  OOS      27    48,1%   37,3%    12,49     62,5
  K60         muito forte (>2x)CONTRA    IS       45    46,7%   38,7%     9,89     49,4
  K60         muito forte (>2x)CONTRA    OOS      12    50,0%   38,4%    12,42     62,1
  -------------------------------------------------------------------------------------
  K120        fraca (<0,5x)    ALINHADA  IS       38    60,5%   40,8%    22,24    111,2
  K120        fraca (<0,5x)    ALINHADA  OOS       4    50,0%   41,9%     8,25     41,2
  K120        fraca (<0,5x)    CONTRA    IS       37    40,5%   36,6%     4,40     22,0
  K120        fraca (<0,5x)    CONTRA    OOS      14    35,7%   43,8%    -8,36    -41,8
  K120        media (0,5-1x)   ALINHADA  IS       46    39,1%   39,9%    -0,85     -4,2
  K120        media (0,5-1x)   ALINHADA  OOS      15    46,7%   38,1%     9,30     46,5
  K120        media (0,5-1x)   CONTRA    IS       32    34,4%   41,5%    -7,54    -37,7
  K120        media (0,5-1x)   CONTRA    OOS       6    33,3%   39,9%    -6,50    -32,5
  K120        forte (1-2x)     ALINHADA  IS       60    45,0%   39,0%     6,97     34,8
  K120        forte (1-2x)     ALINHADA  OOS      13    38,5%   39,5%    -1,27     -6,3
  K120        forte (1-2x)     CONTRA    IS       47    44,7%   40,6%     4,53     22,6
  K120        forte (1-2x)     CONTRA    OOS      10    50,0%   40,4%    10,60     53,0
  K120        muito forte (>2x)ALINHADA  IS      107    42,1%   38,6%     4,14     20,7
  K120        muito forte (>2x)ALINHADA  OOS      27    48,1%   39,4%     9,27     46,4
  K120        muito forte (>2x)CONTRA    IS       90    46,7%   41,0%     6,88     34,4
  K120        muito forte (>2x)CONTRA    OOS      18    50,0%   39,3%    11,22     56,1
  -------------------------------------------------------------------------------------
  abertura    fraca (<0,5x)    ALINHADA  IS       39    43,6%   38,4%     7,14     35,7
  abertura    fraca (<0,5x)    ALINHADA  OOS      14    28,6%   43,3%   -17,34    -86,7
  abertura    fraca (<0,5x)    CONTRA    IS       28    39,3%   38,6%     0,82      4,1
  abertura    fraca (<0,5x)    CONTRA    OOS      15    53,3%   37,9%    18,30     91,5
  abertura    media (0,5-1x)   ALINHADA  IS       25    32,0%   41,1%   -10,66    -53,3
  abertura    media (0,5-1x)   ALINHADA  OOS       8    25,0%   38,3%   -16,75    -83,8
  abertura    media (0,5-1x)   CONTRA    IS       22    13,6%   42,7%   -30,45   -152,3
  abertura    media (0,5-1x)   CONTRA    OOS       9    33,3%   35,7%    -2,50    -12,5
  abertura    forte (1-2x)     ALINHADA  IS       66    51,5%   38,1%    15,45     77,3
  abertura    forte (1-2x)     ALINHADA  OOS      20    45,0%   41,8%     3,25     16,2
  abertura    forte (1-2x)     CONTRA    IS       70    47,1%   40,5%     7,51     37,6
  abertura    forte (1-2x)     CONTRA    OOS      19    36,8%   38,3%    -1,77     -8,9
  abertura    muito forte (>2x)ALINHADA  IS      192    44,3%   39,6%     5,46     27,3
  abertura    muito forte (>2x)ALINHADA  OOS      58    46,6%   36,7%    11,45     57,2
  abertura    muito forte (>2x)CONTRA    IS      173    49,1%   40,2%    10,18     50,9
  abertura    muito forte (>2x)CONTRA    OOS      39    56,4%   39,0%    18,04     90,2
  -------------------------------------------------------------------------------------

================================================================================================================================
3. IDEIA 2 -- A ONDA CONTRA A TENDENCIA E' MENOR? (MFE, em fracao da largura)
================================================================================================================================
  MFE = maior excursao a FAVOR entre o fill de entrada e o de saida.
  O alvo de producao esta' em 0,80xL; o stop em 0,50xL.

  regua       grupo     jan       n   MFE med   MFE p75   MFE p90   MAE med   >=0,80L   >=0,50L
  ---------------------------------------------------------------------------------------------
  perna_pre   ALINHADA  IS      313     0,661     0,869     1,013     0,509     44,4%     59,1%
  perna_pre   ALINHADA  OOS     106     0,656     0,892     0,998     0,528     45,3%     55,7%
  perna_pre   CONTRA    IS      293     0,628     0,892     1,021     0,523     41,6%     60,1%
  perna_pre   CONTRA    OOS      70     0,661     0,964     1,054     0,498     47,1%     55,7%
  ---------------------------------------------------------------------------------------------
  K20         ALINHADA  IS      468     0,704     0,882     1,040     0,513     44,9%     61,5%
  K20         ALINHADA  OOS     129     0,683     0,910     1,020     0,505     47,3%     58,1%
  K20         CONTRA    IS      146     0,571     0,863     0,991     0,521     38,4%     53,4%
  K20         CONTRA    OOS      53     0,542     0,937     1,057     0,527     45,3%     50,9%
  ---------------------------------------------------------------------------------------------
  K60         ALINHADA  IS      374     0,627     0,866     1,001     0,519     42,0%     58,3%
  K60         ALINHADA  OOS     112     0,667     0,908     1,005     0,523     46,4%     56,2%
  K60         CONTRA    IS      229     0,666     0,900     1,040     0,513     44,5%     61,6%
  K60         CONTRA    OOS      63     0,639     0,933     1,049     0,505     46,0%     55,6%
  ---------------------------------------------------------------------------------------------
  K120        ALINHADA  IS      251     0,634     0,866     0,982     0,511     43,4%     58,6%
  K120        ALINHADA  OOS      59     0,496     0,879     1,008     0,499     45,8%     49,2%
  K120        CONTRA    IS      206     0,589     0,882     1,001     0,518     41,3%     59,7%
  K120        CONTRA    OOS      48     0,515     0,861     1,041     0,512     41,7%     52,1%
  ---------------------------------------------------------------------------------------------
  abertura    ALINHADA  IS      322     0,658     0,882     1,033     0,513     43,5%     60,6%
  abertura    ALINHADA  OOS     100     0,656     0,905     1,018     0,515     44,0%     54,0%
  abertura    CONTRA    IS      293     0,634     0,871     1,021     0,514     43,0%     58,7%
  abertura    CONTRA    OOS      82     0,742     0,967     1,051     0,496     50,0%     58,5%
  ---------------------------------------------------------------------------------------------

================================================================================================================================
4. IDEIA 3 -- QUAL ANCORA DESCREVE O MOVIMENTO: a LARGURA ou a PERNA ANTERIOR?
================================================================================================================================
  correlacao de posto (Spearman) entre o MFE em PONTOS e cada ancora candidata.
  Se a largura correlaciona melhor, a ancora de Elliott nao acrescenta regua nova.

  janela ancora                       n    Spearman(MFE, ancora)
  --------------------------------------------------------------
  IS     largura do retangulo       615                    0,329
  IS     |perna anterior|           606                    0,133
  IS     |K60|                      606                    0,133

  OOS    largura do retangulo       182                    0,360
  OOS    |perna anterior|           176                    0,008
  OOS    |K60|                      176                    0,001

  FRACAO DAS OPERACOES QUE ALCANCA CADA NIVEL, por ancora
  janela ancora                       n    x0,382    x0,500    x0,618    x0,800    x1,000    x1,618
  -------------------------------------------------------------------------------------------------
  IS     largura do retangulo       615     71,5%     59,7%     51,7%     43,3%     11,4%      0,3%
  IS     |perna anterior|           606     65,3%     53,0%     45,4%     33,2%     27,7%     18,6%

  OOS    largura do retangulo       182     65,9%     56,0%     52,2%     46,7%     14,3%      0,0%
  OOS    |perna anterior|           176     64,2%     53,4%     46,0%     40,3%     34,7%     19,9%

================================================================================================================================
5. CONTROLE -- a assimetria esta' no LADO (compra x venda), e nao na tendencia?
================================================================================================================================
  lado    jan       n   acerto   BEemp    veredito    R$/op   MFE med
  ----------------------------------------------------------------------
  long    IS      317    44,8%   39,4%    POSITIVO     6,36     0,655
  long    OOS      92    43,5%   38,5%  indefinido     5,63     0,492
  short   IS      298    45,0%   40,0%  indefinido     5,72     0,633
  short   OOS      90    46,7%   39,2%  indefinido     8,40     0,726

================================================================================================================================
6. IDEIA 4 -- DEPOIS DO STOP NA BORDA, O PRECO VOLTA AO MEIO?
================================================================================================================================
  O stop do robo fica em meio +/- 0,50xL, que E' a borda oposta -- e a linha de
  MORTE do retangulo so' vem em meio +/- 0,75xL. Tomar stop, entao, e' chegar a'
  borda com o retangulo AINDA VIVO. A operacao proposta e' o fade dali de volta
  ao meio: alvo 0,50xL, stop k x L alem da borda. Em k=0,25 a razao e' 2:1,
  breakeven nominal 33,3% -- o INVERSO da geometria 'stop longe/alvo perto' que
  ja foi reprovada duas vezes nesta linha.

  IDEAL = enche no proprio preco do stop, sem exigir retoque nem fila. E'
  OTIMISTA de proposito: se nem assim pagar, a ideia morre sem custar desenho.
  EXECUTAVEL = limite parada NA BORDA, exige (1) o preco se afastar para a ordem
  poder descansar do lado certo e (2) retoque em ate 10 barras. Custo de
  7,5 pontos ja descontado nos dois. Empate na mesma barra conta como STOP.

  versao      k (stop)  jan       n   fill%   alvo%   stop%  aberto%   BEnom   pts/op    R$/op    liquido
  -------------------------------------------------------------------------------------------------------
  IDEAL       0,15      IS      333  100,0%   27,6%   72,4%     0,0%   23,1%      6,4     1,27     423,58
  IDEAL       0,15      OOS     100  100,0%   26,0%   73,0%     1,0%   23,1%      4,5     0,90      89,95
  IDEAL       0,25      IS      333  100,0%   34,8%   65,2%     0,0%   33,3%     -0,3    -0,06     -19,11
  IDEAL       0,25      OOS     100  100,0%   37,0%   62,0%     1,0%   33,3%      7,3     1,47     146,99
  IDEAL       0,50      IS      333  100,0%   51,7%   47,7%     0,6%   50,0%      4,6     0,91     303,56
  IDEAL       0,50      OOS     100  100,0%   52,0%   47,0%     1,0%   50,0%      8,9     1,78     178,13
  -------------------------------------------------------------------------------------------------------
  EXECUTAVEL  0,15      IS      259   77,8%   24,7%   75,3%     0,0%   23,1%     -6,3    -1,26    -326,01
  EXECUTAVEL  0,15      OOS      77   77,0%   23,4%   76,6%     0,0%   23,1%     -6,8    -1,36    -104,53
  EXECUTAVEL  0,25      IS      259   77,8%   33,6%   66,0%     0,4%   33,3%     -9,7    -1,93    -499,93
  EXECUTAVEL  0,25      OOS      77   77,0%   35,1%   64,9%     0,0%   33,3%     -2,3    -0,47     -35,82
  EXECUTAVEL  0,50      IS      259   77,8%   48,3%   50,6%     1,2%   50,0%    -13,5    -2,70    -698,87
  EXECUTAVEL  0,50      OOS      77   77,0%   51,9%   48,1%     0,0%   50,0%      5,8     1,16      89,18
  -------------------------------------------------------------------------------------------------------
  'alvo%' e' o acerto e compara-se com 'BEnom' = k/(0,50+k) -- o breakeven a custo
  ZERO da geometria. 'aberto%' e' o fim de pregao chegando antes do desfecho:
  liquidado no ultimo fechamento, que e' otimista (a producao achataria antes).

================================================================================================================================
7. IDEIA 5 -- O ROBO IGNORA DE ONDE O PRECO VEIO. ISSO CUSTA ALGUMA COISA?
================================================================================================================================
  Observacao do dono: 'se o preco esta' vindo do piso, o caminho natural numa
  lateralizacao e' ir em direcao ao topo; hoje parece que se decide sempre que o
  preco chega no centro, mas nao esta' considerando DE ONDE o preco esta' vindo'.
  Correto: a decisao e' `close < meio`, uma FOTO da posicao. A perna que preenche
  sempre vem do lado oposto (a venda parada no centro so' enche com preco SUBINDO),
  mas o TAMANHO dela nao entra em lugar nenhum da decisao.

  origem = |preco de entrada - extremo alcancado antes do fill| / largura.
  ~0,50 -> a perna atravessou meia largura (veio da borda); ~0,10 -> mal se afastou.

  lookback    faixa de origem     jan       n   acerto   BEemp    veredito    R$/op   pts/op   MFE med
  ----------------------------------------------------------------------------------------------------
  10 barras   rasa (<0,20L)       IS        2    50,0%   35,5%  indefinido    14,50     72,5     0,545
  10 barras   rasa (<0,20L)       OOS       1   100,0%    0,0%    POSITIVO    77,50    387,5     0,877
  10 barras   media (0,20-0,35L)  IS       30    40,0%   37,0%  indefinido     3,97     19,8     0,603
  10 barras   media (0,20-0,35L)  OOS      14    28,6%   35,0%  indefinido    -7,57    -37,9     0,294
  10 barras   funda (0,35-0,50L)  IS      109    43,1%   41,3%  indefinido     2,17     10,8     0,581
  10 barras   funda (0,35-0,50L)  OOS      35    42,9%   39,2%  indefinido     4,16     20,8     0,437
  10 barras   da borda (>=0,50L)  IS      474    45,6%   39,5%    POSITIVO     7,04     35,2     0,670
  10 barras   da borda (>=0,50L)  OOS     132    47,0%   39,2%  indefinido     8,76     43,8     0,726
  ----------------------------------------------------------------------------------------------------
C:\Users\Jeffe\Documents\study\meta\scripts\daytrade\win_retangulo_tendencia_diagnostico_2026_09_16.py:646: RuntimeWarning: All-NaN slice encountered
  f"{br(r['pts'],1):>9}{br(float(np.nanmedian(mf)),3):>10}")
  20 barras   rasa (<0,20L)       IS        0       --      --          --       --       --        --
  20 barras   rasa (<0,20L)       OOS       0       --      --          --       --       --        --
  20 barras   media (0,20-0,35L)  IS        0       --      --          --       --       --        --
  20 barras   media (0,20-0,35L)  OOS       0       --      --          --       --       --        --
  20 barras   funda (0,35-0,50L)  IS       18    38,9%   44,5%  indefinido    -6,23    -31,2     0,503
  20 barras   funda (0,35-0,50L)  OOS       8    12,5%   35,1%  indefinido   -26,25   -131,2     0,291
  20 barras   da borda (>=0,50L)  IS      597    45,1%   39,6%    POSITIVO     6,42     32,1     0,655
  20 barras   da borda (>=0,50L)  OOS     174    46,6%   39,0%    POSITIVO     8,53     42,6     0,685
  ----------------------------------------------------------------------------------------------------
  desde a armadarasa (<0,20L)       IS       28    35,7%   36,8%  indefinido    -1,39     -7,0     0,338
  desde a armadarasa (<0,20L)       OOS      16    50,0%   37,5%  indefinido    14,56     72,8     0,640
  desde a armadamedia (0,20-0,35L)  IS       84    41,7%   40,4%  indefinido     1,62      8,1     0,615
  desde a armadamedia (0,20-0,35L)  OOS      29    48,3%   37,5%  indefinido    11,78     58,9     0,542
  desde a armadafunda (0,35-0,50L)  IS      105    41,9%   40,2%  indefinido     2,07     10,3     0,550
  desde a armadafunda (0,35-0,50L)  OOS      38    31,6%   37,6%  indefinido    -6,94    -34,7     0,358
  desde a armadada borda (>=0,50L)  IS      398    47,0%   39,5%    POSITIVO     8,56     42,8     0,717
  desde a armadada borda (>=0,50L)  OOS      99    48,5%   39,8%  indefinido     9,73     48,7     0,801
  ----------------------------------------------------------------------------------------------------
  Se a perna FUNDA (veio da borda) pagar pior que a RASA, a leitura do dono esta'
  medida: entrar contra um movimento que ja atravessou meia largura e' o caso ruim,
  e 'de onde veio' vira filtro. Se nao separar, o robo ignora algo que nao informa.

  operacoes exportadas em scratch/win_retangulo_tendencia_ops.csv

FIM.
