============================================================================================================================================================================
win_retangulo — DOIS MESES, caixa mínimo e nenhum aporte
============================================================================================================================================================================
  janela pedida : 2026-07-16 a 2026-09-16
  janela medida : 2026-07-16 a 2026-09-15
  16/09 NÃO entrou: o pregão ainda não tinha aberto quando isto rodou (00:28 BRT); último dia com barra na base é 2026-09-15

  dias corridos            : 62
  PREGÕES no período       : 42
  pregões COM operação     : 33
  pregões SEM operação     : 9
  capital inicial          : R$ 1.100,00  (piso medido, sem aporte)
  fila                     : NÃO CALIBRADA (preenche no toque, dos dois lados)

variante                        retorno   liquido R$  MaxDD %    MaxDD R$ lucro/DD   win% trades     R$/dia trd/dia  capital final pregoes      pts/op      BEemp%     ctr max     ctr méd   sem trade    pior op.  melhor op.
------------------------------------------------------------------------------------------------------------------------------------------------------------------------------------------------------------------------------
2 meses (42 pregões)              80,6%       886,50   -29,8%      384,50     2,31  44,4%    117      21,11     2,8       1.986,50      42        37,9       37,8%           1        1,00        9/42      -72,50      125,50  desliz.alvo 1,0t fila NAO CALIBRADA

============================================================================================================================================================================
PREGÃO A PREGÃO — lucro/prejuízo do dia e o caixa correndo
============================================================================================================================================================================
  pregão   dia          ops  acertos  ctr máx  result. do dia   caixa ao fim         pico   do pico
  16/07    Thursday       5      1/5        1          -97,50       1.002,50     1.100,00    -97,50
  17/07    Friday         —        —        —               —       1.002,50     1.100,00    -97,50
  20/07    Monday         —        —        —               —       1.002,50     1.100,00    -97,50
  21/07    Tuesday        —        —        —               —       1.002,50     1.100,00    -97,50
  22/07    Wednesday      —        —        —               —       1.002,50     1.100,00    -97,50
  23/07    Thursday       4      1/4        1          -55,00         947,50     1.100,00   -152,50
  24/07    Friday         7      5/7        1          215,50       1.163,00     1.163,00      0,00
  27/07    Monday         1      1/1        1           57,50       1.220,50     1.220,50      0,00
  28/07    Tuesday        —        —        —               —       1.220,50     1.220,50      0,00
  29/07    Wednesday      1      1/1        1           52,50       1.273,00     1.273,00      0,00
  30/07    Thursday       1      0/1        1          -39,50       1.233,50     1.273,00    -39,50
  03/08    Monday         —        —        —               —       1.233,50     1.273,00    -39,50
  04/08    Tuesday        —        —        —               —       1.233,50     1.273,00    -39,50
  05/08    Wednesday      1      1/1        1           55,50       1.289,00     1.289,00      0,00
  06/08    Thursday       2      0/2        1         -124,00       1.165,00     1.289,00   -124,00
  07/08    Friday         —        —        —               —       1.165,00     1.289,00   -124,00
  10/08    Monday        10     2/10        1         -203,00         962,00     1.289,00   -327,00
  11/08    Tuesday        —        —        —               —         962,00     1.289,00   -327,00
  12/08    Wednesday      3      2/3        1           75,50       1.037,50     1.289,00   -251,50
  13/08    Thursday       1      0/1        1          -35,50       1.002,00     1.289,00   -287,00
  14/08    Friday         2      1/2        1           27,00       1.029,00     1.289,00   -260,00
  17/08    Monday         6      3/6        1           59,00       1.088,00     1.289,00   -201,00
  18/08    Tuesday        3      2/3        1           90,50       1.178,50     1.289,00   -110,50
  19/08    Wednesday      4      3/4        1          239,00       1.417,50     1.417,50      0,00
  20/08    Thursday       1      1/1        1           81,50       1.499,00     1.499,00      0,00
  21/08    Friday         3      1/3        1           36,50       1.535,50     1.535,50      0,00
  24/08    Monday         6      1/6        1         -124,00       1.411,50     1.535,50   -124,00
  25/08    Tuesday        6      2/6        1          -15,00       1.396,50     1.535,50   -139,00
  26/08    Wednesday      1      1/1        1           70,50       1.467,00     1.535,50    -68,50
  27/08    Thursday       6      3/6        1           78,00       1.545,00     1.545,00      0,00
  28/08    Friday         6      3/6        1           88,00       1.633,00     1.633,00      0,00
  31/08    Monday         1      0/1        1          -40,50       1.592,50     1.633,00    -40,50
  01/09    Tuesday        3      2/3        1           70,50       1.663,00     1.663,00      0,00
  02/09    Wednesday      4      1/4        1          -59,00       1.604,00     1.663,00    -59,00
  03/09    Thursday       3      3/3        1          210,50       1.814,50     1.814,50      0,00
  04/09    Friday         2      2/2        1          186,00       2.000,50     2.000,50      0,00
  08/09    Tuesday        2      1/2        1           32,00       2.032,50     2.032,50      0,00
  09/09    Wednesday      5      2/5        1           -2,50       2.030,00     2.032,50     -2,50
  10/09    Thursday       4      1/4        1          -45,00       1.985,00     2.032,50    -47,50
  11/09    Friday         8      4/8        1          160,00       2.145,00     2.145,00      0,00
  14/09    Monday         2      1/2        1           32,00       2.177,00     2.177,00      0,00
  15/09    Tuesday        3      0/3        1         -190,50       1.986,50     2.177,00   -190,50

============================================================================================================================================================================
FECHAMENTO
============================================================================================================================================================================
  capital inicial              R$     1.100,00
  resultado do período         R$       886,50   (80,6%)
  CAIXA FINAL                  R$     1.986,50

  operações                                117
  acerto                                 44,4%   IC95 [35,8 ; 53,5] contra breakeven 37,8%
  média por operação           R$         7,58   (37,9 pontos)
  média por pregão             R$        21,11
  operações por pregão                     2,8

  pregões positivos                         20
  pregões negativos                         13
  pregões sem operar                         9
  melhor pregão                R$       239,00   (19/08)
  pior pregão                  R$      -203,00   (10/08)

  contratos máximos                          1
  contratos médios                        1,00
  pior operação                R$       -72,50
  melhor operação              R$       125,50

  pior queda (série DIÁRIA)    R$       327,00
  pior queda (por OPERAÇÃO)    R$       373,50   ← é esta que o portão de capital vê
  menor caixa da série         R$       909,00   (margem crua do WIN@ é R$100)

============================================================================================================================================================================
COMO LER
============================================================================================================================================================================
  * A janela está INTEIRA dentro do OOS já medido: é zoom nas mesmas operações,
    não evidência nova. Dois meses não produzem veredito.
  * `fila NÃO CALIBRADA` é a ressalva que mais pesa: toda ordem-limite preenche
    no TOQUE. Quando essa premissa foi conferida contra extrato real no WDO, o
    motor errou o SINAL do resultado (+R$3,82/op previsto contra −R$3,00 real).
  * Mesma classe `WinRetangulo` e mesmo `config_for` do caminho ao vivo.

FIM.
