============================================================================================================================================
WIN@ retangulo D1 -- REFINAMENTO DO ACHADO (tolerancia de borda) -- SO' NO IS
============================================================================================================================================
  IS: 129 pregoes | capital R$ 650 | margem WIN@ R$100/contrato

36 rodadas (grade tol x deriva x contencao)...

  ... 12/36
  ... 24/36
  ... 36/36

============================================================================================================================================
GRADE COMPLETA (IS) -- ordenada por liquido
============================================================================================================================================
  variante                                            liquido  trades   win%    be%  pts/op  MaxDD trd  luc/DD  caixa min   sem_tr
  --------------------------------------------------------------------------------------------------------------------------------
  tol 20% | sem deriva_max | sem contencao_min       5.105,90     771  44,5%  39,0%    33,1     803,00    6,36     465,00    4/129
  tol 20% | sem deriva_max | contencao original (95%)   5.055,40     732  44,9%  39,2%    34,5     785,50    6,44     465,00    4/129
  tol 30% | deriva original (25%) | contencao original (95%)   4.910,90     711  45,4%  39,7%    34,5     858,00    5,72     203,10    8/129
  tol 30% | deriva original (25%) | sem contencao_min   4.699,90     737  45,0%  39,7%    31,9     906,20    5,19     192,40    7/129
  tol 15% | deriva original (25%) | sem contencao_min   4.513,20     544  46,7%  39,7%    41,5     883,50    5,11     425,90   18/129
  tol 35% | deriva original (25%) | contencao original (95%)   4.477,90     751  44,6%  39,7%    29,8   1.237,00    3,62     213,60    4/129
  tol 25% | deriva original (25%) | contencao original (95%)   4.392,50     675  45,2%  39,8%    32,5     909,30    4,83     313,40   10/129
  tol 20% | deriva original (25%) | contencao original (95%)   4.366,70     615  45,2%  39,3%    35,5     989,50    4,41     405,50   10/129
  tol 18% | sem deriva_max | contencao original (95%)   4.359,10     687  44,4%  39,1%    31,7     947,50    4,60     485,00    8/129
  tol 18% | sem deriva_max | sem contencao_min       4.309,10     725  43,9%  38,9%    29,7   1.000,00    4,31     485,00    7/129
  tol 35% | deriva original (25%) | sem contencao_min   4.227,90     779  44,3%  39,8%    27,1   1.354,70    3,12     216,00    4/129
  tol 25% | deriva original (25%) | sem contencao_min   4.220,00     698  44,8%  39,8%    30,2     759,20    5,56     313,40   10/129
  tol 20% | deriva original (25%) | sem contencao_min   4.217,20     628  44,9%  39,3%    33,6     990,50    4,26     405,50   10/129
  tol 15% | deriva original (25%) | contencao original (95%)   4.156,20     532  46,1%  39,5%    39,1     895,50    4,64     425,90   18/129
  tol 12% | deriva original (25%) | sem contencao_min   4.121,10     493  46,2%  39,2%    41,8     501,00    8,23     425,90   23/129
  tol 12% | deriva original (25%) | contencao original (95%)   4.070,10     479  46,3%  39,2%    42,5     525,00    7,75     425,90   23/129
  tol 18% | deriva original (25%) | sem contencao_min   4.013,90     597  45,2%  39,6%    33,6     933,50    4,30     425,50   12/129
  tol 18% | deriva original (25%) | contencao original (95%)   3.985,40     578  45,3%  39,6%    34,5     915,50    4,35     425,50   13/129
  tol 15% | sem deriva_max | contencao original (95%)   3.757,10     641  44,3%  39,4%    29,3     886,50    4,24     485,00   11/129
  tol 15% | sem deriva_max | sem contencao_min       3.530,60     670  43,7%  39,3%    26,3     908,00    3,89     485,00   10/129
  tol 12% | sem deriva_max | contencao original (95%)   3.220,10     579  43,9%  39,1%    27,8   1.015,70    3,17     485,00   16/129
  tol 10% | deriva original (25%) | sem contencao_min   3.191,30     459  45,1%  39,2%    34,8     803,90    3,97     309,40   26/129
  tol 10% | deriva original (25%) | contencao original (95%)   3.178,30     449  45,2%  39,2%    35,4     822,90    3,86     309,40   26/129
  tol 8% | deriva original (25%) | sem contencao_min   3.089,10     421  45,8%  39,6%    36,7     616,10    5,01     460,00   33/129
  tol 12% | sem deriva_max | sem contencao_min       2.896,10     605  43,1%  39,1%    23,9     934,70    3,10     485,00   15/129
  tol 8% | deriva original (25%) | contencao original (95%)   2.834,10     403  45,7%  39,7%    35,2     640,60    4,42     460,00   33/129
  tol 10% | sem deriva_max | contencao original (95%)   2.689,30     535  43,6%  39,3%    25,1   1.175,30    2,29     223,60   21/129
  tol 10% | sem deriva_max | sem contencao_min       2.206,30     563  42,5%  39,1%    19,6   1.196,30    1,84     262,90   20/129
  tol 8% | sem deriva_max | contencao original (95%)   2.085,90     487  43,5%  39,8%    21,4     988,30    2,11     346,10   28/129
  tol 8% | sem deriva_max | sem contencao_min        1.904,90     527  42,9%  39,8%    18,1     997,80    1,91     369,10   26/129
  tol 25% | sem deriva_max | contencao original (95%)    -448,60     136  38,2%  41,1%   -16,5     622,40   -0,72     144,10   94/129
  tol 25% | sem deriva_max | sem contencao_min        -550,10      35  34,3%  46,7%   -78,6     666,60   -0,83      99,90  121/129
  tol 35% | sem deriva_max | sem contencao_min        -552,50      29  34,5%  50,0%   -95,3     722,50   -0,76      97,50  123/129
  tol 35% | sem deriva_max | contencao original (95%)    -568,40      22  31,8%  53,3%  -129,2     703,40   -0,81      81,60  124/129
  tol 30% | sem deriva_max | contencao original (95%)    -568,40      22  31,8%  53,3%  -129,2     703,40   -0,81      81,60  124/129
  tol 30% | sem deriva_max | sem contencao_min        -610,90      23  30,4%  52,7%  -132,8     703,40   -0,87      39,10  124/129

============================================================================================================================================
SO' TOL, deriva/contencao ORIGINAIS (isola o efeito puro da tolerancia)
============================================================================================================================================
  variante                                            liquido  trades   win%    be%  pts/op  MaxDD trd  luc/DD  caixa min   sem_tr
  --------------------------------------------------------------------------------------------------------------------------------
  tol 8% | deriva original (25%) | contencao original (95%)   2.834,10     403  45,7%  39,7%    35,2     640,60    4,42     460,00   33/129
  tol 10% | deriva original (25%) | contencao original (95%)   3.178,30     449  45,2%  39,2%    35,4     822,90    3,86     309,40   26/129
  tol 12% | deriva original (25%) | contencao original (95%)   4.070,10     479  46,3%  39,2%    42,5     525,00    7,75     425,90   23/129
  tol 15% | deriva original (25%) | contencao original (95%)   4.156,20     532  46,1%  39,5%    39,1     895,50    4,64     425,90   18/129
  tol 18% | deriva original (25%) | contencao original (95%)   3.985,40     578  45,3%  39,6%    34,5     915,50    4,35     425,50   13/129
  tol 20% | deriva original (25%) | contencao original (95%)   4.366,70     615  45,2%  39,3%    35,5     989,50    4,41     405,50   10/129
  tol 25% | deriva original (25%) | contencao original (95%)   4.392,50     675  45,2%  39,8%    32,5     909,30    4,83     313,40   10/129
  tol 30% | deriva original (25%) | contencao original (95%)   4.910,90     711  45,4%  39,7%    34,5     858,00    5,72     203,10    8/129
  tol 35% | deriva original (25%) | contencao original (95%)   4.477,90     751  44,6%  39,7%    29,8   1.237,00    3,62     213,60    4/129

============================================================================================================================================
MELHOR CELULA DA GRADE (por liquido): tol 20% | sem deriva_max | sem contencao_min
============================================================================================================================================
  liquido 5.105,90 (baseline 2.834,10) | trades 771 (baseline 403) | win 44,5% vs be 39,0% | pts/op 33,1 (baseline 35,2) | MaxDD(trades) 803,00 (baseline 640,60) | lucro/DD 6,36 (baseline 4,42) | caixa minimo realizado 465,00 (capital R$ 650) | sem_trade 4/129 (baseline 33/129)
  caixa minimo realizado ficou ACIMA da margem crua (R$100) o tempo todo -- nenhuma censura por capital nesta janela, a R$650.

  robustez (consistencia() completa da melhor celula):
    blocos de 20 pregoes positivos: 80,9% | pregoes com trade positivos: 58,4% | pior sequencia de pregoes negativos seguidos: 4 | top5 dias / lucro bruto: 20,0%

FIM.
