============================================================================================================================================
WIN@ retangulo D1 -- OFFSET DE ENTRADA e TETO DE RISCO, sobre o candidato tol=20% -- SO' NO IS
============================================================================================================================================
  IS: 129 pregoes | capital R$ 650

FASE OFFSET: 9 rodadas...

  variante                                  liquido  trades   win%    be%  pts/op     MaxDD  luc/DD pior perda  caixa min   sem_tr
  --------------------------------------------------------------------------------------------------------------------------------
  offset -0.20xL                           2.007,10     459  27,9%  24,3%    21,9    752,30    2,67    -103,50     207,80   17/129
  offset -0.15xL                           1.913,30     495  31,1%  27,9%    19,3    792,40    2,41     -79,30     230,80   13/129
  offset -0.10xL                           2.886,30     523  35,9%  31,4%    27,6    971,00    2,97     -88,50     140,50   13/129
  offset -0.05xL                           3.234,50     557  40,0%  35,2%    29,0    943,00    3,43     -99,50     289,90   13/129
  offset +0.00xL                           4.366,70     615  45,2%  39,3%    35,5    989,50    4,41    -110,50     405,50   10/129
  offset +0.05xL                           3.753,20     646  47,4%  42,5%    29,0  1.058,50    3,55    -121,50     355,50   10/129
  offset +0.10xL                           3.756,90     677  50,8%  46,2%    27,7  1.289,60    2,91    -125,50     438,90   10/129
  offset +0.15xL                           3.872,00     724  54,7%  50,2%    26,7  1.395,60    2,77    -135,50     448,50    9/129
  offset +0.20xL                           2.434,10     759  56,8%  54,1%    16,0  1.867,60    1,30    -145,50     322,40   11/129

FASE TETO DE RISCO: 6 rodadas...

  variante                                  liquido  trades   win%    be%  pts/op     MaxDD  luc/DD pior perda  caixa min   sem_tr
  --------------------------------------------------------------------------------------------------------------------------------
  teto risco R$ sem teto                   4.366,70     615  45,2%  39,3%    35,5    989,50    4,41    -110,50     405,50   10/129
  teto risco R$ 100                        4.145,70     609  45,2%  39,4%    34,0    989,50    4,19     -86,50     456,40   10/129
  teto risco R$ 80                         3.762,20     598  45,0%  39,6%    31,5    989,50    3,80     -80,50     541,90   11/129
  teto risco R$ 70                         3.763,70     585  45,1%  39,5%    32,2    989,50    3,80     -79,70     541,90   11/129
  teto risco R$ 60                         1.890,80     540  43,5%  40,3%    17,5    802,80    2,36     -79,70     459,00   13/129
  teto risco R$ 50                         1.706,50     439  44,0%  40,2%    19,4    684,50    2,49     -79,70     545,00   18/129

FIM.
