==================================================================================================================================
WIN@ retangulo D1 -- SENSIBILIDADE AOS CRITERIOS DE FORMA (SO' NO IS -- OOS fica intocado)
==================================================================================================================================
  IS: 129 pregoes (2025-12-01 a 2026-06-12) | capital R$ 650 (piso real, nao R$3.000)
  geometria congelada (D1): alvo 0,80xL do centro, stop 0,50xL, re-arma enquanto vive, 1 contrato
  WIN@ sem fila calibrada: queue_ahead_qty=0 nas duas pontas (preenchimento no TOQUE)

FASE 1: 18 rodadas (ladder + piso de largura)...

  [1w] piso largura 150 pts (todos criterios)     liquido=   1.097,20  trades= 1046  win= 40,3%  be= 39,1%  pts/op=    5,2  sem_tr=  0/129
  [1] sem deriva_max (25%->inf)                  liquido=   2.085,90  trades=  487  win= 43,5%  be= 39,8%  pts/op=   21,4  sem_tr= 28/129
  [1] sem espalhamento_min (W/3->0)              liquido=    -568,10  trades=   19  win= 26,3%  be= 47,9%  pts/op= -149,5  sem_tr=125/129
  [1] sem visitas_min (2->0)                     liquido=   2.834,10  trades=  403  win= 45,7%  be= 39,7%  pts/op=   35,2  sem_tr= 33/129
  [1] baseline (candidato, todos os criterios)   liquido=   2.834,10  trades=  403  win= 45,7%  be= 39,7%  pts/op=   35,2  sem_tr= 33/129
  [1] tol 8%->15%                                liquido=   4.156,20  trades=  532  win= 46,1%  be= 39,5%  pts/op=   39,1  sem_tr= 18/129
  [1] sem contencao_min (95%->0%)                liquido=   3.089,10  trades=  421  win= 45,8%  be= 39,6%  pts/op=   36,7  sem_tr= 33/129
  [1] sem toques_min (2->0)                      liquido=   2.834,10  trades=  403  win= 45,7%  be= 39,7%  pts/op=   35,2  sem_tr= 33/129
  [1] tol 8%->20%                                liquido=   4.366,70  trades=  615  win= 45,2%  be= 39,3%  pts/op=   35,5  sem_tr= 10/129
  [1] sem contracao_max (55%->inf)               liquido=   2.842,30  trades=  481  win= 45,3%  be= 40,4%  pts/op=   29,5  sem_tr= 22/129
  [1] sem trocas_min (2->0)                      liquido=   2.574,10  trades=  407  win= 45,0%  be= 39,6%  pts/op=   31,6  sem_tr= 33/129
  [1] sem cruzamentos_min (3->0)                 liquido=   2.707,80  trades=  428  win= 45,1%  be= 39,7%  pts/op=   31,6  sem_tr= 31/129
  [1] PLACEBO (banda crua, referencia)           liquido=    -631,50  trades=   75  win= 33,3%  be= 38,9%  pts/op=  -42,1  sem_tr=116/129
  [1w] piso largura 200 pts (todos criterios)     liquido=   1.318,90  trades=  851  win= 40,7%  be= 39,0%  pts/op=    7,7  sem_tr=  3/129
  [1w] piso largura 250 pts (todos criterios)     liquido=   2.100,10  trades=  637  win= 42,2%  be= 39,0%  pts/op=   16,5  sem_tr= 10/129
  [1w] piso largura 275 pts (todos criterios)     liquido=   2.061,70  trades=  563  win= 42,3%  be= 38,8%  pts/op=   18,3  sem_tr= 17/129
  [1w] piso largura 300 pts (todos criterios)     liquido=   2.141,10  trades=  491  win= 42,8%  be= 38,9%  pts/op=   21,8  sem_tr= 22/129
  [1w] piso largura 328 pts (todos criterios)     liquido=   2.834,10  trades=  403  win= 45,7%  be= 39,7%  pts/op=   35,2  sem_tr= 33/129

==================================================================================================================================
FASE 1 -- TABELA (IS), ordenada por GANHO DE TRADES sobre o baseline
==================================================================================================================================
  variante                                      liquido  trades  d_trades   win%    be%   pts/op     MaxDD   sem_tr
  -----------------------------------------------------------------------------------------------------------------
  baseline (candidato, todos os criterios)     2.834,10     403        +0  45,7%  39,7%     35,2    525,60   33/129
  tol 8%->20%                                  4.366,70     615      +212  45,2%  39,3%     35,5    888,50   10/129
  tol 8%->15%                                  4.156,20     532      +129  46,1%  39,5%     39,1    856,00   18/129
  sem deriva_max (25%->inf)                    2.085,90     487       +84  43,5%  39,8%     21,4    830,40   28/129
  sem contracao_max (55%->inf)                 2.842,30     481       +78  45,3%  40,4%     29,5    568,10   22/129
  sem cruzamentos_min (3->0)                   2.707,80     428       +25  45,1%  39,7%     31,6    723,90   31/129
  sem contencao_min (95%->0%)                  3.089,10     421       +18  45,8%  39,6%     36,7    501,10   33/129
  sem trocas_min (2->0)                        2.574,10     407        +4  45,0%  39,6%     31,6    525,60   33/129
  sem toques_min (2->0)                        2.834,10     403        +0  45,7%  39,7%     35,2    525,60   33/129
  sem visitas_min (2->0)                       2.834,10     403        +0  45,7%  39,7%     35,2    525,60   33/129
  sem espalhamento_min (W/3->0)                 -568,10      19      -384  26,3%  47,9%   -149,5    568,10  125/129
  PLACEBO (banda crua, referencia)              -631,50      75      -328  33,3%  38,9%    -42,1    770,90  116/129

  --- piso de largura (todos os criterios ligados) ---
  piso (pts)        liquido  trades   win%    be%   pts/op     MaxDD   sem_tr
  150              1.097,20    1046  40,3%  39,1%      5,2    631,80    0/129
  200              1.318,90     851  40,7%  39,0%      7,7    742,90    3/129
  250              2.100,10     637  42,2%  39,0%     16,5    721,20   10/129
  275              2.061,70     563  42,3%  38,8%     18,3    721,10   17/129
  300              2.141,10     491  42,8%  38,9%     21,8    774,60   22/129
  328              2.834,10     403  45,7%  39,7%     35,2    525,60   33/129

==================================================================================================================================
FASE 2 -- combinacoes dos relaxamentos mais promissores (mais trades, win% > breakeven)
==================================================================================================================================
  entrando na FASE 2: ['tol 8%->20%', 'tol 8%->15%', 'sem deriva_max (25%->inf)']

  [2] tol 8%->20% + sem deriva_max (25%->inf) + piso 150 liquido=    -554,80  trades=  324  win= 38,3%  be= 40,5%  pts/op=   -8,6  sem_tr= 95/129
  [2] tol 8%->15% + sem deriva_max (25%->inf) + piso 150 liquido=   2.713,70  trades= 1349  win= 41,5%  be= 39,2%  pts/op=   10,1  sem_tr=  0/129
  [2] tol 8%->20% + tol 8%->15% + sem deriva_max (25%->inf) + piso 150 liquido=   2.713,70  trades= 1349  win= 41,5%  be= 39,2%  pts/op=   10,1  sem_tr=  0/129
  [2] tol 8%->20% + tol 8%->15% + piso 150       liquido=   2.724,10  trades= 1235  win= 41,7%  be= 39,2%  pts/op=   11,0  sem_tr=  0/129
  [2] tol 8%->20% + sem deriva_max (25%->inf)    liquido=   5.055,40  trades=  732  win= 44,9%  be= 39,2%  pts/op=   34,5  sem_tr=  4/129
  [2] tol 8%->20% + tol 8%->15% + sem deriva_max (25%->inf) liquido=   3.757,10  trades=  641  win= 44,3%  be= 39,4%  pts/op=   29,3  sem_tr= 11/129
  [2] tol 8%->15% + sem deriva_max (25%->inf)    liquido=   3.757,10  trades=  641  win= 44,3%  be= 39,4%  pts/op=   29,3  sem_tr= 11/129
  [2] tol 8%->20% + tol 8%->15%                  liquido=   4.156,20  trades=  532  win= 46,1%  be= 39,5%  pts/op=   39,1  sem_tr= 18/129

==================================================================================================================================
FASE 2 -- TABELA (IS)
==================================================================================================================================
  variante                                      liquido  trades  d_trades   win%    be%   pts/op     MaxDD   sem_tr
  -----------------------------------------------------------------------------------------------------------------
  baseline (candidato)                         2.834,10     403        +0  45,7%  39,7%     35,2    525,60   33/129
  tol 8%->20% + tol 8%->15%                    4.156,20     532      +129  46,1%  39,5%     39,1    856,00   18/129
  tol 8%->20% + tol 8%->15% + piso 150         2.724,10    1235      +832  41,7%  39,2%     11,0    816,40    0/129
  tol 8%->20% + sem deriva_max (25%->inf)      5.055,40     732      +329  44,9%  39,2%     34,5    785,50    4/129
  tol 8%->20% + sem deriva_max (25%->inf) + piso 150    -554,80     324       -79  38,3%  40,5%     -8,6    821,70   95/129
  tol 8%->15% + sem deriva_max (25%->inf)      3.757,10     641      +238  44,3%  39,4%     29,3    841,50   11/129
  tol 8%->15% + sem deriva_max (25%->inf) + piso 150   2.713,70    1349      +946  41,5%  39,2%     10,1    829,10    0/129
  tol 8%->20% + tol 8%->15% + sem deriva_max (25%->inf)   3.757,10     641      +238  44,3%  39,4%     29,3    841,50   11/129
  tol 8%->20% + tol 8%->15% + sem deriva_max (25%->inf) + piso 150   2.713,70    1349      +946  41,5%  39,2%     10,1    829,10    0/129

FIM.
