============================================================================================================================================================================
win_retangulo — CINCO MESES, caixa mínimo e nenhum aporte
============================================================================================================================================================================
  janela pedida : 2026-04-16 a 2026-09-16
  janela medida : 2026-04-16 a 2026-09-15   (153 dias corridos, 104 pregões)
  16/09 não entrou: o pregão ainda não abriu quando isto rodou
  capital inicial R$ 1.100,00 — piso do robô, SEM aporte

  *** A janela ATRAVESSA o corte IS/OOS (2026-06-13) ***
      IS  (parâmetros foram escolhidos aqui): 39 pregões, 2026-04-16 a 2026-06-12
      OOS (janela cega)                     : 65 pregões, 2026-06-15 a 2026-09-15

variante                        retorno   liquido R$  MaxDD %    MaxDD R$ lucro/DD   win% trades     R$/dia trd/dia  capital final pregoes      pts/op      BEemp%     ctr max     ctr méd   sem trade    pior op.  melhor op.
------------------------------------------------------------------------------------------------------------------------------------------------------------------------------------------------------------------------------
5 meses (TOTAL)                  124,3%     1.367,40   -69,9%      933,90     1,46  43,4%    318      13,15     3,1       2.467,40     104        21,5       39,6%           1        1,00      14/104      -74,30      125,50  desliz.alvo 1,0t fila NAO CALIBRADA
  ├ parte IS                       8,5%        93,40   -69,9%      933,90     0,10  41,2%    136       2,39     3,5       1.193,40      39         3,4       40,6%           1        1,00        3/39      -70,50      109,50  desliz.alvo 1,0t fila NAO CALIBRADA
  └ parte OOS (cega)             115,8%     1.274,00   -25,2%      384,50     3,31  45,1%    182      19,60     2,8       2.374,00      65        35,0       38,8%           1        1,00       11/65      -74,30      125,50  desliz.alvo 1,0t fila NAO CALIBRADA

============================================================================================================================================================================
MÊS A MÊS — a série inteira corrida de uma vez, partindo de R$1.100
============================================================================================================================================================================
  mês         pregões  c/ ops   ops  acertos   result. R$   caixa ao fim  ctr máx   melhor dia    pior dia
  Apr/26           10      10    30    14/30       218,00       1.318,00        1       127,00     -209,50
  May/26           20      18    73    26/73      -476,10         841,90        1       244,00     -206,10
  Jun/26           21      20    77    34/77       318,30       1.160,20        1       168,00     -112,00
  Jul/26           22      15    40    21/40       554,20       1.714,40        1       215,50      -97,50
  Aug/26           21      17    62    26/62       359,00       2.073,40        1       239,00     -203,00
  Sep/26           10      10    36    17/36       394,00       2.467,40        1       210,50     -190,50

============================================================================================================================================================================
FECHAMENTO — os 5 meses corridos
============================================================================================================================================================================
  capital inicial              R$     1.100,00
  resultado do período         R$     1.367,40   (124,3%)
  CAIXA FINAL                  R$     2.467,40

  dias corridos                            153
  pregões                                  104
  pregões com operação                      90
  pregões sem operação                      14
  pregões positivos / negativos        51 / 39

  operações                                318
  acerto                                 43,4%   IC95 [38,1 ; 48,9] contra breakeven 39,6%
  média por operação           R$         4,30
  média por pregão             R$        13,15
  operações por pregão                     3,1

  contratos máximos                          1
  contratos médios                        1,00
  pior operação                R$       -74,30
  melhor operação              R$       125,50

  pior queda (série DIÁRIA)    R$       887,00
  pior queda (por OPERAÇÃO)    R$       926,50   ← o que o portão de capital vê
  menor caixa da série         R$       410,00   (margem crua do WIN@: R$100)

============================================================================================================================================================================
COMO LER
============================================================================================================================================================================
  * A linha TOTAL mistura IS e OOS. Os parâmetros do robô foram escolhidos
    olhando o IS, então a parte cega (OOS) é a que informa — e ela está separada.
  * `fila NÃO CALIBRADA`: toda ordem-limite preenche no TOQUE. Quando essa
    premissa foi conferida contra extrato real no WDO, o motor errou o SINAL.
  * Backtest tem feed perfeito e nunca reinicia. A sombra perde barra: em 14/09
    o copa_win parou de receber barra às 10:31 com posição aberta e o ledger
    da sombra terminou R$138,50 otimista.

FIM.
