======================================================================================================================================================
win_retangulo -- RODANDO COMO ROBO OPERA, pela regua padrao do projeto
======================================================================================================================================================
  capital R$ 1.100 (piso MEDIDO do robo) | 1 contrato | corte de achatamento vindo do PERFIL, nao digitado
  IS 129 pregoes | OOS 64 pregoes | hoje 501 barras (pregao PARCIAL)

  ok HOJE 15/09 (parcial)
  ok OOS (>= 2026-06-13)
  ok IS  (< 2026-06-13)

  corte de achatamento em vigor: 21:20:00 UTC (politica 'fixed') = 18:20 BRT
  fila assumida: 0 entrada / 0 saida

variante                        retorno   liquido R$  MaxDD %    MaxDD R$ lucro/DD   win% trades     R$/dia trd/dia  capital final pregoes      pts/op      BEemp%    veredito   sem trade    pior op.
------------------------------------------------------------------------------------------------------------------------------------------------------------------------------------------------------
IS  (< 2026-06-13)               338,2%     3.720,70   -24,0%    1.042,10     3,57  44,9%    615      28,84     4,8       4.820,70     129        30,2       39,7%    POSITIVO      10/129      -80,50  desliz.alvo 1,0t fila NAO CALIBRADA
OOS (>= 2026-06-13)              133,1%     1.464,50   -25,2%      384,50     3,81  45,8%    179      22,88     2,8       2.564,50      64        40,9       38,5%    POSITIVO       11/64      -74,30  desliz.alvo 1,0t fila NAO CALIBRADA
HOJE 15/09 (parcial)             -17,3%      -190,50   -23,0%      271,50    -0,70   0,0%      3    -190,50     3,0         909,50       1      -317,5          --          --         0/1      -63,50  desliz.alvo 1,0t fila NAO CALIBRADA

======================================================================================================================================================
O NULO AO LADO DO ACERTO -- sem isto o win% nao quer dizer nada
======================================================================================================================================================
  janela                    operacoes        IC95 do acerto   breakeven empirico      veredito
  IS  (< 2026-06-13)              615         [41,0 ; 48,8]                39,7%      POSITIVO
  OOS (>= 2026-06-13)             179         [38,7 ; 53,1]                38,5%      POSITIVO
  HOJE 15/09 (parcial)              3          [0,0 ; 56,1]                   --            --

======================================================================================================================================================
O QUE ESTA LINHA NAO DIZ
======================================================================================================================================================
  * HOJE e' PREGAO PARCIAL: o dado vai ate 17:23 BRT e o achatamento das
    18:20 nao aconteceu. Um pregao incompleto nao e' um pregao.
  * `fila NAO CALIBRADA` no aviso da linha nao e' detalhe: WIN@ nao tem
    entrada em `fidelidade.py`, entao TODA ordem-limite preenche no TOQUE,
    dos dois lados. E' a premissa OTIMISTA, e ela ja inverteu o sinal de um
    robo deste repo quando foi medida de verdade (WDO F1: +R$3,82/op
    previsto contra -R$3,00 realizado).
  * Backtest nunca aferido contra extrato e' hipotese, nao previsao. O slot
    de sombra `dt-win_retangulo-win@-shadow` existe para fechar isso.

FIM.
