============================================================================================================================================
WIN@ retangulo D1 -- PASSADA FINAL, IS + OOS (OOS consultado pela 1a e UNICA vez nesta linha)
============================================================================================================================================
  IS 129 pregoes (2025-12-01 a 2026-06-12) | OOS 62 pregoes (2026-06-15 a 2026-09-10)
  capital R$ 650 (piso real: MaxDD IS medido + margem R$100, nunca R$3.000)
  WIN@ sem fila calibrada em fidelidade.py -- queue_ahead_qty=0, exit_queue_ahead_qty=0, preenchimento no TOQUE nas duas pontas.

6 rodadas...

  OOS (>=2026-06-13)    3 CANDIDATO + teto risco R$80    liquido=   1.076,50  trades=  167  win= 44,9%  sem_tr= 12/62
  OOS (>=2026-06-13)    2 CANDIDATO (tol=20%)            liquido=     905,50  trades=  169  win= 44,4%  sem_tr= 11/62
  OOS (>=2026-06-13)    1 BASELINE (tol=8%, congelado)   liquido=     737,70  trades=  101  win= 45,5%  sem_tr= 23/62
  IS (<2026-06-13)      3 CANDIDATO + teto risco R$80    liquido=   3.762,20  trades=  598  win= 45,0%  sem_tr= 11/129
  IS (<2026-06-13)      2 CANDIDATO (tol=20%)            liquido=   4.366,70  trades=  615  win= 45,2%  sem_tr= 10/129
  IS (<2026-06-13)      1 BASELINE (tol=8%, congelado)   liquido=   2.834,10  trades=  403  win= 45,7%  sem_tr= 33/129


===== WIN@ D1, R$ 650, 1 contrato -- IS (<2026-06-13) (129 pregoes) =====
variante                        retorno   liquido R$  MaxDD %    MaxDD R$ lucro/DD   win% trades     R$/dia trd/dia  capital final pregoes      BEemp%    veredito      pts/op  pior perda   caixa min      sem_tr
------------------------------------------------------------------------------------------------------------------------------------------------------------------------------------------------------------------
1 BASELINE (tol=8%, congelado)   436,0%     2.834,10   -31,2%      685,80     4,13  45,7%    403      21,97     3,1       3.484,10     129       39,7%    POSITIVO        35,2     -110,50      460,00      33/129  desliz.alvo 1,0t fila NAO CALIBRADA
2 CANDIDATO (tol=20%)            671,8%     4.366,70   -43,9%    1.042,10     4,19  45,2%    615      33,85     4,8       5.016,70     129       39,3%    POSITIVO        35,5     -110,50      405,50      10/129  desliz.alvo 1,0t fila NAO CALIBRADA
3 CANDIDATO + teto risco R$80    578,8%     3.762,20   -31,7%    1.042,10     3,61  45,0%    598      29,16     4,6       4.412,20     129       39,6%    POSITIVO        31,5      -80,50      541,90      11/129  desliz.alvo 1,0t fila NAO CALIBRADA


===== WIN@ D1, R$ 650, 1 contrato -- OOS (>=2026-06-13) (62 pregoes) =====
variante                        retorno   liquido R$  MaxDD %    MaxDD R$ lucro/DD   win% trades     R$/dia trd/dia  capital final pregoes      BEemp%    veredito      pts/op  pior perda   caixa min      sem_tr
------------------------------------------------------------------------------------------------------------------------------------------------------------------------------------------------------------------
1 BASELINE (tol=8%, congelado)   113,5%       737,70   -32,6%      377,80     1,95  45,5%    101      11,90     1,6       1.387,70      62       38,9%  indefinido        36,5      -80,30      652,00       23/62  desliz.alvo 1,0t fila NAO CALIBRADA
2 CANDIDATO (tol=20%)            139,3%       905,50   -37,5%      384,50     2,36  44,4%    169      14,60     2,7       1.555,50      62       39,5%  indefinido        26,8      -85,50      499,50       11/62  desliz.alvo 1,0t fila NAO CALIBRADA
3 CANDIDATO + teto risco R$80    165,6%     1.076,50   -37,5%      384,50     2,80  44,9%    167      17,36     2,7       1.726,50      62       39,0%  indefinido        32,2      -74,30      499,50       12/62  desliz.alvo 1,0t fila NAO CALIBRADA


============================================================================================================================================
RESUMO LADO A LADO -- IS x OOS, as 3 variantes
============================================================================================================================================
  variante                             IS liq IS trd  IS win  IS be    OOS liq OOS trd OOS win OOS be    
  -------------------------------------------------------------------------------------------------------
  1 BASELINE (tol=8%, congelado)     2.834,10    403   45,7%  39,7%     737,70     101   45,5%  38,9%  <<<
  2 CANDIDATO (tol=20%)              4.366,70    615   45,2%  39,3%     905,50     169   44,4%  39,5%  <<<
  3 CANDIDATO + teto risco R$80      3.762,20    598   45,0%  39,6%   1.076,50     167   44,9%  39,0%  <<<

FIM.
