========================================================================================================================================================
win_retangulo -- ULTIMAS DUAS SEMANAS, pela regua padrao
========================================================================================================================================================
  janela: 2026-09-01 a 2026-09-14 | 9 pregoes (07/09 feriado; fins de semana fora)
  capital R$ 1.100 (piso medido) | 1 contrato | corte de achatamento vindo do PERFIL (18:20 BRT)
  15/09 fica FORA do agregado: 501 barras contra ~562 dos completos (pregao ainda aberto)

  *** ATENCAO: esta janela esta INTEIRA dentro do OOS ja medido. E' um ZOOM
      nas mesmas operacoes, nao evidencia nova. ***

variante                        retorno   liquido R$  MaxDD %    MaxDD R$ lucro/DD   win% trades     R$/dia trd/dia  capital final pregoes      pts/op      BEemp%   alvo/stop   sem trade    pior op.
------------------------------------------------------------------------------------------------------------------------------------------------------------------------------------------------------
2 semanas (9 pregoes)             34,0%       373,50   -14,6%      204,50     1,83  48,5%     33      41,50     3,7       1.473,50       9        56,6       39,2%       16/17         0/9      -85,50  desliz.alvo 1,0t fila NAO CALIBRADA
15/09 (PARCIAL, fora do agrega   -17,3%      -190,50   -23,0%      271,50    -0,70   0,0%      3    -190,50     3,0         909,50       1      -317,5          --         0/3         0/1      -63,50  desliz.alvo 1,0t fila NAO CALIBRADA

========================================================================================================================================================
PREGAO A PREGAO -- de onde o numero agregado vem
========================================================================================================================================================
  pregao        dia          operacoes   liquido R$   acertos    acumulado
  01/09         Tuesday              3        70,50       2/3        70,50
  02/09         Wednesday            4       -59,00       1/4        11,50
  03/09         Thursday             3       210,50       3/3       222,00
  04/09         Friday               2       -25,00       1/2       197,00
  08/09         Tuesday              2        32,00       1/2       229,00
  09/09         Wednesday            5        -2,50       2/5       226,50
  10/09         Thursday             4       -45,00       1/4       181,50
  11/09         Friday               8       160,00       4/8       341,50
  14/09         Monday               2        32,00       1/2       373,50

  pregoes positivos: 5/9 | negativos: 4 | sem operar: 0
  MELHOR pregao responde por 56% do liquido da janela (R$ 210,50 de R$ 373,50)
  acerto na janela: IC95 [32,5 ; 64,8] contra breakeven empirico 39,2%

========================================================================================================================================================
COMO LER
========================================================================================================================================================
  * 9 pregoes nao produzem veredito. Com ~30 operacoes o intervalo do acerto
    e' largo demais para separar estrategia de sorteio -- por isso a coluna de
    veredito nao aparece aqui.
  * A janela e' um recorte do OOS que ja foi medido: as operacoes dela ja
    estao contadas na linha de 64 pregoes. Serve para ver FORMA, nao tamanho.
  * `fila NAO CALIBRADA`: WIN@ nao tem entrada em `fidelidade.py`, entao toda
    ordem-limite preenche no TOQUE, dos dois lados. Premissa otimista.

FIM.
