======================================================================================================================
win_retangulo -- CONFERENCIA DE ARRANQUE (producao x laboratorio)
======================================================================================================================
  capital R$ 650 (piso de partida medido) | 1 contrato | custo ida-e-volta 7,5 pontos
  premissa de execucao: WIN@ sem fila calibrada -> limite preenche no TOQUE

  ok OOS  producao
  ok OOS  laboratorio
  ok IS   producao
  ok IS   laboratorio

  janelaorigem            liquido  trades   win%   BEemp%   pts/op     MaxDD  caixa min    sem_tr
  -----------------------------------------------------------------------------------------------
  IS    laboratorio      2.834,10     403  45,7%    39,7%    35,16    525,60     460,00    33/129
  IS    producao         2.980,10     403  45,9%    39,6%    36,97    525,60     460,00    33/129

  OOS   laboratorio        737,70     101  45,5%    38,9%    36,52    344,00     652,00     23/62
  OOS   producao           737,70     101  45,5%    38,9%    36,52    344,00     652,00     23/62

======================================================================================================================
DIVERGENCIA
======================================================================================================================
  IS: liquido     146,00 (5,15%) | operacoes +0
        402 operacoes IDENTICAS | 1 so' no laboratorio | 1 so' na producao
          so' lab : 2026-03-05T16:45:00+00:00  entrada 195.770,00  saida 196.055,00
          so' prod: 2026-03-05T16:46:00+00:00  entrada 195.770,00  saida 196.215,00
  OOS: liquido       0,00 (0,00%) | operacoes +0
        101 operacoes IDENTICAS | 0 so' no laboratorio | 0 so' na producao

  Ha divergencia. Ela e' ESPERADA (ver a docstring): a producao confere o
  lado da limite DEPOIS de arredondar ao tick, o laboratorio ANTES. Quem
  manda e' a producao -- o numero dela e' o que descreve o robo que opera.

FIM.
