==========================================================================================================================================================================
win_retangulo -- ESCADA DE PISO DE LARGURA (largura_minima_pontos), IS e OOS
==========================================================================================================================================================================
  capital R$ 1.100 | 1 contrato | IS 129 pregoes | OOS 64 pregoes | pisos testados: 328, 380, 430, 500, 600

  ok OOS piso=430: n=67
  ok OOS piso=380: n=115
  ok OOS piso=328: n=179
  ok OOS piso=500: n=42
  ok OOS piso=600: n=13
  ok IS piso=328: n=615
  ok IS piso=500: n=195
  ok IS piso=430: n=331
  ok IS piso=380: n=445
  ok IS piso=600: n=83

==========================================================================================================================================================================
IS -- tabela padrao por piso de largura
==========================================================================================================================================================================
variante                        retorno   liquido R$  MaxDD %    MaxDD R$ lucro/DD   win% trades     R$/dia trd/dia  capital final pregoes  ganho med.  perda med.      BEemp% IC95 acerto   margem pp  rebaix.op.   sem trade
------------------------------------------------------------------------------------------------------------------------------------------------------------------------------------------------------------------------------
piso 328                         338,2%     3.720,70   -24,0%    1.042,10     3,57  44,9%    615      28,84     4,8       4.820,70     129       70,49       46,42       39,7% [41,0;48,8]         1,3      989,50      10/129  desliz.alvo 1,0t fila NAO CALIBRADA
piso 380                         251,3%     2.764,50   -24,6%      835,10     3,31  44,3%    445      21,43     3,4       3.864,50     129       77,45       50,37       39,4% [39,7;48,9]         0,3      835,10      22/129  desliz.alvo 1,0t fila NAO CALIBRADA
piso 430                         251,7%     2.769,10   -20,6%      671,80     4,12  45,9%    331      21,47     2,6       3.869,10     129       82,10       54,25       39,8% [40,6;51,3]         0,8      641,80      45/129  desliz.alvo 1,0t fila NAO CALIBRADA
piso 500                         228,5%     2.513,70   -21,1%      557,80     4,51  48,2%    195      19,49     1,5       3.613,70     129       90,93       59,74       39,6% [41,3;55,2]         1,6      488,00      64/129  desliz.alvo 1,0t fila NAO CALIBRADA
piso 600                         140,7%     1.547,90   -28,0%      642,60     2,41  50,6%     83      12,00     0,6       2.647,90     129      105,01       69,82       39,9% [40,1;61,1]         0,1      635,50      93/129  desliz.alvo 1,0t fila NAO CALIBRADA

==========================================================================================================================================================================
OOS -- tabela padrao por piso de largura
==========================================================================================================================================================================
variante                        retorno   liquido R$  MaxDD %    MaxDD R$ lucro/DD   win% trades     R$/dia trd/dia  capital final pregoes  ganho med.  perda med.      BEemp% IC95 acerto   margem pp  rebaix.op.   sem trade
------------------------------------------------------------------------------------------------------------------------------------------------------------------------------------------------------------------------------
piso 328                         133,1%     1.464,50   -25,2%      384,50     3,81  45,8%    179      22,88     2,8       2.564,50      64       68,85       43,11       38,5% [38,7;53,1]         0,2      373,50       11/64  desliz.alvo 1,0t fila NAO CALIBRADA
piso 380                         124,2%     1.366,50   -26,4%      393,40     3,47  47,8%    115      21,35     1,8       2.466,50      64       76,97       47,78       38,3% [38,9;56,9]         0,6      366,80       19/64  desliz.alvo 1,0t fila NAO CALIBRADA
piso 430                         146,0%     1.605,50   -21,4%      265,40     6,05  56,7%     67      25,09     1,0       2.705,50      64       83,47       54,02       39,3% [44,8;67,9]         5,5      256,50       31/64  desliz.alvo 1,0t fila NAO CALIBRADA
piso 500                          81,7%       898,80   -15,2%      170,80     5,26  52,4%     42      14,04     0,7       1.998,80      64       92,86       57,21       38,1% [37,7;66,6]        -0,4      133,00       43/64  desliz.alvo 1,0t fila NAO CALIBRADA
piso 600                          65,8%       723,50   -10,3%      124,00     5,83  69,2%     13      11,30     0,2       1.823,50      64      109,17       64,75       37,2% [42,4;87,3]         5,1      124,00       56/64  desliz.alvo 1,0t fila NAO CALIBRADA

==========================================================================================================================================================================
A CONTA EXPLICITA: n, win%, breakeven, IC95 e MARGEM, piso 328 (baseline) -> cada piso maior
==========================================================================================================================================================================

  janela IS (baseline piso 328: n=615, win%=44,9%, BEemp=39,7%, IC95=[41,0;48,8], margem=1,3pp)
    piso      n  delta n    win%  ganho med.  perda med.   BEemp%  IC95 baixo  margem pp  delta margem
     328    615       +0   44,9%       70,49       46,42    39,7%        41,0        1,3          +0.0
     380    445     -170   44,3%       77,45       50,37    39,4%        39,7        0,3          -1.0
     430    331     -284   45,9%       82,10       54,25    39,8%        40,6        0,8          -0.4
     500    195     -420   48,2%       90,93       59,74    39,6%        41,3        1,6          +0.4
     600     83     -532   50,6%      105,01       69,82    39,9%        40,1        0,1          -1.2

  janela OOS (baseline piso 328: n=179, win%=45,8%, BEemp=38,5%, IC95=[38,7;53,1], margem=0,2pp)
    piso      n  delta n    win%  ganho med.  perda med.   BEemp%  IC95 baixo  margem pp  delta margem
     328    179       +0   45,8%       68,85       43,11    38,5%        38,7        0,2          +0.0
     380    115      -64   47,8%       76,97       47,78    38,3%        38,9        0,6          +0.4
     430     67     -112   56,7%       83,47       54,02    39,3%        44,8        5,5          +5.3
     500     42     -137   52,4%       92,86       57,21    38,1%        37,7       -0,4          -0.6
     600     13     -166   69,2%      109,17       64,75    37,2%        42,4        5,1          +5.0

==========================================================================================================================================================================
LEITURA
==========================================================================================================================================================================
  'margem pp' = limite INFERIOR do IC95 do acerto menos o breakeven empirico, em
  pontos percentuais -- e' a mesma grandeza que decide o veredito POSITIVO/indefinido.
  Se ela cresce com o piso NAS DUAS janelas e o centro do acerto tambem sobe (nao so'
  o IC alargando), a mudanca replica. Se ela so' cresce numa janela, ou cresce so'
  porque o 'n' caiu e o IC alargou (o limite inferior desce, nao sobe -- ai a margem
  so' aumentaria por acaso), a leitura e' REFUTACAO, nao achado.

FIM.
