recoleta do tape do WIN@, um pregao por requisicao
destino: data\raw_ticks\win_por_pregao
60 pregoes: 2026-06-17 a 2026-09-10

pregao             ticks  min.tape   min.M1   cobertura  situacao
-----------------------------------------------------------------
2026-06-17       2123211       564      563      100,2%  ok
2026-06-18       1836866       563      562      100,2%  ok
2026-06-19       1470915       563      562      100,2%  ok
2026-06-22       1802608       566      565      100,2%  ok
2026-06-23       1887750       563      562      100,2%  ok
2026-06-24       1915198       563      562      100,2%  ok
2026-06-25       1905004       563      562      100,2%  ok
2026-06-26       1928262       566      565      100,2%  ok
2026-06-29       1554734       564      563      100,2%  ok
2026-06-30       1937362       563      562      100,2%  ok
2026-07-01       1933270       566      565      100,2%  ok
2026-07-02       2018656       566      565      100,2%  ok
2026-07-03       1557363       564      563      100,2%  ok
2026-07-06       1784564       566      565      100,2%  ok
2026-07-07       1996343       563      562      100,2%  ok
2026-07-08       1828807       566      565      100,2%  ok
2026-07-09       1283495       566      565      100,2%  ok
2026-07-10       1398343       565      564      100,2%  ok
2026-07-13       1377715       563      562      100,2%  ok
2026-07-14       1401891       564      563      100,2%  ok
2026-07-15       1297144       564      563      100,2%  ok
2026-07-16       1340006       564      563      100,2%  ok
2026-07-17       1337817       563      562      100,2%  ok
2026-07-20       1632140       564      563      100,2%  ok
2026-07-21       1269568       564      563      100,2%  ok
2026-07-22       1464795       563      562      100,2%  ok
2026-07-23       1351615       564      563      100,2%  ok
2026-07-24       1193031       563      562      100,2%  ok
2026-07-27       1192667       563      562      100,2%  ok
2026-07-28       1380661       566      565      100,2%  ok
2026-07-29       1452750       566      565      100,2%  ok
2026-07-30       1271203       566      565      100,2%  ok
2026-08-03       1245890       563      562      100,2%  ok
2026-08-04       1415295       564      563      100,2%  ok
2026-08-05       1367977       563      562      100,2%  ok
2026-08-06       1408577       564      563      100,2%  ok
2026-08-07       1352054       563      562      100,2%  ok
2026-08-10       1263891       560      563       99,5%  ok
2026-08-11       1401925       563      562      100,2%  ok
2026-08-12       1398935       566      565      100,2%  ok
2026-08-13       1476508       563      562      100,2%  ok
2026-08-14       1450119       566      565      100,2%  ok
2026-08-17       1401939       563      562      100,2%  ok
2026-08-18       1384360       564      563      100,2%  ok
2026-08-19       1595836       566      565      100,2%  ok
2026-08-20       1548352       566      566      100,0%  ok
2026-08-21       1525940       566      565      100,2%  ok
2026-08-24       1516281       566      565      100,2%  ok
2026-08-25       1700273       566      566      100,0%  ok
2026-08-26       1557861       563      562      100,2%  ok
2026-08-27       1504020       563      562      100,2%  ok
2026-08-28       1446989       564      563      100,2%  ok
2026-08-31       1525621       563      562      100,2%  ok
2026-09-01       1713783       564      563      100,2%  ok
2026-09-02       1820730       563      562      100,2%  ok
2026-09-03       1774881       564      563      100,2%  ok
2026-09-04       1629712       564      563      100,2%  ok
2026-09-08       1778712       564      563      100,2%  ja tinha
2026-09-09       1775847       563      562      100,2%  ja tinha
2026-09-10       1881212       563      562      100,2%  ja tinha

60 de 60 pregoes com cobertura >= 90%
cobertura mediana: 100,2%   (a base antiga inteira dava 32,2%)
