[camada1] toxicidade calibrada em 2026-08-28 (congelada): corte top-decil=0.7193, p90 tamanho=43.0 contratos
[camada1] stop fixo=20t | alvos base=(3, 5, 8, 10, 15) | horizonte base=10min (H_B=20min) | fator H_A=0.75 | k H_C=0.5 | grade=20s

[2026-08-28] entradas_grade= 1455 alta= 844 normal_ref= 144 gatilhos=11594 linhas=  58200
[2026-09-08] entradas_grade= 1597 alta=1118 normal_ref= 118 gatilhos=13955 linhas=  63880
[2026-09-09] entradas_grade= 1597 alta=1140 normal_ref= 101 gatilhos=14554 linhas=  63880
[2026-09-11] entradas_grade= 1597 alta=1060 normal_ref= 126 gatilhos=15198 linhas=  63880
[2026-09-10] entradas_grade= 1597 alta=1044 normal_ref= 126 gatilhos=14194 linhas=  63880

==============================================================================================================
CALIBRACAO/EXPLORACAO (08-28, 1 pregao)
==============================================================================================================
familia    alvo_base       regime        n    win%   R$/op media  R$/op mediana    desvio  IC95(+-)  t_p50(s)
baseline           3         alta     1688   69.37         0.152         14.500    26.418     1.260     189.8
baseline           3   normal_ref      288   71.53        -3.087         14.500    32.971     3.808     127.3
baseline           5         alta     1688   49.76         0.066         19.500    31.532     1.504     556.4
baseline           5   normal_ref      288   58.68        -2.045         24.500    38.958     4.499     310.4
baseline           8         alta     1688   27.19         0.193          4.500    35.094     1.674     599.1
baseline           8   normal_ref      288   37.15        -3.694          4.500    44.852     5.180     598.7
baseline          10         alta     1688   19.25         0.131         -0.500    36.644     1.748     599.3
baseline          10   normal_ref      288   28.82        -3.399          2.000    47.101     5.440     599.3
baseline          15         alta     1688    7.05        -0.562         -0.500    38.409     1.832     599.5
baseline          15   normal_ref      288   16.67        -1.108         -0.500    51.438     5.941     599.5
H_A                3         alta     1688   81.04         1.049          9.500    21.198     1.011      62.8
H_A                3   normal_ref      288   81.25        -1.507          9.500    26.899     3.107      35.2
H_A                5         alta     1688   59.00         0.196         19.500    29.141     1.390     354.6
H_A                5   normal_ref      288   64.24        -3.087         19.500    36.488     4.214     225.5
H_A                8         alta     1688   41.11         0.190          4.500    33.051     1.577     598.3
H_A                8   normal_ref      288   51.39        -2.444         29.500    41.480     4.791     458.7
H_A               10         alta     1688   27.19         0.193          4.500    35.094     1.674     599.1
H_A               10   normal_ref      288   37.15        -3.694          4.500    44.852     5.180     598.7
H_A               15         alta     1688   15.46        -0.245         -0.500    36.950     1.763     599.4
H_A               15   normal_ref      288   26.39        -2.826         -0.500    48.147     5.561     599.3
H_B                3         alta     1688   76.90        -0.527         14.500    31.443     1.500     189.8
H_B                3   normal_ref      288   78.12        -2.861         14.500    37.395     4.319     127.3
H_B                5         alta     1688   62.74        -0.346         24.500    38.305     1.827     556.4
H_B                5   normal_ref      288   70.14        -0.830         24.500    44.780     5.172     310.4
H_B                8         alta     1688   42.65         0.051         14.500    44.449     2.120    1187.5
H_B                8   normal_ref      288   50.69        -4.302         39.500    54.245     6.265     702.0
H_B               10         alta     1688   32.11        -0.065          4.500    47.071     2.246    1198.5
H_B               10   normal_ref      288   43.40        -3.938         12.000    58.146     6.716     855.6
H_B               15         alta     1688   17.06        -0.124         -0.500    51.503     2.457    1199.3
H_B               15   normal_ref      288   31.25        -1.628         -0.500    66.010     7.624    1143.1
H_C                3         alta     1688   77.43         0.430          9.500    23.041     1.099      85.8
H_C                3   normal_ref      288   81.25        -1.507          9.500    26.899     3.107      35.2
H_C                5         alta     1688   62.68         0.119         14.500    28.009     1.336     288.6
H_C                5   normal_ref      288   64.24        -3.087         19.500    36.488     4.214     225.5
H_C                8         alta     1688   45.50         0.362         12.000    32.267     1.539     596.6
H_C                8   normal_ref      288   51.39        -2.444         29.500    41.480     4.791     458.7
H_C               10         alta     1688   35.72         0.430          4.500    34.304     1.637     598.7
H_C               10   normal_ref      288   39.58        -3.955          4.500    44.202     5.105     597.8
H_C               15         alta     1688   17.24        -0.168         -0.500    36.766     1.754     599.3
H_C               15   normal_ref      288   25.35        -2.740         -0.500    48.372     5.587     599.3

==============================================================================================================
CALIBRACAO/EXPLORACAO (08-28, 1 pregao)  [ROBUSTEZ -- so' 1 ponto a cada horizonte, sem sobreposicao]
==============================================================================================================
familia    alvo_base       regime  n_indep    win%   R$/op media    desvio  IC95(+-)
baseline           3         alta       54   74.07        -0.500    31.638     8.438
baseline           3   normal_ref        8   87.50         8.875    15.910    11.025
baseline           5         alta       54   48.15        -2.722    35.670     9.514
baseline           5   normal_ref        8   75.00         5.750    36.327    25.173
baseline           8         alta       54   25.93        -2.352    38.329    10.223
baseline           8   normal_ref        8   50.00         7.000    40.970    28.391
baseline          10         alta       54   20.37        -0.685    40.410    10.778
baseline          10   normal_ref        8   25.00        -4.875    47.467    32.893
baseline          15         alta       54    7.41        -2.167    41.162    10.979
baseline          15   normal_ref        8   25.00         1.375    56.248    38.978
H_A                3         alta       54   81.48        -1.981    29.455     7.856
H_A                3   normal_ref        8  100.00         9.500     0.000     0.000
H_A                5         alta       54   51.85        -3.833    34.037     9.078
H_A                5   normal_ref        8   87.50        13.250    17.678    12.250
H_A                8         alta       54   42.59        -1.519    36.965     9.859
H_A                8   normal_ref        8   50.00         2.000    36.547    25.326
H_A               10         alta       54   25.93        -2.352    38.329    10.223
H_A               10   normal_ref        8   50.00         7.000    40.970    28.391
H_A               15         alta       54   12.96        -1.704    39.668    10.580
H_A               15   normal_ref        8   25.00        -3.625    49.131    34.046
H_B                3         alta       24   79.17         0.542    30.431    12.175
H_B                3   normal_ref        6   83.33        12.000     6.124     4.900
H_B                5         alta       24   62.50        -3.625    41.932    16.776
H_B                5   normal_ref        6   66.67        -0.500    50.000    40.008
H_B                8         alta       24   33.33        -3.417    45.657    18.267
H_B                8   normal_ref        6   33.33        -3.833    51.251    41.009
H_B               10         alta       24   29.17        -4.250    48.907    19.567
H_B               10   normal_ref        6   16.67        -8.833    49.160    39.336
H_B               15         alta       24   12.50        -1.958    52.471    20.993
H_B               15   normal_ref        6   16.67        -4.667    55.715    44.581
H_C                3         alta       54   77.78        -1.611    30.385     8.104
H_C                3   normal_ref        8  100.00         9.500     0.000     0.000
H_C                5         alta       54   57.41        -2.259    33.578     8.956
H_C                5   normal_ref        8   87.50        13.250    17.678    12.250
H_C                8         alta       54   42.59        -2.167    36.909     9.844
H_C                8   normal_ref        8   50.00         2.000    36.547    25.326
H_C               10         alta       54   35.19        -0.870    38.349    10.228
H_C               10   normal_ref        8   50.00         5.125    39.319    27.247
H_C               15         alta       54   14.81        -2.537    39.900    10.642
H_C               15   normal_ref        8   25.00        -3.625    49.131    34.046

==============================================================================================================
CONFIRMACAO (09-08..09-11, 4 pregoes)
==============================================================================================================
familia    alvo_base       regime        n    win%   R$/op media  R$/op mediana    desvio  IC95(+-)  t_p50(s)
baseline           3         alta     8724   61.62         1.203         14.500    21.898     0.460     304.5
baseline           3   normal_ref      942   75.80         2.000         14.500    27.791     1.775     104.3
baseline           5         alta     8724   37.70         0.322          4.500    26.191     0.550     598.2
baseline           5   normal_ref      942   55.84        -0.166         24.500    35.777     2.285     380.2
baseline           8         alta     8724   18.27        -0.141         -0.500    29.110     0.611     599.2
baseline           8   normal_ref      942   36.52        -0.500          4.500    41.290     2.637     598.9
baseline          10         alta     8724   11.81        -0.260         -0.500    30.090     0.631     599.4
baseline          10   normal_ref      942   29.41         0.063          4.500    44.072     2.814     599.3
baseline          15         alta     8724    4.22        -0.489         -0.500    31.108     0.653     599.5
baseline          15   normal_ref      942   14.23        -0.044         -0.500    47.725     3.048     599.7
H_A                3         alta     8724   77.40         1.870          9.500    17.754     0.373      97.1
H_A                3   normal_ref      942   85.99         2.425          9.500    21.666     1.384      40.0
H_A                5         alta     8724   48.65         0.721          9.500    24.544     0.515     592.0
H_A                5   normal_ref      942   64.54         0.455         19.500    32.662     2.086     243.2
H_A                8         alta     8724   29.59         0.139         -0.500    27.468     0.576     598.9
H_A                8   normal_ref      942   49.04         0.068         19.500    37.867     2.418     500.9
H_A               10         alta     8724   18.27        -0.141         -0.500    29.110     0.611     599.2
H_A               10   normal_ref      942   36.52        -0.500          4.500    41.290     2.637     598.9
H_A               15         alta     8724    9.19        -0.424         -0.500    30.314     0.636     599.4
H_A               15   normal_ref      942   24.95        -0.383         -0.500    44.951     2.871     599.5
H_B                3         alta     8724   72.71         1.660         14.500    26.218     0.550     304.5
H_B                3   normal_ref      942   83.23         2.573         14.500    30.333     1.937     104.3
H_B                5         alta     8724   52.49         1.005         24.500    32.236     0.676     930.7
H_B                5   normal_ref      942   67.30         0.562         24.500    40.589     2.592     380.2
H_B                8         alta     8724   31.65         0.806          4.500    36.989     0.776    1198.5
H_B                8   normal_ref      942   51.91         0.227         39.500    49.307     3.149     807.6
H_B               10         alta     8724   21.96         0.535         -0.500    38.635     0.811    1199.0
H_B               10   normal_ref      942   43.52         0.641         14.500    53.354     3.407    1031.0
H_B               15         alta     8724    8.76        -0.307         -0.500    40.417     0.848    1199.3
H_B               15   normal_ref      942   25.37         1.618          4.500    59.043     3.771    1199.3
H_C                3         alta     8724   73.20         1.618          9.500    19.089     0.401     136.8
H_C                3   normal_ref      942   85.99         2.425          9.500    21.666     1.384      40.0
H_C                5         alta     8724   54.01         1.004         14.500    23.675     0.497     477.2
H_C                5   normal_ref      942   64.54         0.455         19.500    32.662     2.086     243.2
H_C                8         alta     8724   33.69         0.141          4.500    26.985     0.566     598.6
H_C                8   normal_ref      942   49.04         0.068         19.500    37.867     2.418     500.9
H_C               10         alta     8724   24.48        -0.084         -0.500    28.318     0.594     599.1
H_C               10   normal_ref      942   38.43        -0.654          4.500    40.651     2.596     598.7
H_C               15         alta     8724   11.45        -0.268         -0.500    30.172     0.633     599.4
H_C               15   normal_ref      942   23.89        -0.081         -0.500    45.360     2.897     599.5

==============================================================================================================
CONFIRMACAO (09-08..09-11, 4 pregoes)  [ROBUSTEZ -- so' 1 ponto a cada horizonte, sem sobreposicao]
==============================================================================================================
familia    alvo_base       regime  n_indep    win%   R$/op media    desvio  IC95(+-)
baseline           3         alta      292   64.73         2.497    20.916     2.399
baseline           3   normal_ref       30   76.67         7.167    14.840     5.310
baseline           5         alta      292   38.36         0.545    26.233     3.009
baseline           5   normal_ref       30   50.00         4.333    25.814     9.237
baseline           8         alta      292   19.86         0.853    29.479     3.381
baseline           8   normal_ref       30   43.33        10.167    31.588    11.304
baseline          10         alta      292   11.64        -0.140    30.287     3.474
baseline          10   normal_ref       30   23.33         8.667    33.710    12.063
baseline          15         alta      292    3.77        -0.791    30.666     3.517
baseline          15   normal_ref       30    3.33        -0.333    30.808    11.024
H_A                3         alta      292   78.08         2.668    16.523     1.895
H_A                3   normal_ref       30   86.67         5.333    11.603     4.152
H_A                5         alta      292   49.66         1.281    24.324     2.790
H_A                5   normal_ref       30   66.67         9.167    16.863     6.034
H_A                8         alta      292   31.51         0.955    27.455     3.149
H_A                8   normal_ref       30   46.67         5.833    27.572     9.867
H_A               10         alta      292   19.86         0.853    29.479     3.381
H_A               10   normal_ref       30   43.33        10.167    31.588    11.304
H_A               15         alta      292    8.56        -0.500    30.117     3.454
H_A               15   normal_ref       30   16.67         5.833    33.834    12.107
H_B                3         alta      142   71.13         0.768    27.083     4.455
H_B                3   normal_ref       12   91.67        13.667     2.887     1.633
H_B                5         alta      142   53.52        -0.606    34.350     5.650
H_B                5   normal_ref       12   66.67         0.333    42.149    23.848
H_B                8         alta      142   32.39        -0.430    39.505     6.498
H_B                8   normal_ref       12   58.33         6.583    47.838    27.067
H_B               10         alta      142   21.83        -2.155    40.841     6.718
H_B               10   normal_ref       12   50.00        -0.083    59.979    33.937
H_B               15         alta      142    9.86        -1.380    43.227     7.110
H_B               15   normal_ref       12   41.67         5.750    68.924    38.998
H_C                3         alta      292   72.95         1.880    19.047     2.185
H_C                3   normal_ref       30   86.67         5.333    11.603     4.152
H_C                5         alta      292   56.85         2.805    22.559     2.587
H_C                5   normal_ref       30   66.67         9.167    16.863     6.034
H_C                8         alta      292   34.25         1.315    26.779     3.072
H_C                8   normal_ref       30   46.67         5.833    27.572     9.867
H_C               10         alta      292   24.66         1.229    28.593     3.280
H_C               10   normal_ref       30   43.33         9.500    30.989    11.089
H_C               15         alta      292    9.93        -0.209    30.003     3.441
H_C               15   normal_ref       30   16.67         6.167    34.349    12.292

==============================================================================================================
AGREGADO (5 pregoes)
==============================================================================================================
familia    alvo_base       regime        n    win%   R$/op media  R$/op mediana    desvio  IC95(+-)  t_p50(s)
baseline           3         alta    10412   62.88         1.033         14.500    22.694     0.436     282.3
baseline           3   normal_ref     1230   74.80         0.809         14.500    29.153     1.629     109.6
baseline           5         alta    10412   39.66         0.281          4.500    27.127     0.521     598.0
baseline           5   normal_ref     1230   56.50        -0.606         24.500    36.539     2.042     367.0
baseline           8         alta    10412   19.72        -0.087         -0.500    30.159     0.579     599.2
baseline           8   normal_ref     1230   36.67        -1.248          4.500    42.154     2.356     598.9
baseline          10         alta    10412   13.01        -0.197         -0.500    31.244     0.600     599.4
baseline          10   normal_ref     1230   29.27        -0.748          4.500    44.804     2.504     599.3
baseline          15         alta    10412    4.68        -0.501         -0.500    32.402     0.622     599.5
baseline          15   normal_ref     1230   14.80        -0.293         -0.500    48.601     2.716     599.6
H_A                3         alta    10412   77.99         1.737          9.500    18.358     0.353      90.7
H_A                3   normal_ref     1230   84.88         1.504          9.500    23.047     1.288      39.2
H_A                5         alta    10412   50.33         0.636         19.500    25.345     0.487     560.1
H_A                5   normal_ref     1230   64.47        -0.374         19.500    33.615     1.879     240.1
H_A                8         alta    10412   31.45         0.147          4.500    28.446     0.546     598.8
H_A                8   normal_ref     1230   49.59        -0.520         19.500    38.741     2.165     489.7
H_A               10         alta    10412   19.72        -0.087         -0.500    30.159     0.579     599.2
H_A               10   normal_ref     1230   36.67        -1.248          4.500    42.154     2.356     598.9
H_A               15         alta    10412   10.21        -0.395         -0.500    31.483     0.605     599.4
H_A               15   normal_ref     1230   25.28        -0.955         -0.500    45.711     2.555     599.4
H_B                3         alta    10412   73.39         1.305         14.500    27.144     0.521     282.3
H_B                3   normal_ref     1230   82.03         1.301         14.500    32.192     1.799     109.6
H_B                5         alta    10412   54.15         0.786         24.500    33.297     0.640     844.2
H_B                5   normal_ref     1230   67.97         0.236         24.500    41.594     2.325     367.0
H_B                8         alta    10412   33.43         0.684          4.500    38.296     0.736    1198.3
H_B                8   normal_ref     1230   51.63        -0.833         39.500    50.520     2.823     775.3
H_B               10         alta    10412   23.61         0.437          4.500    40.121     0.771    1198.9
H_B               10   normal_ref     1230   43.50        -0.431         14.500    54.524     3.047     997.0
H_B               15         alta    10412   10.10        -0.278         -0.500    42.408     0.815    1199.3
H_B               15   normal_ref     1230   26.75         0.858          4.500    60.734     3.394    1199.0
H_C                3         alta    10412   73.89         1.426          9.500    19.787     0.380     127.6
H_C                3   normal_ref     1230   84.88         1.504          9.500    23.047     1.288      39.2
H_C                5         alta    10412   55.42         0.861         14.500    24.430     0.469     441.8
H_C                5   normal_ref     1230   64.47        -0.374         19.500    33.615     1.879     240.1
H_C                8         alta    10412   35.60         0.177          4.500    27.908     0.536     598.5
H_C                8   normal_ref     1230   49.59        -0.520         19.500    38.741     2.165     489.7
H_C               10         alta    10412   26.31        -0.001         -0.500    29.371     0.564     599.0
H_C               10   normal_ref     1230   38.70        -1.427          4.500    41.515     2.320     598.7
H_C               15         alta    10412   12.39        -0.252         -0.500    31.333     0.602     599.4
H_C               15   normal_ref     1230   24.23        -0.703         -0.500    46.077     2.575     599.5

==============================================================================================================
AGREGADO (5 pregoes)  [ROBUSTEZ -- so' 1 ponto a cada horizonte, sem sobreposicao]
==============================================================================================================
familia    alvo_base       regime  n_indep    win%   R$/op media    desvio  IC95(+-)
baseline           3         alta      346   66.18         2.029    22.890     2.412
baseline           3   normal_ref       38   78.95         7.526    14.866     4.727
baseline           5         alta      346   39.88         0.035    27.880     2.938
baseline           5   normal_ref       38   55.26         4.632    27.790     8.836
baseline           8         alta      346   20.81         0.353    30.985     3.265
baseline           8   normal_ref       38   44.74         9.500    33.187    10.552
baseline          10         alta      346   13.01        -0.225    32.010     3.373
baseline          10   normal_ref       38   23.68         5.816    36.718    11.675
baseline          15         alta      346    4.34        -1.006    32.461     3.420
baseline          15   normal_ref       38    7.89         0.026    36.646    11.652
H_A                3         alta      346   78.61         1.942    19.142     2.017
H_A                3   normal_ref       38   89.47         6.211    10.415     3.312
H_A                5         alta      346   50.00         0.483    26.086     2.749
H_A                5   normal_ref       38   71.05        10.026    16.878     5.366
H_A                8         alta      346   33.24         0.569    29.095     3.066
H_A                8   normal_ref       38   47.37         5.026    29.173     9.276
H_A               10         alta      346   20.81         0.353    30.985     3.265
H_A               10   normal_ref       38   44.74         9.500    33.187    10.552
H_A               15         alta      346    9.25        -0.688    31.733     3.344
H_A               15   normal_ref       38   18.42         3.842    37.002    11.765
H_B                3         alta      166   72.29         0.735    27.493     4.182
H_B                3   normal_ref       18   88.89        13.111     4.132     1.909
H_B                5         alta      166   54.82        -1.042    35.420     5.388
H_B                5   normal_ref       18   66.67         0.056    43.416    20.057
H_B                8         alta      166   32.53        -0.861    40.315     6.133
H_B                8   normal_ref       18   50.00         3.111    47.737    22.053
H_B               10         alta      166   22.89        -2.458    41.944     6.381
H_B               10   normal_ref       18   38.89        -3.000    55.287    25.541
H_B               15         alta      166   10.24        -1.464    44.504     6.770
H_B               15   normal_ref       18   33.33         2.278    63.344    29.263
H_C                3         alta      346   73.70         1.335    21.200     2.234
H_C                3   normal_ref       38   89.47         6.211    10.415     3.312
H_C                5         alta      346   56.94         2.014    24.614     2.594
H_C                5   normal_ref       38   71.05        10.026    16.878     5.366
H_C                8         alta      346   35.55         0.772    28.562     3.010
H_C                8   normal_ref       38   47.37         5.026    29.173     9.276
H_C               10         alta      346   26.30         0.902    30.267     3.189
H_C               10   normal_ref       38   44.74         8.579    32.380    10.295
H_C               15         alta      346   10.69        -0.572    31.695     3.340
H_C               15   normal_ref       38   18.42         4.105    37.387    11.887

------------------------------------------------------------------------------------------
DECIS de toxicidade no instante da entrada -- baseline, alvo=8t/stop=20t, 10min
------------------------------------------------------------------------------------------
 decil       n    win%   R$/op media   tox_now p50
     0    1570   28.28        -1.124        0.0377
     1    1568   27.68        -0.723        0.1110
     2    1568   29.46        -0.334        0.1920
     3    1570   27.58        -1.908        0.2750
     4    1568   27.17        -0.988        0.3566
     5    1568   28.64        -0.985        0.4406
     6    1568   27.87        -0.401        0.5252
     7    1570   23.82        -0.080        0.6173
     8    1568   21.05         0.361        0.7327
     9    1568   13.14         0.626        0.8749

[camada1] 313,720 linhas de simulacao salvas em C:\Users\Jeffe\Documents\study\meta\scratch\wdo_orb_toxicidade_geometria_camada1_2026_09_16\corridas.csv
