DIVERGÊNCIA — a anomalia do WIN@ partida por TIPO DE PIVÔ e por LADO (só IS)

Se dentro do MESMO tipo de pivô os dois grupos perdem, a perda é do INSTANTE,
não da direção — e não há nada a inverter.

====================================================================================================
WIN@ · MACD · L=5    (n=3100)
====================================================================================================
  pivô    grupo      lado         n    H=60 mediana         H=60 média ± IC95   corrida ±16t       z
  ------------------------------------------------------------------------------------------------
  topo    REGULAR    short      273           -3,20            -16,86 ± 16,29         50,38%    0,12
  topo    OCULTA     long       328          -14,90            -12,04 ± 12,56         48,58%   -0,51
  topo    CONTROLE   short      948            0,00              -0,36 ± 8,07         50,16%    0,10
  fundo   REGULAR    long       276          -14,90            -11,65 ± 13,88         48,48%   -0,49
  fundo   OCULTA     short      297           -9,80            -17,39 ± 14,00         51,79%    0,60
  fundo   CONTROLE   long       978           -1,00               0,74 ± 8,15         51,60%    0,98

====================================================================================================
WDO@ · MACD · L=5    (n=1758)
====================================================================================================
  pivô    grupo      lado         n    H=60 mediana         H=60 média ± IC95   corrida ±16t       z
  ------------------------------------------------------------------------------------------------
  topo    REGULAR    short      137            4,12               3,41 ± 3,75         62,50%    2,55
  topo    OCULTA     long       180           -1,03              -1,55 ± 2,76         46,38%   -0,85
  topo    CONTROLE   short      541            2,04               1,41 ± 1,96         51,02%    0,43
  fundo   REGULAR    long       174            0,00              -0,80 ± 2,98         43,26%   -1,60
  fundo   OCULTA     short      156            1,03              -1,94 ± 3,88         53,54%    0,80
  fundo   CONTROLE   long       570           -2,07              -1,97 ± 1,79         47,06%   -1,26

====================================================================================================
WIN@ · IFR14 · L=3    (n=5263)
====================================================================================================
  pivô    grupo      lado         n    H=60 mediana         H=60 média ± IC95   corrida ±16t       z
  ------------------------------------------------------------------------------------------------
  topo    REGULAR    short      436            1,10             -8,00 ± 12,52         48,29%   -0,69
  topo    OCULTA     long       549           -6,60             -4,52 ± 11,55         49,24%   -0,35
  topo    CONTROLE   short     1650           -2,20              -1,50 ± 5,86         48,80%   -0,95
  fundo   REGULAR    long       421           -2,00             -7,24 ± 12,20         46,81%   -1,29
  fundo   OCULTA     short      532           -2,70             -4,75 ± 11,36         48,12%   -0,85
  fundo   CONTROLE   long      1675           -1,00               1,79 ± 5,95         50,94%    0,75

====================================================================================================
WDO@ · IFR14 · L=3    (n=3236)
====================================================================================================
  pivô    grupo      lado         n    H=60 mediana         H=60 média ± IC95   corrida ±16t       z
  ------------------------------------------------------------------------------------------------
  topo    REGULAR    short      270            1,02              -0,11 ± 2,67         49,76%   -0,07
  topo    OCULTA     long       357            1,02              -1,04 ± 2,41         53,19%    1,07
  topo    CONTROLE   short      991            2,04               1,84 ± 1,47         51,40%    0,80
  fundo   REGULAR    long       322           -1,03               0,36 ± 2,68         51,33%    0,43
  fundo   OCULTA     short      310            1,03               0,34 ± 2,83         49,41%   -0,19
  fundo   CONTROLE   long       986           -1,04              -1,28 ± 1,27         46,52%   -1,97

