DIVERGÊNCIA oscilador × preço — catálogo cost-independent, 8 unidades, só IS (< 2026-06-13)
Corrida SIMÉTRICA: nulo exato 50%. Controle casado = mesmo pivô, oscilador CONCORDANDO.

================================================================================================================
WIN@ · MACD · L=5   (129 pregões IS, tick 5,00 pt)
================================================================================================================

  CORRIDA SIMÉTRICA — anda +A ticks a favor antes de −A contra (nulo EXATO = 50,00%)

  grupo               n   ±4t win%              IC95       z   n.res   ±8t win%              IC95       z   n.res  ±16t win%              IC95       z   n.res
  ------------------------------------------------------------------------------------------------------------------------------------------------------------
  REGULAR           549     50,76%     [44,74;56,76]    0,25     262     49,56%     [44,96;54,16]   -0,19     450     49,43%     [45,19;53,69]   -0,26     528
  OCULTA            625     47,37%     [41,99;52,81]   -0,95     323     50,51%     [46,10;54,91]    0,23     491     50,08%     [46,09;54,08]    0,04     597
  CONTROLE         1926     51,78%     [48,61;54,94]    1,10     954     50,72%     [48,21;53,23]    0,56    1520     50,89%     [48,61;53,17]    0,77    1849
  TODAS_BARRAS     2451     49,76%     [46,96;52,55]   -0,17    1228     49,82%     [47,62;52,02]   -0,16    1979     49,45%     [47,42;51,47]   -0,54    2344

  DESLOCAMENTO ASSINADO (ticks a favor do lado do sinal) — mediana [média ± IC95]

  grupo               n                         H=10b                         H=30b                         H=60b
  ---------------------------------------------------------------------------------------------------------------
  REGULAR           549          1,00  [-0,82 ± 4,21]         -5,40  [-9,20 ± 7,29]       -8,20  [-14,24 ± 10,69]
  OCULTA            625         -2,20  [-4,14 ± 4,54]         -4,40  [-9,94 ± 7,21]       -11,60  [-14,58 ± 9,36]
  CONTROLE         1926         -1,00  [-1,44 ± 2,32]           0,00  [0,37 ± 4,14]           0,00  [0,20 ± 5,73]
  TODAS_BARRAS     2451          -1,00  [0,10 ± 2,09]           1,00  [0,39 ± 3,54]           1,00  [0,51 ± 4,88]

  INDEPENDÊNCIA — só o PRIMEIRO evento de cada grupo em cada pregão (corrida ±8t)

  grupo               n       win%                IC95       z
  REGULAR           129     56,18%       [45,83;66,02]    1,17
  OCULTA            128     48,75%       [38,11;59,51]   -0,22
  CONTROLE          129     58,11%       [46,74;68,68]    1,39

  não resolvidas no prazo (120b / fim de pregão): ±4t 0,0%, ±8t 0,0%, ±16t 0,3%
  indefinidas (alvo e stop na MESMA barra M1): ±4t 50,2%, ±8t 20,0%, ±16t 3,9%

================================================================================================================
WDO@ · MACD · L=5   (123 pregões IS, tick 0,50 pt)
================================================================================================================

  CORRIDA SIMÉTRICA — anda +A ticks a favor antes de −A contra (nulo EXATO = 50,00%)

  grupo               n   ±4t win%              IC95       z   n.res   ±8t win%              IC95       z   n.res  ±16t win%              IC95       z   n.res
  ------------------------------------------------------------------------------------------------------------------------------------------------------------
  REGULAR           311     49,18%     [43,61;54,77]   -0,29     305     50,67%     [45,02;56,30]    0,23     298     51,43%     [45,20;57,62]    0,45     245
  OCULTA            336     50,46%     [45,08;55,82]    0,17     329     53,11%     [47,65;58,49]    1,11     322     49,81%     [43,84;55,79]   -0,06     265
  CONTROLE         1111     49,03%     [46,07;52,00]   -0,64    1087     49,44%     [46,46;52,43]   -0,37    1074     49,00%     [45,75;52,26]   -0,60     900
  TODAS_BARRAS     2337     49,15%     [47,10;51,20]   -0,82    2283     49,71%     [47,65;51,77]   -0,27    2253     50,22%     [47,93;52,50]    0,19    1840

  DESLOCAMENTO ASSINADO (ticks a favor do lado do sinal) — mediana [média ± IC95]

  grupo               n                         H=10b                         H=30b                         H=60b
  ---------------------------------------------------------------------------------------------------------------
  REGULAR           311           0,00  [0,77 ± 1,09]           1,02  [0,15 ± 1,68]           1,06  [1,05 ± 2,35]
  OCULTA            336          0,00  [-0,35 ± 1,00]          1,03  [-0,32 ± 1,68]          0,00  [-1,73 ± 2,33]
  CONTROLE         1111           0,00  [0,12 ± 0,58]          0,00  [-0,17 ± 1,01]         -1,02  [-0,32 ± 1,33]
  TODAS_BARRAS     2337          0,00  [-0,11 ± 0,38]           0,00  [0,32 ± 0,65]           1,02  [0,62 ± 0,89]

  INDEPENDÊNCIA — só o PRIMEIRO evento de cada grupo em cada pregão (corrida ±8t)

  grupo               n       win%                IC95       z
  REGULAR           112     46,43%       [37,46;55,63]   -0,76
  OCULTA            116     55,65%       [46,54;64,40]    1,21
  CONTROLE          123     47,97%       [39,33;56,72]   -0,45

  não resolvidas no prazo (120b / fim de pregão): ±4t 0,2%, ±8t 3,6%, ±16t 20,6%
  indefinidas (alvo e stop na MESMA barra M1): ±4t 2,0%, ±8t 0,0%, ±16t 0,0%

================================================================================================================
WDO@ · MACD · L=3   (123 pregões IS, tick 0,50 pt)
================================================================================================================

  CORRIDA SIMÉTRICA — anda +A ticks a favor antes de −A contra (nulo EXATO = 50,00%)

  grupo               n   ±4t win%              IC95       z   n.res   ±8t win%              IC95       z   n.res  ±16t win%              IC95       z   n.res
  ------------------------------------------------------------------------------------------------------------------------------------------------------------
  REGULAR           484     53,39%     [48,88;57,84]    1,47     472     51,18%     [46,65;55,68]    0,51     467     51,45%     [46,43;56,44]    0,57     379
  OCULTA            571     51,25%     [47,12;55,37]    0,59     560     49,17%     [44,99;53,37]   -0,39     543     52,32%     [47,72;56,88]    0,99     453
  CONTROLE         2018     48,99%     [46,79;51,19]   -0,90    1978     47,42%     [45,21;49,63]   -2,28    1955     49,12%     [46,72;51,53]   -0,71    1655
  TODAS_BARRAS     2337     49,50%     [47,45;51,55]   -0,48    2283     48,67%     [46,61;50,73]   -1,26    2254     49,65%     [47,39;51,92]   -0,30    1865

  DESLOCAMENTO ASSINADO (ticks a favor do lado do sinal) — mediana [média ± IC95]

  grupo               n                         H=10b                         H=30b                         H=60b
  ---------------------------------------------------------------------------------------------------------------
  REGULAR           484           1,02  [0,76 ± 0,90]          1,03  [-0,06 ± 1,39]           1,04  [0,44 ± 1,84]
  OCULTA            571          0,00  [-0,19 ± 0,89]          0,00  [-0,39 ± 1,44]          1,01  [-0,44 ± 1,86]
  CONTROLE         2018          0,00  [-0,29 ± 0,43]           0,00  [0,37 ± 0,72]           0,00  [0,54 ± 0,98]
  TODAS_BARRAS     2337          0,00  [-0,01 ± 0,41]           0,00  [0,33 ± 0,67]           1,02  [0,67 ± 0,91]

  INDEPENDÊNCIA — só o PRIMEIRO evento de cada grupo em cada pregão (corrida ±8t)

  grupo               n       win%                IC95       z
  REGULAR           121     49,59%       [40,83;58,37]   -0,09
  OCULTA            121     45,83%       [37,19;54,74]   -0,91
  CONTROLE          123     46,34%       [37,77;55,13]   -0,81

  não resolvidas no prazo (120b / fim de pregão): ±4t 0,2%, ±8t 3,4%, ±16t 19,6%
  indefinidas (alvo e stop na MESMA barra M1): ±4t 1,9%, ±8t 0,1%, ±16t 0,0%

================================================================================================================
WIN@ · MACD · L=3   (129 pregões IS, tick 5,00 pt)
================================================================================================================

  CORRIDA SIMÉTRICA — anda +A ticks a favor antes de −A contra (nulo EXATO = 50,00%)

  grupo               n   ±4t win%              IC95       z   n.res   ±8t win%              IC95       z   n.res  ±16t win%              IC95       z   n.res
  ------------------------------------------------------------------------------------------------------------------------------------------------------------
  REGULAR           812     46,97%     [42,21;51,79]   -1,23     413     49,00%     [45,17;52,84]   -0,51     649     47,01%     [43,54;50,50]   -1,68     785
  OCULTA            995     49,32%     [45,00;53,64]   -0,31     511     50,19%     [46,74;53,64]    0,11     803     50,83%     [47,68;53,98]    0,52     962
  CONTROLE         3284     49,27%     [46,81;51,74]   -0,58    1577     49,18%     [47,25;51,12]   -0,83    2560     49,89%     [48,14;51,64]   -0,13    3135
  TODAS_BARRAS     2451     51,32%     [48,46;54,18]    0,91    1171     52,18%     [49,95;54,40]    1,91    1928     51,09%     [49,06;53,11]    1,05    2341

  DESLOCAMENTO ASSINADO (ticks a favor do lado do sinal) — mediana [média ± IC95]

  grupo               n                         H=10b                         H=30b                         H=60b
  ---------------------------------------------------------------------------------------------------------------
  REGULAR           812         -1,00  [-0,79 ± 3,53]         -2,70  [-4,31 ± 6,24]       -11,80  [-12,29 ± 8,33]
  OCULTA            995          0,00  [-0,75 ± 3,25]          0,00  [-0,38 ± 5,80]         -1,20  [-4,31 ± 8,17]
  CONTROLE         3284          0,00  [-1,02 ± 1,76]           1,00  [1,07 ± 3,12]           2,10  [1,55 ± 4,24]
  TODAS_BARRAS     2451           0,00  [0,66 ± 2,14]           1,00  [0,17 ± 3,65]           2,20  [0,18 ± 5,01]

  INDEPENDÊNCIA — só o PRIMEIRO evento de cada grupo em cada pregão (corrida ±8t)

  grupo               n       win%                IC95       z
  REGULAR           129     52,38%       [41,83;62,72]    0,44
  OCULTA            129     48,84%       [38,55;59,22]   -0,22
  CONTROLE          129     45,12%       [34,81;55,87]   -0,88

  não resolvidas no prazo (120b / fim de pregão): ±4t 0,0%, ±8t 0,0%, ±16t 0,2%
  indefinidas (alvo e stop na MESMA barra M1): ±4t 51,3%, ±8t 21,2%, ±16t 4,0%

================================================================================================================
WIN@ · IFR14 · L=5   (129 pregões IS, tick 5,00 pt)
================================================================================================================

  CORRIDA SIMÉTRICA — anda +A ticks a favor antes de −A contra (nulo EXATO = 50,00%)

  grupo               n   ±4t win%              IC95       z   n.res   ±8t win%              IC95       z   n.res  ±16t win%              IC95       z   n.res
  ------------------------------------------------------------------------------------------------------------------------------------------------------------
  REGULAR           587     55,52%     [49,76;61,13]    1,88     290     51,61%     [47,08;56,12]    0,70     465     50,54%     [46,41;54,66]    0,25     560
  OCULTA            720     51,10%     [45,98;56,20]    0,42     364     53,96%     [49,80;58,06]    1,87     556     49,28%     [45,57;53,00]   -0,38     692
  CONTROLE         1941     50,53%     [47,35;53,70]    0,32     950     50,00%     [47,51;52,49]    0,00    1542     50,54%     [48,27;52,80]    0,46    1868
  TODAS_BARRAS     2451     49,76%     [46,96;52,55]   -0,17    1228     49,82%     [47,62;52,02]   -0,16    1979     49,45%     [47,42;51,47]   -0,54    2344

  DESLOCAMENTO ASSINADO (ticks a favor do lado do sinal) — mediana [média ± IC95]

  grupo               n                         H=10b                         H=30b                         H=60b
  ---------------------------------------------------------------------------------------------------------------
  REGULAR           587           2,20  [0,69 ± 4,17]         -3,20  [-4,45 ± 7,94]        -6,80  [-4,88 ± 11,31]
  OCULTA            720         -3,20  [-0,95 ± 4,02]         -2,00  [-3,33 ± 7,23]         -8,00  [-9,51 ± 9,53]
  CONTROLE         1941         -1,20  [-1,75 ± 2,29]          0,00  [-0,32 ± 4,01]         -1,00  [-2,30 ± 5,64]
  TODAS_BARRAS     2451          -1,00  [0,10 ± 2,09]           1,00  [0,39 ± 3,54]           1,00  [0,51 ± 4,88]

  INDEPENDÊNCIA — só o PRIMEIRO evento de cada grupo em cada pregão (corrida ±8t)

  grupo               n       win%                IC95       z
  REGULAR           129     50,00%       [39,66;60,34]    0,00
  OCULTA            129     50,54%       [40,56;60,47]    0,10
  CONTROLE          129     45,57%       [35,05;56,50]   -0,79

  não resolvidas no prazo (120b / fim de pregão): ±4t 0,0%, ±8t 0,0%, ±16t 0,3%
  indefinidas (alvo e stop na MESMA barra M1): ±4t 50,3%, ±8t 20,3%, ±16t 3,8%

================================================================================================================
WDO@ · IFR14 · L=3   (123 pregões IS, tick 0,50 pt)
================================================================================================================

  CORRIDA SIMÉTRICA — anda +A ticks a favor antes de −A contra (nulo EXATO = 50,00%)

  grupo               n   ±4t win%              IC95       z   n.res   ±8t win%              IC95       z   n.res  ±16t win%              IC95       z   n.res
  ------------------------------------------------------------------------------------------------------------------------------------------------------------
  REGULAR           592     51,48%     [47,40;55,54]    0,71     575     49,65%     [45,56;53,74]   -0,17     570     50,63%     [46,15;55,11]    0,28     474
  OCULTA            667     47,44%     [43,61;51,30]   -1,30     645     50,71%     [46,83;54,57]    0,36     637     51,40%     [47,17;55,61]    0,65     535
  CONTROLE         1977     49,69%     [47,47;51,91]   -0,27    1942     47,68%     [45,45;49,92]   -2,03    1919     48,99%     [46,56;51,41]   -0,82    1627
  TODAS_BARRAS     2337     49,50%     [47,45;51,55]   -0,48    2283     48,67%     [46,61;50,73]   -1,26    2254     49,65%     [47,39;51,92]   -0,30    1865

  DESLOCAMENTO ASSINADO (ticks a favor do lado do sinal) — mediana [média ± IC95]

  grupo               n                         H=10b                         H=30b                         H=60b
  ---------------------------------------------------------------------------------------------------------------
  REGULAR           592           0,00  [0,47 ± 0,80]           1,02  [0,41 ± 1,32]           0,00  [0,15 ± 1,90]
  OCULTA            667          0,00  [-0,19 ± 0,84]          0,00  [-0,28 ± 1,35]          1,03  [-0,40 ± 1,84]
  CONTROLE         1977          0,00  [-0,21 ± 0,44]           0,00  [0,17 ± 0,73]           0,00  [0,28 ± 0,97]
  TODAS_BARRAS     2337          0,00  [-0,01 ± 0,41]           0,00  [0,33 ± 0,67]           1,02  [0,67 ± 0,91]

  INDEPENDÊNCIA — só o PRIMEIRO evento de cada grupo em cada pregão (corrida ±8t)

  grupo               n       win%                IC95       z
  REGULAR           121     54,55%       [45,67;63,14]    1,00
  OCULTA            123     43,09%       [34,68;51,92]   -1,53
  CONTROLE          123     43,09%       [34,68;51,92]   -1,53

  não resolvidas no prazo (120b / fim de pregão): ±4t 0,2%, ±8t 3,4%, ±16t 19,2%
  indefinidas (alvo e stop na MESMA barra M1): ±4t 2,1%, ±8t 0,1%, ±16t 0,0%

================================================================================================================
WIN@ · IFR14 · L=3   (129 pregões IS, tick 5,00 pt)
================================================================================================================

  CORRIDA SIMÉTRICA — anda +A ticks a favor antes de −A contra (nulo EXATO = 50,00%)

  grupo               n   ±4t win%              IC95       z   n.res   ±8t win%              IC95       z   n.res  ±16t win%              IC95       z   n.res
  ------------------------------------------------------------------------------------------------------------------------------------------------------------
  REGULAR           857     47,32%     [42,53;52,15]   -1,09     410     47,51%     [43,74;51,32]   -1,28     663     47,56%     [44,15;50,98]   -1,40     818
  OCULTA           1081     50,73%     [46,55;54,91]    0,34     546     49,71%     [46,38;53,04]   -0,17     861     48,69%     [45,66;51,74]   -0,84    1033
  CONTROLE         3325     49,10%     [46,67;51,54]   -0,72    1617     49,60%     [47,68;51,52]   -0,41    2607     49,87%     [48,14;51,61]   -0,14    3186
  TODAS_BARRAS     2451     51,32%     [48,46;54,18]    0,91    1171     52,18%     [49,95;54,40]    1,91    1928     51,09%     [49,06;53,11]    1,05    2341

  DESLOCAMENTO ASSINADO (ticks a favor do lado do sinal) — mediana [média ± IC95]

  grupo               n                         H=10b                         H=30b                         H=60b
  ---------------------------------------------------------------------------------------------------------------
  REGULAR           857           1,20  [1,26 ± 3,51]         -1,00  [-2,35 ± 6,29]          0,00  [-7,63 ± 8,74]
  OCULTA           1081          0,00  [-2,77 ± 3,16]         -1,00  [-1,49 ± 5,62]         -5,20  [-4,63 ± 8,10]
  CONTROLE         3325         -1,00  [-1,61 ± 1,75]           0,00  [0,88 ± 3,07]          -1,20  [0,16 ± 4,18]
  TODAS_BARRAS     2451           0,00  [0,66 ± 2,14]           1,00  [0,17 ± 3,65]           2,20  [0,18 ± 5,01]

  INDEPENDÊNCIA — só o PRIMEIRO evento de cada grupo em cada pregão (corrida ±8t)

  grupo               n       win%                IC95       z
  REGULAR           129     39,74%       [29,61;50,84]   -1,81
  OCULTA            129     48,81%       [38,41;59,31]   -0,22
  CONTROLE          129     43,02%       [33,08;53,56]   -1,29

  não resolvidas no prazo (120b / fim de pregão): ±4t 0,0%, ±8t 0,0%, ±16t 0,2%
  indefinidas (alvo e stop na MESMA barra M1): ±4t 51,5%, ±8t 21,4%, ±16t 4,1%

================================================================================================================
WDO@ · IFR14 · L=5   (123 pregões IS, tick 0,50 pt)
================================================================================================================

  CORRIDA SIMÉTRICA — anda +A ticks a favor antes de −A contra (nulo EXATO = 50,00%)

  grupo               n   ±4t win%              IC95       z   n.res   ±8t win%              IC95       z   n.res  ±16t win%              IC95       z   n.res
  ------------------------------------------------------------------------------------------------------------------------------------------------------------
  REGULAR           365     49,72%     [44,56;54,89]   -0,11     356     48,57%     [43,38;53,79]   -0,53     350     50,00%     [44,34;55,66]    0,00     296
  OCULTA            421     48,54%     [43,75;53,36]   -0,59     412     51,58%     [46,76;56,38]    0,64     411     53,24%     [47,93;58,47]    1,19     340
  CONTROLE         1104     49,17%     [46,19;52,15]   -0,55    1080     49,95%     [46,96;52,95]   -0,03    1069     49,00%     [45,73;52,27]   -0,60     896
  TODAS_BARRAS     2337     49,15%     [47,10;51,20]   -0,82    2283     49,71%     [47,65;51,77]   -0,27    2253     50,22%     [47,93;52,50]    0,19    1840

  DESLOCAMENTO ASSINADO (ticks a favor do lado do sinal) — mediana [média ± IC95]

  grupo               n                         H=10b                         H=30b                         H=60b
  ---------------------------------------------------------------------------------------------------------------
  REGULAR           365           0,00  [0,56 ± 1,00]           0,00  [0,54 ± 1,64]           1,04  [1,25 ± 2,40]
  OCULTA            421           0,00  [0,04 ± 1,02]          1,03  [-0,25 ± 1,58]          1,03  [-1,11 ± 2,25]
  CONTROLE         1104           0,00  [0,14 ± 0,59]          0,00  [-0,53 ± 1,01]         -1,03  [-0,91 ± 1,31]
  TODAS_BARRAS     2337          0,00  [-0,11 ± 0,38]           0,00  [0,32 ± 0,65]           1,02  [0,62 ± 0,89]

  INDEPENDÊNCIA — só o PRIMEIRO evento de cada grupo em cada pregão (corrida ±8t)

  grupo               n       win%                IC95       z
  REGULAR           116     50,00%       [40,97;59,03]    0,00
  OCULTA            119     55,46%       [46,50;64,08]    1,19
  CONTROLE          123     44,72%       [36,22;53,53]   -1,17

  não resolvidas no prazo (120b / fim de pregão): ±4t 0,2%, ±8t 3,4%, ±16t 20,2%
  indefinidas (alvo e stop na MESMA barra M1): ±4t 2,1%, ±8t 0,0%, ±16t 0,0%

