[lateral] 134 pregoes, producao (alvo 1,5x), 12 processos

  ... 25/134
  ... 50/134
  ... 75/134
  ... 100/134
  ... 125/134

[lateral] 195 operacoes -> 01_lateralizacao_trades.csv

========================================================================================================================
CORTES DE TERCO CONGELADOS NO IS (aplicados as tres janelas)
========================================================================================================================
           medida  corte_baixo  corte_alto
        |ER| 5min       0.6429      1.0000
       |ER| 15min       0.3191      0.4872
       |ER| 30min       0.2099      0.3478
       |ER| 60min       0.1628      0.2857
    |ER| abertura       0.0781      0.2414
% dentro da faixa      70.8667     94.5000

========================================================================================================================
JANELA IS  (72 pregoes, 103 operacoes) -- independente
========================================================================================================================
janela    medida      perna     faixa  n  liquido  rs_por_op  win_pct
    IS |ER| 5min rompimento 1-lateral 32   -146.0      -4.56     46.9
    IS |ER| 5min rompimento    2-meio 40   1035.0      25.88     57.5
    IS |ER| 5min       fade 1-lateral  3   -146.5     -48.83     33.3
    IS |ER| 5min       fade    2-meio 28   1621.0      57.89     75.0

janela     medida      perna        faixa  n  liquido  rs_por_op  win_pct
    IS |ER| 15min rompimento    1-lateral 27    891.5      33.02     59.3
    IS |ER| 15min rompimento       2-meio 24    283.0      11.79     54.2
    IS |ER| 15min rompimento 3-direcional 21   -285.5     -13.60     42.9
    IS |ER| 15min       fade    1-lateral  8    161.0      20.12     62.5
    IS |ER| 15min       fade       2-meio 10    660.0      66.00     90.0
    IS |ER| 15min       fade 3-direcional 13    653.5      50.27     61.5

janela     medida      perna        faixa  n  liquido  rs_por_op  win_pct
    IS |ER| 30min rompimento    1-lateral 26   -218.0      -8.38     50.0
    IS |ER| 30min rompimento       2-meio 21    449.5      21.40     57.1
    IS |ER| 30min rompimento 3-direcional 25    657.5      26.30     52.0
    IS |ER| 30min       fade    1-lateral  9   -189.5     -21.06     55.6
    IS |ER| 30min       fade       2-meio 13    703.5      54.12     69.2
    IS |ER| 30min       fade 3-direcional  9    960.5     106.72     88.9

janela     medida      perna        faixa  n  liquido  rs_por_op  win_pct
    IS |ER| 60min rompimento    1-lateral 22   -106.0      -4.82     40.9
    IS |ER| 60min rompimento       2-meio 22   -316.0     -14.36     54.5
    IS |ER| 60min rompimento 3-direcional 28   1311.0      46.82     60.7
    IS |ER| 60min       fade    1-lateral 13    358.5      27.58     61.5
    IS |ER| 60min       fade       2-meio 12    699.0      58.25     75.0
    IS |ER| 60min       fade 3-direcional  6    417.0      69.50     83.3

janela        medida      perna        faixa  n  liquido  rs_por_op  win_pct
    IS |ER| abertura rompimento    1-lateral 11      9.5       0.86     45.5
    IS |ER| abertura rompimento       2-meio 27    -58.5      -2.17     51.9
    IS |ER| abertura rompimento 3-direcional 34    938.0      27.59     55.9
    IS |ER| abertura       fade    1-lateral 24   1133.0      47.21     70.8
    IS |ER| abertura       fade       2-meio  7    341.5      48.79     71.4

janela            medida      perna        faixa  n  liquido  rs_por_op  win_pct
    IS % dentro da faixa rompimento    1-lateral 12    329.0      27.42     58.3
    IS % dentro da faixa rompimento       2-meio 15    527.5      35.17     60.0
    IS % dentro da faixa rompimento 3-direcional 25     97.5       3.90     52.0
    IS % dentro da faixa rompimento   indefinido 20    -65.0      -3.25     45.0
    IS % dentro da faixa       fade    1-lateral 16    947.0      59.19     75.0
    IS % dentro da faixa       fade       2-meio 12    329.0      27.42     66.7
    IS % dentro da faixa       fade 3-direcional  3    198.5      66.17     66.7


========================================================================================================================
JANELA OOS_LIMPO  (43 pregoes, 64 operacoes) -- independente
========================================================================================================================
   janela    medida      perna     faixa  n  liquido  rs_por_op  win_pct
OOS_LIMPO |ER| 5min rompimento 1-lateral 13    123.5       9.50     46.2
OOS_LIMPO |ER| 5min rompimento    2-meio 29   -349.5     -12.05     51.7
OOS_LIMPO |ER| 5min       fade 1-lateral  4    233.0      58.25    100.0
OOS_LIMPO |ER| 5min       fade    2-meio 18    726.0      40.33     66.7

   janela     medida      perna        faixa  n  liquido  rs_por_op  win_pct
OOS_LIMPO |ER| 15min rompimento    1-lateral 17    286.5      16.85     52.9
OOS_LIMPO |ER| 15min rompimento       2-meio 14    -72.0      -5.14     57.1
OOS_LIMPO |ER| 15min rompimento 3-direcional 11   -440.5     -40.05     36.4
OOS_LIMPO |ER| 15min       fade    1-lateral  6    377.0      62.83     66.7
OOS_LIMPO |ER| 15min       fade       2-meio  2     79.0      39.50    100.0
OOS_LIMPO |ER| 15min       fade 3-direcional 14    503.0      35.93     71.4

   janela     medida      perna        faixa  n  liquido  rs_por_op  win_pct
OOS_LIMPO |ER| 30min rompimento    1-lateral 20   -365.0     -18.25     45.0
OOS_LIMPO |ER| 30min rompimento       2-meio 13    553.5      42.58     61.5
OOS_LIMPO |ER| 30min rompimento 3-direcional  9   -414.5     -46.06     44.4
OOS_LIMPO |ER| 30min       fade    1-lateral  6    547.0      91.17     83.3
OOS_LIMPO |ER| 30min       fade       2-meio  6    -33.0      -5.50     50.0
OOS_LIMPO |ER| 30min       fade 3-direcional 10    445.0      44.50     80.0

   janela     medida      perna        faixa  n  liquido  rs_por_op  win_pct
OOS_LIMPO |ER| 60min rompimento    1-lateral 20     25.0       1.25     55.0
OOS_LIMPO |ER| 60min rompimento       2-meio 13    103.5       7.96     46.2
OOS_LIMPO |ER| 60min rompimento 3-direcional  9   -354.5     -39.39     44.4
OOS_LIMPO |ER| 60min       fade    1-lateral 14    673.0      48.07     78.6
OOS_LIMPO |ER| 60min       fade       2-meio  4    108.0      27.00     50.0
OOS_LIMPO |ER| 60min       fade 3-direcional  4    178.0      44.50     75.0

   janela        medida      perna        faixa  n  liquido  rs_por_op  win_pct
OOS_LIMPO |ER| abertura rompimento    1-lateral  3     98.5      32.83     66.7
OOS_LIMPO |ER| abertura rompimento       2-meio 27     66.5       2.46     51.9
OOS_LIMPO |ER| abertura rompimento 3-direcional 12   -391.0     -32.58     41.7
OOS_LIMPO |ER| abertura       fade    1-lateral 16   1257.0      78.56     87.5
OOS_LIMPO |ER| abertura       fade       2-meio  5   -192.5     -38.50     40.0
OOS_LIMPO |ER| abertura       fade 3-direcional  1   -105.5    -105.50      0.0

   janela            medida      perna        faixa  n  liquido  rs_por_op  win_pct
OOS_LIMPO % dentro da faixa rompimento    1-lateral  7     61.5       8.79     42.9
OOS_LIMPO % dentro da faixa rompimento       2-meio 12     -6.0      -0.50     50.0
OOS_LIMPO % dentro da faixa rompimento 3-direcional 16     -8.0      -0.50     56.2
OOS_LIMPO % dentro da faixa rompimento   indefinido  7   -273.5     -39.07     42.9
OOS_LIMPO % dentro da faixa       fade    1-lateral 11    379.5      34.50     72.7
OOS_LIMPO % dentro da faixa       fade       2-meio  9    415.5      46.17     66.7
OOS_LIMPO % dentro da faixa       fade 3-direcional  2    164.0      82.00    100.0


========================================================================================================================
JANELA DESCOBERTA  (19 pregoes, 28 operacoes) -- gerou as hipoteses
========================================================================================================================
    janela    medida      perna     faixa  n  liquido  rs_por_op  win_pct
DESCOBERTA |ER| 5min rompimento 1-lateral 12    209.0      17.42     58.3
DESCOBERTA |ER| 5min rompimento    2-meio  6   -298.0     -49.67     16.7
DESCOBERTA |ER| 5min       fade 1-lateral  4   -252.0     -63.00     25.0
DESCOBERTA |ER| 5min       fade    2-meio  6   -263.0     -43.83     33.3

    janela     medida      perna        faixa  n  liquido  rs_por_op  win_pct
DESCOBERTA |ER| 15min rompimento    1-lateral  8    206.0      25.75     50.0
DESCOBERTA |ER| 15min rompimento       2-meio  5   -277.5     -55.50     20.0
DESCOBERTA |ER| 15min rompimento 3-direcional  5    -17.5      -3.50     60.0
DESCOBERTA |ER| 15min       fade    1-lateral  2   -111.0     -55.50     50.0
DESCOBERTA |ER| 15min       fade       2-meio  2   -131.0     -65.50     50.0
DESCOBERTA |ER| 15min       fade 3-direcional  6   -273.0     -45.50     16.7

    janela     medida      perna        faixa  n  liquido  rs_por_op  win_pct
DESCOBERTA |ER| 30min rompimento    1-lateral  6   -448.0     -74.67     16.7
DESCOBERTA |ER| 30min rompimento       2-meio  6    107.0      17.83     50.0
DESCOBERTA |ER| 30min rompimento 3-direcional  6    252.0      42.00     66.7
DESCOBERTA |ER| 30min       fade    1-lateral  2   -186.0     -93.00      0.0
DESCOBERTA |ER| 30min       fade       2-meio  5   -222.5     -44.50     40.0
DESCOBERTA |ER| 30min       fade 3-direcional  3   -106.5     -35.50     33.3

    janela     medida      perna        faixa  n  liquido  rs_por_op  win_pct
DESCOBERTA |ER| 60min rompimento    1-lateral 10   -340.0     -34.00     30.0
DESCOBERTA |ER| 60min rompimento       2-meio  3    -21.5      -7.17     66.7
DESCOBERTA |ER| 60min rompimento 3-direcional  5    272.5      54.50     60.0
DESCOBERTA |ER| 60min       fade    1-lateral  8   -434.0     -54.25     25.0
DESCOBERTA |ER| 60min       fade       2-meio  1   -105.5    -105.50      0.0
DESCOBERTA |ER| 60min       fade 3-direcional  1     24.5      24.50    100.0

    janela        medida      perna        faixa  n  liquido  rs_por_op  win_pct
DESCOBERTA |ER| abertura rompimento    1-lateral  6    -18.0      -3.00     33.3
DESCOBERTA |ER| abertura rompimento       2-meio  7   -343.5     -49.07     42.9
DESCOBERTA |ER| abertura rompimento 3-direcional  5    272.5      54.50     60.0
DESCOBERTA |ER| abertura       fade    1-lateral  7   -503.5     -71.93     28.6
DESCOBERTA |ER| abertura       fade       2-meio  3    -11.5      -3.83     33.3

    janela            medida      perna        faixa  n  liquido  rs_por_op  win_pct
DESCOBERTA % dentro da faixa rompimento    1-lateral  2    219.0     109.50    100.0
DESCOBERTA % dentro da faixa rompimento       2-meio  3   -391.5    -130.50      0.0
DESCOBERTA % dentro da faixa rompimento 3-direcional  9   -234.5     -26.06     33.3
DESCOBERTA % dentro da faixa rompimento   indefinido  4    318.0      79.50     75.0
DESCOBERTA % dentro da faixa       fade    1-lateral  4   -237.0     -59.25     25.0
DESCOBERTA % dentro da faixa       fade       2-meio  3    -76.5     -25.50     66.7
DESCOBERTA % dentro da faixa       fade 3-direcional  3   -201.5     -67.17      0.0

========================================================================================================================
O SENTIDO PREVISTO SE REPETE NAS DUAS JANELAS CEGAS?
  previsto ANTES de medir: lateral -> fade melhor que direcional;
                           direcional -> rompimento melhor que lateral
========================================================================================================================
  (valor = R$/op no LATERAL menos R$/op no DIRECIONAL, por perna)
  previsto: coluna _fade POSITIVA, coluna _romp NEGATIVA

           medida  IS_fade  IS_romp  OOS_fade  OOS_romp  DES_fade  DES_romp
        |ER| 5min      NaN      NaN       NaN       NaN       NaN       NaN
       |ER| 15min   -30.15    46.62     26.90     56.90    -10.00     29.25
       |ER| 30min  -127.78   -34.68     46.67     27.81    -57.50   -116.67
       |ER| 60min   -41.92   -51.64      3.57     40.64    -78.75    -88.50
    |ER| abertura      NaN   -26.73    184.06     65.41       NaN    -57.50
% dentro da faixa    -6.98    23.52    -47.50      9.29      7.92    135.56

  veredito por medida (so' IS e OOS_LIMPO votam):
    |ER| 5min              fade NAO | rompimento NAO | nao replica
    |ER| 15min             fade NAO | rompimento NAO | nao replica
    |ER| 30min             fade NAO | rompimento NAO | nao replica
    |ER| 60min             fade NAO | rompimento NAO | nao replica
    |ER| abertura          fade NAO | rompimento NAO | nao replica
    % dentro da faixa      fade NAO | rompimento NAO | nao replica

[lateral] arquivos em C:\Users\Jeffe\Documents\study\meta\scratch\wdo_orb_lateralizacao_2026_09_15
