====================================================================================================================================================
ROMPIMENTO DE RETÂNGULO -- EXECUTABILIDADE e ECONOMIA sob o desenho fechado
====================================================================================================================================================
  WIN@ M1 | 129 pregões | 2025-12-01 a 2026-06-12 | IS apenas
  retângulo W=20, tolerância 0.2, largura mínima 328
  pedágio ida-e-volta 7,5 pontos = R$ 1,50/contrato | margem crua R$ 100,00
  horizonte reteste 400 barras (~fim do pregão) | horizonte economia 120 barras | horizonte revisita 60 barras

  [  1/129] 2025-12-10: 3 rompimento(s), 4 retângulo(s)
  [  2/129] 2025-12-03: 1 rompimento(s), 1 retângulo(s)
  [  3/129] 2025-12-01: 1 rompimento(s), 1 retângulo(s)
  [  4/129] 2025-12-05: 6 rompimento(s), 7 retângulo(s)
  [  5/129] 2025-12-02: 0 rompimento(s), 0 retângulo(s)
  [  6/129] 2025-12-09: 5 rompimento(s), 5 retângulo(s)
  [  7/129] 2025-12-04: 0 rompimento(s), 0 retângulo(s)
  [  8/129] 2025-12-08: 1 rompimento(s), 1 retângulo(s)
  [  9/129] 2025-12-11: 2 rompimento(s), 2 retângulo(s)
  [ 10/129] 2025-12-17: 2 rompimento(s), 2 retângulo(s)
  [ 11/129] 2025-12-12: 2 rompimento(s), 2 retângulo(s)
  [ 12/129] 2025-12-15: 1 rompimento(s), 1 retângulo(s)
  [ 13/129] 2025-12-19: 0 rompimento(s), 0 retângulo(s)
  [ 14/129] 2025-12-23: 1 rompimento(s), 1 retângulo(s)
  [ 15/129] 2025-12-26: 2 rompimento(s), 2 retângulo(s)
  [ 16/129] 2025-12-29: 1 rompimento(s), 1 retângulo(s)
  [ 17/129] 2025-12-18: 2 rompimento(s), 2 retângulo(s)
  [ 18/129] 2025-12-22: 2 rompimento(s), 2 retângulo(s)
  [ 19/129] 2025-12-16: 1 rompimento(s), 1 retângulo(s)
  [ 20/129] 2026-01-06: 2 rompimento(s), 2 retângulo(s)
  [ 21/129] 2025-12-30: 0 rompimento(s), 0 retângulo(s)
  [ 22/129] 2026-01-02: 1 rompimento(s), 1 retângulo(s)
  [ 23/129] 2026-01-05: 1 rompimento(s), 1 retângulo(s)
  [ 24/129] 2026-01-08: 3 rompimento(s), 3 retângulo(s)
  [ 25/129] 2026-01-13: 2 rompimento(s), 2 retângulo(s)
  [ 26/129] 2026-01-15: 1 rompimento(s), 1 retângulo(s)
  [ 27/129] 2026-01-14: 1 rompimento(s), 1 retângulo(s)
  [ 28/129] 2026-01-07: 1 rompimento(s), 1 retângulo(s)
  [ 29/129] 2026-01-09: 1 rompimento(s), 1 retângulo(s)
  [ 30/129] 2026-01-12: 1 rompimento(s), 1 retângulo(s)
  [ 31/129] 2026-01-16: 0 rompimento(s), 0 retângulo(s)
  [ 32/129] 2026-01-19: 1 rompimento(s), 1 retângulo(s)
  [ 33/129] 2026-01-20: 3 rompimento(s), 3 retângulo(s)
  [ 34/129] 2026-01-22: 6 rompimento(s), 7 retângulo(s)
  [ 35/129] 2026-01-26: 3 rompimento(s), 3 retângulo(s)
  [ 36/129] 2026-01-21: 1 rompimento(s), 1 retângulo(s)
  [ 37/129] 2026-01-30: 7 rompimento(s), 8 retângulo(s)
  [ 38/129] 2026-02-03: 3 rompimento(s), 3 retângulo(s)
  [ 39/129] 2026-01-29: 8 rompimento(s), 8 retângulo(s)
  [ 40/129] 2026-02-04: 7 rompimento(s), 7 retângulo(s)
  [ 41/129] 2026-01-23: 2 rompimento(s), 3 retângulo(s)
  [ 42/129] 2026-02-05: 6 rompimento(s), 7 retângulo(s)
  [ 43/129] 2026-01-27: 4 rompimento(s), 4 retângulo(s)
  [ 44/129] 2026-01-28: 6 rompimento(s), 7 retângulo(s)
  [ 45/129] 2026-02-02: 3 rompimento(s), 3 retângulo(s)
  [ 46/129] 2026-02-06: 4 rompimento(s), 4 retângulo(s)
  [ 47/129] 2026-02-09: 3 rompimento(s), 3 retângulo(s)
  [ 48/129] 2026-02-12: 5 rompimento(s), 5 retângulo(s)
  [ 49/129] 2026-02-10: 4 rompimento(s), 4 retângulo(s)
  [ 50/129] 2026-02-13: 7 rompimento(s), 7 retângulo(s)
  [ 51/129] 2026-02-11: 7 rompimento(s), 7 retângulo(s)
  [ 52/129] 2026-02-19: 5 rompimento(s), 5 retângulo(s)
  [ 53/129] 2026-02-20: 2 rompimento(s), 2 retângulo(s)
  [ 54/129] 2026-02-26: 3 rompimento(s), 3 retângulo(s)
  [ 55/129] 2026-02-25: 2 rompimento(s), 3 retângulo(s)
  [ 56/129] 2026-02-27: 6 rompimento(s), 6 retângulo(s)
  [ 57/129] 2026-02-23: 4 rompimento(s), 4 retângulo(s)
  [ 58/129] 2026-02-24: 2 rompimento(s), 2 retângulo(s)
  [ 59/129] 2026-03-03: 10 rompimento(s), 10 retângulo(s)
  [ 60/129] 2026-03-02: 6 rompimento(s), 7 retângulo(s)
  [ 61/129] 2026-03-05: 9 rompimento(s), 9 retângulo(s)
  [ 62/129] 2026-03-04: 6 rompimento(s), 6 retângulo(s)
  [ 63/129] 2026-03-06: 5 rompimento(s), 6 retângulo(s)
  [ 64/129] 2026-03-09: 7 rompimento(s), 8 retângulo(s)
  [ 65/129] 2026-03-16: 5 rompimento(s), 6 retângulo(s)
  [ 66/129] 2026-03-12: 4 rompimento(s), 4 retângulo(s)
  [ 67/129] 2026-03-10: 5 rompimento(s), 5 retângulo(s)
  [ 68/129] 2026-03-17: 7 rompimento(s), 7 retângulo(s)
  [ 69/129] 2026-03-18: 5 rompimento(s), 5 retângulo(s)
  [ 70/129] 2026-03-11: 5 rompimento(s), 5 retângulo(s)
  [ 71/129] 2026-03-13: 6 rompimento(s), 6 retângulo(s)
  [ 72/129] 2026-03-25: 5 rompimento(s), 6 retângulo(s)
  [ 73/129] 2026-03-19: 10 rompimento(s), 10 retângulo(s)
  [ 74/129] 2026-03-24: 6 rompimento(s), 7 retângulo(s)
  [ 75/129] 2026-03-26: 4 rompimento(s), 5 retângulo(s)
  [ 76/129] 2026-03-23: 6 rompimento(s), 7 retângulo(s)
  [ 77/129] 2026-03-20: 11 rompimento(s), 11 retângulo(s)
  [ 78/129] 2026-03-27: 3 rompimento(s), 4 retângulo(s)
  [ 79/129] 2026-03-31: 5 rompimento(s), 5 retângulo(s)
  [ 80/129] 2026-04-01: 4 rompimento(s), 4 retângulo(s)
  [ 81/129] 2026-04-07: 6 rompimento(s), 6 retângulo(s)
  [ 82/129] 2026-03-30: 6 rompimento(s), 6 retângulo(s)
  [ 83/129] 2026-04-10: 3 rompimento(s), 3 retângulo(s)
  [ 84/129] 2026-04-09: 4 rompimento(s), 4 retângulo(s)
  [ 85/129] 2026-04-02: 5 rompimento(s), 5 retângulo(s)
  [ 86/129] 2026-04-15: 1 rompimento(s), 1 retângulo(s)
  [ 87/129] 2026-04-08: 3 rompimento(s), 3 retângulo(s)
  [ 88/129] 2026-04-17: 3 rompimento(s), 3 retângulo(s)
  [ 89/129] 2026-04-06: 1 rompimento(s), 1 retângulo(s)
  [ 90/129] 2026-04-13: 3 rompimento(s), 3 retângulo(s)
  [ 91/129] 2026-04-14: 3 rompimento(s), 3 retângulo(s)
  [ 92/129] 2026-04-23: 3 rompimento(s), 3 retângulo(s)
  [ 93/129] 2026-04-20: 2 rompimento(s), 2 retângulo(s)
  [ 94/129] 2026-04-16: 3 rompimento(s), 3 retângulo(s)
  [ 95/129] 2026-04-22: 3 rompimento(s), 3 retângulo(s)
  [ 96/129] 2026-04-24: 3 rompimento(s), 3 retângulo(s)
  [ 97/129] 2026-05-05: 2 rompimento(s), 2 retângulo(s)
  [ 98/129] 2026-04-28: 2 rompimento(s), 2 retângulo(s)
  [ 99/129] 2026-04-29: 2 rompimento(s), 2 retângulo(s)
  [100/129] 2026-04-27: 1 rompimento(s), 1 retângulo(s)
  [101/129] 2026-04-30: 2 rompimento(s), 2 retângulo(s)
  [102/129] 2026-05-04: 4 rompimento(s), 4 retângulo(s)
  [103/129] 2026-05-08: 1 rompimento(s), 1 retângulo(s)
  [104/129] 2026-05-06: 3 rompimento(s), 3 retângulo(s)
  [105/129] 2026-05-11: 2 rompimento(s), 2 retângulo(s)
  [106/129] 2026-05-07: 0 rompimento(s), 0 retângulo(s)
  [107/129] 2026-05-12: 1 rompimento(s), 1 retângulo(s)
  [108/129] 2026-05-13: 2 rompimento(s), 2 retângulo(s)
  [109/129] 2026-05-14: 2 rompimento(s), 2 retângulo(s)
  [110/129] 2026-05-15: 3 rompimento(s), 3 retângulo(s)
  [111/129] 2026-05-18: 2 rompimento(s), 2 retângulo(s)
  [112/129] 2026-05-19: 1 rompimento(s), 1 retângulo(s)
  [113/129] 2026-05-20: 2 rompimento(s), 2 retângulo(s)
  [114/129] 2026-05-21: 2 rompimento(s), 2 retângulo(s)
  [115/129] 2026-05-25: 2 rompimento(s), 2 retângulo(s)
  [116/129] 2026-05-22: 2 rompimento(s), 2 retângulo(s)
  [117/129] 2026-05-28: 4 rompimento(s), 4 retângulo(s)
  [118/129] 2026-05-29: 3 rompimento(s), 3 retângulo(s)
  [119/129] 2026-05-27: 4 rompimento(s), 4 retângulo(s)
  [120/129] 2026-05-26: 2 rompimento(s), 2 retângulo(s)
  [121/129] 2026-06-01: 3 rompimento(s), 3 retângulo(s)
  [122/129] 2026-06-02: 2 rompimento(s), 2 retângulo(s)
  [123/129] 2026-06-03: 2 rompimento(s), 2 retângulo(s)
  [124/129] 2026-06-11: 4 rompimento(s), 4 retângulo(s)
  [125/129] 2026-06-05: 1 rompimento(s), 1 retângulo(s)
  [126/129] 2026-06-08: 3 rompimento(s), 3 retângulo(s)
  [127/129] 2026-06-09: 3 rompimento(s), 3 retângulo(s)
  [128/129] 2026-06-10: 0 rompimento(s), 0 retângulo(s)
  [129/129] 2026-06-12: 1 rompimento(s), 1 retângulo(s)

  total: 417 rompimentos (3,2/pregão) -- deve bater com o fenômeno (417, 3,2/pregão)

====================================================================================================================================================
(B) PRAZO (ttl_bars=minutos, feed M1) -- taxa de PREENCHIMENTO e ATRASO REALIZADO, por FORMA
====================================================================================================================================================

  -- A1_retest_completo (n=417 rompimentos elegíveis) --
     nunca preenche até o fim do pregão: 18,5% (77 de 417)
     atraso entre os que preenchem: mediana 10 min (p10 2, p90 93)
     ttl (min)      preenche%   atraso mediano   atraso p90
     5 min              29,3%          3,0 min      5,0 min
     10 min             41,0%          4,0 min      8,0 min
     15 min             49,6%          5,0 min     13,0 min
     20 min             54,7%          5,0 min     15,0 min
     30 min             59,7%          6,0 min     19,0 min
     45 min             65,7%          6,0 min     29,0 min
     60 min             69,3%          7,0 min     35,0 min
     90 min             73,1%          8,0 min     45,6 min
     120 min            76,3%          9,0 min     56,6 min

  -- A2_retorno_parcial (n=417 rompimentos elegíveis) --
     nunca preenche até o fim do pregão: 10,1% (42 de 417)
     atraso entre os que preenchem: mediana 3 min (p10 1, p90 32)
     ttl (min)      preenche%   atraso mediano   atraso p90
     5 min              56,8%          2,0 min      4,0 min
     10 min             67,9%          2,0 min      7,0 min
     15 min             72,4%          2,0 min      8,9 min
     20 min             76,0%          3,0 min     11,0 min
     30 min             79,9%          3,0 min     15,0 min
     45 min             83,2%          3,0 min     18,4 min
     60 min             84,4%          3,0 min     20,0 min
     90 min             87,1%          3,0 min     25,8 min
     120 min            88,0%          3,0 min     29,0 min

====================================================================================================================================================
(C) ECONOMIA CRUA CONTRA O PEDÁGIO -- só operações PREENCHIDAS (A1, retest completo)
====================================================================================================================================================
  n=340 entradas preenchidas de 417 rompimentos

  geometria (alvo/stop)        n decidido     win%  breakeven nom.   R$/op (bruto)  R$/op (líq. pedágio)
  0,50L / 0,50L                       336    53,0%           50,0%        14,6 pts               R$ 1,42
  0,80L / 0,50L (herdada)             331    40,8%           38,5%        14,1 pts               R$ 1,31

  limiar simétrico             n decidido     win%  R$/op (líq. pedágio)
  20 pts (sim.)                       339    30,4%              R$ -3,07
  40 pts (sim.)                       339    39,2%              R$ -3,22
  60 pts (sim.)                       339    45,4%              R$ -2,60
  100 pts (sim.)                      339    51,3%              R$ -0,97
  150 pts (sim.)                      338    52,4%              R$ -0,08
  200 pts (sim.)                      336    50,3%              R$ -1,26
  300 pts (sim.)                      330    51,5%               R$ 0,32

  -- A2 (retorno parcial 50%), geometria herdada 0,80L/0,50L a partir DA MESMA borda --
     n decidido=368  win%=37,8%  breakeven nom.=38,5%  R$/op líq.=R$ -2,10  (entrada mais rasa -> alvo/stop maiores em pontos a partir de um ponto de referência mais frágil)

====================================================================================================================================================
(D) FILA -- quantas vezes o preço REVISITA o nível de entrada DEPOIS do fill (proxy de fila)
====================================================================================================================================================
  BORDA rompida (romper-e-retestar, n=340): mediana 7,0 revisitas em 60 barras seguintes ao fill (p10 1,0, p90 20,1)
  MEIO do retângulo (win_retangulo, n=434): mediana 6,0 revisitas em 60 barras seguintes ao nascimento (p10 0,0, p90 18,0)
  fração com ZERO revisitas (nível visitado 1x e o preço vai embora): borda 7,9%  |  meio 15,4%

====================================================================================================================================================
(E) PISO DE CAPITAL -- pior rebaixamento POR OPERAÇÃO + margem crua
====================================================================================================================================================
  0,50L / 0,50L               pior perda medida R$     108,89  ->  piso sugerido R$ 208,89 (perda + margem R$ 100)
  0,80L / 0,50L (herdada)     pior perda medida R$     108,89  ->  piso sugerido R$ 208,89 (perda + margem R$ 100)

====================================================================================================================================================
COMO LER
====================================================================================================================================================
  * Só as formas A1/A2 são executáveis (ver enumeração no topo do arquivo); B/C/D estão
    mecanicamente descartadas e D é regra explícita do projeto.
  * (C) usa só as entradas que PREENCHERAM -- taxa de preenchimento está em (B), não aqui;
    não confundir R$/op (que já é condicional a preencher) com R$/pregão (que precisa de (B)).
  * Nenhum custo de fila foi cobrado (WIN@ não tem fidelidade.py calibrada) -- (D) é a
    checagem qualitativa que substitui a calibração ausente.
  * Só o IS. A janela cega fica intacta.

FIM.
