[veto] 134 pregoes x 5 celulas (['BASE', 'A', 'B', 'A+B', 'A_PULA']), 12 processos
[veto] corte |ER|15min = 0.4872 (lido no IS, FASE 1) | corte faixa = 30 ticks (teto do stop)

  ... 25/134
  ... 50/134
  ... 75/134
  ... 100/134
  ... 125/134

[veto] 740 operacoes + 59140 vetos -> 10_veto_trades.csv

============================================================================================================================
JANELA IS  (72 pregoes) -- independente
============================================================================================================================
celula   n  vetadas  liquido  rs_por_op  win_pct  pregoes_pos_pct  pregoes_com_op  sem_trade  desvio_op
  BASE 103        0   2363.5      22.95     58.3             55.6              72          0     137.10
     A 102       23   2439.0      23.91     60.8             59.7              72          0     135.46
     B  44       44    798.0      18.14     59.1             50.0              28         44     112.49
   A+B  44    42016    838.0      19.05     59.1             50.0              28         44     113.53
A_PULA  70       23   1465.0      20.93     58.6             55.1              49         23     132.18

============================================================================================================================
JANELA OOS_LIMPO  (43 pregoes) -- independente
============================================================================================================================
celula  n  vetadas  liquido  rs_por_op  win_pct  pregoes_pos_pct  pregoes_com_op  sem_trade  desvio_op
  BASE 64        0    733.0      11.45     57.8             61.9              42          1     117.85
     A 63       15    768.5      12.20     57.1             61.9              42          1     115.35
     B 45       13    517.5      11.50     51.1             58.6              29         14     121.12
   A+B 44    13179    558.0      12.68     50.0             58.6              29         14     117.75
A_PULA 41       15   1104.5      26.94     65.9             74.1              27         16     107.43

============================================================================================================================
JANELA DESCOBERTA  (19 pregoes) -- gerou as hipoteses
============================================================================================================================
celula  n  vetadas  liquido  rs_por_op  win_pct  pregoes_pos_pct  pregoes_com_op  sem_trade  desvio_op
  BASE 28        0   -604.0     -21.57     39.3             44.4              18          1     123.54
     A 27        3   -618.5     -22.91     40.7             44.4              18          1     126.46
     B 21        4    139.5       6.64     47.6             50.0              14          5     122.10
   A+B 20     3802    130.0       6.50     50.0             50.0              14          5     126.44
A_PULA 24        3   -742.0     -30.92     37.5             40.0              15          4     125.74

============================================================================================================================
CONTRAFACTUAL -- o que a PRODUCAO fazia com as operacoes que o veto removeu
  (casado por (data, hora de entrada), NUNCA por ordem no dia: vetar
   uma entrada reescreve o resto do pregao)
============================================================================================================================

--- celula A ---
  [IS] sumiram 24 op (R$+333.00, das quais 12 eram GANHADORAS valendo R$+1,784.00) | surgiram 23 op (R$+408.50)
  [OOS_LIMPO] sumiram 12 op (R$-366.00, das quais 5 eram GANHADORAS valendo R$+512.50) | surgiram 11 op (R$-330.50)
  [DESCOBERTA] sumiram 3 op (R$-31.50, das quais 1 eram GANHADORAS valendo R$+64.50) | surgiram 2 op (R$-46.00)

--- celula B ---
  [IS] sumiram 59 op (R$+1,565.50, das quais 34 eram GANHADORAS valendo R$+4,798.00) | surgiram 0 op (R$+0.00)
  [OOS_LIMPO] sumiram 19 op (R$+215.50, das quais 14 eram GANHADORAS valendo R$+993.00) | surgiram 0 op (R$+0.00)
  [DESCOBERTA] sumiram 7 op (R$-743.50, das quais 1 eram GANHADORAS valendo R$+64.50) | surgiram 0 op (R$+0.00)

--- celula A+B ---
  [IS] sumiram 66 op (R$+1,427.00, das quais 37 eram GANHADORAS valendo R$+5,181.50) | surgiram 7 op (R$-98.50)
  [OOS_LIMPO] sumiram 27 op (R$+236.50, das quais 18 eram GANHADORAS valendo R$+1,426.00) | surgiram 7 op (R$+61.50)
  [DESCOBERTA] sumiram 9 op (R$-839.50, das quais 1 eram GANHADORAS valendo R$+64.50) | surgiram 1 op (R$-105.50)

--- celula A_PULA ---
  [IS] sumiram 33 op (R$+898.50, das quais 19 eram GANHADORAS valendo R$+2,645.50) | surgiram 0 op (R$+0.00)
  [OOS_LIMPO] sumiram 23 op (R$-371.50, das quais 10 eram GANHADORAS valendo R$+1,180.00) | surgiram 0 op (R$+0.00)
  [DESCOBERTA] sumiram 4 op (R$+138.00, das quais 2 eram GANHADORAS valendo R$+234.00) | surgiram 0 op (R$+0.00)

============================================================================================================================
BOOTSTRAP EMPARELHADO POR PREGAO contra BASE (5000 reamostragens, IS+OOS_LIMPO)
  LEMBRETE: in-sample nas duas. Isto mede TAMANHO DE EFEITO, nao validacao.
============================================================================================================================

  A contra BASE:
    R$/op maior em           60.2%
    mais pregoes positivos:  95.4%

  B contra BASE:
    R$/op maior em           34.4%
    mais pregoes positivos:  21.8%

  A+B contra BASE:
    R$/op maior em           39.3%
    mais pregoes positivos:  21.8%

  A_PULA contra BASE:
    R$/op maior em           72.5%
    mais pregoes positivos:  88.7%

[veto] arquivos em C:\Users\Jeffe\Documents\study\meta\scratch\wdo_orb_lateralizacao_2026_09_15
