25 combos, 12 processos em paralelo

  [ref.  ] baseline T1 S16 (atual, referencia) alvo= 1 stop=16 -> 2773 trades  R$  11.233,50  maxdd R$    121,50  calmar 92,46  R$/trade   4,05
  [ 1/25 1745.7s] T1 S3                            alvo= 1 stop= 3 -> 2699 trades  R$  10.490,50  maxdd R$     84,50  calmar 124,15  R$/trade   3,89
  [ 2/25 1747.1s] T1 S4                            alvo= 1 stop= 4 -> 2904 trades  R$  11.563,00  maxdd R$     72,00  calmar 160,60  R$/trade   3,98
  [ 3/25 1749.3s] T1 S1                            alvo= 1 stop= 1 -> 2976 trades  R$   9.027,00  maxdd R$     51,00  calmar 177,00  R$/trade   3,03
  [ 4/25 1749.1s] T1 S5                            alvo= 1 stop= 5 -> 2595 trades  R$  10.422,50  maxdd R$    122,00  calmar 85,43  R$/trade   4,02
  [ 5/25 1749.4s] T2 S1                            alvo= 2 stop= 1 -> 3132 trades  R$  -3.466,00  maxdd R$  3.765,50  calmar -0,92  R$/trade  -1,11
  [ 6/25 1750.2s] T3 S1                            alvo= 3 stop= 1 -> 5342 trades  R$ -24.366,00  maxdd R$ 24.387,50  calmar -1,00  R$/trade  -4,56
  [ 7/25 1754.5s] T2 S3                            alvo= 2 stop= 3 -> 1825 trades  R$   6.132,50  maxdd R$    156,00  calmar 39,31  R$/trade   3,36
  [ 8/25 1756.4s] T1 S2                            alvo= 1 stop= 2 -> 2597 trades  R$   9.716,50  maxdd R$     70,50  calmar 137,82  R$/trade   3,74
  [ 9/25 1756.1s] T2 S2                            alvo= 2 stop= 2 -> 2065 trades  R$   4.072,50  maxdd R$    189,50  calmar 21,49  R$/trade   1,97
  [10/25 1756.5s] T3 S2                            alvo= 3 stop= 2 -> 2721 trades  R$  -1.505,50  maxdd R$  2.143,50  calmar -0,70  R$/trade  -0,55
  [11/25 1759.4s] T2 S5                            alvo= 2 stop= 5 -> 1635 trades  R$   8.122,50  maxdd R$    202,50  calmar 40,11  R$/trade   4,97
  [12/25 1759.4s] T2 S4                            alvo= 2 stop= 4 -> 1659 trades  R$   6.410,50  maxdd R$    153,50  calmar 41,76  R$/trade   3,86
  [13/25  820.2s] T3 S3                            alvo= 3 stop= 3 -> 2434 trades  R$   2.443,00  maxdd R$    746,00  calmar  3,27  R$/trade   1,00
  [14/25  822.8s] T3 S4                            alvo= 3 stop= 4 -> 1842 trades  R$   3.234,00  maxdd R$    394,50  calmar  8,20  R$/trade   1,76
  [15/25  822.3s] T4 S1                            alvo= 4 stop= 1 -> 5862 trades  R$ -28.901,00  maxdd R$ 28.907,00  calmar -1,00  R$/trade  -4,93
  [16/25  824.6s] T3 S5                            alvo= 3 stop= 5 -> 1899 trades  R$   3.410,50  maxdd R$    491,50  calmar  6,94  R$/trade   1,80
  [17/25  824.8s] T4 S2                            alvo= 4 stop= 2 -> 3106 trades  R$  -7.303,00  maxdd R$  7.494,50  calmar -0,97  R$/trade  -2,35
  [18/25  824.8s] T4 S3                            alvo= 4 stop= 3 -> 2705 trades  R$  -4.212,50  maxdd R$  4.439,50  calmar -0,95  R$/trade  -1,56
  [19/25  827.4s] T4 S4                            alvo= 4 stop= 4 -> 2111 trades  R$   1.279,50  maxdd R$    708,00  calmar  1,81  R$/trade   0,61
  [20/25  825.8s] T5 S2                            alvo= 5 stop= 2 -> 3796 trades  R$ -13.613,00  maxdd R$ 13.664,00  calmar -1,00  R$/trade  -3,59
  [21/25  827.6s] T4 S5                            alvo= 4 stop= 5 -> 1801 trades  R$   2.204,50  maxdd R$    600,50  calmar  3,67  R$/trade   1,22
  [22/25  828.3s] T5 S1                            alvo= 5 stop= 1 -> 7524 trades  R$ -45.877,00  maxdd R$ 45.922,50  calmar -1,00  R$/trade  -6,10
  [23/25  829.7s] T5 S4                            alvo= 5 stop= 4 -> 2511 trades  R$  -1.315,50  maxdd R$  1.698,00  calmar -0,77  R$/trade  -0,52
  [24/25  830.3s] T5 S3                            alvo= 5 stop= 3 -> 2697 trades  R$  -3.858,50  maxdd R$  4.036,50  calmar -0,96  R$/trade  -1,43
  [25/25  450.5s] T5 S5                            alvo= 5 stop= 5 -> 1749 trades  R$     825,50  maxdd R$  1.099,00  calmar  0,75  R$/trade   0,47

total: 3023.5s

--- top 5 por MaxDD (menor risco) ---
  T1 S1: maxdd R$ 51,00  liquido R$ 9.027,00  calmar 177,00  trades 2976
  T1 S2: maxdd R$ 70,50  liquido R$ 9.716,50  calmar 137,82  trades 2597
  T1 S4: maxdd R$ 72,00  liquido R$ 11.563,00  calmar 160,60  trades 2904
  T1 S3: maxdd R$ 84,50  liquido R$ 10.490,50  calmar 124,15  trades 2699
  T1 S5: maxdd R$ 122,00  liquido R$ 10.422,50  calmar 85,43  trades 2595

--- top 5 por lucro/dia ---
  T1 S4: R$/pregao 160,60  liquido R$ 11.563,00  maxdd R$ 72,00  trades 2904
  T1 S3: R$/pregao 145,70  liquido R$ 10.490,50  maxdd R$ 84,50  trades 2699
  T1 S5: R$/pregao 144,76  liquido R$ 10.422,50  maxdd R$ 122,00  trades 2595
  T1 S2: R$/pregao 134,95  liquido R$ 9.716,50  maxdd R$ 70,50  trades 2597
  T1 S1: R$/pregao 125,38  liquido R$ 9.027,00  maxdd R$ 51,00  trades 2976
