225 combos, 12 processos em paralelo

  [ref.  ] baseline T1 S16 (atual, referencia) alvo= 1 stop=16 -> 2773 trades  R$  11.233,50  maxdd R$    121,50  calmar 92,46  R$/trade   4,05
  [  1/225  608.1s] T6 S6                            alvo= 6 stop= 6 -> 1400 trades  R$     145,00  maxdd R$  1.121,50  calmar  0,13  R$/trade   0,10
  [  2/225  608.1s] T6 S14                           alvo= 6 stop=14 ->  841 trades  R$     919,50  maxdd R$  2.090,00  calmar  0,44  R$/trade   1,09
  [  3/225  608.8s] T6 S16                           alvo= 6 stop=16 ->  785 trades  R$    -892,50  maxdd R$  1.647,50  calmar -0,54  R$/trade  -1,14
  [  4/225  611.5s] T6 S10                           alvo= 6 stop=10 -> 1072 trades  R$     509,00  maxdd R$  1.252,00  calmar  0,41  R$/trade   0,47
  [  5/225  611.8s] T6 S9                            alvo= 6 stop= 9 -> 1093 trades  R$   1.373,50  maxdd R$  1.065,50  calmar  1,29  R$/trade   1,26
  [  6/225  612.3s] T6 S7                            alvo= 6 stop= 7 -> 1527 trades  R$     586,50  maxdd R$  1.101,00  calmar  0,53  R$/trade   0,38
  [  7/225  611.6s] T6 S17                           alvo= 6 stop=17 ->  662 trades  R$   2.704,00  maxdd R$    794,00  calmar  3,41  R$/trade   4,08
  [  8/225  612.3s] T6 S11                           alvo= 6 stop=11 ->  842 trades  R$   1.734,00  maxdd R$    586,50  calmar  2,96  R$/trade   2,06
  [  9/225  613.2s] T6 S13                           alvo= 6 stop=13 ->  870 trades  R$     480,00  maxdd R$  1.648,50  calmar  0,29  R$/trade   0,55
  [ 10/225  613.4s] T6 S12                           alvo= 6 stop=12 -> 1102 trades  R$   2.314,00  maxdd R$  1.292,00  calmar  1,79  R$/trade   2,10
  [ 11/225  614.0s] T6 S15                           alvo= 6 stop=15 ->  891 trades  R$     364,50  maxdd R$  1.924,50  calmar  0,19  R$/trade   0,41
  [ 12/225  615.2s] T6 S8                            alvo= 6 stop= 8 -> 1556 trades  R$    -583,00  maxdd R$  1.729,50  calmar -0,34  R$/trade  -0,37
  [ 13/225  511.3s] T6 S20                           alvo= 6 stop=20 ->  717 trades  R$     631,50  maxdd R$  1.248,50  calmar  0,51  R$/trade   0,88
  [ 14/225  513.2s] T6 S19                           alvo= 6 stop=19 ->  656 trades  R$   1.842,00  maxdd R$  1.245,00  calmar  1,48  R$/trade   2,81
  [ 15/225  514.7s] T6 S18                           alvo= 6 stop=18 ->  713 trades  R$   1.723,50  maxdd R$  1.255,00  calmar  1,37  R$/trade   2,42
  [ 16/225  510.9s] T7 S10                           alvo= 7 stop=10 ->  914 trades  R$    -467,00  maxdd R$  1.286,50  calmar -0,36  R$/trade  -0,51
  [ 17/225  513.2s] T7 S7                            alvo= 7 stop= 7 -> 1355 trades  R$  -1.187,50  maxdd R$  1.892,50  calmar -0,63  R$/trade  -0,88
  [ 18/225  513.4s] T7 S8                            alvo= 7 stop= 8 -> 1098 trades  R$      36,00  maxdd R$  1.305,00  calmar  0,03  R$/trade   0,03
  [ 19/225  512.6s] T7 S12                           alvo= 7 stop=12 ->  832 trades  R$    -846,00  maxdd R$  2.426,50  calmar -0,35  R$/trade  -1,02
  [ 20/225  516.6s] T7 S6                            alvo= 7 stop= 6 -> 1471 trades  R$    -160,50  maxdd R$  1.610,00  calmar -0,10  R$/trade  -0,11
  [ 21/225  516.4s] T7 S9                            alvo= 7 stop= 9 -> 1009 trades  R$    -779,50  maxdd R$  1.620,50  calmar -0,48  R$/trade  -0,77
  [ 22/225  515.5s] T7 S13                           alvo= 7 stop=13 ->  743 trades  R$     318,50  maxdd R$  2.260,00  calmar  0,14  R$/trade   0,43
  [ 23/225  519.9s] T7 S11                           alvo= 7 stop=11 ->  956 trades  R$  -1.283,00  maxdd R$  2.273,50  calmar -0,56  R$/trade  -1,34
  [ 24/225  520.2s] T7 S14                           alvo= 7 stop=14 ->  783 trades  R$   1.158,50  maxdd R$  1.109,00  calmar  1,04  R$/trade   1,48
  [ 25/225  524.3s] T7 S16                           alvo= 7 stop=16 ->  629 trades  R$   1.060,50  maxdd R$  1.213,50  calmar  0,87  R$/trade   1,69
  [ 26/225  524.4s] T7 S17                           alvo= 7 stop=17 ->  692 trades  R$     924,00  maxdd R$  1.552,50  calmar  0,60  R$/trade   1,34
  [ 27/225  528.7s] T7 S15                           alvo= 7 stop=15 ->  706 trades  R$     992,00  maxdd R$  1.260,00  calmar  0,79  R$/trade   1,41
  [ 28/225  525.7s] T8 S6                            alvo= 8 stop= 6 -> 1485 trades  R$  -1.442,50  maxdd R$  2.193,50  calmar -0,66  R$/trade  -0,97
  [ 29/225  529.7s] T7 S19                           alvo= 7 stop=19 ->  613 trades  R$   1.558,50  maxdd R$  1.161,00  calmar  1,34  R$/trade   2,54
  [ 30/225  533.6s] T7 S18                           alvo= 7 stop=18 ->  680 trades  R$      35,00  maxdd R$  1.768,50  calmar  0,02  R$/trade   0,05
  [ 31/225  533.6s] T7 S20                           alvo= 7 stop=20 ->  650 trades  R$     305,00  maxdd R$  1.887,50  calmar  0,16  R$/trade   0,47
  [ 32/225  529.6s] T8 S9                            alvo= 8 stop= 9 ->  929 trades  R$    -614,50  maxdd R$  1.813,50  calmar -0,34  R$/trade  -0,66
  [ 33/225  531.1s] T8 S8                            alvo= 8 stop= 8 -> 1070 trades  R$  -1.845,00  maxdd R$  2.391,00  calmar -0,77  R$/trade  -1,72
  [ 34/225  534.1s] T8 S7                            alvo= 8 stop= 7 -> 1217 trades  R$    -653,50  maxdd R$  1.866,50  calmar -0,35  R$/trade  -0,54
  [ 35/225  531.8s] T8 S11                           alvo= 8 stop=11 ->  799 trades  R$  -1.839,50  maxdd R$  2.997,50  calmar -0,61  R$/trade  -2,30
  [ 36/225  535.9s] T8 S10                           alvo= 8 stop=10 -> 1029 trades  R$  -2.554,50  maxdd R$  3.317,00  calmar -0,77  R$/trade  -2,48
  [ 37/225  526.2s] T8 S12                           alvo= 8 stop=12 ->  840 trades  R$    -130,00  maxdd R$  1.990,00  calmar -0,07  R$/trade  -0,15
  [ 38/225  528.9s] T8 S13                           alvo= 8 stop=13 ->  849 trades  R$     495,50  maxdd R$  1.752,00  calmar  0,28  R$/trade   0,58
  [ 39/225  527.0s] T8 S14                           alvo= 8 stop=14 ->  742 trades  R$    -666,00  maxdd R$  1.640,50  calmar -0,41  R$/trade  -0,90
  [ 40/225  524.4s] T8 S15                           alvo= 8 stop=15 ->  619 trades  R$   1.155,50  maxdd R$  1.092,00  calmar  1,06  R$/trade   1,87
  [ 41/225  525.7s] T8 S16                           alvo= 8 stop=16 ->  623 trades  R$     918,50  maxdd R$  1.246,50  calmar  0,74  R$/trade   1,47
  [ 42/225  524.6s] T8 S17                           alvo= 8 stop=17 ->  565 trades  R$     617,50  maxdd R$  1.214,50  calmar  0,51  R$/trade   1,09
  [ 43/225  528.3s] T8 S19                           alvo= 8 stop=19 ->  576 trades  R$   2.027,00  maxdd R$    935,00  calmar  2,17  R$/trade   3,52
  [ 44/225  526.4s] T9 S6                            alvo= 9 stop= 6 -> 1171 trades  R$  -2.940,50  maxdd R$  3.279,00  calmar -0,90  R$/trade  -2,51
  [ 45/225  530.1s] T8 S18                           alvo= 8 stop=18 ->  606 trades  R$     987,00  maxdd R$  1.309,00  calmar  0,75  R$/trade   1,63
  [ 46/225  529.8s] T8 S20                           alvo= 8 stop=20 ->  625 trades  R$     632,50  maxdd R$  1.857,50  calmar  0,34  R$/trade   1,01
  [ 47/225  528.0s] T9 S7                            alvo= 9 stop= 7 -> 1027 trades  R$  -2.553,50  maxdd R$  3.054,00  calmar -0,84  R$/trade  -2,49
  [ 48/225  533.5s] T9 S8                            alvo= 9 stop= 8 ->  989 trades  R$  -2.774,50  maxdd R$  3.190,00  calmar -0,87  R$/trade  -2,81
  [ 49/225  528.9s] T9 S9                            alvo= 9 stop= 9 ->  960 trades  R$  -1.425,00  maxdd R$  2.174,50  calmar -0,66  R$/trade  -1,48
  [ 50/225  529.9s] T9 S10                           alvo= 9 stop=10 ->  912 trades  R$  -3.666,00  maxdd R$  4.459,00  calmar -0,82  R$/trade  -4,02

--- top 10 por liquido (de 50 concluidos) ---
  combo     trades      liquido      maxdd   calmar  R$/trade
  T6 S17        662 R$  2.704,00 R$  794,00     3,41 R$   4,08
  T6 S12       1102 R$  2.314,00 R$ 1.292,00     1,79 R$   2,10
  T8 S19        576 R$  2.027,00 R$  935,00     2,17 R$   3,52
  T6 S19        656 R$  1.842,00 R$ 1.245,00     1,48 R$   2,81
  T6 S11        842 R$  1.734,00 R$  586,50     2,96 R$   2,06
  T6 S18        713 R$  1.723,50 R$ 1.255,00     1,37 R$   2,42
  T7 S19        613 R$  1.558,50 R$ 1.161,00     1,34 R$   2,54
  T6 S9        1093 R$  1.373,50 R$ 1.065,50     1,29 R$   1,26
  T7 S14        783 R$  1.158,50 R$ 1.109,00     1,04 R$   1,48
  T8 S15        619 R$  1.155,50 R$ 1.092,00     1,06 R$   1,87

  [ 51/225  529.9s] T9 S11                           alvo= 9 stop=11 ->  788 trades  R$  -1.509,00  maxdd R$  2.797,00  calmar -0,54  R$/trade  -1,91
  [ 52/225  532.3s] T9 S12                           alvo= 9 stop=12 ->  800 trades  R$     225,00  maxdd R$  1.452,00  calmar  0,15  R$/trade   0,28
  [ 53/225  529.4s] T9 S14                           alvo= 9 stop=14 ->  630 trades  R$     -85,00  maxdd R$  1.345,50  calmar -0,06  R$/trade  -0,13
  [ 54/225  531.4s] T9 S13                           alvo= 9 stop=13 ->  746 trades  R$    -833,00  maxdd R$  1.927,50  calmar -0,43  R$/trade  -1,12
  [ 55/225  533.1s] T9 S15                           alvo= 9 stop=15 ->  618 trades  R$    -514,00  maxdd R$  1.656,00  calmar -0,31  R$/trade  -0,83
  [ 56/225  535.3s] T9 S16                           alvo= 9 stop=16 ->  623 trades  R$  -1.701,50  maxdd R$  1.917,50  calmar -0,89  R$/trade  -2,73
  [ 57/225  534.6s] T9 S18                           alvo= 9 stop=18 ->  585 trades  R$     172,50  maxdd R$  1.766,00  calmar  0,10  R$/trade   0,29
  [ 58/225  536.2s] T9 S17                           alvo= 9 stop=17 ->  581 trades  R$    -400,50  maxdd R$  1.431,00  calmar -0,28  R$/trade  -0,69
  [ 59/225  541.9s] T9 S19                           alvo= 9 stop=19 ->  579 trades  R$     675,50  maxdd R$  1.318,50  calmar  0,51  R$/trade   1,17
  [ 60/225  538.0s] T9 S20                           alvo= 9 stop=20 ->  560 trades  R$   1.330,00  maxdd R$  1.070,50  calmar  1,24  R$/trade   2,38
  [ 61/225  528.5s] T10 S6                           alvo=10 stop= 6 -> 1192 trades  R$  -2.941,00  maxdd R$  3.987,00  calmar -0,74  R$/trade  -2,47
  [ 62/225  532.2s] T10 S8                           alvo=10 stop= 8 ->  980 trades  R$  -4.255,00  maxdd R$  4.872,50  calmar -0,87  R$/trade  -4,34
  [ 63/225  534.5s] T10 S7                           alvo=10 stop= 7 ->  966 trades  R$  -3.993,00  maxdd R$  4.464,00  calmar -0,89  R$/trade  -4,13
  [ 64/225  535.0s] T10 S9                           alvo=10 stop= 9 ->  921 trades  R$  -4.670,50  maxdd R$  5.139,50  calmar -0,91  R$/trade  -5,07
  [ 65/225  533.4s] T10 S10                          alvo=10 stop=10 ->  777 trades  R$  -2.728,50  maxdd R$  3.615,00  calmar -0,75  R$/trade  -3,51
  [ 66/225  533.9s] T10 S11                          alvo=10 stop=11 ->  753 trades  R$    -326,50  maxdd R$  1.926,00  calmar -0,17  R$/trade  -0,43
  [ 67/225  532.3s] T10 S12                          alvo=10 stop=12 ->  720 trades  R$    -905,00  maxdd R$  1.747,00  calmar -0,52  R$/trade  -1,26
  [ 68/225  533.9s] T10 S13                          alvo=10 stop=13 ->  594 trades  R$    -962,00  maxdd R$  1.848,00  calmar -0,52  R$/trade  -1,62
  [ 69/225  536.3s] T10 S14                          alvo=10 stop=14 ->  586 trades  R$    -143,00  maxdd R$  1.250,50  calmar -0,11  R$/trade  -0,24
  [ 70/225  535.3s] T10 S15                          alvo=10 stop=15 ->  581 trades  R$  -1.660,50  maxdd R$  2.058,00  calmar -0,81  R$/trade  -2,86
  [ 71/225  536.5s] T10 S16                          alvo=10 stop=16 ->  552 trades  R$  -1.186,00  maxdd R$  1.983,50  calmar -0,60  R$/trade  -2,15
  [ 72/225  539.0s] T10 S17                          alvo=10 stop=17 ->  502 trades  R$    -621,00  maxdd R$  2.798,50  calmar -0,22  R$/trade  -1,24
  [ 73/225  530.9s] T10 S18                          alvo=10 stop=18 ->  531 trades  R$    -705,50  maxdd R$  1.998,50  calmar -0,35  R$/trade  -1,33
  [ 74/225  530.6s] T10 S20                          alvo=10 stop=20 ->  470 trades  R$     930,00  maxdd R$  1.263,50  calmar  0,74  R$/trade   1,98
  [ 75/225  535.4s] T10 S19                          alvo=10 stop=19 ->  487 trades  R$   1.336,50  maxdd R$    786,00  calmar  1,70  R$/trade   2,74
  [ 76/225  531.7s] T11 S6                           alvo=11 stop= 6 -> 1219 trades  R$  -7.279,50  maxdd R$  7.726,50  calmar -0,94  R$/trade  -5,97
  [ 77/225  533.5s] T11 S7                           alvo=11 stop= 7 -> 1081 trades  R$  -4.440,50  maxdd R$  4.921,50  calmar -0,90  R$/trade  -4,11
  [ 78/225  533.7s] T11 S8                           alvo=11 stop= 8 ->  997 trades  R$  -3.828,50  maxdd R$  4.528,50  calmar -0,85  R$/trade  -3,84
  [ 79/225  530.7s] T11 S9                           alvo=11 stop= 9 ->  825 trades  R$  -3.477,50  maxdd R$  4.088,50  calmar -0,85  R$/trade  -4,22
  [ 80/225  533.7s] T11 S10                          alvo=11 stop=10 ->  799 trades  R$  -1.759,50  maxdd R$  2.957,50  calmar -0,59  R$/trade  -2,20
  [ 81/225  536.9s] T11 S12                          alvo=11 stop=12 ->  625 trades  R$    -702,50  maxdd R$  1.462,50  calmar -0,48  R$/trade  -1,12
  [ 82/225  538.0s] T11 S11                          alvo=11 stop=11 ->  758 trades  R$  -1.914,00  maxdd R$  3.064,00  calmar -0,62  R$/trade  -2,53
  [ 83/225  536.7s] T11 S13                          alvo=11 stop=13 ->  630 trades  R$  -1.520,00  maxdd R$  2.341,00  calmar -0,65  R$/trade  -2,41
  [ 84/225  538.6s] T11 S14                          alvo=11 stop=14 ->  574 trades  R$  -2.352,00  maxdd R$  2.674,00  calmar -0,88  R$/trade  -4,10
  [ 85/225  546.6s] T11 S15                          alvo=11 stop=15 ->  582 trades  R$    -521,00  maxdd R$  1.439,00  calmar -0,36  R$/trade  -0,90
  [ 86/225  542.5s] T11 S19                          alvo=11 stop=19 ->  456 trades  R$   1.197,00  maxdd R$  1.487,00  calmar  0,80  R$/trade   2,62
  [ 87/225  552.2s] T11 S16                          alvo=11 stop=16 ->  529 trades  R$    -584,50  maxdd R$  1.619,00  calmar -0,36  R$/trade  -1,10
  [ 88/225  551.4s] T11 S17                          alvo=11 stop=17 ->  521 trades  R$  -1.170,50  maxdd R$  2.659,00  calmar -0,44  R$/trade  -2,25
  [ 89/225  548.4s] T11 S20                          alvo=11 stop=20 ->  494 trades  R$   1.838,00  maxdd R$  1.492,00  calmar  1,23  R$/trade   3,72
  [ 90/225  552.9s] T11 S18                          alvo=11 stop=18 ->  497 trades  R$     -38,50  maxdd R$  1.857,00  calmar -0,02  R$/trade  -0,08
  [ 91/225  551.7s] T12 S6                           alvo=12 stop= 6 -> 1276 trades  R$  -6.473,00  maxdd R$  6.753,00  calmar -0,96  R$/trade  -5,07
  [ 92/225  558.2s] T12 S7                           alvo=12 stop= 7 -> 1023 trades  R$  -4.226,50  maxdd R$  4.614,50  calmar -0,92  R$/trade  -4,13
  [ 93/225  551.8s] T12 S9                           alvo=12 stop= 9 ->  838 trades  R$    -849,00  maxdd R$  2.625,50  calmar -0,32  R$/trade  -1,01
  [ 94/225  554.5s] T12 S8                           alvo=12 stop= 8 ->  910 trades  R$  -2.935,00  maxdd R$  3.592,00  calmar -0,82  R$/trade  -3,23
  [ 95/225  557.0s] T12 S10                          alvo=12 stop=10 ->  758 trades  R$  -1.439,00  maxdd R$  2.381,50  calmar -0,60  R$/trade  -1,90
  [ 96/225  558.1s] T12 S11                          alvo=12 stop=11 ->  633 trades  R$    -966,50  maxdd R$  1.748,50  calmar -0,55  R$/trade  -1,53
  [ 97/225  561.5s] T12 S12                          alvo=12 stop=12 ->  592 trades  R$  -1.776,00  maxdd R$  2.674,00  calmar -0,66  R$/trade  -3,00
  [ 98/225  556.0s] T12 S15                          alvo=12 stop=15 ->  535 trades  R$  -1.502,50  maxdd R$  2.355,50  calmar -0,64  R$/trade  -2,81
  [ 99/225  566.1s] T12 S13                          alvo=12 stop=13 ->  573 trades  R$  -1.301,50  maxdd R$  1.990,00  calmar -0,65  R$/trade  -2,27
  [100/225  563.9s] T12 S14                          alvo=12 stop=14 ->  556 trades  R$    -808,00  maxdd R$  1.493,00  calmar -0,54  R$/trade  -1,45

--- top 10 por liquido (de 100 concluidos) ---
  combo     trades      liquido      maxdd   calmar  R$/trade
  T6 S17        662 R$  2.704,00 R$  794,00     3,41 R$   4,08
  T6 S12       1102 R$  2.314,00 R$ 1.292,00     1,79 R$   2,10
  T8 S19        576 R$  2.027,00 R$  935,00     2,17 R$   3,52
  T6 S19        656 R$  1.842,00 R$ 1.245,00     1,48 R$   2,81
  T11 S20        494 R$  1.838,00 R$ 1.492,00     1,23 R$   3,72
  T6 S11        842 R$  1.734,00 R$  586,50     2,96 R$   2,06
  T6 S18        713 R$  1.723,50 R$ 1.255,00     1,37 R$   2,42
  T7 S19        613 R$  1.558,50 R$ 1.161,00     1,34 R$   2,54
  T6 S9        1093 R$  1.373,50 R$ 1.065,50     1,29 R$   1,26
  T10 S19        487 R$  1.336,50 R$  786,00     1,70 R$   2,74

  [101/225  562.6s] T12 S17                          alvo=12 stop=17 ->  482 trades  R$     204,00  maxdd R$  1.719,50  calmar  0,12  R$/trade   0,42
  [102/225  563.5s] T12 S16                          alvo=12 stop=16 ->  495 trades  R$  -1.262,50  maxdd R$  2.364,50  calmar -0,53  R$/trade  -2,55
  [103/225  567.8s] T12 S18                          alvo=12 stop=18 ->  482 trades  R$   2.514,00  maxdd R$    859,00  calmar  2,93  R$/trade   5,22
  [104/225  561.7s] T12 S20                          alvo=12 stop=20 ->  452 trades  R$    -381,00  maxdd R$  1.952,00  calmar -0,20  R$/trade  -0,84
  [105/225  565.5s] T12 S19                          alvo=12 stop=19 ->  481 trades  R$   2.414,50  maxdd R$  1.282,50  calmar  1,88  R$/trade   5,02
  [106/225  565.1s] T13 S6                           alvo=13 stop= 6 -> 1098 trades  R$  -6.434,00  maxdd R$  6.846,50  calmar -0,94  R$/trade  -5,86
  [107/225  560.7s] T13 S7                           alvo=13 stop= 7 ->  894 trades  R$  -3.757,00  maxdd R$  4.162,00  calmar -0,90  R$/trade  -4,20
  [108/225  560.5s] T13 S8                           alvo=13 stop= 8 ->  852 trades  R$  -2.041,00  maxdd R$  2.847,50  calmar -0,72  R$/trade  -2,40
  [109/225  531.1s] T13 S9                           alvo=13 stop= 9 ->  762 trades  R$  -1.961,00  maxdd R$  2.675,50  calmar -0,73  R$/trade  -2,57
  [110/225  533.0s] T13 S10                          alvo=13 stop=10 ->  651 trades  R$  -1.190,50  maxdd R$  2.018,50  calmar -0,59  R$/trade  -1,83
  [111/225  529.9s] T13 S11                          alvo=13 stop=11 ->  593 trades  R$  -1.381,50  maxdd R$  2.794,50  calmar -0,49  R$/trade  -2,33
  [112/225  537.6s] T13 S12                          alvo=13 stop=12 ->  584 trades  R$  -1.187,00  maxdd R$  2.010,00  calmar -0,59  R$/trade  -2,03
  [113/225  533.8s] T13 S14                          alvo=13 stop=14 ->  505 trades  R$    -397,50  maxdd R$  2.084,50  calmar -0,19  R$/trade  -0,79
  [114/225  534.3s] T13 S13                          alvo=13 stop=13 ->  533 trades  R$    -396,50  maxdd R$  1.531,00  calmar -0,26  R$/trade  -0,74
  [115/225  531.4s] T13 S15                          alvo=13 stop=15 ->  527 trades  R$    -778,50  maxdd R$  1.834,00  calmar -0,42  R$/trade  -1,48
  [116/225  533.5s] T13 S16                          alvo=13 stop=16 ->  477 trades  R$   1.766,50  maxdd R$    900,00  calmar  1,96  R$/trade   3,70
  [117/225  537.1s] T13 S17                          alvo=13 stop=17 ->  451 trades  R$   2.059,50  maxdd R$  1.430,50  calmar  1,44  R$/trade   4,57
  [118/225  540.6s] T13 S18                          alvo=13 stop=18 ->  440 trades  R$   2.535,00  maxdd R$  1.121,00  calmar  2,26  R$/trade   5,76
  [119/225  540.5s] T13 S19                          alvo=13 stop=19 ->  428 trades  R$     181,00  maxdd R$  1.653,50  calmar  0,11  R$/trade   0,42
  [120/225  541.9s] T13 S20                          alvo=13 stop=20 ->  370 trades  R$  -1.140,00  maxdd R$  2.529,50  calmar -0,45  R$/trade  -3,08
  [121/225  535.0s] T14 S6                           alvo=14 stop= 6 -> 1035 trades  R$  -4.287,50  maxdd R$  4.674,00  calmar -0,92  R$/trade  -4,14
  [122/225  535.7s] T14 S8                           alvo=14 stop= 8 ->  874 trades  R$  -1.622,00  maxdd R$  2.731,50  calmar -0,59  R$/trade  -1,86
  [123/225  538.6s] T14 S7                           alvo=14 stop= 7 ->  966 trades  R$  -2.173,00  maxdd R$  3.252,50  calmar -0,67  R$/trade  -2,25
  [124/225  530.9s] T14 S10                          alvo=14 stop=10 ->  642 trades  R$  -2.106,00  maxdd R$  2.998,00  calmar -0,70  R$/trade  -3,28
  [125/225  533.1s] T14 S9                           alvo=14 stop= 9 ->  682 trades  R$  -1.636,00  maxdd R$  2.297,50  calmar -0,71  R$/trade  -2,40
  [126/225  532.7s] T14 S11                          alvo=14 stop=11 ->  616 trades  R$  -2.323,00  maxdd R$  2.730,00  calmar -0,85  R$/trade  -3,77
  [127/225  538.3s] T14 S12                          alvo=14 stop=12 ->  575 trades  R$    -517,50  maxdd R$  1.966,50  calmar -0,26  R$/trade  -0,90
  [128/225  540.6s] T14 S13                          alvo=14 stop=13 ->  552 trades  R$    -126,00  maxdd R$  2.119,00  calmar -0,06  R$/trade  -0,23
  [129/225  539.1s] T14 S14                          alvo=14 stop=14 ->  542 trades  R$    -491,00  maxdd R$  1.898,00  calmar -0,26  R$/trade  -0,91
  [130/225  539.1s] T14 S15                          alvo=14 stop=15 ->  489 trades  R$     555,50  maxdd R$  1.592,00  calmar  0,35  R$/trade   1,14
  [131/225  539.4s] T14 S16                          alvo=14 stop=16 ->  472 trades  R$   1.699,00  maxdd R$  1.260,00  calmar  1,35  R$/trade   3,60
  [132/225  541.9s] T14 S17                          alvo=14 stop=17 ->  448 trades  R$   2.786,00  maxdd R$  1.575,00  calmar  1,77  R$/trade   6,22
  [133/225  531.7s] T14 S18                          alvo=14 stop=18 ->  439 trades  R$     780,50  maxdd R$  1.388,00  calmar  0,56  R$/trade   1,78
  [134/225  533.6s] T14 S19                          alvo=14 stop=19 ->  402 trades  R$  -1.276,00  maxdd R$  2.810,50  calmar -0,45  R$/trade  -3,17
  [135/225  533.5s] T14 S20                          alvo=14 stop=20 ->  400 trades  R$    -775,00  maxdd R$  2.346,00  calmar -0,33  R$/trade  -1,94
  [136/225  531.8s] T15 S6                           alvo=15 stop= 6 -> 1077 trades  R$  -3.298,50  maxdd R$  4.234,00  calmar -0,78  R$/trade  -3,06
  [137/225  531.4s] T15 S7                           alvo=15 stop= 7 ->  883 trades  R$  -2.306,50  maxdd R$  3.542,00  calmar -0,65  R$/trade  -2,61
  [138/225  533.7s] T15 S8                           alvo=15 stop= 8 ->  743 trades  R$  -1.576,50  maxdd R$  2.027,50  calmar -0,78  R$/trade  -2,12
  [139/225  533.5s] T15 S9                           alvo=15 stop= 9 ->  670 trades  R$  -1.540,00  maxdd R$  2.095,00  calmar -0,74  R$/trade  -2,30
  [140/225  531.7s] T15 S10                          alvo=15 stop=10 ->  588 trades  R$  -2.029,00  maxdd R$  2.465,00  calmar -0,82  R$/trade  -3,45
  [141/225  531.4s] T15 S12                          alvo=15 stop=12 ->  560 trades  R$     470,00  maxdd R$  1.549,00  calmar  0,30  R$/trade   0,84
  [142/225  536.9s] T15 S11                          alvo=15 stop=11 ->  576 trades  R$    -243,00  maxdd R$  1.614,00  calmar -0,15  R$/trade  -0,42
  [143/225  537.9s] T15 S13                          alvo=15 stop=13 ->  542 trades  R$     159,00  maxdd R$  1.381,00  calmar  0,12  R$/trade   0,29
  [144/225  541.8s] T15 S14                          alvo=15 stop=14 ->  494 trades  R$   1.233,00  maxdd R$  1.243,00  calmar  0,99  R$/trade   2,50
  [145/225  531.7s] T15 S15                          alvo=15 stop=15 ->  475 trades  R$   1.752,50  maxdd R$  1.347,50  calmar  1,30  R$/trade   3,69
  [146/225  532.1s] T15 S17                          alvo=15 stop=17 ->  405 trades  R$     277,50  maxdd R$  1.771,50  calmar  0,16  R$/trade   0,69
  [147/225  529.9s] T15 S19                          alvo=15 stop=19 ->  351 trades  R$     -65,50  maxdd R$  1.579,00  calmar -0,04  R$/trade  -0,19
  [148/225  531.3s] T15 S18                          alvo=15 stop=18 ->  408 trades  R$  -1.134,00  maxdd R$  2.537,50  calmar -0,45  R$/trade  -2,78
  [149/225  533.7s] T15 S16                          alvo=15 stop=16 ->  426 trades  R$   2.497,00  maxdd R$  1.340,50  calmar  1,86  R$/trade   5,86
  [150/225  532.2s] T15 S20                          alvo=15 stop=20 ->  343 trades  R$     958,50  maxdd R$  1.448,00  calmar  0,66  R$/trade   2,79

--- top 10 por liquido (de 150 concluidos) ---
  combo     trades      liquido      maxdd   calmar  R$/trade
  T14 S17        448 R$  2.786,00 R$ 1.575,00     1,77 R$   6,22
  T6 S17        662 R$  2.704,00 R$  794,00     3,41 R$   4,08
  T13 S18        440 R$  2.535,00 R$ 1.121,00     2,26 R$   5,76
  T12 S18        482 R$  2.514,00 R$  859,00     2,93 R$   5,22
  T15 S16        426 R$  2.497,00 R$ 1.340,50     1,86 R$   5,86
  T12 S19        481 R$  2.414,50 R$ 1.282,50     1,88 R$   5,02
  T6 S12       1102 R$  2.314,00 R$ 1.292,00     1,79 R$   2,10
  T13 S17        451 R$  2.059,50 R$ 1.430,50     1,44 R$   4,57
  T8 S19        576 R$  2.027,00 R$  935,00     2,17 R$   3,52
  T6 S19        656 R$  1.842,00 R$ 1.245,00     1,48 R$   2,81

  [151/225  535.4s] T16 S6                           alvo=16 stop= 6 -> 1034 trades  R$  -4.292,00  maxdd R$  4.936,00  calmar -0,87  R$/trade  -4,15
  [152/225  535.5s] T16 S7                           alvo=16 stop= 7 ->  752 trades  R$  -2.606,00  maxdd R$  2.802,50  calmar -0,93  R$/trade  -3,47
  [153/225  534.2s] T16 S9                           alvo=16 stop= 9 ->  662 trades  R$  -1.946,00  maxdd R$  2.422,50  calmar -0,80  R$/trade  -2,94
  [154/225  536.5s] T16 S8                           alvo=16 stop= 8 ->  700 trades  R$  -2.325,00  maxdd R$  3.381,00  calmar -0,69  R$/trade  -3,32
  [155/225  538.5s] T16 S10                          alvo=16 stop=10 ->  580 trades  R$    -815,00  maxdd R$  1.635,00  calmar -0,50  R$/trade  -1,41
  [156/225  542.1s] T16 S11                          alvo=16 stop=11 ->  561 trades  R$    -300,50  maxdd R$  2.103,50  calmar -0,14  R$/trade  -0,54
  [157/225  538.6s] T16 S12                          alvo=16 stop=12 ->  554 trades  R$     998,00  maxdd R$    708,50  calmar  1,41  R$/trade   1,80
  [158/225  529.9s] T16 S13                          alvo=16 stop=13 ->  495 trades  R$   2.037,50  maxdd R$    894,00  calmar  2,28  R$/trade   4,12
  [159/225  534.0s] T16 S14                          alvo=16 stop=14 ->  482 trades  R$   1.284,00  maxdd R$  1.763,50  calmar  0,73  R$/trade   2,66
  [160/225  534.6s] T16 S15                          alvo=16 stop=15 ->  446 trades  R$   2.727,00  maxdd R$  1.261,50  calmar  2,16  R$/trade   6,11
  [161/225  532.7s] T16 S17                          alvo=16 stop=17 ->  388 trades  R$    -504,00  maxdd R$  2.509,00  calmar -0,20  R$/trade  -1,30
  [162/225  537.3s] T16 S16                          alvo=16 stop=16 ->  419 trades  R$     180,50  maxdd R$  2.169,00  calmar  0,08  R$/trade   0,43
  [163/225  534.0s] T16 S18                          alvo=16 stop=18 ->  373 trades  R$    -241,50  maxdd R$  1.731,00  calmar -0,14  R$/trade  -0,65
  [164/225  541.0s] T16 S19                          alvo=16 stop=19 ->  368 trades  R$       6,00  maxdd R$  1.810,00  calmar  0,00  R$/trade   0,02
  [165/225  536.0s] T16 S20                          alvo=16 stop=20 ->  370 trades  R$     840,00  maxdd R$  1.491,00  calmar  0,56  R$/trade   2,27
  [166/225  537.3s] T17 S6                           alvo=17 stop= 6 ->  829 trades  R$  -3.539,50  maxdd R$  3.705,50  calmar -0,96  R$/trade  -4,27
  [167/225  529.2s] T17 S7                           alvo=17 stop= 7 ->  730 trades  R$  -2.610,00  maxdd R$  2.846,50  calmar -0,92  R$/trade  -3,58
  [168/225  538.0s] T17 S8                           alvo=17 stop= 8 ->  713 trades  R$  -1.006,50  maxdd R$  1.780,50  calmar -0,57  R$/trade  -1,41
  [169/225  531.0s] T17 S9                           alvo=17 stop= 9 ->  646 trades  R$    -993,00  maxdd R$  1.756,00  calmar -0,57  R$/trade  -1,54
  [170/225  531.7s] T17 S10                          alvo=17 stop=10 ->  566 trades  R$    -443,00  maxdd R$  1.798,50  calmar -0,25  R$/trade  -0,78
  [171/225  535.3s] T17 S11                          alvo=17 stop=11 ->  544 trades  R$    -432,00  maxdd R$  1.643,50  calmar -0,26  R$/trade  -0,79
  [172/225  535.4s] T17 S13                          alvo=17 stop=13 ->  479 trades  R$     835,50  maxdd R$  1.539,50  calmar  0,54  R$/trade   1,74
  [173/225  538.7s] T17 S12                          alvo=17 stop=12 ->  509 trades  R$   2.715,50  maxdd R$    778,00  calmar  3,49  R$/trade   5,33
  [174/225  537.7s] T17 S14                          alvo=17 stop=14 ->  439 trades  R$   3.020,50  maxdd R$  1.011,50  calmar  2,99  R$/trade   6,88
  [175/225  539.7s] T17 S15                          alvo=17 stop=15 ->  425 trades  R$     182,50  maxdd R$  1.939,00  calmar  0,09  R$/trade   0,43
  [176/225  539.2s] T17 S16                          alvo=17 stop=16 ->  390 trades  R$    -820,00  maxdd R$  2.904,50  calmar -0,28  R$/trade  -2,10
  [177/225  536.5s] T17 S17                          alvo=17 stop=17 ->  362 trades  R$    -496,00  maxdd R$  1.773,50  calmar -0,28  R$/trade  -1,37
  [178/225  539.7s] T17 S18                          alvo=17 stop=18 ->  353 trades  R$     483,50  maxdd R$  1.475,00  calmar  0,33  R$/trade   1,37
  [179/225  539.8s] T17 S19                          alvo=17 stop=19 ->  363 trades  R$   1.453,50  maxdd R$  1.469,00  calmar  0,99  R$/trade   4,00
  [180/225  541.8s] T17 S20                          alvo=17 stop=20 ->  329 trades  R$     770,50  maxdd R$  1.046,00  calmar  0,74  R$/trade   2,34
  [181/225  528.4s] T18 S6                           alvo=18 stop= 6 ->  846 trades  R$  -3.163,00  maxdd R$  3.744,00  calmar -0,84  R$/trade  -3,74
  [182/225  532.5s] T18 S7                           alvo=18 stop= 7 ->  770 trades  R$  -1.915,00  maxdd R$  2.602,50  calmar -0,74  R$/trade  -2,49
  [183/225  532.6s] T18 S10                          alvo=18 stop=10 ->  572 trades  R$     419,00  maxdd R$  1.122,50  calmar  0,37  R$/trade   0,73
  [184/225  532.2s] T18 S11                          alvo=18 stop=11 ->  508 trades  R$   2.246,00  maxdd R$    838,00  calmar  2,68  R$/trade   4,42
  [185/225  538.8s] T18 S8                           alvo=18 stop= 8 ->  686 trades  R$  -1.328,00  maxdd R$  1.757,00  calmar -0,76  R$/trade  -1,94
  [186/225  536.9s] T18 S9                           alvo=18 stop= 9 ->  625 trades  R$  -1.367,50  maxdd R$  2.109,00  calmar -0,65  R$/trade  -2,19
  [187/225  537.4s] T18 S12                          alvo=18 stop=12 ->  475 trades  R$   2.027,50  maxdd R$    817,00  calmar  2,48  R$/trade   4,27
  [188/225  543.3s] T18 S13                          alvo=18 stop=13 ->  436 trades  R$   2.232,00  maxdd R$  1.107,00  calmar  2,02  R$/trade   5,12
  [189/225  546.8s] T18 S14                          alvo=18 stop=14 ->  407 trades  R$    -888,50  maxdd R$  2.497,00  calmar -0,36  R$/trade  -2,18
  [190/225  548.3s] T18 S15                          alvo=18 stop=15 ->  411 trades  R$  -2.330,50  maxdd R$  3.763,00  calmar -0,62  R$/trade  -5,67
  [191/225  547.2s] T18 S16                          alvo=18 stop=16 ->  371 trades  R$  -1.235,50  maxdd R$  2.696,50  calmar -0,46  R$/trade  -3,33
  [192/225  550.4s] T18 S17                          alvo=18 stop=17 ->  335 trades  R$     617,50  maxdd R$  1.500,50  calmar  0,41  R$/trade   1,84
  [193/225  556.5s] T18 S18                          alvo=18 stop=18 ->  365 trades  R$   1.127,50  maxdd R$  1.584,50  calmar  0,71  R$/trade   3,09
  [194/225  558.6s] T18 S19                          alvo=18 stop=19 ->  318 trades  R$     621,00  maxdd R$  1.294,50  calmar  0,48  R$/trade   1,95
  [195/225  553.4s] T18 S20                          alvo=18 stop=20 ->  341 trades  R$     -20,50  maxdd R$  1.970,50  calmar -0,01  R$/trade  -0,06
  [196/225  558.9s] T19 S6                           alvo=19 stop= 6 ->  850 trades  R$  -3.080,00  maxdd R$  3.239,00  calmar -0,95  R$/trade  -3,62
  [197/225  557.7s] T19 S8                           alvo=19 stop= 8 ->  641 trades  R$    -830,50  maxdd R$  1.621,50  calmar -0,51  R$/trade  -1,30
  [198/225  563.1s] T19 S7                           alvo=19 stop= 7 ->  731 trades  R$    -940,50  maxdd R$  1.807,50  calmar -0,52  R$/trade  -1,29
  [199/225  554.8s] T19 S9                           alvo=19 stop= 9 ->  620 trades  R$      60,00  maxdd R$  1.778,50  calmar  0,03  R$/trade   0,10
  [200/225  551.6s] T19 S10                          alvo=19 stop=10 ->  516 trades  R$   1.777,00  maxdd R$  1.094,00  calmar  1,62  R$/trade   3,44

--- top 10 por liquido (de 200 concluidos) ---
  combo     trades      liquido      maxdd   calmar  R$/trade
  T17 S14        439 R$  3.020,50 R$ 1.011,50     2,99 R$   6,88
  T14 S17        448 R$  2.786,00 R$ 1.575,00     1,77 R$   6,22
  T16 S15        446 R$  2.727,00 R$ 1.261,50     2,16 R$   6,11
  T17 S12        509 R$  2.715,50 R$  778,00     3,49 R$   5,33
  T6 S17        662 R$  2.704,00 R$  794,00     3,41 R$   4,08
  T13 S18        440 R$  2.535,00 R$ 1.121,00     2,26 R$   5,76
  T12 S18        482 R$  2.514,00 R$  859,00     2,93 R$   5,22
  T15 S16        426 R$  2.497,00 R$ 1.340,50     1,86 R$   5,86
  T12 S19        481 R$  2.414,50 R$ 1.282,50     1,88 R$   5,02
  T6 S12       1102 R$  2.314,00 R$ 1.292,00     1,79 R$   2,10

  [201/225  557.7s] T19 S11                          alvo=19 stop=11 ->  474 trades  R$   1.603,00  maxdd R$  1.173,50  calmar  1,37  R$/trade   3,38
  [202/225  559.4s] T19 S12                          alvo=19 stop=12 ->  454 trades  R$     908,00  maxdd R$  1.643,00  calmar  0,55  R$/trade   2,00
  [203/225  555.8s] T19 S13                          alvo=19 stop=13 ->  419 trades  R$    -304,50  maxdd R$  2.043,00  calmar -0,15  R$/trade  -0,73
  [204/225  555.6s] T19 S14                          alvo=19 stop=14 ->  404 trades  R$  -2.377,00  maxdd R$  3.684,00  calmar -0,65  R$/trade  -5,88
  [205/225  534.5s] T19 S15                          alvo=19 stop=15 ->  380 trades  R$  -1.565,00  maxdd R$  3.004,00  calmar -0,52  R$/trade  -4,12
  [206/225  533.1s] T19 S16                          alvo=19 stop=16 ->  346 trades  R$     572,00  maxdd R$  1.959,50  calmar  0,29  R$/trade   1,65
  [207/225  532.0s] T19 S17                          alvo=19 stop=17 ->  338 trades  R$   1.186,00  maxdd R$  1.904,00  calmar  0,62  R$/trade   3,51
  [208/225  533.8s] T19 S18                          alvo=19 stop=18 ->  324 trades  R$   1.343,00  maxdd R$  1.121,00  calmar  1,20  R$/trade   4,15
  [209/225  535.1s] T19 S19                          alvo=19 stop=19 ->  348 trades  R$     596,00  maxdd R$  1.755,00  calmar  0,34  R$/trade   1,71
  [210/225  533.7s] T19 S20                          alvo=19 stop=20 ->  312 trades  R$   1.459,00  maxdd R$  1.210,00  calmar  1,21  R$/trade   4,68
  [211/225  529.6s] T20 S6                           alvo=20 stop= 6 ->  853 trades  R$  -2.626,50  maxdd R$  2.792,00  calmar -0,94  R$/trade  -3,08
  [212/225  534.4s] T20 S7                           alvo=20 stop= 7 ->  739 trades  R$  -2.274,50  maxdd R$  2.572,50  calmar -0,88  R$/trade  -3,08
  [213/225  532.8s] T20 S8                           alvo=20 stop= 8 ->  695 trades  R$    -707,50  maxdd R$  2.384,00  calmar -0,30  R$/trade  -1,02
  [214/225  533.0s] T20 S9                           alvo=20 stop= 9 ->  575 trades  R$     777,50  maxdd R$  1.152,50  calmar  0,67  R$/trade   1,35
  [215/225  530.2s] T20 S10                          alvo=20 stop=10 ->  519 trades  R$   1.965,50  maxdd R$  1.403,50  calmar  1,40  R$/trade   3,79
  [216/225  532.2s] T20 S11                          alvo=20 stop=11 ->  475 trades  R$     212,50  maxdd R$  1.946,00  calmar  0,11  R$/trade   0,45
  [217/225  449.6s] T20 S12                          alvo=20 stop=12 ->  458 trades  R$  -1.759,00  maxdd R$  3.534,50  calmar -0,50  R$/trade  -3,84
  [218/225  448.5s] T20 S13                          alvo=20 stop=13 ->  417 trades  R$  -2.113,50  maxdd R$  3.739,00  calmar -0,57  R$/trade  -5,07
  [219/225  445.2s] T20 S14                          alvo=20 stop=14 ->  395 trades  R$  -2.217,50  maxdd R$  3.739,00  calmar -0,59  R$/trade  -5,61
  [220/225  435.7s] T20 S17                          alvo=20 stop=17 ->  319 trades  R$     905,50  maxdd R$  1.537,00  calmar  0,59  R$/trade   2,84
  [221/225  441.4s] T20 S15                          alvo=20 stop=15 ->  367 trades  R$    -263,50  maxdd R$  2.781,50  calmar -0,09  R$/trade  -0,72
  [222/225  440.7s] T20 S16                          alvo=20 stop=16 ->  364 trades  R$     413,00  maxdd R$  2.519,50  calmar  0,16  R$/trade   1,13
  [223/225  434.1s] T20 S18                          alvo=20 stop=18 ->  348 trades  R$     976,00  maxdd R$  1.978,00  calmar  0,49  R$/trade   2,80
  [224/225  416.8s] T20 S19                          alvo=20 stop=19 ->  319 trades  R$     640,50  maxdd R$  1.829,00  calmar  0,35  R$/trade   2,01
  [225/225  412.2s] T20 S20                          alvo=20 stop=20 ->  296 trades  R$   1.787,00  maxdd R$  1.211,50  calmar  1,48  R$/trade   6,04

total: 10189.3s

--- top 10 por liquido (de 225 concluidos) ---
  combo     trades      liquido      maxdd   calmar  R$/trade
  T17 S14        439 R$  3.020,50 R$ 1.011,50     2,99 R$   6,88
  T14 S17        448 R$  2.786,00 R$ 1.575,00     1,77 R$   6,22
  T16 S15        446 R$  2.727,00 R$ 1.261,50     2,16 R$   6,11
  T17 S12        509 R$  2.715,50 R$  778,00     3,49 R$   5,33
  T6 S17        662 R$  2.704,00 R$  794,00     3,41 R$   4,08
  T13 S18        440 R$  2.535,00 R$ 1.121,00     2,26 R$   5,76
  T12 S18        482 R$  2.514,00 R$  859,00     2,93 R$   5,22
  T15 S16        426 R$  2.497,00 R$ 1.340,50     1,86 R$   5,86
  T12 S19        481 R$  2.414,50 R$ 1.282,50     1,88 R$   5,02
  T6 S12       1102 R$  2.314,00 R$ 1.292,00     1,79 R$   2,10


--- top 5 por MaxDD (menor risco) ---
  T6 S11: maxdd R$ 586,50  liquido R$ 1.734,00  calmar 2,96  trades 842
  T16 S12: maxdd R$ 708,50  liquido R$ 998,00  calmar 1,41  trades 554
  T17 S12: maxdd R$ 778,00  liquido R$ 2.715,50  calmar 3,49  trades 509
  T10 S19: maxdd R$ 786,00  liquido R$ 1.336,50  calmar 1,70  trades 487
  T6 S17: maxdd R$ 794,00  liquido R$ 2.704,00  calmar 3,41  trades 662

--- top 5 por lucro/dia ---
  T17 S14: R$/pregao 41,95  liquido R$ 3.020,50  maxdd R$ 1.011,50  trades 439
  T14 S17: R$/pregao 38,69  liquido R$ 2.786,00  maxdd R$ 1.575,00  trades 448
  T16 S15: R$/pregao 37,88  liquido R$ 2.727,00  maxdd R$ 1.261,50  trades 446
  T17 S12: R$/pregao 37,72  liquido R$ 2.715,50  maxdd R$ 778,00  trades 509
  T6 S17: R$/pregao 37,56  liquido R$ 2.704,00  maxdd R$ 794,00  trades 662

--- top 5 por Calmar ---
  T17 S12: calmar 3,49  liquido R$ 2.715,50  maxdd R$ 778,00  trades 509
  T6 S17: calmar 3,41  liquido R$ 2.704,00  maxdd R$ 794,00  trades 662
  T17 S14: calmar 2,99  liquido R$ 3.020,50  maxdd R$ 1.011,50  trades 439
  T6 S11: calmar 2,96  liquido R$ 1.734,00  maxdd R$ 586,50  trades 842
  T12 S18: calmar 2,93  liquido R$ 2.514,00  maxdd R$ 859,00  trades 482
