[split] IS  = 2026-02-27 .. 2026-07-06 (88 pregoes)
[split] OOS = 2026-07-07 .. 2026-09-09 (44 pregoes)

[IS] 1232 celulas (7 cortes x 2 capitais x 88 pregoes)

  [25/1232] 2026-03-02 corte=  360s cap=   375 n=   4 pnl=R$  -237.00
  [50/1232] 2026-03-04 corte=  180s cap= 15000 n= 280 pnl=R$ -1805.00
  [75/1232] 2026-03-06 corte=  120s cap=   375 n=  25 pnl=R$  -227.50
  [100/1232] 2026-03-10 corte=    0s cap= 15000 n= 201 pnl=R$  -125.50
  [125/1232] 2026-03-11 corte=  600s cap=   375 n=  43 pnl=R$  -286.50
  [150/1232] 2026-03-13 corte=  300s cap= 15000 n= 285 pnl=R$ -1297.50
  [175/1232] 2026-03-17 corte=  180s cap=   375 n=  16 pnl=R$  -253.00
  [200/1232] 2026-03-19 corte=   60s cap= 15000 n= 400 pnl=R$ -1935.00
  [225/1232] 2026-03-23 corte=    0s cap=   375 n=   8 pnl=R$  -289.00
  [250/1232] 2026-03-24 corte=  600s cap=   375 n=   4 pnl=R$  -242.00
  [275/1232] 2026-03-26 corte=  180s cap= 15000 n= 264 pnl=R$ -1212.00
  [300/1232] 2026-03-30 corte=  180s cap=   375 n= 120 pnl=R$  -250.00
  [325/1232] 2026-04-01 corte=   60s cap=   375 n=  73 pnl=R$  -261.50
  [350/1232] 2026-04-02 corte=  600s cap=   375 n=  78 pnl=R$  -269.00
  [375/1232] 2026-04-07 corte=  360s cap=   375 n= 157 pnl=R$  -228.50
  [400/1232] 2026-04-09 corte=  180s cap= 15000 n= 216 pnl=R$  -858.00
  [425/1232] 2026-04-13 corte=  120s cap=   375 n=  18 pnl=R$  -284.00
  [450/1232] 2026-04-15 corte=    0s cap= 15000 n=  55 pnl=R$    77.50
  [475/1232] 2026-04-16 corte=  600s cap=   375 n= 113 pnl=R$     3.50
  [500/1232] 2026-04-20 corte=  300s cap= 15000 n= 133 pnl=R$  -151.50
  [525/1232] 2026-04-23 corte=  180s cap=   375 n= 295 pnl=R$   -77.50
  [550/1232] 2026-04-24 corte=  600s cap= 15000 n= 147 pnl=R$  -228.50
  [575/1232] 2026-04-29 corte=    0s cap=   375 n=  34 pnl=R$  -227.00
  [600/1232] 2026-04-30 corte=  360s cap= 15000 n= 174 pnl=R$  -467.00
  [625/1232] 2026-05-05 corte=  300s cap=   375 n= 140 pnl=R$  -145.00
  [650/1232] 2026-05-07 corte=  120s cap= 15000 n= 259 pnl=R$  -819.50
  [675/1232] 2026-05-11 corte=   60s cap=   375 n=  47 pnl=R$  -233.50
  [700/1232] 2026-05-12 corte=  600s cap= 15000 n= 105 pnl=R$  -202.50
  [725/1232] 2026-05-14 corte=  360s cap=   375 n=   7 pnl=R$  -298.50
  [750/1232] 2026-05-18 corte=  180s cap= 15000 n= 228 pnl=R$  -624.00
  [775/1232] 2026-05-20 corte=  120s cap=   375 n=  45 pnl=R$  -227.50
  [800/1232] 2026-05-22 corte=    0s cap= 15000 n= 104 pnl=R$   358.00
  [825/1232] 2026-05-25 corte=  600s cap=   375 n=  74 pnl=R$  -232.00
  [850/1232] 2026-05-27 corte=  300s cap= 15000 n= 184 pnl=R$  -372.00
  [875/1232] 2026-05-29 corte=  180s cap=   375 n=  33 pnl=R$  -236.50
  [900/1232] 2026-06-02 corte=   60s cap= 15000 n= 311 pnl=R$  -885.50
  [925/1232] 2026-06-05 corte=    0s cap=   375 n=  22 pnl=R$  -226.00
  [950/1232] 2026-06-08 corte=  360s cap= 15000 n= 207 pnl=R$ -1078.50
  [975/1232] 2026-06-10 corte=  300s cap=   375 n=  22 pnl=R$  -226.00
  [1000/1232] 2026-06-12 corte=  120s cap= 15000 n= 280 pnl=R$  -955.00
  [1025/1232] 2026-06-16 corte=   60s cap=   375 n=  19 pnl=R$  -239.50
  [1050/1232] 2026-06-18 corte=    0s cap=   375 n=  49 pnl=R$  -269.50
  [1075/1232] 2026-06-19 corte=  360s cap=   375 n=  50 pnl=R$  -240.00
  [1100/1232] 2026-06-23 corte=  180s cap= 15000 n= 209 pnl=R$  -159.50
  [1125/1232] 2026-06-25 corte=  120s cap=   375 n= 109 pnl=R$  -229.50
  [1150/1232] 2026-06-26 corte=  600s cap= 15000 n= 123 pnl=R$  -251.50
  [1175/1232] 2026-06-30 corte=  600s cap=   375 n=  37 pnl=R$  -228.50
  [1200/1232] 2026-07-02 corte=  300s cap= 15000 n= 213 pnl=R$  -436.50
  [1225/1232] 2026-07-06 corte=  180s cap=   375 n= 201 pnl=R$  -225.50
  [1232/1232] 2026-07-06 corte=  600s cap= 15000 n= 116 pnl=R$   -28.00
======================================================================================================================================================================
IS (88 pregoes) -- corte por tempo -- PRODUCAO R$375 (e' esta que decide)
======================================================================================================================================================================
corte           n    win%  BE emp        IC95 win%   veredito   R$/op     liquido   R$/preg trd/preg  %cortes  dur.med     MaxDD caixa min  preg+  preg-  cens s/trade
----------------------------------------------------------------------------------------------------------------------------------------------------------------------
sem corte    5278  85.81%  88.19%    [84.84;86.72]   NEGATIVA   -2.25   -11899.00   -135.22     60.0     0.0%     252s    572.50     67.50     23     65    60       0
1 min        5007  51.65%  64.74%    [50.26;53.03]   NEGATIVA   -4.25   -21278.50   -241.80     56.9    49.0%      41s    461.50     69.50      0     88    88       0
2 min        6551  60.82%  69.61%    [59.63;61.99]   NEGATIVA   -3.29   -21555.50   -244.95     74.4    37.9%      70s    518.00     66.50      0     88    88       0
3 min        6534  65.29%  72.97%    [64.13;66.43]   NEGATIVA   -3.21   -20942.00   -237.98     74.2    31.5%      93s    498.00     64.50      0     88    83       0
5 min        6718  70.71%  76.48%    [69.61;71.78]   NEGATIVA   -2.77   -18629.00   -211.69     76.3    24.0%     129s    582.00     67.00      6     82    76       0
6 min        6475  73.39%  78.71%    [72.30;74.45]   NEGATIVA   -2.84   -18402.50   -209.12     73.6    20.0%     137s    669.50     76.50      7     81    74       0
10 min       5709  77.11%  81.68%    [76.00;78.18]   NEGATIVA   -2.79   -15924.50   -180.96     64.9    13.9%     184s    645.50     76.50     13     75    65       0
----------------------------------------------------------------------------------------------------------------------------------------------------------------------

======================================================================================================================================================================
IS (88 pregoes) -- corte por tempo -- DIAGNOSTICA R$15.000 -- 1 contrato, sem censura (NAO e' verdito de retorno)
======================================================================================================================================================================
corte           n    win%  BE emp        IC95 win%   veredito   R$/op     liquido   R$/preg trd/preg  %cortes  dur.med     MaxDD caixa min  preg+  preg-  cens s/trade
----------------------------------------------------------------------------------------------------------------------------------------------------------------------
sem corte   11221  85.33%  87.78%    [84.66;85.97]   NEGATIVA   -2.31   -25950.50   -294.89    127.5     0.0%     245s   1982.50  13061.00     27     61     0       0
1 min       31934  42.14%  58.50%    [41.60;42.68]   NEGATIVA   -4.42  -141232.00  -1604.91    362.9    60.2%      47s   3073.50  11926.50      0     88     0       0
2 min       25273  54.58%  65.50%    [53.97;55.19]   NEGATIVA   -3.64   -91881.50  -1044.11    287.2    44.9%      78s   3025.00  11975.00      0     88     0       0
3 min       21431  61.85%  70.01%    [61.20;62.50]   NEGATIVA   -3.13   -67185.50   -763.47    243.5    35.8%     101s   3018.00  12011.50      0     88     0       0
5 min       17558  69.36%  75.37%    [68.67;70.04]   NEGATIVA   -2.82   -49574.00   -563.34    199.5    25.5%     134s   2406.00  12623.50      8     80     0       0
6 min       16349  71.11%  77.25%    [70.41;71.80]   NEGATIVA   -3.13   -51119.50   -580.90    185.8    22.4%     148s   2666.00  12363.50      8     80     0       0
10 min      13936  76.89%  81.58%    [76.18;77.58]   NEGATIVA   -2.93   -40853.00   -464.24    158.4    13.8%     182s   2596.50  12403.50     14     74     0       0
----------------------------------------------------------------------------------------------------------------------------------------------------------------------

[fim] 78.4 min
