======================================================================================================================
[DIAGNOSTICA R$15.000 (1 contrato, SEM censura de caixa) -- e' a leitura valida da DISTRIBUICAO, nao de retorno] BASE INTEIRA   (n=14118, 132 pregoes)
======================================================================================================================
  liquido R$-32,594.00   R$/op -2.309   win% 85.38   duracao: mediana 1.11 min, media 4.88, p90 11.81, max 388.7

  -- duracao por DESFECHO --
  motivo          n      %   mediana    media     p10     p25      p75      p90    R$/op
  forced_flatten    114   0.8%     19.09    41.46    2.64    5.54    51.52   100.40   -29.18
  stop         1952  13.8%      5.67    11.79    0.99    2.32    13.44    27.98   -85.50
  target      12052  85.4%      0.83     3.42    0.10    0.27     2.67     8.07    11.42

  -- faixa de duracao (minutos) --
       faixa       n  % do n    win%      liquido    R$/op   stops  % stops
       0-0.5    4752   33.7%   97.5%    47,219.00     9.94     116     2.4%
       0.5-1    2006   14.2%   95.8%    14,782.00     7.37      84     4.2%
         1-2    2064   14.6%   88.6%       448.00     0.22     231    11.2%
         2-3    1083    7.7%   84.2%    -4,511.50    -4.17     168    15.5%
         3-4     684    4.8%   78.4%    -6,517.00    -9.53     141    20.6%
         4-5     513    3.6%   67.6%   -10,161.50   -19.81     160    31.2%
         5-6     383    2.7%   70.5%    -6,591.50   -17.21     108    28.2%
         6-8     570    4.0%   68.9%   -10,715.00   -18.80     170    29.8%
        8-10     397    2.8%   62.2%    -9,973.50   -25.12     144    36.3%
       10-15     582    4.1%   65.8%   -12,551.00   -21.57     189    32.5%
       15-20     321    2.3%   59.2%    -9,030.50   -28.13     127    39.6%
       20-30     337    2.4%   55.2%   -10,443.50   -30.99     139    41.2%
         >30     426    3.0%   48.6%   -14,548.00   -34.15     175    41.1%

  -- corte NAIVE (soma do que ja aconteceu; NAO e' simulacao de corte) --
     corte  n abaixo  R$/op <        liq <   n acima  R$/op >        liq >  win% >
       1 min      6758     9.17    62,001.00      7360   -12.85   -94,595.00   74.7%
       2 min      8822     7.08    62,449.00      5296   -17.95   -95,043.00   69.3%
       3 min      9905     5.85    57,937.50      4213   -21.49   -90,531.50   65.5%
       4 min     10589     4.86    51,420.50      3529   -23.81   -84,014.50   63.0%
       5 min     11102     3.72    41,259.00      3016   -24.49   -73,853.00   62.2%
       6 min     11485     3.02    34,667.50      2633   -25.55   -67,261.50   61.0%
       8 min     12055     1.99    23,952.50      2063   -27.41   -56,546.50   58.8%
      10 min     12452     1.12    13,979.00      1666   -27.95   -46,573.00   58.0%
      15 min     13034     0.11     1,428.00      1084   -31.39   -34,022.00   53.8%

======================================================================================================================
[DIAGNOSTICA R$15.000 (1 contrato, SEM censura de caixa) -- e' a leitura valida da DISTRIBUICAO, nao de retorno] IS   (n=11221, 88 pregoes)
======================================================================================================================
  liquido R$-25,950.50   R$/op -2.313   win% 85.33   duracao: mediana 0.99 min, media 4.08, p90 9.97, max 187.3

  -- duracao por DESFECHO --
  motivo          n      %   mediana    media     p10     p25      p75      p90    R$/op
  forced_flatten     73   0.7%     11.21    28.66    2.37    4.58    45.93    65.42   -26.05
  stop         1575  14.0%      4.91     9.79    0.89    2.02    11.44    23.30   -85.50
  target       9573  85.3%      0.73     2.95    0.09    0.25     2.32     7.02    11.55

  -- faixa de duracao (minutos) --
       faixa       n  % do n    win%      liquido    R$/op   stops  % stops
       0-0.5    3996   35.6%   97.4%    39,772.00     9.95     101     2.5%
       0.5-1    1632   14.5%   95.1%    11,064.00     6.78      80     4.9%
         1-2    1653   14.7%   87.1%    -1,996.50    -1.21     211    12.8%
         2-3     856    7.6%   82.1%    -5,143.00    -6.01     150    17.5%
         3-4     546    4.9%   76.6%    -6,063.00   -11.10     122    22.3%
         4-5     391    3.5%   63.7%    -9,190.50   -23.51     137    35.0%
         5-6     304    2.7%   68.4%    -5,832.00   -19.18      92    30.3%
         6-8     428    3.8%   67.8%    -8,479.00   -19.81     132    30.8%
        8-10     295    2.6%   60.3%    -7,897.50   -26.77     112    38.0%
       10-15     398    3.5%   65.3%    -9,004.00   -22.62     135    33.9%
       15-20     223    2.0%   58.3%    -6,561.50   -29.42      92    41.3%
       20-30     243    2.2%   53.1%    -8,021.50   -33.01     106    43.6%
         >30     256    2.3%   49.2%    -8,598.00   -33.59     105    41.0%

  -- corte NAIVE (soma do que ja aconteceu; NAO e' simulacao de corte) --
     corte  n abaixo  R$/op <        liq <   n acima  R$/op >        liq >  win% >
       1 min      5628     9.03    50,836.00      5593   -13.73   -76,786.50   73.8%
       2 min      7281     6.71    48,839.50      3940   -18.98   -74,790.00   68.3%
       3 min      8137     5.37    43,696.50      3084   -22.58   -69,647.00   64.5%
       4 min      8683     4.33    37,633.50      2538   -25.05   -63,584.00   61.9%
       5 min      9074     3.13    28,443.00      2147   -25.33   -54,393.50   61.5%
       6 min      9378     2.41    22,611.00      1843   -26.35   -48,561.50   60.4%
       8 min      9806     1.44    14,132.00      1415   -28.33   -40,082.50   58.2%
      10 min     10101     0.62     6,234.50      1120   -28.74   -32,185.00   57.6%
      15 min     10499    -0.26    -2,769.50       722   -32.11   -23,181.00   53.3%

======================================================================================================================
[DIAGNOSTICA R$15.000 (1 contrato, SEM censura de caixa) -- e' a leitura valida da DISTRIBUICAO, nao de retorno] OOS   (n=2897, 44 pregoes)
======================================================================================================================
  liquido R$-6,643.50   R$/op -2.293   win% 85.57   duracao: mediana 1.70 min, media 8.00, p90 18.55, max 388.7

  -- duracao por DESFECHO --
  motivo          n      %   mediana    media     p10     p25      p75      p90    R$/op
  forced_flatten     41   1.4%     28.86    64.26    4.97   13.44    84.24   135.21   -34.77
  stop          377  13.0%     10.35    20.15    1.99    4.88    22.15    50.14   -85.50
  target       2479  85.6%      1.24     5.22    0.16    0.39     4.37    12.27    10.90

  -- faixa de duracao (minutos) --
       faixa       n  % do n    win%      liquido    R$/op   stops  % stops
       0-0.5     756   26.1%   98.0%     7,447.00     9.85      15     2.0%
       0.5-1     374   12.9%   98.7%     3,718.00     9.94       4     1.1%
         1-2     411   14.2%   94.6%     2,444.50     5.95      20     4.9%
         2-3     227    7.8%   92.1%       631.50     2.78      18     7.9%
         3-4     138    4.8%   85.5%      -454.00    -3.29      19    13.8%
         4-5     122    4.2%   80.3%      -971.00    -7.96      23    18.9%
         5-6      79    2.7%   78.5%      -759.50    -9.61      16    20.3%
         6-8     142    4.9%   72.5%    -2,236.00   -15.75      38    26.8%
        8-10     102    3.5%   67.6%    -2,076.00   -20.35      32    31.4%
       10-15     184    6.4%   66.8%    -3,547.00   -19.28      54    29.3%
       15-20      98    3.4%   61.2%    -2,469.00   -25.19      35    35.7%
       20-30      94    3.2%   60.6%    -2,422.00   -25.77      33    35.1%
         >30     170    5.9%   47.6%    -5,950.00   -35.00      70    41.2%

  -- corte NAIVE (soma do que ja aconteceu; NAO e' simulacao de corte) --
     corte  n abaixo  R$/op <        liq <   n acima  R$/op >        liq >  win% >
       1 min      1130     9.88    11,165.00      1767   -10.08   -17,808.50   77.5%
       2 min      1541     8.83    13,609.50      1356   -14.94   -20,253.00   72.3%
       3 min      1768     8.05    14,241.00      1129   -18.50   -20,884.50   68.3%
       4 min      1906     7.23    13,787.00       991   -20.62   -20,430.50   65.9%
       5 min      2028     6.32    12,816.00       869   -22.39   -19,459.50   63.9%
       6 min      2107     5.72    12,056.50       790   -23.67   -18,700.00   62.4%
       8 min      2249     4.37     9,820.50       648   -25.41   -16,464.00   60.2%
      10 min      2351     3.29     7,744.50       546   -26.35   -14,388.00   58.8%
      15 min      2535     1.66     4,197.50       362   -29.95   -10,841.00   54.7%

======================================================================================================================
[PRODUCAO R$375 (censurada pelo portao de capital)] BASE INTEIRA   (n=7347, 132 pregoes)
======================================================================================================================
  liquido R$-15,953.50   R$/op -2.171   win% 85.90   duracao: mediana 1.13 min, media 5.05, p90 12.23, max 350.8

  -- duracao por DESFECHO --
  motivo          n      %   mediana    media     p10     p25      p75      p90    R$/op
  forced_flatten     46   0.6%     37.40    53.72    4.28    8.65    71.51   106.80   -30.17
  stop          990  13.5%      6.47    12.53    1.13    2.80    14.56    28.21   -85.50
  target       6311  85.9%      0.85     3.53    0.10    0.28     2.71     8.30    11.10

  -- faixa de duracao (minutos) --
       faixa       n  % do n    win%      liquido    R$/op   stops  % stops
       0-0.5    2454   33.4%   97.9%    24,543.00    10.00      49     2.0%
       0.5-1    1034   14.1%   96.7%     8,253.00     7.98      34     3.3%
         1-2    1065   14.5%   89.1%       332.50     0.31     116    10.9%
         2-3     569    7.7%   86.6%    -1,304.50    -2.29      76    13.4%
         3-4     326    4.4%   81.3%    -2,288.00    -7.02      58    17.8%
         4-5     268    3.6%   71.3%    -4,514.00   -16.84      76    28.4%
         5-6     201    2.7%   68.7%    -3,815.50   -18.98      60    29.9%
         6-8     297    4.0%   71.0%    -5,113.50   -17.22      84    28.3%
        8-10     230    3.1%   61.7%    -6,035.00   -26.24      86    37.4%
       10-15     315    4.3%   62.9%    -7,932.50   -25.18     115    36.5%
       15-20     185    2.5%   56.8%    -5,617.50   -30.36      77    41.6%
       20-30     179    2.4%   60.9%    -4,759.50   -26.59      68    38.0%
         >30     224    3.0%   47.8%    -7,702.00   -34.38      91    40.6%

  -- corte NAIVE (soma do que ja aconteceu; NAO e' simulacao de corte) --
     corte  n abaixo  R$/op <        liq <   n acima  R$/op >        liq >  win% >
       1 min      3488     9.40    32,796.00      3859   -12.63   -48,749.50   75.4%
       2 min      4553     7.28    33,128.50      2794   -17.57   -49,082.00   70.1%
       3 min      5122     6.21    31,824.00      2225   -21.47   -47,777.50   65.9%
       4 min      5448     5.42    29,536.00      1899   -23.95   -45,489.50   63.2%
       5 min      5716     4.38    25,022.00      1631   -25.12   -40,975.50   61.9%
       6 min      5917     3.58    21,206.50      1430   -25.99   -37,160.00   61.0%
       8 min      6214     2.59    16,093.00      1133   -28.28   -32,046.50   58.3%
      10 min      6444     1.56    10,058.00       903   -28.81   -26,011.50   57.5%
      15 min      6759     0.31     2,125.50       588   -30.75   -18,079.00   54.6%

======================================================================================================================
[PRODUCAO R$375 (censurada pelo portao de capital)] IS   (n=5278, 88 pregoes)
======================================================================================================================
  liquido R$-11,899.00   R$/op -2.254   win% 85.81   duracao: mediana 1.00 min, media 4.21, p90 10.33, max 171.3

  -- duracao por DESFECHO --
  motivo          n      %   mediana    media     p10     p25      p75      p90    R$/op
  forced_flatten     26   0.5%     31.44    36.62    3.39    6.01    55.44    74.08   -28.96
  stop          723  13.7%      5.55    10.37    1.06    2.32    12.63    23.51   -85.50
  target       4529  85.8%      0.74     3.04    0.09    0.25     2.36     7.13    11.19

  -- faixa de duracao (minutos) --
       faixa       n  % do n    win%      liquido    R$/op   stops  % stops
       0-0.5    1867   35.4%   97.9%    18,766.50    10.05      37     2.0%
       0.5-1     770   14.6%   96.1%     5,720.00     7.43      30     3.9%
         1-2     764   14.5%   86.9%    -1,367.00    -1.79     100    13.1%
         2-3     406    7.7%   84.7%    -1,618.00    -3.99      62    15.3%
         3-4     244    4.6%   78.7%    -2,307.00    -9.45      50    20.5%
         4-5     181    3.4%   66.9%    -3,785.50   -20.91      59    32.6%
         5-6     147    2.8%   66.0%    -3,183.50   -21.66      48    32.7%
         6-8     205    3.9%   70.2%    -3,647.50   -17.79      59    28.8%
        8-10     148    2.8%   60.1%    -4,084.00   -27.59      57    38.5%
       10-15     187    3.5%   62.0%    -4,943.50   -26.44      71    38.0%
       15-20     117    2.2%   55.6%    -3,808.50   -32.55      52    44.4%
       20-30     119    2.3%   58.0%    -3,459.50   -29.07      48    40.3%
         >30     123    2.3%   48.8%    -4,181.50   -34.00      50    40.7%

  -- corte NAIVE (soma do que ja aconteceu; NAO e' simulacao de corte) --
     corte  n abaixo  R$/op <        liq <   n acima  R$/op >        liq >  win% >
       1 min      2637     9.29    24,486.50      2641   -13.78   -36,385.50   74.3%
       2 min      3401     6.80    23,119.50      1877   -18.66   -35,018.50   69.1%
       3 min      3807     5.65    21,501.50      1471   -22.71   -33,400.50   64.8%
       4 min      4051     4.74    19,194.50      1227   -25.34   -31,093.50   62.0%
       5 min      4232     3.64    15,409.00      1046   -26.11   -27,308.00   61.2%
       6 min      4379     2.79    12,225.50       899   -26.83   -24,124.50   60.4%
       8 min      4584     1.87     8,578.00       694   -29.51   -20,477.00   57.5%
      10 min      4732     0.95     4,494.00       546   -30.02   -16,393.00   56.8%
      15 min      4919    -0.09      -449.50       359   -31.89   -11,449.50   54.0%

======================================================================================================================
[PRODUCAO R$375 (censurada pelo portao de capital)] OOS   (n=2069, 44 pregoes)
======================================================================================================================
  liquido R$-4,054.50   R$/op -1.960   win% 86.13   duracao: mediana 1.50 min, media 7.22, p90 16.68, max 350.8

  -- duracao por DESFECHO --
  motivo          n      %   mediana    media     p10     p25      p75      p90    R$/op
  forced_flatten     20   1.0%     61.86    75.96   12.68   18.43    92.93   122.53   -31.75
  stop          267  12.9%      9.57    18.39    1.66    4.64    19.36    40.85   -85.50
  target       1782  86.1%      1.15     4.77    0.14    0.36     3.88    11.21    10.89

  -- faixa de duracao (minutos) --
       faixa       n  % do n    win%      liquido    R$/op   stops  % stops
       0-0.5     587   28.4%   98.0%     5,776.50     9.84      12     2.0%
       0.5-1     264   12.8%   98.5%     2,533.00     9.59       4     1.5%
         1-2     301   14.5%   94.7%     1,699.50     5.65      16     5.3%
         2-3     163    7.9%   91.4%       313.50     1.92      14     8.6%
         3-4      82    4.0%   89.0%        19.00     0.23       8     9.8%
         4-5      87    4.2%   80.5%      -728.50    -8.37      17    19.5%
         5-6      54    2.6%   75.9%      -632.00   -11.70      12    22.2%
         6-8      92    4.4%   72.8%    -1,466.00   -15.93      25    27.2%
        8-10      82    4.0%   64.6%    -1,951.00   -23.79      29    35.4%
       10-15     128    6.2%   64.1%    -2,989.00   -23.35      44    34.4%
       15-20      68    3.3%   58.8%    -1,809.00   -26.60      25    36.8%
       20-30      60    2.9%   66.7%    -1,300.00   -21.67      20    33.3%
         >30     101    4.9%   46.5%    -3,520.50   -34.86      41    40.6%

  -- corte NAIVE (soma do que ja aconteceu; NAO e' simulacao de corte) --
     corte  n abaixo  R$/op <        liq <   n acima  R$/op >        liq >  win% >
       1 min       851     9.76     8,309.50      1218   -10.15   -12,364.00   77.8%
       2 min      1152     8.69    10,009.00       917   -15.34   -14,063.50   72.2%
       3 min      1315     7.85    10,322.50       754   -19.07   -14,377.00   68.0%
       4 min      1397     7.40    10,341.50       672   -21.42   -14,396.00   65.5%
       5 min      1484     6.48     9,613.00       585   -23.36   -13,667.50   63.2%
       6 min      1538     5.84     8,981.00       531   -24.55   -13,035.50   62.0%
       8 min      1630     4.61     7,515.00       439   -26.35   -11,569.50   59.7%
      10 min      1712     3.25     5,564.00       357   -26.94    -9,618.50   58.5%
      15 min      1840     1.40     2,575.00       229   -28.95    -6,629.50   55.5%

